Component: ARM Compiler 5.06 update 3 (build 300) Tool: armlink [4d35c9]

==============================================================================

Section Cross References

    main.o(i.main) refers to main.o(i._Z8Delay_Msj) for Delay_Ms(unsigned)
    main.o(i.main) refers to cbus.o(i._ZN4CBUS4InitEv) for CBUS::Init()
    main.o(i.main) refers to ibus.o(i._ZN4IBUS4InitEv) for IBUS::Init()
    main.o(i.main) refers to automate.o(i._ZN8AUTOMATE4InitEv) for AUTOMATE::Init()
    main.o(i.main) refers to shell.o(i._ZN5SHELL4InitEv) for SHELL::Init()
    main.o(i.main) refers to automate.o(i._ZN8AUTOMATE8CheckingEv) for AUTOMATE::Checking()
    main.o(i.main) refers to cbus.o(.bss) for Cbus
    main.o(i.main) refers to ibus.o(.bss) for Ibus
    main.o(i.main) refers to automate.o(.bss) for Automate
    main.o(i.main) refers to shell.o(.bss) for Shell
    main.o(.ARM.exidx) refers to main.o(i._Z8Delay_Msj) for i._Z8Delay_Msj
    main.o(.ARM.exidx) refers to main.o(i.main) for i.main
    automate.o(i.TIM3_IRQHandler) refers to automate.o(i._ZN8AUTOMATE20InfoLCDRefreashCountEv) for AUTOMATE::InfoLCDRefreashCount()
    automate.o(i.TIM3_IRQHandler) refers to automate.o(i._ZN8AUTOMATE18TCONGetStatusCountEv) for AUTOMATE::TCONGetStatusCount()
    automate.o(i.TIM3_IRQHandler) refers to automate.o(i._ZN8AUTOMATE18SCONGetStatusCountEv) for AUTOMATE::SCONGetStatusCount()
    automate.o(i.TIM3_IRQHandler) refers to automate.o(i._ZN8AUTOMATE22ConsoleGetCommandCountEv) for AUTOMATE::ConsoleGetCommandCount()
    automate.o(i.TIM3_IRQHandler) refers to automate.o(.bss) for Automate
    automate.o(i._ZN8AUTOMATE13SCONGetStatusEv) refers to sconi.o(i._ZN5SCONI8TestLinkEv) for SCONI::TestLink()
    automate.o(i._ZN8AUTOMATE13SCONGetStatusEv) refers to sconi.o(i._ZN5SCONI12GetPositionXEv) for SCONI::GetPositionX()
    automate.o(i._ZN8AUTOMATE13SCONGetStatusEv) refers to sconi.o(i._ZN5SCONI12GetPositionYEv) for SCONI::GetPositionY()
    automate.o(i._ZN8AUTOMATE13SCONGetStatusEv) refers to sconi.o(i._ZN5SCONI12GetPositionZEv) for SCONI::GetPositionZ()
    automate.o(i._ZN8AUTOMATE13SCONGetStatusEv) refers to sconi.o(i._ZN5SCONI12GetPositionAEv) for SCONI::GetPositionA()
    automate.o(i._ZN8AUTOMATE13SCONGetStatusEv) refers to sconi.o(i._ZN5SCONI12GetPositionBEv) for SCONI::GetPositionB()
    automate.o(i._ZN8AUTOMATE13SCONGetStatusEv) refers to sconi.o(i._ZN5SCONI15GetPositionXMaxEv) for SCONI::GetPositionXMax()
    automate.o(i._ZN8AUTOMATE13SCONGetStatusEv) refers to sconi.o(i._ZN5SCONI15GetPositionYMaxEv) for SCONI::GetPositionYMax()
    automate.o(i._ZN8AUTOMATE13SCONGetStatusEv) refers to sconi.o(i._ZN5SCONI15GetPositionZMaxEv) for SCONI::GetPositionZMax()
    automate.o(i._ZN8AUTOMATE13SCONGetStatusEv) refers to sconi.o(i._ZN5SCONI11GetStatusFAEv) for SCONI::GetStatusFA()
    automate.o(i._ZN8AUTOMATE13SCONGetStatusEv) refers to sconi.o(i._ZN5SCONI12GetStatusIDPEv) for SCONI::GetStatusIDP()
    automate.o(i._ZN8AUTOMATE13SCONGetStatusEv) refers to sconi.o(i._ZN5SCONI16GetStatusStepperEv) for SCONI::GetStatusStepper()
    automate.o(i._ZN8AUTOMATE13SCONGetStatusEv) refers to sconi.o(i._ZN5SCONI14GetStatusHomedEv) for SCONI::GetStatusHomed()
    automate.o(i._ZN8AUTOMATE13SCONGetStatusEv) refers to sconi.o(i._ZN5SCONI9GetL1RestEv) for SCONI::GetL1Rest()
    automate.o(i._ZN8AUTOMATE13SCONGetStatusEv) refers to sconi.o(i._ZN5SCONI9GetL2RestEv) for SCONI::GetL2Rest()
    automate.o(i._ZN8AUTOMATE13SCONGetStatusEv) refers to sconi.o(i._ZN5SCONI8GetL1MaxEv) for SCONI::GetL1Max()
    automate.o(i._ZN8AUTOMATE13SCONGetStatusEv) refers to sconi.o(i._ZN5SCONI8GetL2MaxEv) for SCONI::GetL2Max()
    automate.o(i._ZN8AUTOMATE13SCONGetStatusEv) refers to sconi.o(.data) for Sconi
    automate.o(i._ZN8AUTOMATE13SCONGetStatusEv) refers to status.o(.bss) for Status
    automate.o(i._ZN8AUTOMATE13TCONGetStatusEv) refers to tconi.o(i._ZN5TCONI8TestLinkEv) for TCONI::TestLink()
    automate.o(i._ZN8AUTOMATE13TCONGetStatusEv) refers to tconi.o(i._ZN5TCONI23GetTemperatureExtruderAEv) for TCONI::GetTemperatureExtruderA()
    automate.o(i._ZN8AUTOMATE13TCONGetStatusEv) refers to tconi.o(i._ZN5TCONI23GetTemperatureExtruderBEv) for TCONI::GetTemperatureExtruderB()
    automate.o(i._ZN8AUTOMATE13TCONGetStatusEv) refers to tconi.o(i._ZN5TCONI23GetTemperatureBasePlaneEv) for TCONI::GetTemperatureBasePlane()
    automate.o(i._ZN8AUTOMATE13TCONGetStatusEv) refers to tconi.o(i._ZN5TCONI25GetTemperatureEnvironmentEv) for TCONI::GetTemperatureEnvironment()
    automate.o(i._ZN8AUTOMATE13TCONGetStatusEv) refers to tconi.o(i._ZN5TCONI23GetTemperatureEASettingEv) for TCONI::GetTemperatureEASetting()
    automate.o(i._ZN8AUTOMATE13TCONGetStatusEv) refers to tconi.o(i._ZN5TCONI23GetTemperatureEBSettingEv) for TCONI::GetTemperatureEBSetting()
    automate.o(i._ZN8AUTOMATE13TCONGetStatusEv) refers to tconi.o(i._ZN5TCONI23GetTemperatureBPSettingEv) for TCONI::GetTemperatureBPSetting()
[...]
    .ARM.Collect$$libshutdown$$0000000F      0x080001a6   Section        0  libshutdown2.o(.ARM.Collect$$libshutdown$$0000000F)
    .ARM.Collect$$libshutdown$$00000010      0x080001a6   Section        2  libshutdown2.o(.ARM.Collect$$libshutdown$$00000010)
    .ARM.Collect$$rtentry$$00000000          0x080001a8   Section        0  __rtentry.o(.ARM.Collect$$rtentry$$00000000)
    .ARM.Collect$$rtentry$$00000002          0x080001a8   Section        0  __rtentry2.o(.ARM.Collect$$rtentry$$00000002)
    .ARM.Collect$$rtentry$$00000004          0x080001a8   Section        6  __rtentry4.o(.ARM.Collect$$rtentry$$00000004)
    .ARM.Collect$$rtentry$$00000009          0x080001ae   Section        0  __rtentry2.o(.ARM.Collect$$rtentry$$00000009)
    .ARM.Collect$$rtentry$$0000000A          0x080001ae   Section        4  __rtentry2.o(.ARM.Collect$$rtentry$$0000000A)
    .ARM.Collect$$rtentry$$0000000C          0x080001b2   Section        0  __rtentry2.o(.ARM.Collect$$rtentry$$0000000C)
    .ARM.Collect$$rtentry$$0000000D          0x080001b2   Section        8  __rtentry2.o(.ARM.Collect$$rtentry$$0000000D)
    .ARM.Collect$$rtexit$$00000000           0x080001ba   Section        2  rtexit.o(.ARM.Collect$$rtexit$$00000000)
    .ARM.Collect$$rtexit$$00000002           0x080001bc   Section        0  rtexit2.o(.ARM.Collect$$rtexit$$00000002)
    .ARM.Collect$$rtexit$$00000003           0x080001bc   Section        4  rtexit2.o(.ARM.Collect$$rtexit$$00000003)
    .ARM.Collect$$rtexit$$00000004           0x080001c0   Section        6  rtexit2.o(.ARM.Collect$$rtexit$$00000004)
    .text                                    0x080001c8   Section       64  startup_stm32f10x_md.o(.text)
    .text                                    0x08000208   Section      238  lludivv7m.o(.text)
    .text                                    0x080002f6   Section       72  llsdiv.o(.text)
    .text                                    0x0800033e   Section       78  rt_memclr_w.o(.text)
    .text                                    0x0800038c   Section        0  heapauxi.o(.text)
    .text                                    0x08000392   Section       74  sys_stackheap_outer.o(.text)
    .text                                    0x080003dc   Section        0  exit.o(.text)
    .text                                    0x080003f0   Section        8  libspace.o(.text)
    .text                                    0x080003f8   Section        0  sys_exit.o(.text)
    .text                                    0x08000404   Section        2  use_no_semi.o(.text)
    .text                                    0x08000406   Section        0  indicate_semi.o(.text)
    i.SetSysClock                            0x08000406   Section        0  system_stm32f10x.o(i.SetSysClock)
    SetSysClock                              0x08000407   Thumb Code     8  system_stm32f10x.o(i.SetSysClock)
    i.SetSysClockTo72                        0x08000410   Section        0  system_stm32f10x.o(i.SetSysClockTo72)
    SetSysClockTo72                          0x08000411   Thumb Code   214  system_stm32f10x.o(i.SetSysClockTo72)
    i.SystemInit                             0x080004f0   Section        0  system_stm32f10x.o(i.SystemInit)
    i.TIM3_IRQHandler                        0x08000550   Section        0  automate.o(i.TIM3_IRQHandler)
    i.USART2_IRQHandler                      0x0800058c   Section        0  ibus.o(i.USART2_IRQHandler)
    i.USART3_IRQHandler                      0x08000628   Section        0  cbus.o(i.USART3_IRQHandler)
    i._Z8Delay_Msj                           0x080006bc   Section        0  main.o(i._Z8Delay_Msj)
    i._ZN11INSTRUCTION10GetStaExtAEv         0x080006f0   Section        0  instruction.o(i._ZN11INSTRUCTION10GetStaExtAEv)
    i._ZN11INSTRUCTION10GetStaExtBEv         0x080007c4   Section        0  instruction.o(i._ZN11INSTRUCTION10GetStaExtBEv)
    i._ZN11INSTRUCTION10GetTemExtAEv         0x08000898   Section        0  instruction.o(i._ZN11INSTRUCTION10GetTemExtAEv)
    i._ZN11INSTRUCTION10GetTemExtBEv         0x080009c4   Section        0  instruction.o(i._ZN11INSTRUCTION10GetTemExtBEv)
    i._ZN11INSTRUCTION10SetColExtAEv         0x08000af0   Section        0  instruction.o(i._ZN11INSTRUCTION10SetColExtAEv)
    i._ZN11INSTRUCTION10SetColExtBEv         0x08000c04   Section        0  instruction.o(i._ZN11INSTRUCTION10SetColExtBEv)
    i._ZN11INSTRUCTION10SetTemExtAEv         0x08000d18   Section        0  instruction.o(i._ZN11INSTRUCTION10SetTemExtAEv)
    i._ZN11INSTRUCTION10SetTemExtBEv         0x08000e50   Section        0  instruction.o(i._ZN11INSTRUCTION10SetTemExtBEv)
    i._ZN11INSTRUCTION11GetColPowEAEv        0x08000f88   Section        0  instruction.o(i._ZN11INSTRUCTION11GetColPowEAEv)
    i._ZN11INSTRUCTION11GetColPowEBEv        0x08001014   Section        0  instruction.o(i._ZN11INSTRUCTION11GetColPowEBEv)
    i._ZN11INSTRUCTION11RefreshDictEv        0x080010a0   Section        0  instruction.o(i._ZN11INSTRUCTION11RefreshDictEv)
    i._ZN11INSTRUCTION12AutoHomeInitEv       0x080010e0   Section        0  instruction.o(i._ZN11INSTRUCTION12AutoHomeInitEv)
    i._ZN11INSTRUCTION12GetStaBPInitEv       0x08001120   Section        0  instruction.o(i._ZN11INSTRUCTION12GetStaBPInitEv)
    i._ZN11INSTRUCTION12GetTemBPInitEv       0x08001198   Section        0  instruction.o(i._ZN11INSTRUCTION12GetTemBPInitEv)
    i._ZN11INSTRUCTION12SetTemBPInitEv       0x08001204   Section        0  instruction.o(i._ZN11INSTRUCTION12SetTemBPInitEv)
    i._ZN11INSTRUCTION13GetTemBPSInitEv      0x08001270   Section        0  instruction.o(i._ZN11INSTRUCTION13GetTemBPSInitEv)
    i._ZN11INSTRUCTION13GetTemEASInitEv      0x080012f0   Section        0  instruction.o(i._ZN11INSTRUCTION13GetTemEASInitEv)
    i._ZN11INSTRUCTION13GetTemEBSInitEv      0x08001380   Section        0  instruction.o(i._ZN11INSTRUCTION13GetTemEBSInitEv)
    i._ZN11INSTRUCTION13GetTemEnvInitEv      0x08001410   Section        0  instruction.o(i._ZN11INSTRUCTION13GetTemEnvInitEv)
    i._ZN11INSTRUCTION14GetStaExtAInitEv     0x0800147c   Section        0  instruction.o(i._ZN11INSTRUCTION14GetStaExtAInitEv)
    i._ZN11INSTRUCTION14GetStaExtBInitEv     0x080014f4   Section        0  instruction.o(i._ZN11INSTRUCTION14GetStaExtBInitEv)
    i._ZN11INSTRUCTION14GetTemExtAInitEv     0x0800156c   Section        0  instruction.o(i._ZN11INSTRUCTION14GetTemExtAInitEv)
    i._ZN11INSTRUCTION14GetTemExtBInitEv     0x080015e8   Section        0  instruction.o(i._ZN11INSTRUCTION14GetTemExtBInitEv)
    i._ZN11INSTRUCTION14SetColExtAInitEv     0x08001664   Section        0  instruction.o(i._ZN11INSTRUCTION14SetColExtAInitEv)
    i._ZN11INSTRUCTION14SetColExtBInitEv     0x080016f4   Section        0  instruction.o(i._ZN11INSTRUCTION14SetColExtBInitEv)
    i._ZN11INSTRUCTION14SetTemExtAInitEv     0x08001784   Section        0  instruction.o(i._ZN11INSTRUCTION14SetTemExtAInitEv)
    i._ZN11INSTRUCTION14SetTemExtBInitEv     0x08001800   Section        0  instruction.o(i._ZN11INSTRUCTION14SetTemExtBInitEv)
    i._ZN11INSTRUCTION15GetColPowEAInitEv    0x0800187c   Section        0  instruction.o(i._ZN11INSTRUCTION15GetColPowEAInitEv)
    i._ZN11INSTRUCTION15GetColPowEBInitEv    0x0800190c   Section        0  instruction.o(i._ZN11INSTRUCTION15GetColPowEBInitEv)
    i._ZN11INSTRUCTION15RefreshDictInitEv    0x0800199c   Section        0  instruction.o(i._ZN11INSTRUCTION15RefreshDictInitEv)
    i._ZN11INSTRUCTION7Num2ChrEPcj           0x080019f4   Section        0  instruction.o(i._ZN11INSTRUCTION7Num2ChrEPcj)
    i._ZN11INSTRUCTION8AutoHomeEv            0x08001a80   Section        0  instruction.o(i._ZN11INSTRUCTION8AutoHomeEv)
    i._ZN11INSTRUCTION8GetStaBPEv            0x08001dd0   Section        0  instruction.o(i._ZN11INSTRUCTION8GetStaBPEv)
    i._ZN11INSTRUCTION8GetTemBPEv            0x08001ea4   Section        0  instruction.o(i._ZN11INSTRUCTION8GetTemBPEv)
    i._ZN11INSTRUCTION8NotFoundEv            0x08001fcc   Section        0  instruction.o(i._ZN11INSTRUCTION8NotFoundEv)
    i._ZN11INSTRUCTION8PrintNumEj            0x08001ffc   Section        0  instruction.o(i._ZN11INSTRUCTION8PrintNumEj)
    i._ZN11INSTRUCTION8SetTemBPEv            0x08002028   Section        0  instruction.o(i._ZN11INSTRUCTION8SetTemBPEv)
    i._ZN11INSTRUCTION9GetTemBPSEv           0x08002160   Section        0  instruction.o(i._ZN11INSTRUCTION9GetTemBPSEv)
    i._ZN11INSTRUCTION9GetTemEASEv           0x080021f4   Section        0  instruction.o(i._ZN11INSTRUCTION9GetTemEASEv)
    i._ZN11INSTRUCTION9GetTemEBSEv           0x08002288   Section        0  instruction.o(i._ZN11INSTRUCTION9GetTemEBSEv)
    i._ZN11INSTRUCTION9GetTemEnvEv           0x0800231c   Section        0  instruction.o(i._ZN11INSTRUCTION9GetTemEnvEv)
    i._ZN4CBUS14WaitForReceiveEj             0x08002410   Section        0  cbus.o(i._ZN4CBUS14WaitForReceiveEj)
    i._ZN4CBUS17TestIfVerifyErrorEv          0x08002468   Section        0  cbus.o(i._ZN4CBUS17TestIfVerifyErrorEv)
    i._ZN4CBUS2TxEh                          0x08002478   Section        0  cbus.o(i._ZN4CBUS2TxEh)
    i._ZN4CBUS4InitEv                        0x08002494   Section        0  cbus.o(i._ZN4CBUS4InitEv)
    i._ZN4CBUS5PrintEPc                      0x0800255c   Section        0  cbus.o(i._ZN4CBUS5PrintEPc)
    i._ZN4CBUS8TransmitEcPcj                 0x08002596   Section        0  cbus.o(i._ZN4CBUS8TransmitEcPcj)
    i._ZN4CBUS9TestReplyEc                   0x080025d8   Section        0  cbus.o(i._ZN4CBUS9TestReplyEc)
    i._ZN4IBUS14WaitForReceiveEj             0x08002610   Section        0  ibus.o(i._ZN4IBUS14WaitForReceiveEj)
    i._ZN4IBUS17TestIfVerifyErrorEv          0x08002668   Section        0  ibus.o(i._ZN4IBUS17TestIfVerifyErrorEv)
    i._ZN4IBUS2TxEh                          0x08002678   Section        0  ibus.o(i._ZN4IBUS2TxEh)
    i._ZN4IBUS4InitEv                        0x08002694   Section        0  ibus.o(i._ZN4IBUS4InitEv)
    i._ZN4IBUS5PrintEPc                      0x08002754   Section        0  ibus.o(i._ZN4IBUS5PrintEPc)
    i._ZN4IBUS8TransmitEcPcj                 0x0800278e   Section        0  ibus.o(i._ZN4IBUS8TransmitEcPcj)
    i._ZN4IBUS9TestReplyEc                   0x080027d0   Section        0  ibus.o(i._ZN4IBUS9TestReplyEc)
    i._ZN5CCONI10GetCommandEv                0x08002810   Section        0  cconi.o(i._ZN5CCONI10GetCommandEv)
    i._ZN5CCONI13HangUpConsoleEv             0x080028bc   Section        0  cconi.o(i._ZN5CCONI13HangUpConsoleEv)
    i._ZN5CCONI13SetInfoScreenEv             0x0800293c   Section        0  cconi.o(i._ZN5CCONI13SetInfoScreenEv)
    i._ZN5CCONI14ConsoleDisplayEPcb          0x08002ba4   Section        0  cconi.o(i._ZN5CCONI14ConsoleDisplayEPcb)
    i._ZN5CCONI16ExpandDictionaryEPc         0x08002c94   Section        0  cconi.o(i._ZN5CCONI16ExpandDictionaryEPc)
    i._ZN5CCONI7Num2ChrEjPc                  0x08002d58   Section        0  cconi.o(i._ZN5CCONI7Num2ChrEjPc)
    i._ZN5CCONI8TestLinkEv                   0x08002d90   Section        0  cconi.o(i._ZN5CCONI8TestLinkEv)
    i._ZN5SCONI10AutoHomingEv                0x08002e08   Section        0  sconi.o(i._ZN5SCONI10AutoHomingEv)
    i._ZN5SCONI11GetStatusFAEv               0x08002e84   Section        0  sconi.o(i._ZN5SCONI11GetStatusFAEv)
    i._ZN5SCONI12GetPositionAEv              0x08002f10   Section        0  sconi.o(i._ZN5SCONI12GetPositionAEv)
    i._ZN5SCONI12GetPositionBEv              0x08002f98   Section        0  sconi.o(i._ZN5SCONI12GetPositionBEv)
    i._ZN5SCONI12GetPositionXEv              0x08003020   Section        0  sconi.o(i._ZN5SCONI12GetPositionXEv)
    i._ZN5SCONI12GetPositionYEv              0x080030a8   Section        0  sconi.o(i._ZN5SCONI12GetPositionYEv)
    i._ZN5SCONI12GetPositionZEv              0x08003130   Section        0  sconi.o(i._ZN5SCONI12GetPositionZEv)
    i._ZN5SCONI12GetStatusIDPEv              0x080031b8   Section        0  sconi.o(i._ZN5SCONI12GetStatusIDPEv)
    i._ZN5SCONI13GetTestPointAEv             0x08003234   Section        0  sconi.o(i._ZN5SCONI13GetTestPointAEv)
    i._ZN5SCONI13GetTestPointBEv             0x080032bc   Section        0  sconi.o(i._ZN5SCONI13GetTestPointBEv)
    i._ZN5SCONI13GetTestPointCEv             0x08003344   Section        0  sconi.o(i._ZN5SCONI13GetTestPointCEv)
    i._ZN5SCONI13GetTestPointDEv             0x080033cc   Section        0  sconi.o(i._ZN5SCONI13GetTestPointDEv)
    i._ZN5SCONI13GetTestPointMEv             0x08003454   Section        0  sconi.o(i._ZN5SCONI13GetTestPointMEv)
    i._ZN5SCONI13WaitForHomingEj             0x080034dc   Section        0  sconi.o(i._ZN5SCONI13WaitForHomingEj)
    i._ZN5SCONI14GetStatusHomedEv            0x08003538   Section        0  sconi.o(i._ZN5SCONI14GetStatusHomedEv)
    i._ZN5SCONI15GetPositionXMaxEv           0x080035b4   Section        0  sconi.o(i._ZN5SCONI15GetPositionXMaxEv)
    i._ZN5SCONI15GetPositionYMaxEv           0x0800363c   Section        0  sconi.o(i._ZN5SCONI15GetPositionYMaxEv)
    i._ZN5SCONI15GetPositionZMaxEv           0x080036c4   Section        0  sconi.o(i._ZN5SCONI15GetPositionZMaxEv)
    i._ZN5SCONI16GetStatusStepperEv          0x0800374c   Section        0  sconi.o(i._ZN5SCONI16GetStatusStepperEv)
    i._ZN5SCONI17GetStatusLevelingEv         0x080037c8   Section        0  sconi.o(i._ZN5SCONI17GetStatusLevelingEv)
    i._ZN5SCONI7Chr2FloEPcjjb                0x08003844   Section        0  sconi.o(i._ZN5SCONI7Chr2FloEPcjjb)
    i._ZN5SCONI8GetL1MaxEv                   0x08003940   Section        0  sconi.o(i._ZN5SCONI8GetL1MaxEv)
    i._ZN5SCONI8GetL2MaxEv                   0x080039d4   Section        0  sconi.o(i._ZN5SCONI8GetL2MaxEv)
    i._ZN5SCONI8TestLinkEv                   0x08003a68   Section        0  sconi.o(i._ZN5SCONI8TestLinkEv)
    i._ZN5SCONI9GetL1RestEv                  0x08003adc   Section        0  sconi.o(i._ZN5SCONI9GetL1RestEv)
    i._ZN5SCONI9GetL2RestEv                  0x08003b70   Section        0  sconi.o(i._ZN5SCONI9GetL2RestEv)
    i._ZN5SHELL11CountNumberEv               0x08003c04   Section        0  shell.o(i._ZN5SHELL11CountNumberEv)
    i._ZN5SHELL4InitEv                       0x08003c28   Section        0  shell.o(i._ZN5SHELL4InitEv)
    i._ZN5SHELL5FlushEv                      0x08003cb0   Section        0  shell.o(i._ZN5SHELL5FlushEv)
    i._ZN5SHELL5SliceEv                      0x08003cc6   Section        0  shell.o(i._ZN5SHELL5SliceEv)
    i._ZN5SHELL5UpperEc                      0x08003cee   Section        0  shell.o(i._ZN5SHELL5UpperEc)
    i._ZN5SHELL6ExpandEPc                    0x08003d04   Section        0  shell.o(i._ZN5SHELL6ExpandEPc)
    i._ZN5SHELL6SearchEPcRj                  0x08003d8a   Section        0  shell.o(i._ZN5SHELL6SearchEPcRj)
    i._ZN5SHELL7AddWordEPc                   0x08003dc4   Section        0  shell.o(i._ZN5SHELL7AddWordEPc)
    i._ZN5SHELL7Chr2NumEPc                   0x08003ea4   Section        0  shell.o(i._ZN5SHELL7Chr2NumEPc)
    i._ZN5SHELL7CompareEPcS0_                0x08003ef4   Section        0  shell.o(i._ZN5SHELL7CompareEPcS0_)
    i._ZN5SHELL7DecoderEv                    0x08003f30   Section        0  shell.o(i._ZN5SHELL7DecoderEv)
    i._ZN5SHELL8DictInitEv                   0x08004104   Section        0  shell.o(i._ZN5SHELL8DictInitEv)
    i._ZN5SHELL8IdentifyEPPcj                0x080041ec   Section        0  shell.o(i._ZN5SHELL8IdentifyEPPcj)
    i._ZN5SHELL8IsLetterEc                   0x0800429e   Section        0  shell.o(i._ZN5SHELL8IsLetterEc)
    i._ZN5SHELL8IsNumberEc                   0x080042bc   Section        0  shell.o(i._ZN5SHELL8IsNumberEc)
    i._ZN5SHELL9GetNumberEj                  0x080042ce   Section        0  shell.o(i._ZN5SHELL9GetNumberEj)
    i._ZN5TCONI18GetStatusBasePlaneEv        0x0800430c   Section        0  tconi.o(i._ZN5TCONI18GetStatusBasePlaneEv)
    i._ZN5TCONI18GetStatusExtruderAEv        0x08004388   Section        0  tconi.o(i._ZN5TCONI18GetStatusExtruderAEv)
    i._ZN5TCONI18GetStatusExtruderBEv        0x08004404   Section        0  tconi.o(i._ZN5TCONI18GetStatusExtruderBEv)
    i._ZN5TCONI23GetCoolerPowerExtruderAEv   0x08004480   Section        0  tconi.o(i._ZN5TCONI23GetCoolerPowerExtruderAEv)
    i._ZN5TCONI23GetCoolerPowerExtruderBEv   0x08004510   Section        0  tconi.o(i._ZN5TCONI23GetCoolerPowerExtruderBEv)
    i._ZN5TCONI23GetHeaterPowerBasePlaneEv   0x080045a0   Section        0  tconi.o(i._ZN5TCONI23GetHeaterPowerBasePlaneEv)
    i._ZN5TCONI23GetHeaterPowerExtruderAEv   0x08004630   Section        0  tconi.o(i._ZN5TCONI23GetHeaterPowerExtruderAEv)
    i._ZN5TCONI23GetHeaterPowerExtruderBEv   0x080046c0   Section        0  tconi.o(i._ZN5TCONI23GetHeaterPowerExtruderBEv)
    i._ZN5TCONI23GetTemperatureBPSettingEv   0x08004750   Section        0  tconi.o(i._ZN5TCONI23GetTemperatureBPSettingEv)
    i._ZN5TCONI23GetTemperatureBasePlaneEv   0x080047e0   Section        0  tconi.o(i._ZN5TCONI23GetTemperatureBasePlaneEv)
    i._ZN5TCONI23GetTemperatureEASettingEv   0x08004870   Section        0  tconi.o(i._ZN5TCONI23GetTemperatureEASettingEv)
    i._ZN5TCONI23GetTemperatureEBSettingEv   0x08004900   Section        0  tconi.o(i._ZN5TCONI23GetTemperatureEBSettingEv)
    i._ZN5TCONI23GetTemperatureExtruderAEv   0x08004990   Section        0  tconi.o(i._ZN5TCONI23GetTemperatureExtruderAEv)
    i._ZN5TCONI23GetTemperatureExtruderBEv   0x08004a20   Section        0  tconi.o(i._ZN5TCONI23GetTemperatureExtruderBEv)
    i._ZN5TCONI23SetCoolerPowerExtruderAEh   0x08004ab0   Section        0  tconi.o(i._ZN5TCONI23SetCoolerPowerExtruderAEh)
    i._ZN5TCONI23SetCoolerPowerExtruderBEh   0x08004b60   Section        0  tconi.o(i._ZN5TCONI23SetCoolerPowerExtruderBEh)
    i._ZN5TCONI23SetTemperatureBPSettingEt   0x08004c10   Section        0  tconi.o(i._ZN5TCONI23SetTemperatureBPSettingEt)
    i._ZN5TCONI23SetTemperatureEASettingEt   0x08004cc0   Section        0  tconi.o(i._ZN5TCONI23SetTemperatureEASettingEt)
    i._ZN5TCONI23SetTemperatureEBSettingEt   0x08004d74   Section        0  tconi.o(i._ZN5TCONI23SetTemperatureEBSettingEt)
    i._ZN5TCONI25GetTemperatureEnvironmentEv 0x08004e28   Section        0  tconi.o(i._ZN5TCONI25GetTemperatureEnvironmentEv)
    i._ZN5TCONI7Chr2FloEPcjjb                0x08004eb8   Section        0  tconi.o(i._ZN5TCONI7Chr2FloEPcjjb)
    i._ZN5TCONI7Flo2ChrEPcdjjb               0x08004fb4   Section        0  tconi.o(i._ZN5TCONI7Flo2ChrEPcdjjb)
    i._ZN5TCONI8TestLinkEv                   0x080050c0   Section        0  tconi.o(i._ZN5TCONI8TestLinkEv)
    i._ZN8AUTOMATE13SCONGetStatusEv          0x08005134   Section        0  automate.o(i._ZN8AUTOMATE13SCONGetStatusEv)
    i._ZN8AUTOMATE13TCONGetStatusEv          0x080051c0   Section        0  automate.o(i._ZN8AUTOMATE13TCONGetStatusEv)
    i._ZN8AUTOMATE15InfoLCDRefreashEv        0x08005244   Section        0  automate.o(i._ZN8AUTOMATE15InfoLCDRefreashEv)
    i._ZN8AUTOMATE17ConsoleGetCommandEv      0x08005274   Section        0  automate.o(i._ZN8AUTOMATE17ConsoleGetCommandEv)
    i._ZN8AUTOMATE18SCONGetStatusCountEv     0x080052b0   Section        0  automate.o(i._ZN8AUTOMATE18SCONGetStatusCountEv)
    i._ZN8AUTOMATE18TCONGetStatusCountEv     0x080052c6   Section        0  automate.o(i._ZN8AUTOMATE18TCONGetStatusCountEv)
    i._ZN8AUTOMATE20InfoLCDRefreashCountEv   0x080052dc   Section        0  automate.o(i._ZN8AUTOMATE20InfoLCDRefreashCountEv)
    i._ZN8AUTOMATE22ConsoleGetCommandCountEv 0x080052f2   Section        0  automate.o(i._ZN8AUTOMATE22ConsoleGetCommandCountEv)
    i._ZN8AUTOMATE4InitEv                    0x08005308   Section        0  automate.o(i._ZN8AUTOMATE4InitEv)
    i._ZN8AUTOMATE8CheckingEv                0x0800538c   Section        0  automate.o(i._ZN8AUTOMATE8CheckingEv)
    i.main                                   0x080053cc   Section        0  main.o(i.main)
    x$fpl$dadd                               0x0800542c   Section      336  daddsub_clz.o(x$fpl$dadd)
    _dadd1                                   0x0800543d   Thumb Code     0  daddsub_clz.o(x$fpl$dadd)
    x$fpl$dcmpinf                            0x0800557c   Section       24  dcmpi.o(x$fpl$dcmpinf)
    x$fpl$ddiv                               0x08005594   Section      688  ddiv.o(x$fpl$ddiv)
    ddiv_entry                               0x0800559b   Thumb Code     0  ddiv.o(x$fpl$ddiv)
    x$fpl$dfixu                              0x08005844   Section       90  dfixu.o(x$fpl$dfixu)
    x$fpl$dflt                               0x0800589e   Section       46  dflt_clz.o(x$fpl$dflt)
    x$fpl$dfltll                             0x080058cc   Section      162  dfltll_clz.o(x$fpl$dfltll)
    x$fpl$dfltu                              0x0800596e   Section       38  dflt_clz.o(x$fpl$dfltu)
    x$fpl$dleqf                              0x08005994   Section      120  dleqf.o(x$fpl$dleqf)
    x$fpl$dmul                               0x08005a0c   Section      340  dmul.o(x$fpl$dmul)
    x$fpl$dnaninf                            0x08005b60   Section      156  dnaninf.o(x$fpl$dnaninf)
    x$fpl$dretinf                            0x08005bfc   Section       12  dretinf.o(x$fpl$dretinf)
    x$fpl$drleqf                             0x08005c08   Section      108  drleqf.o(x$fpl$drleqf)
    x$fpl$dsub                               0x08005c74   Section      468  daddsub_clz.o(x$fpl$dsub)
    _dsub1                                   0x08005c85   Thumb Code     0  daddsub_clz.o(x$fpl$dsub)
    x$fpl$llsfromd                           0x08005e48   Section      194  dfixll.o(x$fpl$llsfromd)
    x$fpl$usenofp                            0x08005f0a   Section        0  usenofp.o(x$fpl$usenofp)
    .constdata                               0x08005f0c   Section       16  cconi.o(.constdata)
    Weight                                   0x08005f0c   Data          16  cconi.o(.constdata)
    .data                                    0x20000000   Section      200  sconi.o(.data)
    Weight                                   0x20000008   Data          96  sconi.o(.data)
    Weight                                   0x20000068   Data          96  sconi.o(.data)
    .data                                    0x200000c8   Section      200  tconi.o(.data)
    Weight                                   0x200000d0   Data          96  tconi.o(.data)
    Weight                                   0x20000130   Data          96  tconi.o(.data)
    .data                                    0x20000190   Section      200  cconi.o(.data)
    Weight                                   0x20000198   Data          96  cconi.o(.data)
    Weight                                   0x200001f8   Data          96  cconi.o(.data)
    .data                                    0x20000258   Section       96  shell.o(.data)
    Weight                                   0x20000258   Data          96  shell.o(.data)
    .data                                    0x200002b8   Section      104  instruction.o(.data)
    Data                                     0x200002b8   Data           8  instruction.o(.data)
    Weight                                   0x200002c0   Data          96  instruction.o(.data)
    .bss                                     0x20000320   Section       32  automate.o(.bss)
    .bss                                     0x20000340   Section      260  cbus.o(.bss)
    .bss                                     0x20000444   Section     2308  ibus.o(.bss)
    .bss                                     0x20000d48   Section      200  status.o(.bss)
    .bss                                     0x20000e10   Section     4092  shell.o(.bss)
    .bss                                     0x20001e0c   Section      760  instruction.o(.bss)
    Data                                     0x20001ea4   Data          10  instruction.o(.bss)
    Data                                     0x20001eb0   Data          20  instruction.o(.bss)
    Data                                     0x20001ec4   Data          10  instruction.o(.bss)
    Data                                     0x20001ed0   Data          20  instruction.o(.bss)
    Data                                     0x20001ee4   Data          10  instruction.o(.bss)
    Data                                     0x20001ef0   Data          16  instruction.o(.bss)
    Data                                     0x20001f00   Data          10  instruction.o(.bss)
    Data                                     0x20001f0c   Data          16  instruction.o(.bss)
    Data                                     0x20001f1c   Data          10  instruction.o(.bss)
    Data                                     0x20001f28   Data          24  instruction.o(.bss)
    Data                                     0x20001f40   Data          10  instruction.o(.bss)
    Data                                     0x20001f4c   Data          24  instruction.o(.bss)
    Data                                     0x20001f64   Data          10  instruction.o(.bss)
    Data                                     0x20001f70   Data          24  instruction.o(.bss)
    Data                                     0x20001f88   Data          10  instruction.o(.bss)
    Data                                     0x20001f94   Data          24  instruction.o(.bss)
    Data                                     0x20001fac   Data          10  instruction.o(.bss)
    Data                                     0x20001fb8   Data          20  instruction.o(.bss)
    Data                                     0x20001fcc   Data          10  instruction.o(.bss)
    Data                                     0x20001fd8   Data          20  instruction.o(.bss)
    Data                                     0x20001fec   Data          10  instruction.o(.bss)
    Data                                     0x20001ff8   Data          20  instruction.o(.bss)
    Data                                     0x2000200c   Data          10  instruction.o(.bss)
    Data                                     0x20002018   Data          16  instruction.o(.bss)
    Data                                     0x20002028   Data          10  instruction.o(.bss)
    Data                                     0x20002034   Data          24  instruction.o(.bss)
    Data                                     0x2000204c   Data          10  instruction.o(.bss)
    Data                                     0x20002058   Data          24  instruction.o(.bss)
    Data                                     0x20002070   Data          20  instruction.o(.bss)
    Data                                     0x20002084   Data          20  instruction.o(.bss)
    Data                                     0x20002098   Data          16  instruction.o(.bss)
    Data                                     0x200020a8   Data          12  instruction.o(.bss)
    Temp                                     0x200020b4   Data          80  instruction.o(.bss)
    .bss                                     0x20002104   Section       96  libspace.o(.bss)
    HEAP                                     0x20002168   Section      512  startup_stm32f10x_md.o(HEAP)
    Heap_Mem                                 0x20002168   Data         512  startup_stm32f10x_md.o(HEAP)
    STACK                                    0x20002368   Section     1024  startup_stm32f10x_md.o(STACK)
    Stack_Mem                                0x20002368   Data        1024  startup_stm32f10x_md.o(STACK)
    __initial_sp                             0x20002768   Data           0  startup_stm32f10x_md.o(STACK)

    Global Symbols

    Symbol Name                              Value     Ov Type        Size  Object(Section)

    BuildAttributes$$THM_ISAv4$P$D$K$B$S$PE$A:L22UL41UL21$X:L11$S22US41US21$IEEE1$IW$USESV6$~STKCKD$USESV7$~SHL$OSPACE$ROPI$EBA8$UX$STANDARDLIB$REQ8$PRES8$EABIv2 0x00000000   Number         0  anon$$obj.o ABSOLUTE
    __ARM_use_no_argv                        0x00000000   Number         0  main.o ABSOLUTE
    __ARM_exceptions_init                     - Undefined Weak Reference
    __alloca_initialize                       - Undefined Weak Reference
    __arm_preinit_                            - Undefined Weak Reference
    __cpp_initialize__aeabi_                  - Undefined Weak Reference
    __cxa_finalize                            - Undefined Weak Reference
    __rt_locale                               - Undefined Weak Reference
    __sigvec_lookup                           - Undefined Weak Reference
    _atexit_init                              - Undefined Weak Reference
    _call_atexit_fns                          - Undefined Weak Reference
    _clock_init                               - Undefined Weak Reference
    _fp_trap_init                             - Undefined Weak Reference
    _fp_trap_shutdown                         - Undefined Weak Reference
    _get_lc_collate                           - Undefined Weak Reference
    _get_lc_ctype                             - Undefined Weak Reference
    _get_lc_monetary                          - Undefined Weak Reference
    _get_lc_numeric                           - Undefined Weak Reference
    _get_lc_time                              - Undefined Weak Reference
    _getenv_init                              - Undefined Weak Reference
    _handle_redirection                       - Undefined Weak Reference
    _init_alloc                               - Undefined Weak Reference
    _init_user_alloc                          - Undefined Weak Reference
    _initio                                   - Undefined Weak Reference
    _rand_init                                - Undefined Weak Reference
    _signal_finish                            - Undefined Weak Reference
    _signal_init                              - Undefined Weak Reference
    _terminate_alloc                          - Undefined Weak Reference
    _terminate_user_alloc                     - Undefined Weak Reference
    _terminateio                              - Undefined Weak Reference
    __Vectors_Size                           0x000000ec   Number         0  startup_stm32f10x_md.o ABSOLUTE
    __Vectors                                0x08000000   Data           4  startup_stm32f10x_md.o(RESET)
    __Vectors_End                            0x080000ec   Data           0  startup_stm32f10x_md.o(RESET)
    __main                                   0x080000ed   Thumb Code     8  __main.o(!!!main)
    __scatterload                            0x080000f5   Thumb Code     0  __scatter.o(!!!scatter)
    __scatterload_rt2                        0x080000f5   Thumb Code    44  __scatter.o(!!!scatter)
    __scatterload_rt2_thumb_only             0x080000f5   Thumb Code     0  __scatter.o(!!!scatter)
    __scatterload_null                       0x08000103   Thumb Code     0  __scatter.o(!!!scatter)
    __decompress                             0x08000129   Thumb Code    90  __dczerorl2.o(!!dczerorl2)
    __decompress1                            0x08000129   Thumb Code     0  __dczerorl2.o(!!dczerorl2)
    __scatterload_zeroinit                   0x08000185   Thumb Code    28  __scatter_zi.o(!!handler_zi)
    __rt_lib_init                            0x080001a1   Thumb Code     0  libinit.o(.ARM.Collect$$libinit$$00000000)
    __rt_lib_init_alloca_1                   0x080001a3   Thumb Code     0  libinit2.o(.ARM.Collect$$libinit$$0000002E)
    __rt_lib_init_argv_1                     0x080001a3   Thumb Code     0  libinit2.o(.ARM.Collect$$libinit$$0000002C)
    __rt_lib_init_atexit_1                   0x080001a3   Thumb Code     0  libinit2.o(.ARM.Collect$$libinit$$0000001B)
    __rt_lib_init_clock_1                    0x080001a3   Thumb Code     0  libinit2.o(.ARM.Collect$$libinit$$00000021)
    __rt_lib_init_cpp_1                      0x080001a3   Thumb Code     0  libinit2.o(.ARM.Collect$$libinit$$00000032)
    __rt_lib_init_exceptions_1               0x080001a3   Thumb Code     0  libinit2.o(.ARM.Collect$$libinit$$00000030)
    __rt_lib_init_fp_1                       0x080001a3   Thumb Code     0  libinit2.o(.ARM.Collect$$libinit$$00000002)
    __rt_lib_init_fp_trap_1                  0x080001a3   Thumb Code     0  libinit2.o(.ARM.Collect$$libinit$$0000001F)
    __rt_lib_init_getenv_1                   0x080001a3   Thumb Code     0  libinit2.o(.ARM.Collect$$libinit$$00000023)
    __rt_lib_init_heap_1                     0x080001a3   Thumb Code     0  libinit2.o(.ARM.Collect$$libinit$$0000000A)
    __rt_lib_init_lc_collate_1               0x080001a3   Thumb Code     0  libinit2.o(.ARM.Collect$$libinit$$00000011)
    __rt_lib_init_lc_ctype_1                 0x080001a3   Thumb Code     0  libinit2.o(.ARM.Collect$$libinit$$00000013)
    __rt_lib_init_lc_monetary_1              0x080001a3   Thumb Code     0  libinit2.o(.ARM.Collect$$libinit$$00000015)
    __rt_lib_init_lc_numeric_1               0x080001a3   Thumb Code     0  libinit2.o(.ARM.Collect$$libinit$$00000017)
    __rt_lib_init_lc_time_1                  0x080001a3   Thumb Code     0  libinit2.o(.ARM.Collect$$libinit$$00000019)
    __rt_lib_init_preinit_1                  0x080001a3   Thumb Code     0  libinit2.o(.ARM.Collect$$libinit$$00000004)
    __rt_lib_init_rand_1                     0x080001a3   Thumb Code     0  libinit2.o(.ARM.Collect$$libinit$$0000000E)
    __rt_lib_init_return                     0x080001a3   Thumb Code     0  libinit2.o(.ARM.Collect$$libinit$$00000033)
    __rt_lib_init_signal_1                   0x080001a3   Thumb Code     0  libinit2.o(.ARM.Collect$$libinit$$0000001D)
    __rt_lib_init_stdio_1                    0x080001a3   Thumb Code     0  libinit2.o(.ARM.Collect$$libinit$$00000025)
    __rt_lib_init_user_alloc_1               0x080001a3   Thumb Code     0  libinit2.o(.ARM.Collect$$libinit$$0000000C)
    __rt_lib_shutdown                        0x080001a5   Thumb Code     0  libshutdown.o(.ARM.Collect$$libshutdown$$00000000)
    __rt_lib_shutdown_cpp_1                  0x080001a7   Thumb Code     0  libshutdown2.o(.ARM.Collect$$libshutdown$$00000002)
    __rt_lib_shutdown_fp_trap_1              0x080001a7   Thumb Code     0  libshutdown2.o(.ARM.Collect$$libshutdown$$00000007)
    __rt_lib_shutdown_heap_1                 0x080001a7   Thumb Code     0  libshutdown2.o(.ARM.Collect$$libshutdown$$0000000F)
    __rt_lib_shutdown_return                 0x080001a7   Thumb Code     0  libshutdown2.o(.ARM.Collect$$libshutdown$$00000010)
    __rt_lib_shutdown_signal_1               0x080001a7   Thumb Code     0  libshutdown2.o(.ARM.Collect$$libshutdown$$0000000A)
    __rt_lib_shutdown_stdio_1                0x080001a7   Thumb Code     0  libshutdown2.o(.ARM.Collect$$libshutdown$$00000004)
    __rt_lib_shutdown_user_alloc_1           0x080001a7   Thumb Code     0  libshutdown2.o(.ARM.Collect$$libshutdown$$0000000C)
    __rt_entry                               0x080001a9   Thumb Code     0  __rtentry.o(.ARM.Collect$$rtentry$$00000000)
    __rt_entry_presh_1                       0x080001a9   Thumb Code     0  __rtentry2.o(.ARM.Collect$$rtentry$$00000002)
    __rt_entry_sh                            0x080001a9   Thumb Code     0  __rtentry4.o(.ARM.Collect$$rtentry$$00000004)
    __rt_entry_li                            0x080001af   Thumb Code     0  __rtentry2.o(.ARM.Collect$$rtentry$$0000000A)
    __rt_entry_postsh_1                      0x080001af   Thumb Code     0  __rtentry2.o(.ARM.Collect$$rtentry$$00000009)
    __rt_entry_main                          0x080001b3   Thumb Code     0  __rtentry2.o(.ARM.Collect$$rtentry$$0000000D)
    __rt_entry_postli_1                      0x080001b3   Thumb Code     0  __rtentry2.o(.ARM.Collect$$rtentry$$0000000C)
    __rt_exit                                0x080001bb   Thumb Code     0  rtexit.o(.ARM.Collect$$rtexit$$00000000)
    __rt_exit_ls                             0x080001bd   Thumb Code     0  rtexit2.o(.ARM.Collect$$rtexit$$00000003)
    __rt_exit_prels_1                        0x080001bd   Thumb Code     0  rtexit2.o(.ARM.Collect$$rtexit$$00000002)
    __rt_exit_exit                           0x080001c1   Thumb Code     0  rtexit2.o(.ARM.Collect$$rtexit$$00000004)
    Reset_Handler                            0x080001c9   Thumb Code     8  startup_stm32f10x_md.o(.text)
    NMI_Handler                              0x080001d1   Thumb Code     2  startup_stm32f10x_md.o(.text)
    HardFault_Handler                        0x080001d3   Thumb Code     2  startup_stm32f10x_md.o(.text)
    MemManage_Handler                        0x080001d5   Thumb Code     2  startup_stm32f10x_md.o(.text)
    BusFault_Handler                         0x080001d7   Thumb Code     2  startup_stm32f10x_md.o(.text)
    UsageFault_Handler                       0x080001d9   Thumb Code     2  startup_stm32f10x_md.o(.text)
    SVC_Handler                              0x080001db   Thumb Code     2  startup_stm32f10x_md.o(.text)
    DebugMon_Handler                         0x080001dd   Thumb Code     2  startup_stm32f10x_md.o(.text)
    PendSV_Handler                           0x080001df   Thumb Code     2  startup_stm32f10x_md.o(.text)
    SysTick_Handler                          0x080001e1   Thumb Code     2  startup_stm32f10x_md.o(.text)
    ADC1_2_IRQHandler                        0x080001e3   Thumb Code     0  startup_stm32f10x_md.o(.text)
    CAN1_RX1_IRQHandler                      0x080001e3   Thumb Code     0  startup_stm32f10x_md.o(.text)
    CAN1_SCE_IRQHandler                      0x080001e3   Thumb Code     0  startup_stm32f10x_md.o(.text)
    DMA1_Channel1_IRQHandler                 0x080001e3   Thumb Code     0  startup_stm32f10x_md.o(.text)
    DMA1_Channel2_IRQHandler                 0x080001e3   Thumb Code     0  startup_stm32f10x_md.o(.text)
    DMA1_Channel3_IRQHandler                 0x080001e3   Thumb Code     0  startup_stm32f10x_md.o(.text)
    DMA1_Channel4_IRQHandler                 0x080001e3   Thumb Code     0  startup_stm32f10x_md.o(.text)
    DMA1_Channel5_IRQHandler                 0x080001e3   Thumb Code     0  startup_stm32f10x_md.o(.text)
    DMA1_Channel6_IRQHandler                 0x080001e3   Thumb Code     0  startup_stm32f10x_md.o(.text)
    DMA1_Channel7_IRQHandler                 0x080001e3   Thumb Code     0  startup_stm32f10x_md.o(.text)
    EXTI0_IRQHandler                         0x080001e3   Thumb Code     0  startup_stm32f10x_md.o(.text)
    EXTI15_10_IRQHandler                     0x080001e3   Thumb Code     0  startup_stm32f10x_md.o(.text)
    EXTI1_IRQHandler                         0x080001e3   Thumb Code     0  startup_stm32f10x_md.o(.text)
    EXTI2_IRQHandler                         0x080001e3   Thumb Code     0  startup_stm32f10x_md.o(.text)
    EXTI3_IRQHandler                         0x080001e3   Thumb Code     0  startup_stm32f10x_md.o(.text)
    EXTI4_IRQHandler                         0x080001e3   Thumb Code     0  startup_stm32f10x_md.o(.text)
    EXTI9_5_IRQHandler                       0x080001e3   Thumb Code     0  startup_stm32f10x_md.o(.text)
    FLASH_IRQHandler                         0x080001e3   Thumb Code     0  startup_stm32f10x_md.o(.text)
    I2C1_ER_IRQHandler                       0x080001e3   Thumb Code     0  startup_stm32f10x_md.o(.text)
    I2C1_EV_IRQHandler                       0x080001e3   Thumb Code     0  startup_stm32f10x_md.o(.text)
    I2C2_ER_IRQHandler                       0x080001e3   Thumb Code     0  startup_stm32f10x_md.o(.text)
    I2C2_EV_IRQHandler                       0x080001e3   Thumb Code     0  startup_stm32f10x_md.o(.text)
    PVD_IRQHandler                           0x080001e3   Thumb Code     0  startup_stm32f10x_md.o(.text)
    RCC_IRQHandler                           0x080001e3   Thumb Code     0  startup_stm32f10x_md.o(.text)
    RTCAlarm_IRQHandler                      0x080001e3   Thumb Code     0  startup_stm32f10x_md.o(.text)
    RTC_IRQHandler                           0x080001e3   Thumb Code     0  startup_stm32f10x_md.o(.text)
    SPI1_IRQHandler                          0x080001e3   Thumb Code     0  startup_stm32f10x_md.o(.text)
    SPI2_IRQHandler                          0x080001e3   Thumb Code     0  startup_stm32f10x_md.o(.text)
    TAMPER_IRQHandler                        0x080001e3   Thumb Code     0  startup_stm32f10x_md.o(.text)
    TIM1_BRK_IRQHandler                      0x080001e3   Thumb Code     0  startup_stm32f10x_md.o(.text)
    TIM1_CC_IRQHandler                       0x080001e3   Thumb Code     0  startup_stm32f10x_md.o(.text)
    TIM1_TRG_COM_IRQHandler                  0x080001e3   Thumb Code     0  startup_stm32f10x_md.o(.text)
    TIM1_UP_IRQHandler                       0x080001e3   Thumb Code     0  startup_stm32f10x_md.o(.text)
    TIM2_IRQHandler                          0x080001e3   Thumb Code     0  startup_stm32f10x_md.o(.text)
    TIM4_IRQHandler                          0x080001e3   Thumb Code     0  startup_stm32f10x_md.o(.text)
    USART1_IRQHandler                        0x080001e3   Thumb Code     0  startup_stm32f10x_md.o(.text)
    USBWakeUp_IRQHandler                     0x080001e3   Thumb Code     0  startup_stm32f10x_md.o(.text)
    USB_HP_CAN1_TX_IRQHandler                0x080001e3   Thumb Code     0  startup_stm32f10x_md.o(.text)
    USB_LP_CAN1_RX0_IRQHandler               0x080001e3   Thumb Code     0  startup_stm32f10x_md.o(.text)
    WWDG_IRQHandler                          0x080001e3   Thumb Code     0  startup_stm32f10x_md.o(.text)
    __user_initial_stackheap                 0x080001e5   Thumb Code     0  startup_stm32f10x_md.o(.text)
    __aeabi_uldivmod                         0x08000209   Thumb Code     0  lludivv7m.o(.text)
    _ll_udiv                                 0x08000209   Thumb Code   238  lludivv7m.o(.text)
    __aeabi_ldivmod                          0x080002f7   Thumb Code     0  llsdiv.o(.text)
    _ll_sdiv                                 0x080002f7   Thumb Code    72  llsdiv.o(.text)
    __aeabi_memclr4                          0x0800033f   Thumb Code     0  rt_memclr_w.o(.text)
    __aeabi_memclr8                          0x0800033f   Thumb Code     0  rt_memclr_w.o(.text)
    __rt_memclr_w                            0x0800033f   Thumb Code    78  rt_memclr_w.o(.text)
    _memset_w                                0x08000343   Thumb Code     0  rt_memclr_w.o(.text)
    __use_two_region_memory                  0x0800038d   Thumb Code     2  heapauxi.o(.text)
    __rt_heap_escrow$2region                 0x0800038f   Thumb Code     2  heapauxi.o(.text)
    __rt_heap_expand$2region                 0x08000391   Thumb Code     2  heapauxi.o(.text)
    __user_setup_stackheap                   0x08000393   Thumb Code    74  sys_stackheap_outer.o(.text)
    exit                                     0x080003dd   Thumb Code    18  exit.o(.text)
    __user_libspace                          0x080003f1   Thumb Code     8  libspace.o(.text)
    __user_perproc_libspace                  0x080003f1   Thumb Code     0  libspace.o(.text)
    __user_perthread_libspace                0x080003f1   Thumb Code     0  libspace.o(.text)
    _sys_exit                                0x080003f9   Thumb Code     8  sys_exit.o(.text)
    __I$use$semihosting                      0x08000405   Thumb Code     0  use_no_semi.o(.text)
    __use_no_semihosting_swi                 0x08000405   Thumb Code     2  use_no_semi.o(.text)
    __semihosting_library_function           0x08000407   Thumb Code     0  indicate_semi.o(.text)
    SystemInit                               0x080004f1   Thumb Code    78  system_stm32f10x.o(i.SystemInit)
    TIM3_IRQHandler                          0x08000551   Thumb Code    50  automate.o(i.TIM3_IRQHandler)
    USART2_IRQHandler                        0x0800058d   Thumb Code   148  ibus.o(i.USART2_IRQHandler)
    USART3_IRQHandler                        0x08000629   Thumb Code   138  cbus.o(i.USART3_IRQHandler)
    Delay_Ms(unsigned)                       0x080006bd   Thumb Code    48  main.o(i._Z8Delay_Msj)
    INSTRUCTION::GetStaExtA()                0x080006f1   Thumb Code    98  instruction.o(i._ZN11INSTRUCTION10GetStaExtAEv)
    INSTRUCTION::GetStaExtB()                0x080007c5   Thumb Code    98  instruction.o(i._ZN11INSTRUCTION10GetStaExtBEv)
    INSTRUCTION::GetTemExtA()                0x08000899   Thumb Code   162  instruction.o(i._ZN11INSTRUCTION10GetTemExtAEv)
    INSTRUCTION::GetTemExtB()                0x080009c5   Thumb Code   162  instruction.o(i._ZN11INSTRUCTION10GetTemExtBEv)
    INSTRUCTION::SetColExtA()                0x08000af1   Thumb Code   158  instruction.o(i._ZN11INSTRUCTION10SetColExtAEv)
    INSTRUCTION::SetColExtB()                0x08000c05   Thumb Code   158  instruction.o(i._ZN11INSTRUCTION10SetColExtBEv)
    INSTRUCTION::SetTemExtA()                0x08000d19   Thumb Code   160  instruction.o(i._ZN11INSTRUCTION10SetTemExtAEv)
    INSTRUCTION::SetTemExtB()                0x08000e51   Thumb Code   160  instruction.o(i._ZN11INSTRUCTION10SetTemExtBEv)
    INSTRUCTION::GetColPowEA()               0x08000f89   Thumb Code    96  instruction.o(i._ZN11INSTRUCTION11GetColPowEAEv)
    INSTRUCTION::GetColPowEB()               0x08001015   Thumb Code    96  instruction.o(i._ZN11INSTRUCTION11GetColPowEBEv)
    INSTRUCTION::RefreshDict()               0x080010a1   Thumb Code    30  instruction.o(i._ZN11INSTRUCTION11RefreshDictEv)
    INSTRUCTION::AutoHomeInit()              0x080010e1   Thumb Code    40  instruction.o(i._ZN11INSTRUCTION12AutoHomeInitEv)
    INSTRUCTION::GetStaBPInit()              0x08001121   Thumb Code    82  instruction.o(i._ZN11INSTRUCTION12GetStaBPInitEv)
    INSTRUCTION::GetTemBPInit()              0x08001199   Thumb Code    68  instruction.o(i._ZN11INSTRUCTION12GetTemBPInitEv)
    INSTRUCTION::SetTemBPInit()              0x08001205   Thumb Code    68  instruction.o(i._ZN11INSTRUCTION12SetTemBPInitEv)
    INSTRUCTION::GetTemBPSInit()             0x08001271   Thumb Code    84  instruction.o(i._ZN11INSTRUCTION13GetTemBPSInitEv)
    INSTRUCTION::GetTemEASInit()             0x080012f1   Thumb Code   100  instruction.o(i._ZN11INSTRUCTION13GetTemEASInitEv)
    INSTRUCTION::GetTemEBSInit()             0x08001381   Thumb Code   100  instruction.o(i._ZN11INSTRUCTION13GetTemEBSInitEv)
    INSTRUCTION::GetTemEnvInit()             0x08001411   Thumb Code    68  instruction.o(i._ZN11INSTRUCTION13GetTemEnvInitEv)
    INSTRUCTION::GetStaExtAInit()            0x0800147d   Thumb Code    84  instruction.o(i._ZN11INSTRUCTION14GetStaExtAInitEv)
    INSTRUCTION::GetStaExtBInit()            0x080014f5   Thumb Code    84  instruction.o(i._ZN11INSTRUCTION14GetStaExtBInitEv)
    INSTRUCTION::GetTemExtAInit()            0x0800156d   Thumb Code    84  instruction.o(i._ZN11INSTRUCTION14GetTemExtAInitEv)
    INSTRUCTION::GetTemExtBInit()            0x080015e9   Thumb Code    84  instruction.o(i._ZN11INSTRUCTION14GetTemExtBInitEv)
    INSTRUCTION::SetColExtAInit()            0x08001665   Thumb Code   100  instruction.o(i._ZN11INSTRUCTION14SetColExtAInitEv)
    INSTRUCTION::SetColExtBInit()            0x080016f5   Thumb Code   100  instruction.o(i._ZN11INSTRUCTION14SetColExtBInitEv)
    INSTRUCTION::SetTemExtAInit()            0x08001785   Thumb Code    84  instruction.o(i._ZN11INSTRUCTION14SetTemExtAInitEv)
    INSTRUCTION::SetTemExtBInit()            0x08001801   Thumb Code    84  instruction.o(i._ZN11INSTRUCTION14SetTemExtBInitEv)
    INSTRUCTION::GetColPowEAInit()           0x0800187d   Thumb Code   100  instruction.o(i._ZN11INSTRUCTION15GetColPowEAInitEv)
    INSTRUCTION::GetColPowEBInit()           0x0800190d   Thumb Code   100  instruction.o(i._ZN11INSTRUCTION15GetColPowEBInitEv)
    INSTRUCTION::RefreshDictInit()           0x0800199d   Thumb Code    56  instruction.o(i._ZN11INSTRUCTION15RefreshDictInitEv)
    INSTRUCTION::Num2Chr(char*, unsigned)    0x080019f5   Thumb Code   136  instruction.o(i._ZN11INSTRUCTION7Num2ChrEPcj)
    INSTRUCTION::AutoHome()                  0x08001a81   Thumb Code   570  instruction.o(i._ZN11INSTRUCTION8AutoHomeEv)
    INSTRUCTION::GetStaBP()                  0x08001dd1   Thumb Code    98  instruction.o(i._ZN11INSTRUCTION8GetStaBPEv)
    INSTRUCTION::GetTemBP()                  0x08001ea5   Thumb Code   160  instruction.o(i._ZN11INSTRUCTION8GetTemBPEv)
    INSTRUCTION::NotFound()                  0x08001fcd   Thumb Code    16  instruction.o(i._ZN11INSTRUCTION8NotFoundEv)
    INSTRUCTION::PrintNum(unsigned)          0x08001ffd   Thumb Code    36  instruction.o(i._ZN11INSTRUCTION8PrintNumEj)
    INSTRUCTION::SetTemBP()                  0x08002029   Thumb Code   158  instruction.o(i._ZN11INSTRUCTION8SetTemBPEv)
    INSTRUCTION::GetTemBPS()                 0x08002161   Thumb Code    86  instruction.o(i._ZN11INSTRUCTION9GetTemBPSEv)
    INSTRUCTION::GetTemEAS()                 0x080021f5   Thumb Code    86  instruction.o(i._ZN11INSTRUCTION9GetTemEASEv)
    INSTRUCTION::GetTemEBS()                 0x08002289   Thumb Code    86  instruction.o(i._ZN11INSTRUCTION9GetTemEBSEv)
    INSTRUCTION::GetTemEnv()                 0x0800231d   Thumb Code   130  instruction.o(i._ZN11INSTRUCTION9GetTemEnvEv)
    CBUS::WaitForReceive(unsigned)           0x08002411   Thumb Code    82  cbus.o(i._ZN4CBUS14WaitForReceiveEj)
    CBUS::TestIfVerifyError()                0x08002469   Thumb Code    14  cbus.o(i._ZN4CBUS17TestIfVerifyErrorEv)
    CBUS::Tx(unsigned char)                  0x08002479   Thumb Code    22  cbus.o(i._ZN4CBUS2TxEh)
    CBUS::Init()                             0x08002495   Thumb Code   178  cbus.o(i._ZN4CBUS4InitEv)
    CBUS::Print(char*)                       0x0800255d   Thumb Code    58  cbus.o(i._ZN4CBUS5PrintEPc)
    CBUS::Transmit(char, char*, unsigned)    0x08002597   Thumb Code    66  cbus.o(i._ZN4CBUS8TransmitEcPcj)
    CBUS::TestReply(char)                    0x080025d9   Thumb Code    56  cbus.o(i._ZN4CBUS9TestReplyEc)
    IBUS::WaitForReceive(unsigned)           0x08002611   Thumb Code    82  ibus.o(i._ZN4IBUS14WaitForReceiveEj)
    IBUS::TestIfVerifyError()                0x08002669   Thumb Code    14  ibus.o(i._ZN4IBUS17TestIfVerifyErrorEv)
    IBUS::Tx(unsigned char)                  0x08002679   Thumb Code    22  ibus.o(i._ZN4IBUS2TxEh)
    IBUS::Init()                             0x08002695   Thumb Code   172  ibus.o(i._ZN4IBUS4InitEv)
    IBUS::Print(char*)                       0x08002755   Thumb Code    58  ibus.o(i._ZN4IBUS5PrintEPc)
    IBUS::Transmit(char, char*, unsigned)    0x0800278f   Thumb Code    66  ibus.o(i._ZN4IBUS8TransmitEcPcj)
    IBUS::TestReply(char)                    0x080027d1   Thumb Code    62  ibus.o(i._ZN4IBUS9TestReplyEc)
    CCONI::GetCommand()                      0x08002811   Thumb Code   150  cconi.o(i._ZN5CCONI10GetCommandEv)
    CCONI::HangUpConsole()                   0x080028bd   Thumb Code   114  cconi.o(i._ZN5CCONI13HangUpConsoleEv)
    CCONI::SetInfoScreen()                   0x0800293d   Thumb Code   608  cconi.o(i._ZN5CCONI13SetInfoScreenEv)
    CCONI::ConsoleDisplay(char*, bool)       0x08002ba5   Thumb Code   234  cconi.o(i._ZN5CCONI14ConsoleDisplayEPcb)
    CCONI::ExpandDictionary(char*)           0x08002c95   Thumb Code   192  cconi.o(i._ZN5CCONI16ExpandDictionaryEPc)
    CCONI::Num2Chr(unsigned, char*)          0x08002d59   Thumb Code    50  cconi.o(i._ZN5CCONI7Num2ChrEjPc)
    CCONI::TestLink()                        0x08002d91   Thumb Code   106  cconi.o(i._ZN5CCONI8TestLinkEv)
    SCONI::AutoHoming()                      0x08002e09   Thumb Code   106  sconi.o(i._ZN5SCONI10AutoHomingEv)
    SCONI::GetStatusFA()                     0x08002e85   Thumb Code   128  sconi.o(i._ZN5SCONI11GetStatusFAEv)
    SCONI::GetPositionA()                    0x08002f11   Thumb Code   124  sconi.o(i._ZN5SCONI12GetPositionAEv)
    SCONI::GetPositionB()                    0x08002f99   Thumb Code   124  sconi.o(i._ZN5SCONI12GetPositionBEv)
    SCONI::GetPositionX()                    0x08003021   Thumb Code   124  sconi.o(i._ZN5SCONI12GetPositionXEv)
    SCONI::GetPositionY()                    0x080030a9   Thumb Code   124  sconi.o(i._ZN5SCONI12GetPositionYEv)
    SCONI::GetPositionZ()                    0x08003131   Thumb Code   124  sconi.o(i._ZN5SCONI12GetPositionZEv)
    SCONI::GetStatusIDP()                    0x080031b9   Thumb Code   112  sconi.o(i._ZN5SCONI12GetStatusIDPEv)
    SCONI::GetTestPointA()                   0x08003235   Thumb Code   124  sconi.o(i._ZN5SCONI13GetTestPointAEv)
    SCONI::GetTestPointB()                   0x080032bd   Thumb Code   124  sconi.o(i._ZN5SCONI13GetTestPointBEv)
    SCONI::GetTestPointC()                   0x08003345   Thumb Code   124  sconi.o(i._ZN5SCONI13GetTestPointCEv)
    SCONI::GetTestPointD()                   0x080033cd   Thumb Code   124  sconi.o(i._ZN5SCONI13GetTestPointDEv)
    SCONI::GetTestPointM()                   0x08003455   Thumb Code   124  sconi.o(i._ZN5SCONI13GetTestPointMEv)
    SCONI::WaitForHoming(unsigned)           0x080034dd   Thumb Code    82  sconi.o(i._ZN5SCONI13WaitForHomingEj)
    SCONI::GetStatusHomed()                  0x08003539   Thumb Code   112  sconi.o(i._ZN5SCONI14GetStatusHomedEv)
    SCONI::GetPositionXMax()                 0x080035b5   Thumb Code   124  sconi.o(i._ZN5SCONI15GetPositionXMaxEv)
    SCONI::GetPositionYMax()                 0x0800363d   Thumb Code   124  sconi.o(i._ZN5SCONI15GetPositionYMaxEv)
    SCONI::GetPositionZMax()                 0x080036c5   Thumb Code   124  sconi.o(i._ZN5SCONI15GetPositionZMaxEv)
    SCONI::GetStatusStepper()                0x0800374d   Thumb Code   112  sconi.o(i._ZN5SCONI16GetStatusStepperEv)
    SCONI::GetStatusLeveling()               0x080037c9   Thumb Code   112  sconi.o(i._ZN5SCONI17GetStatusLevelingEv)
    SCONI::Chr2Flo(char*, unsigned, unsigned, bool) 0x08003845   Thumb Code   238  sconi.o(i._ZN5SCONI7Chr2FloEPcjjb)
    SCONI::GetL1Max()                        0x08003941   Thumb Code   134  sconi.o(i._ZN5SCONI8GetL1MaxEv)
    SCONI::GetL2Max()                        0x080039d5   Thumb Code   134  sconi.o(i._ZN5SCONI8GetL2MaxEv)
    SCONI::TestLink()                        0x08003a69   Thumb Code   106  sconi.o(i._ZN5SCONI8TestLinkEv)
    SCONI::GetL1Rest()                       0x08003add   Thumb Code   134  sconi.o(i._ZN5SCONI9GetL1RestEv)
    SCONI::GetL2Rest()                       0x08003b71   Thumb Code   134  sconi.o(i._ZN5SCONI9GetL2RestEv)
    SHELL::CountNumber()                     0x08003c05   Thumb Code    34  shell.o(i._ZN5SHELL11CountNumberEv)
    SHELL::Init()                            0x08003c29   Thumb Code   132  shell.o(i._ZN5SHELL4InitEv)
    SHELL::Flush()                           0x08003cb1   Thumb Code    22  shell.o(i._ZN5SHELL5FlushEv)
    SHELL::Slice()                           0x08003cc7   Thumb Code    40  shell.o(i._ZN5SHELL5SliceEv)
    SHELL::Upper(char)                       0x08003cef   Thumb Code    22  shell.o(i._ZN5SHELL5UpperEc)
    SHELL::Expand(char*)                     0x08003d05   Thumb Code   134  shell.o(i._ZN5SHELL6ExpandEPc)
    SHELL::Search(char*, unsigned&)          0x08003d8b   Thumb Code    58  shell.o(i._ZN5SHELL6SearchEPcRj)
    SHELL::AddWord(char*)                    0x08003dc5   Thumb Code   222  shell.o(i._ZN5SHELL7AddWordEPc)
    SHELL::Chr2Num(char*)                    0x08003ea5   Thumb Code    76  shell.o(i._ZN5SHELL7Chr2NumEPc)
    SHELL::Compare(char*, char*)             0x08003ef5   Thumb Code    58  shell.o(i._ZN5SHELL7CompareEPcS0_)
    SHELL::Decoder()                         0x08003f31   Thumb Code   464  shell.o(i._ZN5SHELL7DecoderEv)
    SHELL::DictInit()                        0x08004105   Thumb Code   110  shell.o(i._ZN5SHELL8DictInitEv)
    SHELL::Identify(char**, unsigned)        0x080041ed   Thumb Code   178  shell.o(i._ZN5SHELL8IdentifyEPPcj)
    SHELL::IsLetter(char)                    0x0800429f   Thumb Code    30  shell.o(i._ZN5SHELL8IsLetterEc)
    SHELL::IsNumber(char)                    0x080042bd   Thumb Code    18  shell.o(i._ZN5SHELL8IsNumberEc)
    SHELL::GetNumber(unsigned)               0x080042cf   Thumb Code    62  shell.o(i._ZN5SHELL9GetNumberEj)
    TCONI::GetStatusBasePlane()              0x0800430d   Thumb Code   110  tconi.o(i._ZN5TCONI18GetStatusBasePlaneEv)
    TCONI::GetStatusExtruderA()              0x08004389   Thumb Code   110  tconi.o(i._ZN5TCONI18GetStatusExtruderAEv)
    TCONI::GetStatusExtruderB()              0x08004405   Thumb Code   110  tconi.o(i._ZN5TCONI18GetStatusExtruderBEv)
    TCONI::GetCoolerPowerExtruderA()         0x08004481   Thumb Code   132  tconi.o(i._ZN5TCONI23GetCoolerPowerExtruderAEv)
    TCONI::GetCoolerPowerExtruderB()         0x08004511   Thumb Code   132  tconi.o(i._ZN5TCONI23GetCoolerPowerExtruderBEv)
    TCONI::GetHeaterPowerBasePlane()         0x080045a1   Thumb Code   132  tconi.o(i._ZN5TCONI23GetHeaterPowerBasePlaneEv)
    TCONI::GetHeaterPowerExtruderA()         0x08004631   Thumb Code   132  tconi.o(i._ZN5TCONI23GetHeaterPowerExtruderAEv)
    TCONI::GetHeaterPowerExtruderB()         0x080046c1   Thumb Code   132  tconi.o(i._ZN5TCONI23GetHeaterPowerExtruderBEv)
    TCONI::GetTemperatureBPSetting()         0x08004751   Thumb Code   132  tconi.o(i._ZN5TCONI23GetTemperatureBPSettingEv)
    TCONI::GetTemperatureBasePlane()         0x080047e1   Thumb Code   132  tconi.o(i._ZN5TCONI23GetTemperatureBasePlaneEv)
    TCONI::GetTemperatureEASetting()         0x08004871   Thumb Code   132  tconi.o(i._ZN5TCONI23GetTemperatureEASettingEv)
    TCONI::GetTemperatureEBSetting()         0x08004901   Thumb Code   132  tconi.o(i._ZN5TCONI23GetTemperatureEBSettingEv)
    TCONI::GetTemperatureExtruderA()         0x08004991   Thumb Code   132  tconi.o(i._ZN5TCONI23GetTemperatureExtruderAEv)
    TCONI::GetTemperatureExtruderB()         0x08004a21   Thumb Code   132  tconi.o(i._ZN5TCONI23GetTemperatureExtruderBEv)
    TCONI::SetCoolerPowerExtruderA(unsigned char) 0x08004ab1   Thumb Code   172  tconi.o(i._ZN5TCONI23SetCoolerPowerExtruderAEh)
    TCONI::SetCoolerPowerExtruderB(unsigned char) 0x08004b61   Thumb Code   172  tconi.o(i._ZN5TCONI23SetCoolerPowerExtruderBEh)
    TCONI::SetTemperatureBPSetting(unsigned short) 0x08004c11   Thumb Code   172  tconi.o(i._ZN5TCONI23SetTemperatureBPSettingEt)
    TCONI::SetTemperatureEASetting(unsigned short) 0x08004cc1   Thumb Code   176  tconi.o(i._ZN5TCONI23SetTemperatureEASettingEt)
    TCONI::SetTemperatureEBSetting(unsigned short) 0x08004d75   Thumb Code   176  tconi.o(i._ZN5TCONI23SetTemperatureEBSettingEt)
    TCONI::GetTemperatureEnvironment()       0x08004e29   Thumb Code   132  tconi.o(i._ZN5TCONI25GetTemperatureEnvironmentEv)
    TCONI::Chr2Flo(char*, unsigned, unsigned, bool) 0x08004eb9   Thumb Code   238  tconi.o(i._ZN5TCONI7Chr2FloEPcjjb)
    TCONI::Flo2Chr(char*, double, unsigned, unsigned, bool) 0x08004fb5   Thumb Code   262  tconi.o(i._ZN5TCONI7Flo2ChrEPcdjjb)
    TCONI::TestLink()                        0x080050c1   Thumb Code   106  tconi.o(i._ZN5TCONI8TestLinkEv)
    AUTOMATE::SCONGetStatus()                0x08005135   Thumb Code   130  automate.o(i._ZN8AUTOMATE13SCONGetStatusEv)
    AUTOMATE::TCONGetStatus()                0x080051c1   Thumb Code   124  automate.o(i._ZN8AUTOMATE13TCONGetStatusEv)
    AUTOMATE::InfoLCDRefreash()              0x08005245   Thumb Code    38  automate.o(i._ZN8AUTOMATE15InfoLCDRefreashEv)
    AUTOMATE::ConsoleGetCommand()            0x08005275   Thumb Code    48  automate.o(i._ZN8AUTOMATE17ConsoleGetCommandEv)
    AUTOMATE::SCONGetStatusCount()           0x080052b1   Thumb Code    22  automate.o(i._ZN8AUTOMATE18SCONGetStatusCountEv)
    AUTOMATE::TCONGetStatusCount()           0x080052c7   Thumb Code    22  automate.o(i._ZN8AUTOMATE18TCONGetStatusCountEv)
    AUTOMATE::InfoLCDRefreashCount()         0x080052dd   Thumb Code    22  automate.o(i._ZN8AUTOMATE20InfoLCDRefreashCountEv)
    AUTOMATE::ConsoleGetCommandCount()       0x080052f3   Thumb Code    22  automate.o(i._ZN8AUTOMATE22ConsoleGetCommandCountEv)
    AUTOMATE::Init()                         0x08005309   Thumb Code   116  automate.o(i._ZN8AUTOMATE4InitEv)
    AUTOMATE::Checking()                     0x0800538d   Thumb Code    62  automate.o(i._ZN8AUTOMATE8CheckingEv)
    main                                     0x080053cd   Thumb Code    70  main.o(i.main)
    __aeabi_dadd                             0x0800542d   Thumb Code     0  daddsub_clz.o(x$fpl$dadd)
    _dadd                                    0x0800542d   Thumb Code   332  daddsub_clz.o(x$fpl$dadd)
    __fpl_dcmp_Inf                           0x0800557d   Thumb Code    24  dcmpi.o(x$fpl$dcmpinf)
    __aeabi_ddiv                             0x08005595   Thumb Code     0  ddiv.o(x$fpl$ddiv)
    _ddiv                                    0x08005595   Thumb Code   552  ddiv.o(x$fpl$ddiv)
    __aeabi_d2uiz                            0x08005845   Thumb Code     0  dfixu.o(x$fpl$dfixu)
    _dfixu                                   0x08005845   Thumb Code    90  dfixu.o(x$fpl$dfixu)
    __aeabi_i2d                              0x0800589f   Thumb Code     0  dflt_clz.o(x$fpl$dflt)
    _dflt                                    0x0800589f   Thumb Code    46  dflt_clz.o(x$fpl$dflt)
    __aeabi_l2d                              0x080058cd   Thumb Code     0  dfltll_clz.o(x$fpl$dfltll)
    _ll_sto_d                                0x080058cd   Thumb Code   162  dfltll_clz.o(x$fpl$dfltll)
    __aeabi_ui2d                             0x0800596f   Thumb Code     0  dflt_clz.o(x$fpl$dfltu)
    _dfltu                                   0x0800596f   Thumb Code    38  dflt_clz.o(x$fpl$dfltu)
    __aeabi_cdcmple                          0x08005995   Thumb Code     0  dleqf.o(x$fpl$dleqf)
    _dcmple                                  0x08005995   Thumb Code   120  dleqf.o(x$fpl$dleqf)
    __fpl_dcmple_InfNaN                      0x080059f7   Thumb Code     0  dleqf.o(x$fpl$dleqf)
    __aeabi_dmul                             0x08005a0d   Thumb Code     0  dmul.o(x$fpl$dmul)
    _dmul                                    0x08005a0d   Thumb Code   332  dmul.o(x$fpl$dmul)
    __fpl_dnaninf                            0x08005b61   Thumb Code   156  dnaninf.o(x$fpl$dnaninf)
    __fpl_dretinf                            0x08005bfd   Thumb Code    12  dretinf.o(x$fpl$dretinf)
    __aeabi_cdrcmple                         0x08005c09   Thumb Code     0  drleqf.o(x$fpl$drleqf)
    _drcmple                                 0x08005c09   Thumb Code   108  drleqf.o(x$fpl$drleqf)
    __aeabi_dsub                             0x08005c75   Thumb Code     0  daddsub_clz.o(x$fpl$dsub)
    _dsub                                    0x08005c75   Thumb Code   464  daddsub_clz.o(x$fpl$dsub)
    __aeabi_d2lz                             0x08005e49   Thumb Code     0  dfixll.o(x$fpl$llsfromd)
    _ll_sfrom_d                              0x08005e49   Thumb Code   194  dfixll.o(x$fpl$llsfromd)
    __I$use$fp                               0x08005f0a   Number         0  usenofp.o(x$fpl$usenofp)
    Region$$Table$$Base                      0x08005f1c   Number         0  anon$$obj.o(Region$$Table)
    Region$$Table$$Limit                     0x08005f3c   Number         0  anon$$obj.o(Region$$Table)
    Sconi                                    0x20000000   Data           1  sconi.o(.data)
    Tconi                                    0x200000c8   Data           1  tconi.o(.data)
    Cconi                                    0x20000190   Data           1  cconi.o(.data)
    Automate                                 0x20000320   Data          32  automate.o(.bss)
    Cbus                                     0x20000340   Data         260  cbus.o(.bss)
    Ibus                                     0x20000444   Data        2308  ibus.o(.bss)
    Status                                   0x20000d48   Data         200  status.o(.bss)
    Shell                                    0x20000e10   Data        4092  shell.o(.bss)
    Instruct                                 0x20001e0c   Data         152  instruction.o(.bss)
    __libspace_start                         0x20002104   Data          96  libspace.o(.bss)
    __temporary_stack_top$libspace           0x20002164   Data           0  libspace.o(.bss)



==============================================================================

Memory Map of the image

  Image Entry point : 0x080000ed

  Load Region LR_IROM1 (Base: 0x08000000, Size: 0x0000625c, Max: 0x00010000, ABSOLUTE, COMPRESSED[0x00005fa0])

    Execution Region ER_IROM1 (Base: 0x08000000, Size: 0x00005f3c, Max: 0x00010000, ABSOLUTE)

    Base Addr    Size         Type   Attr      Idx    E Section Name        Object

    0x08000000   0x000000ec   Data   RO         1290    RESET               startup_stm32f10x_md.o
    0x080000ec   0x00000008   Code   RO         1374  * !!!main             c_w.l(__main.o)
    0x080000f4   0x00000034   Code   RO         1588    !!!scatter          c_w.l(__scatter.o)
    0x08000128   0x0000005a   Code   RO         1586    !!dczerorl2         c_w.l(__dczerorl2.o)
    0x08000182   0x00000002   PAD
    0x08000184   0x0000001c   Code   RO         1590    !!handler_zi        c_w.l(__scatter_zi.o)
    0x080001a0   0x00000002   Code   RO         1456    .ARM.Collect$$libinit$$00000000  c_w.l(libinit.o)
    0x080001a2   0x00000000   Code   RO         1469    .ARM.Collect$$libinit$$00000002  c_w.l(libinit2.o)
    0x080001a2   0x00000000   Code   RO         1471    .ARM.Collect$$libinit$$00000004  c_w.l(libinit2.o)
    0x080001a2   0x00000000   Code   RO         1474    .ARM.Collect$$libinit$$0000000A  c_w.l(libinit2.o)
    0x080001a2   0x00000000   Code   RO         1476    .ARM.Collect$$libinit$$0000000C  c_w.l(libinit2.o)
    0x080001a2   0x00000000   Code   RO         1478    .ARM.Collect$$libinit$$0000000E  c_w.l(libinit2.o)
    0x080001a2   0x00000000   Code   RO         1481    .ARM.Collect$$libinit$$00000011  c_w.l(libinit2.o)
    0x080001a2   0x00000000   Code   RO         1483    .ARM.Collect$$libinit$$00000013  c_w.l(libinit2.o)
    0x080001a2   0x00000000   Code   RO         1485    .ARM.Collect$$libinit$$00000015  c_w.l(libinit2.o)
    0x080001a2   0x00000000   Code   RO         1487    .ARM.Collect$$libinit$$00000017  c_w.l(libinit2.o)
    0x080001a2   0x00000000   Code   RO         1489    .ARM.Collect$$libinit$$00000019  c_w.l(libinit2.o)
    0x080001a2   0x00000000   Code   RO         1491    .ARM.Collect$$libinit$$0000001B  c_w.l(libinit2.o)
    0x080001a2   0x00000000   Code   RO         1493    .ARM.Collect$$libinit$$0000001D  c_w.l(libinit2.o)
    0x080001a2   0x00000000   Code   RO         1495    .ARM.Collect$$libinit$$0000001F  c_w.l(libinit2.o)
    0x080001a2   0x00000000   Code   RO         1497    .ARM.Collect$$libinit$$00000021  c_w.l(libinit2.o)
    0x080001a2   0x00000000   Code   RO         1499    .ARM.Collect$$libinit$$00000023  c_w.l(libinit2.o)
    0x080001a2   0x00000000   Code   RO         1501    .ARM.Collect$$libinit$$00000025  c_w.l(libinit2.o)
    0x080001a2   0x00000000   Code   RO         1505    .ARM.Collect$$libinit$$0000002C  c_w.l(libinit2.o)
    0x080001a2   0x00000000   Code   RO         1507    .ARM.Collect$$libinit$$0000002E  c_w.l(libinit2.o)
    0x080001a2   0x00000000   Code   RO         1509    .ARM.Collect$$libinit$$00000030  c_w.l(libinit2.o)
    0x080001a2   0x00000000   Code   RO         1511    .ARM.Collect$$libinit$$00000032  c_w.l(libinit2.o)
    0x080001a2   0x00000002   Code   RO         1512    .ARM.Collect$$libinit$$00000033  c_w.l(libinit2.o)
    0x080001a4   0x00000002   Code   RO         1543    .ARM.Collect$$libshutdown$$00000000  c_w.l(libshutdown.o)
    0x080001a6   0x00000000   Code   RO         1569    .ARM.Collect$$libshutdown$$00000002  c_w.l(libshutdown2.o)
    0x080001a6   0x00000000   Code   RO         1571    .ARM.Collect$$libshutdown$$00000004  c_w.l(libshutdown2.o)
    0x080001a6   0x00000000   Code   RO         1574    .ARM.Collect$$libshutdown$$00000007  c_w.l(libshutdown2.o)
    0x080001a6   0x00000000   Code   RO         1577    .ARM.Collect$$libshutdown$$0000000A  c_w.l(libshutdown2.o)
    0x080001a6   0x00000000   Code   RO         1579    .ARM.Collect$$libshutdown$$0000000C  c_w.l(libshutdown2.o)
    0x080001a6   0x00000000   Code   RO         1582    .ARM.Collect$$libshutdown$$0000000F  c_w.l(libshutdown2.o)
    0x080001a6   0x00000002   Code   RO         1583    .ARM.Collect$$libshutdown$$00000010  c_w.l(libshutdown2.o)
    0x080001a8   0x00000000   Code   RO         1412    .ARM.Collect$$rtentry$$00000000  c_w.l(__rtentry.o)
    0x080001a8   0x00000000   Code   RO         1427    .ARM.Collect$$rtentry$$00000002  c_w.l(__rtentry2.o)
    0x080001a8   0x00000006   Code   RO         1439    .ARM.Collect$$rtentry$$00000004  c_w.l(__rtentry4.o)
    0x080001ae   0x00000000   Code   RO         1429    .ARM.Collect$$rtentry$$00000009  c_w.l(__rtentry2.o)
    0x080001ae   0x00000004   Code   RO         1430    .ARM.Collect$$rtentry$$0000000A  c_w.l(__rtentry2.o)
    0x080001b2   0x00000000   Code   RO         1432    .ARM.Collect$$rtentry$$0000000C  c_w.l(__rtentry2.o)
    0x080001b2   0x00000008   Code   RO         1433    .ARM.Collect$$rtentry$$0000000D  c_w.l(__rtentry2.o)
    0x080001ba   0x00000002   Code   RO         1460    .ARM.Collect$$rtexit$$00000000  c_w.l(rtexit.o)
    0x080001bc   0x00000000   Code   RO         1516    .ARM.Collect$$rtexit$$00000002  c_w.l(rtexit2.o)
    0x080001bc   0x00000004   Code   RO         1517    .ARM.Collect$$rtexit$$00000003  c_w.l(rtexit2.o)
    0x080001c0   0x00000006   Code   RO         1518    .ARM.Collect$$rtexit$$00000004  c_w.l(rtexit2.o)
    0x080001c6   0x00000002   PAD
    0x080001c8   0x00000040   Code   RO         1291    .text               startup_stm32f10x_md.o
    0x08000208   0x000000ee   Code   RO         1366    .text               c_w.l(lludivv7m.o)
    0x080002f6   0x00000048   Code   RO         1368    .text               c_w.l(llsdiv.o)
    0x0800033e   0x0000004e   Code   RO         1370    .text               c_w.l(rt_memclr_w.o)
    0x0800038c   0x00000006   Code   RO         1372    .text               c_w.l(heapauxi.o)
    0x08000392   0x0000004a   Code   RO         1443    .text               c_w.l(sys_stackheap_outer.o)
    0x080003dc   0x00000012   Code   RO         1445    .text               c_w.l(exit.o)
    0x080003ee   0x00000002   PAD
    0x080003f0   0x00000008   Code   RO         1457    .text               c_w.l(libspace.o)
    0x080003f8   0x0000000c   Code   RO         1513    .text               c_w.l(sys_exit.o)
    0x08000404   0x00000002   Code   RO         1532    .text               c_w.l(use_no_semi.o)
    0x08000406   0x00000000   Code   RO         1534    .text               c_w.l(indicate_semi.o)
    0x08000406   0x00000008   Code   RO         1298    i.SetSysClock       system_stm32f10x.o
    0x0800040e   0x00000002   PAD
    0x08000410   0x000000e0   Code   RO         1299    i.SetSysClockTo72   system_stm32f10x.o
    0x080004f0   0x00000060   Code   RO         1301    i.SystemInit        system_stm32f10x.o
    0x08000550   0x0000003c   Code   RO           81    i.TIM3_IRQHandler   automate.o
    0x0800058c   0x0000009c   Code   RO          667    i.USART2_IRQHandler  ibus.o
    0x08000628   0x00000094   Code   RO          192    i.USART3_IRQHandler  cbus.o
    0x080006bc   0x00000034   Code   RO            4    i._Z8Delay_Msj      main.o
    0x080006f0   0x000000d4   Code   RO         1020    i._ZN11INSTRUCTION10GetStaExtAEv  instruction.o
    0x080007c4   0x000000d4   Code   RO         1021    i._ZN11INSTRUCTION10GetStaExtBEv  instruction.o
    0x08000898   0x0000012c   Code   RO         1022    i._ZN11INSTRUCTION10GetTemExtAEv  instruction.o
    0x080009c4   0x0000012c   Code   RO         1023    i._ZN11INSTRUCTION10GetTemExtBEv  instruction.o
    0x08000af0   0x00000114   Code   RO         1024    i._ZN11INSTRUCTION10SetColExtAEv  instruction.o
    0x08000c04   0x00000114   Code   RO         1025    i._ZN11INSTRUCTION10SetColExtBEv  instruction.o
    0x08000d18   0x00000138   Code   RO         1026    i._ZN11INSTRUCTION10SetTemExtAEv  instruction.o
    0x08000e50   0x00000138   Code   RO         1027    i._ZN11INSTRUCTION10SetTemExtBEv  instruction.o
    0x08000f88   0x0000008c   Code   RO         1028    i._ZN11INSTRUCTION11GetColPowEAEv  instruction.o
    0x08001014   0x0000008c   Code   RO         1029    i._ZN11INSTRUCTION11GetColPowEBEv  instruction.o
    0x080010a0   0x00000040   Code   RO         1030    i._ZN11INSTRUCTION11RefreshDictEv  instruction.o
    0x080010e0   0x00000040   Code   RO         1031    i._ZN11INSTRUCTION12AutoHomeInitEv  instruction.o
    0x08001120   0x00000078   Code   RO         1032    i._ZN11INSTRUCTION12GetStaBPInitEv  instruction.o
    0x08001198   0x0000006c   Code   RO         1033    i._ZN11INSTRUCTION12GetTemBPInitEv  instruction.o
    0x08001204   0x0000006c   Code   RO         1034    i._ZN11INSTRUCTION12SetTemBPInitEv  instruction.o
    0x08001270   0x00000080   Code   RO         1035    i._ZN11INSTRUCTION13GetTemBPSInitEv  instruction.o
    0x080012f0   0x00000090   Code   RO         1036    i._ZN11INSTRUCTION13GetTemEASInitEv  instruction.o
    0x08001380   0x00000090   Code   RO         1037    i._ZN11INSTRUCTION13GetTemEBSInitEv  instruction.o
    0x08001410   0x0000006c   Code   RO         1038    i._ZN11INSTRUCTION13GetTemEnvInitEv  instruction.o
    0x0800147c   0x00000078   Code   RO         1039    i._ZN11INSTRUCTION14GetStaExtAInitEv  instruction.o
    0x080014f4   0x00000078   Code   RO         1040    i._ZN11INSTRUCTION14GetStaExtBInitEv  instruction.o
    0x0800156c   0x0000007c   Code   RO         1041    i._ZN11INSTRUCTION14GetTemExtAInitEv  instruction.o
    0x080015e8   0x0000007c   Code   RO         1042    i._ZN11INSTRUCTION14GetTemExtBInitEv  instruction.o
    0x08001664   0x00000090   Code   RO         1043    i._ZN11INSTRUCTION14SetColExtAInitEv  instruction.o
    0x080016f4   0x00000090   Code   RO         1044    i._ZN11INSTRUCTION14SetColExtBInitEv  instruction.o
    0x08001784   0x0000007c   Code   RO         1045    i._ZN11INSTRUCTION14SetTemExtAInitEv  instruction.o
    0x08001800   0x0000007c   Code   RO         1046    i._ZN11INSTRUCTION14SetTemExtBInitEv  instruction.o
    0x0800187c   0x00000090   Code   RO         1047    i._ZN11INSTRUCTION15GetColPowEAInitEv  instruction.o
    0x0800190c   0x00000090   Code   RO         1048    i._ZN11INSTRUCTION15GetColPowEBInitEv  instruction.o
    0x0800199c   0x00000058   Code   RO         1049    i._ZN11INSTRUCTION15RefreshDictInitEv  instruction.o
    0x080019f4   0x0000008c   Code   RO         1050    i._ZN11INSTRUCTION7Num2ChrEPcj  instruction.o
    0x08001a80   0x00000350   Code   RO         1051    i._ZN11INSTRUCTION8AutoHomeEv  instruction.o
    0x08001dd0   0x000000d4   Code   RO         1052    i._ZN11INSTRUCTION8GetStaBPEv  instruction.o
    0x08001ea4   0x00000128   Code   RO         1053    i._ZN11INSTRUCTION8GetTemBPEv  instruction.o
    0x08001fcc   0x00000030   Code   RO         1054    i._ZN11INSTRUCTION8NotFoundEv  instruction.o
    0x08001ffc   0x0000002c   Code   RO         1055    i._ZN11INSTRUCTION8PrintNumEj  instruction.o
    0x08002028   0x00000138   Code   RO         1056    i._ZN11INSTRUCTION8SetTemBPEv  instruction.o
    0x08002160   0x00000094   Code   RO         1057    i._ZN11INSTRUCTION9GetTemBPSEv  instruction.o
    0x080021f4   0x00000094   Code   RO         1058    i._ZN11INSTRUCTION9GetTemEASEv  instruction.o
    0x08002288   0x00000094   Code   RO         1059    i._ZN11INSTRUCTION9GetTemEBSEv  instruction.o
    0x0800231c   0x000000f4   Code   RO         1060    i._ZN11INSTRUCTION9GetTemEnvEv  instruction.o
    0x08002410   0x00000058   Code   RO          193    i._ZN4CBUS14WaitForReceiveEj  cbus.o
    0x08002468   0x0000000e   Code   RO          194    i._ZN4CBUS17TestIfVerifyErrorEv  cbus.o
    0x08002476   0x00000002   PAD
    0x08002478   0x0000001c   Code   RO          195    i._ZN4CBUS2TxEh     cbus.o
    0x08002494   0x000000c8   Code   RO          196    i._ZN4CBUS4InitEv   cbus.o
    0x0800255c   0x0000003a   Code   RO          197    i._ZN4CBUS5PrintEPc  cbus.o
    0x08002596   0x00000042   Code   RO          198    i._ZN4CBUS8TransmitEcPcj  cbus.o
    0x080025d8   0x00000038   Code   RO          199    i._ZN4CBUS9TestReplyEc  cbus.o
    0x08002610   0x00000058   Code   RO          668    i._ZN4IBUS14WaitForReceiveEj  ibus.o
    0x08002668   0x0000000e   Code   RO          669    i._ZN4IBUS17TestIfVerifyErrorEv  ibus.o
    0x08002676   0x00000002   PAD
    0x08002678   0x0000001c   Code   RO          670    i._ZN4IBUS2TxEh     ibus.o
    0x08002694   0x000000c0   Code   RO          671    i._ZN4IBUS4InitEv   ibus.o
    0x08002754   0x0000003a   Code   RO          672    i._ZN4IBUS5PrintEPc  ibus.o
    0x0800278e   0x00000042   Code   RO          673    i._ZN4IBUS8TransmitEcPcj  ibus.o
    0x080027d0   0x0000003e   Code   RO          674    i._ZN4IBUS9TestReplyEc  ibus.o
    0x0800280e   0x00000002   PAD
    0x08002810   0x000000ac   Code   RO          764    i._ZN5CCONI10GetCommandEv  cconi.o
    0x080028bc   0x00000080   Code   RO          766    i._ZN5CCONI13HangUpConsoleEv  cconi.o
    0x0800293c   0x00000268   Code   RO          767    i._ZN5CCONI13SetInfoScreenEv  cconi.o
    0x08002ba4   0x000000f0   Code   RO          768    i._ZN5CCONI14ConsoleDisplayEPcb  cconi.o
    0x08002c94   0x000000c4   Code   RO          769    i._ZN5CCONI16ExpandDictionaryEPc  cconi.o
    0x08002d58   0x00000038   Code   RO          774    i._ZN5CCONI7Num2ChrEjPc  cconi.o
    0x08002d90   0x00000078   Code   RO          775    i._ZN5CCONI8TestLinkEv  cconi.o
    0x08002e08   0x0000007c   Code   RO          265    i._ZN5SCONI10AutoHomingEv  sconi.o
    0x08002e84   0x0000008c   Code   RO          267    i._ZN5SCONI11GetStatusFAEv  sconi.o
    0x08002f10   0x00000088   Code   RO          269    i._ZN5SCONI12GetPositionAEv  sconi.o
    0x08002f98   0x00000088   Code   RO          270    i._ZN5SCONI12GetPositionBEv  sconi.o
    0x08003020   0x00000088   Code   RO          271    i._ZN5SCONI12GetPositionXEv  sconi.o
    0x080030a8   0x00000088   Code   RO          272    i._ZN5SCONI12GetPositionYEv  sconi.o
    0x08003130   0x00000088   Code   RO          273    i._ZN5SCONI12GetPositionZEv  sconi.o
    0x080031b8   0x0000007c   Code   RO          274    i._ZN5SCONI12GetStatusIDPEv  sconi.o
    0x08003234   0x00000088   Code   RO          277    i._ZN5SCONI13GetTestPointAEv  sconi.o
    0x080032bc   0x00000088   Code   RO          278    i._ZN5SCONI13GetTestPointBEv  sconi.o
    0x08003344   0x00000088   Code   RO          279    i._ZN5SCONI13GetTestPointCEv  sconi.o
    0x080033cc   0x00000088   Code   RO          280    i._ZN5SCONI13GetTestPointDEv  sconi.o
    0x08003454   0x00000088   Code   RO          281    i._ZN5SCONI13GetTestPointMEv  sconi.o
    0x080034dc   0x0000005c   Code   RO          282    i._ZN5SCONI13WaitForHomingEj  sconi.o
    0x08003538   0x0000007c   Code   RO          285    i._ZN5SCONI14GetStatusHomedEv  sconi.o
    0x080035b4   0x00000088   Code   RO          286    i._ZN5SCONI15GetPositionXMaxEv  sconi.o
    0x0800363c   0x00000088   Code   RO          287    i._ZN5SCONI15GetPositionYMaxEv  sconi.o
    0x080036c4   0x00000088   Code   RO          288    i._ZN5SCONI15GetPositionZMaxEv  sconi.o
    0x0800374c   0x0000007c   Code   RO          289    i._ZN5SCONI16GetStatusStepperEv  sconi.o
    0x080037c8   0x0000007c   Code   RO          290    i._ZN5SCONI17GetStatusLevelingEv  sconi.o
    0x08003844   0x000000fc   Code   RO          292    i._ZN5SCONI7Chr2FloEPcjjb  sconi.o
    0x08003940   0x00000094   Code   RO          294    i._ZN5SCONI8GetL1MaxEv  sconi.o
    0x080039d4   0x00000094   Code   RO          295    i._ZN5SCONI8GetL2MaxEv  sconi.o
    0x08003a68   0x00000074   Code   RO          297    i._ZN5SCONI8TestLinkEv  sconi.o
    0x08003adc   0x00000094   Code   RO          299    i._ZN5SCONI9GetL1RestEv  sconi.o
    0x08003b70   0x00000094   Code   RO          300    i._ZN5SCONI9GetL2RestEv  sconi.o
    0x08003c04   0x00000022   Code   RO          889    i._ZN5SHELL11CountNumberEv  shell.o
    0x08003c26   0x00000002   PAD
    0x08003c28   0x00000088   Code   RO          890    i._ZN5SHELL4InitEv  shell.o
    0x08003cb0   0x00000016   Code   RO          891    i._ZN5SHELL5FlushEv  shell.o
    0x08003cc6   0x00000028   Code   RO          892    i._ZN5SHELL5SliceEv  shell.o
    0x08003cee   0x00000016   Code   RO          893    i._ZN5SHELL5UpperEc  shell.o
    0x08003d04   0x00000086   Code   RO          894    i._ZN5SHELL6ExpandEPc  shell.o
    0x08003d8a   0x0000003a   Code   RO          895    i._ZN5SHELL6SearchEPcRj  shell.o
    0x08003dc4   0x000000de   Code   RO          896    i._ZN5SHELL7AddWordEPc  shell.o
    0x08003ea2   0x00000002   PAD
    0x08003ea4   0x00000050   Code   RO          897    i._ZN5SHELL7Chr2NumEPc  shell.o
    0x08003ef4   0x0000003a   Code   RO          898    i._ZN5SHELL7CompareEPcS0_  shell.o
    0x08003f2e   0x00000002   PAD
    0x08003f30   0x000001d4   Code   RO          899    i._ZN5SHELL7DecoderEv  shell.o
    0x08004104   0x000000e8   Code   RO          900    i._ZN5SHELL8DictInitEv  shell.o
    0x080041ec   0x000000b2   Code   RO          901    i._ZN5SHELL8IdentifyEPPcj  shell.o
    0x0800429e   0x0000001e   Code   RO          902    i._ZN5SHELL8IsLetterEc  shell.o
    0x080042bc   0x00000012   Code   RO          903    i._ZN5SHELL8IsNumberEc  shell.o
    0x080042ce   0x0000003e   Code   RO          905    i._ZN5SHELL9GetNumberEj  shell.o
    0x0800430c   0x0000007c   Code   RO          505    i._ZN5TCONI18GetStatusBasePlaneEv  tconi.o
    0x08004388   0x0000007c   Code   RO          506    i._ZN5TCONI18GetStatusExtruderAEv  tconi.o
    0x08004404   0x0000007c   Code   RO          507    i._ZN5TCONI18GetStatusExtruderBEv  tconi.o
    0x08004480   0x00000090   Code   RO          508    i._ZN5TCONI23GetCoolerPowerExtruderAEv  tconi.o
    0x08004510   0x00000090   Code   RO          509    i._ZN5TCONI23GetCoolerPowerExtruderBEv  tconi.o
    0x080045a0   0x00000090   Code   RO          510    i._ZN5TCONI23GetHeaterPowerBasePlaneEv  tconi.o
    0x08004630   0x00000090   Code   RO          511    i._ZN5TCONI23GetHeaterPowerExtruderAEv  tconi.o
    0x080046c0   0x00000090   Code   RO          512    i._ZN5TCONI23GetHeaterPowerExtruderBEv  tconi.o
    0x08004750   0x00000090   Code   RO          513    i._ZN5TCONI23GetTemperatureBPSettingEv  tconi.o
    0x080047e0   0x00000090   Code   RO          514    i._ZN5TCONI23GetTemperatureBasePlaneEv  tconi.o
    0x08004870   0x00000090   Code   RO          515    i._ZN5TCONI23GetTemperatureEASettingEv  tconi.o
    0x08004900   0x00000090   Code   RO          516    i._ZN5TCONI23GetTemperatureEBSettingEv  tconi.o
    0x08004990   0x00000090   Code   RO          517    i._ZN5TCONI23GetTemperatureExtruderAEv  tconi.o
    0x08004a20   0x00000090   Code   RO          518    i._ZN5TCONI23GetTemperatureExtruderBEv  tconi.o
    0x08004ab0   0x000000b0   Code   RO          519    i._ZN5TCONI23SetCoolerPowerExtruderAEh  tconi.o
    0x08004b60   0x000000b0   Code   RO          520    i._ZN5TCONI23SetCoolerPowerExtruderBEh  tconi.o
    0x08004c10   0x000000b0   Code   RO          521    i._ZN5TCONI23SetTemperatureBPSettingEt  tconi.o
    0x08004cc0   0x000000b4   Code   RO          522    i._ZN5TCONI23SetTemperatureEASettingEt  tconi.o
    0x08004d74   0x000000b4   Code   RO          523    i._ZN5TCONI23SetTemperatureEBSettingEt  tconi.o
    0x08004e28   0x00000090   Code   RO          524    i._ZN5TCONI25GetTemperatureEnvironmentEv  tconi.o
    0x08004eb8   0x000000fc   Code   RO          525    i._ZN5TCONI7Chr2FloEPcjjb  tconi.o
    0x08004fb4   0x0000010c   Code   RO          526    i._ZN5TCONI7Flo2ChrEPcdjjb  tconi.o
    0x080050c0   0x00000074   Code   RO          527    i._ZN5TCONI8TestLinkEv  tconi.o
    0x08005134   0x0000008c   Code   RO           82    i._ZN8AUTOMATE13SCONGetStatusEv  automate.o
    0x080051c0   0x00000084   Code   RO           83    i._ZN8AUTOMATE13TCONGetStatusEv  automate.o
    0x08005244   0x00000030   Code   RO           84    i._ZN8AUTOMATE15InfoLCDRefreashEv  automate.o
    0x08005274   0x0000003c   Code   RO           85    i._ZN8AUTOMATE17ConsoleGetCommandEv  automate.o
    0x080052b0   0x00000016   Code   RO           86    i._ZN8AUTOMATE18SCONGetStatusCountEv  automate.o
    0x080052c6   0x00000016   Code   RO           87    i._ZN8AUTOMATE18TCONGetStatusCountEv  automate.o
    0x080052dc   0x00000016   Code   RO           88    i._ZN8AUTOMATE20InfoLCDRefreashCountEv  automate.o
    0x080052f2   0x00000016   Code   RO           89    i._ZN8AUTOMATE22ConsoleGetCommandCountEv  automate.o
    0x08005308   0x00000084   Code   RO           90    i._ZN8AUTOMATE4InitEv  automate.o
    0x0800538c   0x0000003e   Code   RO           91    i._ZN8AUTOMATE8CheckingEv  automate.o
    0x080053ca   0x00000002   PAD
    0x080053cc   0x00000060   Code   RO            5    i.main              main.o
    0x0800542c   0x00000150   Code   RO         1376    x$fpl$dadd          fz_ws.l(daddsub_clz.o)
    0x0800557c   0x00000018   Code   RO         1417    x$fpl$dcmpinf       fz_ws.l(dcmpi.o)
    0x08005594   0x000002b0   Code   RO         1383    x$fpl$ddiv          fz_ws.l(ddiv.o)
    0x08005844   0x0000005a   Code   RO         1390    x$fpl$dfixu         fz_ws.l(dfixu.o)
    0x0800589e   0x0000002e   Code   RO         1395    x$fpl$dflt          fz_ws.l(dflt_clz.o)
    0x080058cc   0x000000a2   Code   RO         1400    x$fpl$dfltll        fz_ws.l(dfltll_clz.o)
    0x0800596e   0x00000026   Code   RO         1394    x$fpl$dfltu         fz_ws.l(dflt_clz.o)
    0x08005994   0x00000078   Code   RO         1404    x$fpl$dleqf         fz_ws.l(dleqf.o)
    0x08005a0c   0x00000154   Code   RO         1406    x$fpl$dmul          fz_ws.l(dmul.o)
    0x08005b60   0x0000009c   Code   RO         1419    x$fpl$dnaninf       fz_ws.l(dnaninf.o)
    0x08005bfc   0x0000000c   Code   RO         1421    x$fpl$dretinf       fz_ws.l(dretinf.o)
    0x08005c08   0x0000006c   Code   RO         1408    x$fpl$drleqf        fz_ws.l(drleqf.o)
    0x08005c74   0x000001d4   Code   RO         1378    x$fpl$dsub          fz_ws.l(daddsub_clz.o)
    0x08005e48   0x000000c2   Code   RO         1386    x$fpl$llsfromd      fz_ws.l(dfixll.o)
    0x08005f0a   0x00000000   Code   RO         1425    x$fpl$usenofp       fz_ws.l(usenofp.o)
    0x08005f0a   0x00000002   PAD
    0x08005f0c   0x00000010   Data   RO          788    .constdata          cconi.o
    0x08005f1c   0x00000020   Data   RO         1584    Region$$Table       anon$$obj.o


    Execution Region RW_IRAM1 (Base: 0x20000000, Size: 0x00002768, Max: 0x00005000, ABSOLUTE, COMPRESSED[0x00000064])

    Base Addr    Size         Type   Attr      Idx    E Section Name        Object

    0x20000000   0x000000c8   Data   RW          337    .data               sconi.o
    0x200000c8   0x000000c8   Data   RW          551    .data               tconi.o
    0x20000190   0x000000c8   Data   RW          789    .data               cconi.o
    0x20000258   0x00000060   Data   RW          924    .data               shell.o
    0x200002b8   0x00000068   Data   RW         1103    .data               instruction.o
    0x20000320   0x00000020   Zero   RW          103    .bss                automate.o
    0x20000340   0x00000104   Zero   RW          208    .bss                cbus.o
    0x20000444   0x00000904   Zero   RW          683    .bss                ibus.o
    0x20000d48   0x000000c8   Zero   RW          865    .bss                status.o
    0x20000e10   0x00000ffc   Zero   RW          923    .bss                shell.o
    0x20001e0c   0x000002f8   Zero   RW         1102    .bss                instruction.o
    0x20002104   0x00000060   Zero   RW         1458    .bss                c_w.l(libspace.o)
    0x20002164   0x00000004   PAD
    0x20002168   0x00000200   Zero   RW         1289    HEAP                startup_stm32f10x_md.o
    0x20002368   0x00000400   Zero   RW         1288    STACK               startup_stm32f10x_md.o


==============================================================================

Image component sizes


      Code (inc. data)   RO Data    RW Data    ZI Data      Debug   Object Name

       722         66          0          0         32       5425   automate.o
       658         44          0          0        260       4683   cbus.o
      1528         74         16        200          0       8004   cconi.o
       664         40          0          0       2308       4687   ibus.o
      7456       2946          0        104        760      23855   instruction.o
       148         30          0          0          0     206918   main.o
      3580        324          0        200          0      18536   sconi.o
      1794        134          0         96       4092      10564   shell.o
        64         26        236          0       1536        780   startup_stm32f10x_md.o
         0          0          0          0        200       1301   status.o
       328         28          0          0          0       6345   system_stm32f10x.o
      3624        236          0        200          0      17012   tconi.o

    ----------------------------------------------------------------------
     20582       3948        284        800       9188     308110   Object Totals
         0          0         32          0          0          0   (incl. Generated)
        16          0          0          0          0          0   (incl. Padding)

    ----------------------------------------------------------------------

      Code (inc. data)   RO Data    RW Data    ZI Data      Debug   Library Member Name

        90          0          0          0          0          0   __dczerorl2.o
         8          0          0          0          0         68   __main.o
         0          0          0          0          0          0   __rtentry.o
        12          0          0          0          0          0   __rtentry2.o
         6          0          0          0          0          0   __rtentry4.o
        52          8          0          0          0          0   __scatter.o
        28          0          0          0          0          0   __scatter_zi.o
        18          0          0          0          0         80   exit.o
         6          0          0          0          0        152   heapauxi.o
         0          0          0          0          0          0   indicate_semi.o
         2          0          0          0          0          0   libinit.o
         2          0          0          0          0          0   libinit2.o
         2          0          0          0          0          0   libshutdown.o
         2          0          0          0          0          0   libshutdown2.o
         8          4          0          0         96         68   libspace.o
        72          0          0          0          0         76   llsdiv.o
       238          0          0          0          0        100   lludivv7m.o
        78          0          0          0          0         80   rt_memclr_w.o
         2          0          0          0          0          0   rtexit.o
        10          0          0          0          0          0   rtexit2.o
        12          4          0          0          0         68   sys_exit.o
        74          0          0          0          0         80   sys_stackheap_outer.o
         2          0          0          0          0         68   use_no_semi.o
       804         16          0          0          0        272   daddsub_clz.o
        24          0          0          0          0         68   dcmpi.o
       688        140          0          0          0        208   ddiv.o
       194          4          0          0          0        116   dfixll.o
        90          4          0          0          0         92   dfixu.o
        84          0          0          0          0        136   dflt_clz.o
       162          0          0          0          0         84   dfltll_clz.o
       120          4          0          0          0         92   dleqf.o
       340         12          0          0          0        104   dmul.o
       156          4          0          0          0         92   dnaninf.o
        12          0          0          0          0         68   dretinf.o
       108          0          0          0          0         80   drleqf.o
         0          0          0          0          0          0   usenofp.o

    ----------------------------------------------------------------------
      3514        200          0          0        100       2252   Library Totals
         8          0          0          0          4          0   (incl. Padding)

    ----------------------------------------------------------------------

      Code (inc. data)   RO Data    RW Data    ZI Data      Debug   Library Name

       724         16          0          0         96        840   c_w.l
      2782        184          0          0          0       1412   fz_ws.l

    ----------------------------------------------------------------------
      3514        200          0          0        100       2252   Library Totals

    ----------------------------------------------------------------------

==============================================================================


      Code (inc. data)   RO Data    RW Data    ZI Data      Debug   

     24096       4148        284        800       9288     301934   Grand Totals
     24096       4148        284        100       9288     301934   ELF Image Totals (compressed)
     24096       4148        284        100          0          0   ROM Totals

==============================================================================

    Total RO  Size (Code + RO Data)                24380 (  23.81kB)
    Total RW  Size (RW Data + ZI Data)             10088 (   9.85kB)
    Total ROM Size (Code + RO Data + RW Data)      24480 (  23.91kB)

==============================================================================

