Component: ARM Compiler 5.06 update 3 (build 300) Tool: armlink [4d35c9]

==============================================================================

Section Cross References

    main.o(i.main) refers to main.o(i._Z8Delay_Msj) for Delay_Ms(unsigned)
    main.o(i.main) refers to rtclock.o(i._ZN7RTCLOCK4InitEv) for RTCLOCK::Init()
    main.o(i.main) refers to cbus.o(i._ZN4CBUS4InitEv) for CBUS::Init()
    main.o(i.main) refers to ibus.o(i._ZN4IBUS4InitEv) for IBUS::Init()
    main.o(i.main) refers to abus.o(i._ZN4ABUS4InitEv) for ABUS::Init()
    main.o(i.main) refers to automate.o(i._ZN8AUTOMATE4InitEv) for AUTOMATE::Init()
    main.o(i.main) refers to shell.o(i._ZN5SHELL4InitEv) for SHELL::Init()
    main.o(i.main) refers to interpreter.o(i._ZN11INTERPRETER4InitEv) for INTERPRETER::Init()
    main.o(i.main) refers to automate.o(i._ZN8AUTOMATE8CheckingEh) for AUTOMATE::Checking(unsigned char)
    main.o(i.main) refers to rtclock.o(.data) for RTClock
    main.o(i.main) refers to cbus.o(.bss) for Cbus
    main.o(i.main) refers to ibus.o(.bss) for Ibus
    main.o(i.main) refers to abus.o(.bss) for Abus
    main.o(i.main) refers to automate.o(.bss) for Automate
    main.o(i.main) refers to shell.o(.bss) for Shell
    main.o(i.main) refers to interpreter.o(.bss) for Interpreter
    main.o(.ARM.exidx) refers to main.o(i._Z8Delay_Msj) for i._Z8Delay_Msj
    main.o(.ARM.exidx) refers to main.o(i.main) for i.main
    automate.o(i.TIM3_IRQHandler) refers to automate.o(i._ZN8AUTOMATE10ClickCountEv) for AUTOMATE::ClickCount()
    automate.o(i.TIM3_IRQHandler) refers to automate.o(i._ZN8AUTOMATE20InfoLCDRefreashCountEv) for AUTOMATE::InfoLCDRefreashCount()
    automate.o(i.TIM3_IRQHandler) refers to automate.o(i._ZN8AUTOMATE18TCONGetStatusCountEv) for AUTOMATE::TCONGetStatusCount()
    automate.o(i.TIM3_IRQHandler) refers to automate.o(i._ZN8AUTOMATE18SCONGetStatusCountEv) for AUTOMATE::SCONGetStatusCount()
    automate.o(i.TIM3_IRQHandler) refers to automate.o(i._ZN8AUTOMATE18FCONGetStatusCountEv) for AUTOMATE::FCONGetStatusCount()
    automate.o(i.TIM3_IRQHandler) refers to automate.o(i._ZN8AUTOMATE22ConsoleGetCommandCountEv) for AUTOMATE::ConsoleGetCommandCount()
    automate.o(i.TIM3_IRQHandler) refers to automate.o(i._ZN8AUTOMATE18AUX1GetStatusCountEv) for AUTOMATE::AUX1GetStatusCount()
    automate.o(i.TIM3_IRQHandler) refers to automate.o(i._ZN8AUTOMATE17RTCGetStatusCountEv) for AUTOMATE::RTCGetStatusCount()
    automate.o(i.TIM3_IRQHandler) refers to automate.o(i._ZN8AUTOMATE21InterpreterRoundCountEv) for AUTOMATE::InterpreterRoundCount()
    automate.o(i.TIM3_IRQHandler) refers to automate.o(.bss) for Automate
    automate.o(i._ZN8AUTOMATE10ClickCountEv) refers to interpreter.o(i._ZN11INTERPRETER4TickEv) for INTERPRETER::Tick()
    automate.o(i._ZN8AUTOMATE10ClickCountEv) refers to interpreter.o(.bss) for Interpreter
    automate.o(i._ZN8AUTOMATE12RTCGetStatusEv) refers to rtclock.o(i._ZN7RTCLOCK7GetTimeEv) for RTCLOCK::GetTime()
    automate.o(i._ZN8AUTOMATE12RTCGetStatusEv) refers to rtclock.o(.data) for RTClock
    automate.o(i._ZN8AUTOMATE13AUX1GetStatusEv) refers to auxio.o(i._ZN5AUXIO8TestLinkEv) for AUXIO::TestLink()
    automate.o(i._ZN8AUTOMATE13AUX1GetStatusEv) refers to auxio.o(i._ZN5AUXIO18GetStatusMaterialAEv) for AUXIO::GetStatusMaterialA()
    automate.o(i._ZN8AUTOMATE13AUX1GetStatusEv) refers to auxio.o(i._ZN5AUXIO18GetStatusMaterialBEv) for AUXIO::GetStatusMaterialB()
    automate.o(i._ZN8AUTOMATE13AUX1GetStatusEv) refers to auxio.o(.data) for AuxIO
    automate.o(i._ZN8AUTOMATE13AUX1GetStatusEv) refers to status.o(.bss) for Status
    automate.o(i._ZN8AUTOMATE13FCONGetStatusEv) refers to fconi.o(i._ZN5FCONI8TestLinkEv) for FCONI::TestLink()
    automate.o(i._ZN8AUTOMATE13FCONGetStatusEv) refers to fconi.o(i._ZN5FCONI8FileTestEv) for FCONI::FileTest()
    automate.o(i._ZN8AUTOMATE13FCONGetStatusEv) refers to fconi.o(i._ZN5FCONI14GetTotalVolumeEv) for FCONI::GetTotalVolume()
    automate.o(i._ZN8AUTOMATE13FCONGetStatusEv) refers to fconi.o(i._ZN5FCONI13GetRestVolumeEv) for FCONI::GetRestVolume()
    automate.o(i._ZN8AUTOMATE13FCONGetStatusEv) refers to fconi.o(i._ZN5FCONI11GetFileNameEv) for FCONI::GetFileName()
    automate.o(i._ZN8AUTOMATE13FCONGetStatusEv) refers to fconi.o(i._ZN5FCONI11GetFileSizeEv) for FCONI::GetFileSize()
    automate.o(i._ZN8AUTOMATE13FCONGetStatusEv) refers to fconi.o(i._ZN5FCONI20GetFileCommandNumberEv) for FCONI::GetFileCommandNumber()
    automate.o(i._ZN8AUTOMATE13FCONGetStatusEv) refers to fconi.o(i._ZN5FCONI19GetFileEstimateTimeEv) for FCONI::GetFileEstimateTime()
    automate.o(i._ZN8AUTOMATE13FCONGetStatusEv) refers to fconi.o(i._ZN5FCONI20GetFileTotalDistanceEv) for FCONI::GetFileTotalDistance()
    automate.o(i._ZN8AUTOMATE13FCONGetStatusEv) refers to fconi.o(i._ZN5FCONI12GetFileInfo1Ev) for FCONI::GetFileInfo1()
[...]
    x$fpl$dretinf                            0x0800e0b8   Section       12  dretinf.o(x$fpl$dretinf)
    x$fpl$drleqf                             0x0800e0c4   Section      108  drleqf.o(x$fpl$drleqf)
    x$fpl$dsub                               0x0800e130   Section      468  daddsub_clz.o(x$fpl$dsub)
    _dsub1                                   0x0800e141   Thumb Code     0  daddsub_clz.o(x$fpl$dsub)
    x$fpl$f2d                                0x0800e304   Section       86  f2d.o(x$fpl$f2d)
    x$fpl$fcmpinf                            0x0800e35a   Section       24  fcmpi.o(x$fpl$fcmpinf)
    x$fpl$fdiv                               0x0800e374   Section      388  fdiv.o(x$fpl$fdiv)
    _fdiv1                                   0x0800e375   Thumb Code     0  fdiv.o(x$fpl$fdiv)
    x$fpl$fleqf                              0x0800e4f8   Section      104  fleqf.o(x$fpl$fleqf)
    x$fpl$fnaninf                            0x0800e560   Section      140  fnaninf.o(x$fpl$fnaninf)
    x$fpl$fretinf                            0x0800e5ec   Section       10  fretinf.o(x$fpl$fretinf)
    x$fpl$frleqf                             0x0800e5f6   Section       98  frleqf.o(x$fpl$frleqf)
    x$fpl$llsfromd                           0x0800e658   Section      194  dfixll.o(x$fpl$llsfromd)
    x$fpl$usenofp                            0x0800e71a   Section        0  usenofp.o(x$fpl$usenofp)
    .constdata                               0x0800e720   Section      176  fconi.o(.constdata)
    .constdata                               0x0800e7d0   Section       16  cconi.o(.constdata)
    Weight                                   0x0800e7d0   Data          16  cconi.o(.constdata)
    .data                                    0x20000000   Section        4  automate.o(.data)
    OFFSET_LINK                              0x20000000   Data           1  automate.o(.data)
    OFFSET_MATERIAL                          0x20000001   Data           1  automate.o(.data)
    OFFSET_INTRP                             0x20000002   Data           1  automate.o(.data)
    OFFSET_TIME                              0x20000003   Data           1  automate.o(.data)
    .data                                    0x20000008   Section      200  sconi.o(.data)
    Weight                                   0x20000010   Data          96  sconi.o(.data)
    Weight                                   0x20000070   Data          96  sconi.o(.data)
    .data                                    0x200000d0   Section      200  tconi.o(.data)
    Weight                                   0x200000d8   Data          96  tconi.o(.data)
    Weight                                   0x20000138   Data          96  tconi.o(.data)
    .data                                    0x20000198   Section        1  fconi.o(.data)
    .data                                    0x200001a0   Section      200  cconi.o(.data)
    Weight                                   0x200001a8   Data          96  cconi.o(.data)
    Weight                                   0x20000208   Data          96  cconi.o(.data)
    .data                                    0x20000268   Section        1  auxio.o(.data)
    .data                                    0x20000270   Section       96  shell.o(.data)
    Weight                                   0x20000270   Data          96  shell.o(.data)
    .data                                    0x200002d0   Section      104  instruction.o(.data)
    Weight                                   0x200002d8   Data          96  instruction.o(.data)
    .data                                    0x20000338   Section      280  interpreter.o(.data)
    WeightI                                  0x20000338   Data          96  interpreter.o(.data)
    WeightD                                  0x20000398   Data          88  interpreter.o(.data)
    Weight                                   0x200003f0   Data          96  interpreter.o(.data)
    .data                                    0x20000450   Section        1  rtclock.o(.data)
    .bss                                     0x20000454   Section       68  automate.o(.bss)
    .bss                                     0x20000498   Section      260  cbus.o(.bss)
    .bss                                     0x2000059c   Section      514  ibus.o(.bss)
    .bss                                     0x2000079e   Section      516  abus.o(.bss)
    .bss                                     0x200009a8   Section      288  status.o(.bss)
    .bss                                     0x20000ac8   Section     3336  shell.o(.bss)
    .bss                                     0x200017d0   Section      130  instruction.o(.bss)
    Data                                     0x200017d0   Data          10  instruction.o(.bss)
    Data                                     0x200017da   Data          10  instruction.o(.bss)
    Data                                     0x200017e4   Data          10  instruction.o(.bss)
    Data                                     0x200017ee   Data          10  instruction.o(.bss)
    Data                                     0x200017f8   Data          10  instruction.o(.bss)
    Temp                                     0x20001802   Data          80  instruction.o(.bss)
    .bss                                     0x20001858   Section     3496  interpreter.o(.bss)
    .bss                                     0x20002600   Section       96  libspace.o(.bss)
    HEAP                                     0x20002660   Section      512  startup_stm32f10x_md.o(HEAP)
    Heap_Mem                                 0x20002660   Data         512  startup_stm32f10x_md.o(HEAP)
    STACK                                    0x20002860   Section     1024  startup_stm32f10x_md.o(STACK)
    Stack_Mem                                0x20002860   Data        1024  startup_stm32f10x_md.o(STACK)
    __initial_sp                             0x20002c60   Data           0  startup_stm32f10x_md.o(STACK)

    Global Symbols

    Symbol Name                              Value     Ov Type        Size  Object(Section)

    BuildAttributes$$THM_ISAv4$P$D$K$B$S$PE$A:L22UL41UL21$X:L11$S22US41US21$IEEE1$IW$USESV6$~STKCKD$USESV7$~SHL$OSPACE$ROPI$EBA8$UX$STANDARDLIB$REQ8$PRES8$EABIv2 0x00000000   Number         0  anon$$obj.o ABSOLUTE
    __ARM_use_no_argv                        0x00000000   Number         0  main.o ABSOLUTE
    __ARM_exceptions_init                     - Undefined Weak Reference
    __alloca_initialize                       - Undefined Weak Reference
    __arm_preinit_                            - Undefined Weak Reference
    __cpp_initialize__aeabi_                  - Undefined Weak Reference
    __cxa_finalize                            - Undefined Weak Reference
    __rt_locale                               - Undefined Weak Reference
    __sigvec_lookup                           - Undefined Weak Reference
    _atexit_init                              - Undefined Weak Reference
    _call_atexit_fns                          - Undefined Weak Reference
    _clock_init                               - Undefined Weak Reference
    _fp_trap_init                             - Undefined Weak Reference
    _fp_trap_shutdown                         - Undefined Weak Reference
    _get_lc_collate                           - Undefined Weak Reference
    _get_lc_ctype                             - Undefined Weak Reference
    _get_lc_monetary                          - Undefined Weak Reference
    _get_lc_numeric                           - Undefined Weak Reference
    _get_lc_time                              - Undefined Weak Reference
    _getenv_init                              - Undefined Weak Reference
    _handle_redirection                       - Undefined Weak Reference
    _init_alloc                               - Undefined Weak Reference
    _init_user_alloc                          - Undefined Weak Reference
    _initio                                   - Undefined Weak Reference
    _rand_init                                - Undefined Weak Reference
    _signal_finish                            - Undefined Weak Reference
    _signal_init                              - Undefined Weak Reference
    _terminate_alloc                          - Undefined Weak Reference
    _terminate_user_alloc                     - Undefined Weak Reference
    _terminateio                              - Undefined Weak Reference
    __Vectors_Size                           0x000000ec   Number         0  startup_stm32f10x_md.o ABSOLUTE
    __Vectors                                0x08000000   Data           4  startup_stm32f10x_md.o(RESET)
    __Vectors_End                            0x080000ec   Data           0  startup_stm32f10x_md.o(RESET)
    __main                                   0x080000ed   Thumb Code     8  __main.o(!!!main)
    __scatterload                            0x080000f5   Thumb Code     0  __scatter.o(!!!scatter)
    __scatterload_rt2                        0x080000f5   Thumb Code    44  __scatter.o(!!!scatter)
    __scatterload_rt2_thumb_only             0x080000f5   Thumb Code     0  __scatter.o(!!!scatter)
    __scatterload_null                       0x08000103   Thumb Code     0  __scatter.o(!!!scatter)
    __decompress                             0x08000129   Thumb Code   100  __dclz77c.o(!!dclz77c)
    __decompress2                            0x08000129   Thumb Code     0  __dclz77c.o(!!dclz77c)
    __scatterload_zeroinit                   0x0800018d   Thumb Code    28  __scatter_zi.o(!!handler_zi)
    __rt_lib_init                            0x080001a9   Thumb Code     0  libinit.o(.ARM.Collect$$libinit$$00000000)
    __rt_lib_init_alloca_1                   0x080001ab   Thumb Code     0  libinit2.o(.ARM.Collect$$libinit$$0000002E)
    __rt_lib_init_argv_1                     0x080001ab   Thumb Code     0  libinit2.o(.ARM.Collect$$libinit$$0000002C)
    __rt_lib_init_atexit_1                   0x080001ab   Thumb Code     0  libinit2.o(.ARM.Collect$$libinit$$0000001B)
    __rt_lib_init_clock_1                    0x080001ab   Thumb Code     0  libinit2.o(.ARM.Collect$$libinit$$00000021)
    __rt_lib_init_cpp_1                      0x080001ab   Thumb Code     0  libinit2.o(.ARM.Collect$$libinit$$00000032)
    __rt_lib_init_exceptions_1               0x080001ab   Thumb Code     0  libinit2.o(.ARM.Collect$$libinit$$00000030)
    __rt_lib_init_fp_1                       0x080001ab   Thumb Code     0  libinit2.o(.ARM.Collect$$libinit$$00000002)
    __rt_lib_init_fp_trap_1                  0x080001ab   Thumb Code     0  libinit2.o(.ARM.Collect$$libinit$$0000001F)
    __rt_lib_init_getenv_1                   0x080001ab   Thumb Code     0  libinit2.o(.ARM.Collect$$libinit$$00000023)
    __rt_lib_init_heap_1                     0x080001ab   Thumb Code     0  libinit2.o(.ARM.Collect$$libinit$$0000000A)
    __rt_lib_init_lc_collate_1               0x080001ab   Thumb Code     0  libinit2.o(.ARM.Collect$$libinit$$00000011)
    __rt_lib_init_lc_ctype_1                 0x080001ab   Thumb Code     0  libinit2.o(.ARM.Collect$$libinit$$00000013)
    __rt_lib_init_lc_monetary_1              0x080001ab   Thumb Code     0  libinit2.o(.ARM.Collect$$libinit$$00000015)
    __rt_lib_init_lc_numeric_1               0x080001ab   Thumb Code     0  libinit2.o(.ARM.Collect$$libinit$$00000017)
    __rt_lib_init_lc_time_1                  0x080001ab   Thumb Code     0  libinit2.o(.ARM.Collect$$libinit$$00000019)
    __rt_lib_init_preinit_1                  0x080001ab   Thumb Code     0  libinit2.o(.ARM.Collect$$libinit$$00000004)
    __rt_lib_init_rand_1                     0x080001ab   Thumb Code     0  libinit2.o(.ARM.Collect$$libinit$$0000000E)
    __rt_lib_init_return                     0x080001ab   Thumb Code     0  libinit2.o(.ARM.Collect$$libinit$$00000033)
    __rt_lib_init_signal_1                   0x080001ab   Thumb Code     0  libinit2.o(.ARM.Collect$$libinit$$0000001D)
    __rt_lib_init_stdio_1                    0x080001ab   Thumb Code     0  libinit2.o(.ARM.Collect$$libinit$$00000025)
    __rt_lib_init_user_alloc_1               0x080001ab   Thumb Code     0  libinit2.o(.ARM.Collect$$libinit$$0000000C)
    __rt_lib_shutdown                        0x080001ad   Thumb Code     0  libshutdown.o(.ARM.Collect$$libshutdown$$00000000)
    __rt_lib_shutdown_cpp_1                  0x080001af   Thumb Code     0  libshutdown2.o(.ARM.Collect$$libshutdown$$00000002)
    __rt_lib_shutdown_fp_trap_1              0x080001af   Thumb Code     0  libshutdown2.o(.ARM.Collect$$libshutdown$$00000007)
    __rt_lib_shutdown_heap_1                 0x080001af   Thumb Code     0  libshutdown2.o(.ARM.Collect$$libshutdown$$0000000F)
    __rt_lib_shutdown_return                 0x080001af   Thumb Code     0  libshutdown2.o(.ARM.Collect$$libshutdown$$00000010)
    __rt_lib_shutdown_signal_1               0x080001af   Thumb Code     0  libshutdown2.o(.ARM.Collect$$libshutdown$$0000000A)
    __rt_lib_shutdown_stdio_1                0x080001af   Thumb Code     0  libshutdown2.o(.ARM.Collect$$libshutdown$$00000004)
    __rt_lib_shutdown_user_alloc_1           0x080001af   Thumb Code     0  libshutdown2.o(.ARM.Collect$$libshutdown$$0000000C)
    __rt_entry                               0x080001b1   Thumb Code     0  __rtentry.o(.ARM.Collect$$rtentry$$00000000)
    __rt_entry_presh_1                       0x080001b1   Thumb Code     0  __rtentry2.o(.ARM.Collect$$rtentry$$00000002)
    __rt_entry_sh                            0x080001b1   Thumb Code     0  __rtentry4.o(.ARM.Collect$$rtentry$$00000004)
    __rt_entry_li                            0x080001b7   Thumb Code     0  __rtentry2.o(.ARM.Collect$$rtentry$$0000000A)
    __rt_entry_postsh_1                      0x080001b7   Thumb Code     0  __rtentry2.o(.ARM.Collect$$rtentry$$00000009)
    __rt_entry_main                          0x080001bb   Thumb Code     0  __rtentry2.o(.ARM.Collect$$rtentry$$0000000D)
    __rt_entry_postli_1                      0x080001bb   Thumb Code     0  __rtentry2.o(.ARM.Collect$$rtentry$$0000000C)
    __rt_exit                                0x080001c3   Thumb Code     0  rtexit.o(.ARM.Collect$$rtexit$$00000000)
    __rt_exit_ls                             0x080001c5   Thumb Code     0  rtexit2.o(.ARM.Collect$$rtexit$$00000003)
    __rt_exit_prels_1                        0x080001c5   Thumb Code     0  rtexit2.o(.ARM.Collect$$rtexit$$00000002)
    __rt_exit_exit                           0x080001c9   Thumb Code     0  rtexit2.o(.ARM.Collect$$rtexit$$00000004)
    Reset_Handler                            0x080001d1   Thumb Code     8  startup_stm32f10x_md.o(.text)
    NMI_Handler                              0x080001d9   Thumb Code     2  startup_stm32f10x_md.o(.text)
    HardFault_Handler                        0x080001db   Thumb Code     2  startup_stm32f10x_md.o(.text)
    MemManage_Handler                        0x080001dd   Thumb Code     2  startup_stm32f10x_md.o(.text)
    BusFault_Handler                         0x080001df   Thumb Code     2  startup_stm32f10x_md.o(.text)
    UsageFault_Handler                       0x080001e1   Thumb Code     2  startup_stm32f10x_md.o(.text)
    SVC_Handler                              0x080001e3   Thumb Code     2  startup_stm32f10x_md.o(.text)
    DebugMon_Handler                         0x080001e5   Thumb Code     2  startup_stm32f10x_md.o(.text)
    PendSV_Handler                           0x080001e7   Thumb Code     2  startup_stm32f10x_md.o(.text)
    SysTick_Handler                          0x080001e9   Thumb Code     2  startup_stm32f10x_md.o(.text)
    ADC1_2_IRQHandler                        0x080001eb   Thumb Code     0  startup_stm32f10x_md.o(.text)
    CAN1_RX1_IRQHandler                      0x080001eb   Thumb Code     0  startup_stm32f10x_md.o(.text)
    CAN1_SCE_IRQHandler                      0x080001eb   Thumb Code     0  startup_stm32f10x_md.o(.text)
    DMA1_Channel1_IRQHandler                 0x080001eb   Thumb Code     0  startup_stm32f10x_md.o(.text)
    DMA1_Channel2_IRQHandler                 0x080001eb   Thumb Code     0  startup_stm32f10x_md.o(.text)
    DMA1_Channel3_IRQHandler                 0x080001eb   Thumb Code     0  startup_stm32f10x_md.o(.text)
    DMA1_Channel4_IRQHandler                 0x080001eb   Thumb Code     0  startup_stm32f10x_md.o(.text)
    DMA1_Channel5_IRQHandler                 0x080001eb   Thumb Code     0  startup_stm32f10x_md.o(.text)
    DMA1_Channel6_IRQHandler                 0x080001eb   Thumb Code     0  startup_stm32f10x_md.o(.text)
    DMA1_Channel7_IRQHandler                 0x080001eb   Thumb Code     0  startup_stm32f10x_md.o(.text)
    EXTI0_IRQHandler                         0x080001eb   Thumb Code     0  startup_stm32f10x_md.o(.text)
    EXTI15_10_IRQHandler                     0x080001eb   Thumb Code     0  startup_stm32f10x_md.o(.text)
    EXTI1_IRQHandler                         0x080001eb   Thumb Code     0  startup_stm32f10x_md.o(.text)
    EXTI2_IRQHandler                         0x080001eb   Thumb Code     0  startup_stm32f10x_md.o(.text)
    EXTI3_IRQHandler                         0x080001eb   Thumb Code     0  startup_stm32f10x_md.o(.text)
    EXTI4_IRQHandler                         0x080001eb   Thumb Code     0  startup_stm32f10x_md.o(.text)
    EXTI9_5_IRQHandler                       0x080001eb   Thumb Code     0  startup_stm32f10x_md.o(.text)
    FLASH_IRQHandler                         0x080001eb   Thumb Code     0  startup_stm32f10x_md.o(.text)
    I2C1_ER_IRQHandler                       0x080001eb   Thumb Code     0  startup_stm32f10x_md.o(.text)
    I2C1_EV_IRQHandler                       0x080001eb   Thumb Code     0  startup_stm32f10x_md.o(.text)
    I2C2_ER_IRQHandler                       0x080001eb   Thumb Code     0  startup_stm32f10x_md.o(.text)
    I2C2_EV_IRQHandler                       0x080001eb   Thumb Code     0  startup_stm32f10x_md.o(.text)
    PVD_IRQHandler                           0x080001eb   Thumb Code     0  startup_stm32f10x_md.o(.text)
    RCC_IRQHandler                           0x080001eb   Thumb Code     0  startup_stm32f10x_md.o(.text)
    RTCAlarm_IRQHandler                      0x080001eb   Thumb Code     0  startup_stm32f10x_md.o(.text)
    RTC_IRQHandler                           0x080001eb   Thumb Code     0  startup_stm32f10x_md.o(.text)
    SPI1_IRQHandler                          0x080001eb   Thumb Code     0  startup_stm32f10x_md.o(.text)
    SPI2_IRQHandler                          0x080001eb   Thumb Code     0  startup_stm32f10x_md.o(.text)
    TAMPER_IRQHandler                        0x080001eb   Thumb Code     0  startup_stm32f10x_md.o(.text)
    TIM1_BRK_IRQHandler                      0x080001eb   Thumb Code     0  startup_stm32f10x_md.o(.text)
    TIM1_CC_IRQHandler                       0x080001eb   Thumb Code     0  startup_stm32f10x_md.o(.text)
    TIM1_TRG_COM_IRQHandler                  0x080001eb   Thumb Code     0  startup_stm32f10x_md.o(.text)
    TIM1_UP_IRQHandler                       0x080001eb   Thumb Code     0  startup_stm32f10x_md.o(.text)
    TIM2_IRQHandler                          0x080001eb   Thumb Code     0  startup_stm32f10x_md.o(.text)
    TIM4_IRQHandler                          0x080001eb   Thumb Code     0  startup_stm32f10x_md.o(.text)
    USBWakeUp_IRQHandler                     0x080001eb   Thumb Code     0  startup_stm32f10x_md.o(.text)
    USB_HP_CAN1_TX_IRQHandler                0x080001eb   Thumb Code     0  startup_stm32f10x_md.o(.text)
    USB_LP_CAN1_RX0_IRQHandler               0x080001eb   Thumb Code     0  startup_stm32f10x_md.o(.text)
    WWDG_IRQHandler                          0x080001eb   Thumb Code     0  startup_stm32f10x_md.o(.text)
    __user_initial_stackheap                 0x080001ed   Thumb Code     0  startup_stm32f10x_md.o(.text)
    __aeabi_uldivmod                         0x08000211   Thumb Code     0  lludivv7m.o(.text)
    _ll_udiv                                 0x08000211   Thumb Code   238  lludivv7m.o(.text)
    __aeabi_ldivmod                          0x080002ff   Thumb Code     0  llsdiv.o(.text)
    _ll_sdiv                                 0x080002ff   Thumb Code    72  llsdiv.o(.text)
    __aeabi_memcpy4                          0x08000347   Thumb Code     0  rt_memcpy_w.o(.text)
    __aeabi_memcpy8                          0x08000347   Thumb Code     0  rt_memcpy_w.o(.text)
    __rt_memcpy_w                            0x08000347   Thumb Code   100  rt_memcpy_w.o(.text)
    _memcpy_lastbytes_aligned                0x0800038f   Thumb Code     0  rt_memcpy_w.o(.text)
    __aeabi_memclr4                          0x080003ab   Thumb Code     0  rt_memclr_w.o(.text)
    __aeabi_memclr8                          0x080003ab   Thumb Code     0  rt_memclr_w.o(.text)
    __rt_memclr_w                            0x080003ab   Thumb Code    78  rt_memclr_w.o(.text)
    _memset_w                                0x080003af   Thumb Code     0  rt_memclr_w.o(.text)
    __use_two_region_memory                  0x080003f9   Thumb Code     2  heapauxi.o(.text)
    __rt_heap_escrow$2region                 0x080003fb   Thumb Code     2  heapauxi.o(.text)
    __rt_heap_expand$2region                 0x080003fd   Thumb Code     2  heapauxi.o(.text)
    __user_setup_stackheap                   0x080003ff   Thumb Code    74  sys_stackheap_outer.o(.text)
    exit                                     0x08000449   Thumb Code    18  exit.o(.text)
    __user_libspace                          0x0800045d   Thumb Code     8  libspace.o(.text)
    __user_perproc_libspace                  0x0800045d   Thumb Code     0  libspace.o(.text)
    __user_perthread_libspace                0x0800045d   Thumb Code     0  libspace.o(.text)
    _sys_exit                                0x08000465   Thumb Code     8  sys_exit.o(.text)
    __I$use$semihosting                      0x08000471   Thumb Code     0  use_no_semi.o(.text)
    __use_no_semihosting_swi                 0x08000471   Thumb Code     2  use_no_semi.o(.text)
    __semihosting_library_function           0x08000473   Thumb Code     0  indicate_semi.o(.text)
    SystemInit                               0x0800055d   Thumb Code    78  system_stm32f10x.o(i.SystemInit)
    TIM3_IRQHandler                          0x080005bd   Thumb Code    80  automate.o(i.TIM3_IRQHandler)
    USART1_IRQHandler                        0x08000615   Thumb Code   146  abus.o(i.USART1_IRQHandler)
    USART2_IRQHandler                        0x080006b1   Thumb Code   144  ibus.o(i.USART2_IRQHandler)
    USART3_IRQHandler                        0x08000749   Thumb Code   138  cbus.o(i.USART3_IRQHandler)
    IIC_GetSDA()                             0x080007dd   Thumb Code    18  rtclock.o(i._Z10IIC_GetSDAv)
    IIC_SCL(bool)                            0x080007f5   Thumb Code    34  rtclock.o(i._Z7IIC_SCLb)
    IIC_SDA(bool)                            0x0800081d   Thumb Code    34  rtclock.o(i._Z7IIC_SDAb)
    Delay_Ms(unsigned)                       0x08000845   Thumb Code    48  main.o(i._Z8Delay_Msj)
    INSTRUCTION::DisableIDP()                0x08000879   Thumb Code   112  instruction.o(i._ZN11INSTRUCTION10DisableIDPEv)
    INSTRUCTION::SetColExtA(unsigned)        0x08000989   Thumb Code   206  instruction.o(i._ZN11INSTRUCTION10SetColExtAEj)
    INSTRUCTION::SetColExtB(unsigned)        0x08000b1d   Thumb Code   206  instruction.o(i._ZN11INSTRUCTION10SetColExtBEj)
    INSTRUCTION::SetTemExtA(unsigned)        0x08000cb1   Thumb Code   262  instruction.o(i._ZN11INSTRUCTION10SetTemExtAEj)
    INSTRUCTION::SetTemExtB(unsigned)        0x08000f05   Thumb Code   262  instruction.o(i._ZN11INSTRUCTION10SetTemExtBEj)
    INSTRUCTION::RefreshDict()               0x08001159   Thumb Code    30  instruction.o(i._ZN11INSTRUCTION11RefreshDictEv)
    INSTRUCTION::StorageInfo()               0x08001199   Thumb Code   378  instruction.o(i._ZN11INSTRUCTION11StorageInfoEv)
    INSTRUCTION::WarningInfo()               0x080013c5   Thumb Code   408  instruction.o(i._ZN11INSTRUCTION11WarningInfoEv)
    INSTRUCTION::EnableNozzleA()             0x08001621   Thumb Code   362  instruction.o(i._ZN11INSTRUCTION13EnableNozzleAEv)
    INSTRUCTION::EnableNozzleB()             0x08001909   Thumb Code   362  instruction.o(i._ZN11INSTRUCTION13EnableNozzleBEv)
    INSTRUCTION::EnableStepper()             0x08001bf1   Thumb Code   150  instruction.o(i._ZN11INSTRUCTION13EnableStepperEv)
    INSTRUCTION::DisableNozzleA()            0x08001d65   Thumb Code   362  instruction.o(i._ZN11INSTRUCTION14DisableNozzleAEv)
    INSTRUCTION::DisableNozzleB()            0x0800204d   Thumb Code   362  instruction.o(i._ZN11INSTRUCTION14DisableNozzleBEv)
    INSTRUCTION::ReloadFilament()            0x08002335   Thumb Code    56  instruction.o(i._ZN11INSTRUCTION14ReloadFilamentEv)
    INSTRUCTION::EnableMainLight()           0x080023b9   Thumb Code    98  instruction.o(i._ZN11INSTRUCTION15EnableMainLightEv)
    INSTRUCTION::DisableMainLight()          0x080024a1   Thumb Code    98  instruction.o(i._ZN11INSTRUCTION16DisableMainLightEv)
    INSTRUCTION::ManufacturingInfo()         0x08002589   Thumb Code   156  instruction.o(i._ZN11INSTRUCTION17ManufacturingInfoEv)
    INSTRUCTION::StopManufacturing()         0x080026c1   Thumb Code    56  instruction.o(i._ZN11INSTRUCTION17StopManufacturingEv)
    INSTRUCTION::PauseManufacturing()        0x08002745   Thumb Code    56  instruction.o(i._ZN11INSTRUCTION18PauseManufacturingEv)
    INSTRUCTION::StartManufacturing()        0x080027c9   Thumb Code   192  instruction.o(i._ZN11INSTRUCTION18StartManufacturingEv)
    INSTRUCTION::ManufacturingReport()       0x080029a9   Thumb Code   128  instruction.o(i._ZN11INSTRUCTION19ManufacturingReportEv)
    INSTRUCTION::ResumeManufacturing()       0x08002aad   Thumb Code   104  instruction.o(i._ZN11INSTRUCTION19ResumeManufacturingEv)
    INSTRUCTION::EnableAuxiliaryLight()      0x08002b91   Thumb Code    98  instruction.o(i._ZN11INSTRUCTION20EnableAuxiliaryLightEv)
    INSTRUCTION::DisableAuxiliaryLight()     0x08002c79   Thumb Code    98  instruction.o(i._ZN11INSTRUCTION21DisableAuxiliaryLightEv)
    INSTRUCTION::Num2Chr(char*, unsigned)    0x08002d61   Thumb Code   136  instruction.o(i._ZN11INSTRUCTION7Num2ChrEPcj)
    INSTRUCTION::AutoHome()                  0x08002ded   Thumb Code   720  instruction.o(i._ZN11INSTRUCTION8AutoHomeEv)
    INSTRUCTION::NotFound()                  0x08003279   Thumb Code    16  instruction.o(i._ZN11INSTRUCTION8NotFoundEv)
    INSTRUCTION::PrintNum(unsigned)          0x080032a9   Thumb Code    36  instruction.o(i._ZN11INSTRUCTION8PrintNumEj)
    INSTRUCTION::SetTemBP(unsigned)          0x080032d5   Thumb Code   260  instruction.o(i._ZN11INSTRUCTION8SetTemBPEj)
    INSTRUCTION::EnableIDP()                 0x08003525   Thumb Code   112  instruction.o(i._ZN11INSTRUCTION9EnableIDPEv)
    INSTRUCTION::ErrorInfo()                 0x08003635   Thumb Code   788  instruction.o(i._ZN11INSTRUCTION9ErrorInfoEv)
    INSTRUCTION::MoveAxisX(unsigned)         0x08003af9   Thumb Code   376  instruction.o(i._ZN11INSTRUCTION9MoveAxisXEj)
    INSTRUCTION::MoveAxisY(unsigned)         0x08003ded   Thumb Code   376  instruction.o(i._ZN11INSTRUCTION9MoveAxisYEj)
    INSTRUCTION::MoveAxisZ(unsigned)         0x080040e1   Thumb Code   376  instruction.o(i._ZN11INSTRUCTION9MoveAxisZEj)
    INTERPRETER::AbsDecimal(int)             0x080043d5   Thumb Code    14  interpreter.o(i._ZN11INTERPRETER10AbsDecimalEi)
    INTERPRETER::StatusCheck()               0x080043e5   Thumb Code   166  interpreter.o(i._ZN11INTERPRETER11StatusCheckEv)
    INTERPRETER::CharToDouble(unsigned char*) 0x08004495   Thumb Code   288  interpreter.o(i._ZN11INTERPRETER12CharToDoubleEPh)
    INTERPRETER::LocalAnalyse()              0x080045c5   Thumb Code  7254  interpreter.o(i._ZN11INTERPRETER12LocalAnalyseEv)
    INTERPRETER::CharToDecimal(unsigned char*) 0x08006225   Thumb Code   122  interpreter.o(i._ZN11INTERPRETER13CharToDecimalEPh)
    INTERPRETER::GetInstruction()            0x080062a5   Thumb Code  1180  interpreter.o(i._ZN11INTERPRETER14GetInstructionEv)
    INTERPRETER::Init()                      0x08006741   Thumb Code   378  interpreter.o(i._ZN11INTERPRETER4InitEv)
    INTERPRETER::Stop()                      0x080068c1   Thumb Code    22  interpreter.o(i._ZN11INTERPRETER4StopEv)
    INTERPRETER::Tick()                      0x080068d7   Thumb Code    70  interpreter.o(i._ZN11INTERPRETER4TickEv)
    INTERPRETER::Pause()                     0x0800691d   Thumb Code    22  interpreter.o(i._ZN11INTERPRETER5PauseEv)
    INTERPRETER::Reset()                     0x08006935   Thumb Code   380  interpreter.o(i._ZN11INTERPRETER5ResetEv)
    INTERPRETER::Round()                     0x08006ab5   Thumb Code  2126  interpreter.o(i._ZN11INTERPRETER5RoundEv)
    INTERPRETER::Start()                     0x08007319   Thumb Code    50  interpreter.o(i._ZN11INTERPRETER5StartEv)
    INTERPRETER::ReLoad()                    0x0800734b   Thumb Code    22  interpreter.o(i._ZN11INTERPRETER6ReLoadEv)
    INTERPRETER::Resume()                    0x08007361   Thumb Code    42  interpreter.o(i._ZN11INTERPRETER6ResumeEv)
    INTERPRETER::Process()                   0x0800738d   Thumb Code  2968  interpreter.o(i._ZN11INTERPRETER7ProcessEv)
    INTERPRETER::PreCheck()                  0x08007f31   Thumb Code   234  interpreter.o(i._ZN11INTERPRETER8PreCheckEv)
    INTERPRETER::AxisRound(double&, double)  0x08008031   Thumb Code    62  interpreter.o(i._ZN11INTERPRETER9AxisRoundERdd)
    ABUS::WaitForReceive(unsigned)           0x08008071   Thumb Code    82  abus.o(i._ZN4ABUS14WaitForReceiveEj)
    ABUS::TestIfVerifyError()                0x080080c9   Thumb Code    14  abus.o(i._ZN4ABUS17TestIfVerifyErrorEv)
    ABUS::Tx(unsigned char)                  0x080080d9   Thumb Code    22  abus.o(i._ZN4ABUS2TxEh)
    ABUS::Init()                             0x080080f5   Thumb Code   178  abus.o(i._ZN4ABUS4InitEv)
    ABUS::Print(char*)                       0x080081bd   Thumb Code    58  abus.o(i._ZN4ABUS5PrintEPc)
    ABUS::Transmit(char, char*, unsigned)    0x080081f7   Thumb Code    66  abus.o(i._ZN4ABUS8TransmitEcPcj)
    ABUS::TestReply(char)                    0x08008239   Thumb Code    62  abus.o(i._ZN4ABUS9TestReplyEc)
    CBUS::WaitForReceive(unsigned)           0x08008279   Thumb Code    82  cbus.o(i._ZN4CBUS14WaitForReceiveEj)
    CBUS::TestIfVerifyError()                0x080082d1   Thumb Code    14  cbus.o(i._ZN4CBUS17TestIfVerifyErrorEv)
    CBUS::Tx(unsigned char)                  0x080082e1   Thumb Code    22  cbus.o(i._ZN4CBUS2TxEh)
    CBUS::Init()                             0x080082fd   Thumb Code   178  cbus.o(i._ZN4CBUS4InitEv)
    CBUS::Print(char*)                       0x080083c5   Thumb Code    58  cbus.o(i._ZN4CBUS5PrintEPc)
    CBUS::Transmit(char, char*, unsigned)    0x080083ff   Thumb Code    66  cbus.o(i._ZN4CBUS8TransmitEcPcj)
    CBUS::TestReply(char)                    0x08008441   Thumb Code    56  cbus.o(i._ZN4CBUS9TestReplyEc)
    IBUS::WaitForReceive(unsigned)           0x08008479   Thumb Code    82  ibus.o(i._ZN4IBUS14WaitForReceiveEj)
    IBUS::TestIfVerifyError()                0x080084d1   Thumb Code    14  ibus.o(i._ZN4IBUS17TestIfVerifyErrorEv)
    IBUS::Tx(unsigned char)                  0x080084e1   Thumb Code    22  ibus.o(i._ZN4IBUS2TxEh)
    IBUS::Init()                             0x080084fd   Thumb Code   172  ibus.o(i._ZN4IBUS4InitEv)
    IBUS::Print(char*)                       0x080085bd   Thumb Code    58  ibus.o(i._ZN4IBUS5PrintEPc)
    IBUS::Transmit(char, char*, unsigned)    0x080085f7   Thumb Code    66  ibus.o(i._ZN4IBUS8TransmitEcPcj)
    IBUS::TestReply(char)                    0x08008639   Thumb Code    62  ibus.o(i._ZN4IBUS9TestReplyEc)
    AUXIO::GetStatusMaterialA()              0x08008679   Thumb Code   128  auxio.o(i._ZN5AUXIO18GetStatusMaterialAEv)
    AUXIO::GetStatusMaterialB()              0x08008709   Thumb Code   128  auxio.o(i._ZN5AUXIO18GetStatusMaterialBEv)
    AUXIO::SetStatusMainLight(bool)          0x08008799   Thumb Code   124  auxio.o(i._ZN5AUXIO18SetStatusMainLightEb)
    AUXIO::SetStatusAuxiliaryLight(bool)     0x08008829   Thumb Code   124  auxio.o(i._ZN5AUXIO23SetStatusAuxiliaryLightEb)
    AUXIO::TestLink()                        0x080088b9   Thumb Code   106  auxio.o(i._ZN5AUXIO8TestLinkEv)
    CCONI::GetCommand()                      0x08008931   Thumb Code   152  cconi.o(i._ZN5CCONI10GetCommandEv)
    CCONI::SetStatusBar()                    0x080089d9   Thumb Code   182  cconi.o(i._ZN5CCONI12SetStatusBarEv)
    CCONI::HangUpConsole()                   0x08008a99   Thumb Code   114  cconi.o(i._ZN5CCONI13HangUpConsoleEv)
    CCONI::SetInfoScreen()                   0x08008b19   Thumb Code   680  cconi.o(i._ZN5CCONI13SetInfoScreenEv)
    CCONI::ConsoleDisplay(char*, bool)       0x08008dd1   Thumb Code   234  cconi.o(i._ZN5CCONI14ConsoleDisplayEPcb)
    CCONI::ExpandDictionary(char*)           0x08008ec1   Thumb Code   192  cconi.o(i._ZN5CCONI16ExpandDictionaryEPc)
    CCONI::Num2Chr(unsigned, char*)          0x08008f85   Thumb Code    50  cconi.o(i._ZN5CCONI7Num2ChrEjPc)
    CCONI::TestLink()                        0x08008fbd   Thumb Code   106  cconi.o(i._ZN5CCONI8TestLinkEv)
    FCONI::GetFileName()                     0x08009035   Thumb Code   196  fconi.o(i._ZN5FCONI11GetFileNameEv)
    FCONI::GetFileSize()                     0x08009101   Thumb Code   164  fconi.o(i._ZN5FCONI11GetFileSizeEv)
    FCONI::CharToNumber(unsigned char, unsigned char*) 0x080091b1   Thumb Code    68  fconi.o(i._ZN5FCONI12CharToNumberEhPh)
    FCONI::FileReadLine(unsigned char, unsigned char*) 0x080091f9   Thumb Code   198  fconi.o(i._ZN5FCONI12FileReadLineEhPh)
    FCONI::GetFileInfo1()                    0x080092c5   Thumb Code   164  fconi.o(i._ZN5FCONI12GetFileInfo1Ev)
    FCONI::GetFileInfo2()                    0x08009375   Thumb Code   164  fconi.o(i._ZN5FCONI12GetFileInfo2Ev)
    FCONI::GetFileInfo3()                    0x08009425   Thumb Code   164  fconi.o(i._ZN5FCONI12GetFileInfo3Ev)
    FCONI::GetFileInfo4()                    0x080094d5   Thumb Code   164  fconi.o(i._ZN5FCONI12GetFileInfo4Ev)
    FCONI::GetFileInfo5()                    0x08009585   Thumb Code   164  fconi.o(i._ZN5FCONI12GetFileInfo5Ev)
    FCONI::GetFileInfo6()                    0x08009635   Thumb Code   164  fconi.o(i._ZN5FCONI12GetFileInfo6Ev)
    FCONI::GetRestVolume()                   0x080096e5   Thumb Code   164  fconi.o(i._ZN5FCONI13GetRestVolumeEv)
    FCONI::GetFilePointer()                  0x08009795   Thumb Code   164  fconi.o(i._ZN5FCONI14GetFilePointerEv)
    FCONI::GetTotalVolume()                  0x08009845   Thumb Code   164  fconi.o(i._ZN5FCONI14GetTotalVolumeEv)
    FCONI::GetFileEstimateTime()             0x080098f5   Thumb Code   164  fconi.o(i._ZN5FCONI19GetFileEstimateTimeEv)
    FCONI::GetFileCommandNumber()            0x080099a5   Thumb Code   164  fconi.o(i._ZN5FCONI20GetFileCommandNumberEv)
    FCONI::GetFileTotalDistance()            0x08009a55   Thumb Code   164  fconi.o(i._ZN5FCONI20GetFileTotalDistanceEv)
    FCONI::FileOpen()                        0x08009b05   Thumb Code   192  fconi.o(i._ZN5FCONI8FileOpenEv)
    FCONI::FileTest()                        0x08009bcd   Thumb Code   192  fconi.o(i._ZN5FCONI8FileTestEv)
    FCONI::TestLink()                        0x08009c95   Thumb Code   106  fconi.o(i._ZN5FCONI8TestLinkEv)
    SCONI::AutoHoming()                      0x08009d0d   Thumb Code   120  sconi.o(i._ZN5SCONI10AutoHomingEv)
    SCONI::DisableIDP()                      0x08009d95   Thumb Code   106  sconi.o(i._ZN5SCONI10DisableIDPEv)
    SCONI::GetStatusFA()                     0x08009e09   Thumb Code   128  sconi.o(i._ZN5SCONI11GetStatusFAEv)
    SCONI::SetPosition(double, char)         0x08009e95   Thumb Code   252  sconi.o(i._ZN5SCONI11SetPositionEdc)
    SCONI::GetPositionA()                    0x08009f95   Thumb Code   124  sconi.o(i._ZN5SCONI12GetPositionAEv)
    SCONI::GetPositionB()                    0x0800a01d   Thumb Code   124  sconi.o(i._ZN5SCONI12GetPositionBEv)
    SCONI::GetPositionX()                    0x0800a0a5   Thumb Code   124  sconi.o(i._ZN5SCONI12GetPositionXEv)
    SCONI::GetPositionY()                    0x0800a12d   Thumb Code   124  sconi.o(i._ZN5SCONI12GetPositionYEv)
    SCONI::GetPositionZ()                    0x0800a1b5   Thumb Code   124  sconi.o(i._ZN5SCONI12GetPositionZEv)
    SCONI::GetStatusIDP()                    0x0800a23d   Thumb Code   112  sconi.o(i._ZN5SCONI12GetStatusIDPEv)
    SCONI::EnableStepper()                   0x0800a2b9   Thumb Code   120  sconi.o(i._ZN5SCONI13EnableStepperEv)
    SCONI::GetStatusBusy()                   0x0800a339   Thumb Code   114  sconi.o(i._ZN5SCONI13GetStatusBusyEv)
    SCONI::GetTestPointA()                   0x0800a3b5   Thumb Code   124  sconi.o(i._ZN5SCONI13GetTestPointAEv)
    SCONI::GetTestPointB()                   0x0800a43d   Thumb Code   124  sconi.o(i._ZN5SCONI13GetTestPointBEv)
    SCONI::GetTestPointC()                   0x0800a4c5   Thumb Code   124  sconi.o(i._ZN5SCONI13GetTestPointCEv)
    SCONI::GetTestPointD()                   0x0800a54d   Thumb Code   124  sconi.o(i._ZN5SCONI13GetTestPointDEv)
    SCONI::GetTestPointM()                   0x0800a5d5   Thumb Code   124  sconi.o(i._ZN5SCONI13GetTestPointMEv)
    SCONI::GetStatusHomed()                  0x0800a65d   Thumb Code   112  sconi.o(i._ZN5SCONI14GetStatusHomedEv)
    SCONI::SetNozzleState(unsigned char, unsigned char) 0x0800a6d9   Thumb Code   192  sconi.o(i._ZN5SCONI14SetNozzleStateEhh)
    SCONI::GetPositionXMax()                 0x0800a7a1   Thumb Code   124  sconi.o(i._ZN5SCONI15GetPositionXMaxEv)
    SCONI::GetPositionYMax()                 0x0800a829   Thumb Code   124  sconi.o(i._ZN5SCONI15GetPositionYMaxEv)
    SCONI::GetPositionZMax()                 0x0800a8b1   Thumb Code   124  sconi.o(i._ZN5SCONI15GetPositionZMaxEv)
    SCONI::GetStatusStepper()                0x0800a939   Thumb Code   112  sconi.o(i._ZN5SCONI16GetStatusStepperEv)
    SCONI::GetStatusLeveling()               0x0800a9b5   Thumb Code   128  sconi.o(i._ZN5SCONI17GetStatusLevelingEv)
    SCONI::Motion(double*, float)            0x0800aa41   Thumb Code   390  sconi.o(i._ZN5SCONI6MotionEPdf)
    SCONI::Chr2Flo(char*, unsigned, unsigned, bool) 0x0800abd5   Thumb Code   236  sconi.o(i._ZN5SCONI7Chr2FloEPcjjb)
    SCONI::Flo2Chr(char*, double, unsigned, unsigned, bool) 0x0800accd   Thumb Code   262  sconi.o(i._ZN5SCONI7Flo2ChrEPcdjjb)
    SCONI::GetL1Max()                        0x0800add9   Thumb Code   134  sconi.o(i._ZN5SCONI8GetL1MaxEv)
    SCONI::GetL2Max()                        0x0800ae6d   Thumb Code   134  sconi.o(i._ZN5SCONI8GetL2MaxEv)
    SCONI::MoveAxis(double, unsigned char)   0x0800af01   Thumb Code   258  sconi.o(i._ZN5SCONI8MoveAxisEdh)
    SCONI::TestLink()                        0x0800b009   Thumb Code   106  sconi.o(i._ZN5SCONI8TestLinkEv)
    SCONI::EnableIDP()                       0x0800b07d   Thumb Code   106  sconi.o(i._ZN5SCONI9EnableIDPEv)
    SCONI::GetL1Rest()                       0x0800b0f1   Thumb Code   134  sconi.o(i._ZN5SCONI9GetL1RestEv)
    SCONI::GetL2Rest()                       0x0800b185   Thumb Code   134  sconi.o(i._ZN5SCONI9GetL2RestEv)
    SHELL::Init()                            0x0800b219   Thumb Code    18  shell.o(i._ZN5SHELL4InitEv)
    SHELL::Flush()                           0x0800b22b   Thumb Code    22  shell.o(i._ZN5SHELL5FlushEv)
    SHELL::Match(char*, char*)               0x0800b241   Thumb Code   138  shell.o(i._ZN5SHELL5MatchEPcS0_)
    SHELL::Upper(char)                       0x0800b2cb   Thumb Code    22  shell.o(i._ZN5SHELL5UpperEc)
    SHELL::Chr2Num(char*)                    0x0800b2e1   Thumb Code    76  shell.o(i._ZN5SHELL7Chr2NumEPc)
    SHELL::Compare(char*, char*)             0x0800b331   Thumb Code    58  shell.o(i._ZN5SHELL7CompareEPcS0_)
    SHELL::Decoder()                         0x0800b36d   Thumb Code   776  shell.o(i._ZN5SHELL7DecoderEv)
    SHELL::GetWord(char*, char*, char&)      0x0800b8f5   Thumb Code   168  shell.o(i._ZN5SHELL7GetWordEPcS0_Rc)
    SHELL::DictInit()                        0x0800b99d   Thumb Code   254  shell.o(i._ZN5SHELL8DictInitEv)
    SHELL::IsLetter(char)                    0x0800bbbd   Thumb Code    30  shell.o(i._ZN5SHELL8IsLetterEc)
    SHELL::IsNumber(char)                    0x0800bbdb   Thumb Code    18  shell.o(i._ZN5SHELL8IsNumberEc)
    SHELL::GetNumber(char*, unsigned&)       0x0800bbed   Thumb Code   130  shell.o(i._ZN5SHELL9GetNumberEPcRj)
    TCONI::GetStatusBasePlane()              0x0800bc71   Thumb Code   110  tconi.o(i._ZN5TCONI18GetStatusBasePlaneEv)
    TCONI::GetStatusExtruderA()              0x0800bced   Thumb Code   110  tconi.o(i._ZN5TCONI18GetStatusExtruderAEv)
    TCONI::GetStatusExtruderB()              0x0800bd69   Thumb Code   110  tconi.o(i._ZN5TCONI18GetStatusExtruderBEv)
    TCONI::GetCoolerPowerExtruderA()         0x0800bde5   Thumb Code   132  tconi.o(i._ZN5TCONI23GetCoolerPowerExtruderAEv)
    TCONI::GetCoolerPowerExtruderB()         0x0800be75   Thumb Code   132  tconi.o(i._ZN5TCONI23GetCoolerPowerExtruderBEv)
    TCONI::GetHeaterPowerBasePlane()         0x0800bf05   Thumb Code   132  tconi.o(i._ZN5TCONI23GetHeaterPowerBasePlaneEv)
    TCONI::GetHeaterPowerExtruderA()         0x0800bf95   Thumb Code   132  tconi.o(i._ZN5TCONI23GetHeaterPowerExtruderAEv)
    TCONI::GetHeaterPowerExtruderB()         0x0800c025   Thumb Code   132  tconi.o(i._ZN5TCONI23GetHeaterPowerExtruderBEv)
    TCONI::GetTemperatureBPSetting()         0x0800c0b5   Thumb Code   132  tconi.o(i._ZN5TCONI23GetTemperatureBPSettingEv)
    TCONI::GetTemperatureBasePlane()         0x0800c145   Thumb Code   132  tconi.o(i._ZN5TCONI23GetTemperatureBasePlaneEv)
    TCONI::GetTemperatureEASetting()         0x0800c1d5   Thumb Code   132  tconi.o(i._ZN5TCONI23GetTemperatureEASettingEv)
    TCONI::GetTemperatureEBSetting()         0x0800c265   Thumb Code   132  tconi.o(i._ZN5TCONI23GetTemperatureEBSettingEv)
    TCONI::GetTemperatureExtruderA()         0x0800c2f5   Thumb Code   132  tconi.o(i._ZN5TCONI23GetTemperatureExtruderAEv)
    TCONI::GetTemperatureExtruderB()         0x0800c385   Thumb Code   132  tconi.o(i._ZN5TCONI23GetTemperatureExtruderBEv)
    TCONI::SetCoolerPowerExtruderA(unsigned char) 0x0800c415   Thumb Code   172  tconi.o(i._ZN5TCONI23SetCoolerPowerExtruderAEh)
    TCONI::SetCoolerPowerExtruderB(unsigned char) 0x0800c4c5   Thumb Code   172  tconi.o(i._ZN5TCONI23SetCoolerPowerExtruderBEh)
    TCONI::SetTemperatureBPSetting(unsigned short) 0x0800c575   Thumb Code   200  tconi.o(i._ZN5TCONI23SetTemperatureBPSettingEt)
    TCONI::SetTemperatureEASetting(unsigned short) 0x0800c641   Thumb Code   204  tconi.o(i._ZN5TCONI23SetTemperatureEASettingEt)
    TCONI::SetTemperatureEBSetting(unsigned short) 0x0800c711   Thumb Code   204  tconi.o(i._ZN5TCONI23SetTemperatureEBSettingEt)
    TCONI::GetTemperatureEnvironment()       0x0800c7e1   Thumb Code   132  tconi.o(i._ZN5TCONI25GetTemperatureEnvironmentEv)
    TCONI::Chr2Flo(char*, unsigned, unsigned, bool) 0x0800c871   Thumb Code   236  tconi.o(i._ZN5TCONI7Chr2FloEPcjjb)
    TCONI::Flo2Chr(char*, double, unsigned, unsigned, bool) 0x0800c969   Thumb Code   262  tconi.o(i._ZN5TCONI7Flo2ChrEPcdjjb)
    TCONI::TestLink()                        0x0800ca75   Thumb Code   106  tconi.o(i._ZN5TCONI8TestLinkEv)
    RTCLOCK::IIC_WaitAck()                   0x0800cae9   Thumb Code    76  rtclock.o(i._ZN7RTCLOCK11IIC_WaitAckEv)
    RTCLOCK::WriteEnable()                   0x0800cb35   Thumb Code    64  rtclock.o(i._ZN7RTCLOCK11WriteEnableEv)
    RTCLOCK::IIC_ReadByte(bool)              0x0800cb75   Thumb Code    92  rtclock.o(i._ZN7RTCLOCK12IIC_ReadByteEb)
    RTCLOCK::IIC_SendByte(unsigned char)     0x0800cbd1   Thumb Code    90  rtclock.o(i._ZN7RTCLOCK12IIC_SendByteEh)
    RTCLOCK::WriteDisable()                  0x0800cc2b   Thumb Code    64  rtclock.o(i._ZN7RTCLOCK12WriteDisableEv)
    RTCLOCK::Init()                          0x0800cc6d   Thumb Code    72  rtclock.o(i._ZN7RTCLOCK4InitEv)
    RTCLOCK::Read(unsigned char&, unsigned char) 0x0800ccbd   Thumb Code    60  rtclock.o(i._ZN7RTCLOCK4ReadERhh)
    RTCLOCK::Write(unsigned char, unsigned char) 0x0800ccf9   Thumb Code    84  rtclock.o(i._ZN7RTCLOCK5WriteEhh)
    RTCLOCK::DelayUs(unsigned char)          0x0800cd4d   Thumb Code    42  rtclock.o(i._ZN7RTCLOCK7DelayUsEh)
    RTCLOCK::GetTime()                       0x0800cd79   Thumb Code   386  rtclock.o(i._ZN7RTCLOCK7GetTimeEv)
    RTCLOCK::IIC_Ack()                       0x0800cf01   Thumb Code    46  rtclock.o(i._ZN7RTCLOCK7IIC_AckEv)
    RTCLOCK::IIC_Init()                      0x0800cf2f   Thumb Code    18  rtclock.o(i._ZN7RTCLOCK8IIC_InitEv)
    RTCLOCK::IIC_NAck()                      0x0800cf41   Thumb Code    46  rtclock.o(i._ZN7RTCLOCK8IIC_NAckEv)
    RTCLOCK::IIC_Stop()                      0x0800cf6f   Thumb Code    46  rtclock.o(i._ZN7RTCLOCK8IIC_StopEv)
    RTCLOCK::ReadData(unsigned char)         0x0800cf9d   Thumb Code    80  rtclock.o(i._ZN7RTCLOCK8ReadDataEh)
    RTCLOCK::IIC_Start()                     0x0800cfed   Thumb Code    46  rtclock.o(i._ZN7RTCLOCK9IIC_StartEv)
    RTCLOCK::WriteData(unsigned char, unsigned char) 0x0800d01b   Thumb Code    64  rtclock.o(i._ZN7RTCLOCK9WriteDataEhh)
    AUTOMATE::ClickCount()                   0x0800d05d   Thumb Code    28  automate.o(i._ZN8AUTOMATE10ClickCountEv)
    AUTOMATE::AUX1GetStatus()                0x0800d07d   Thumb Code    44  automate.o(i._ZN8AUTOMATE13AUX1GetStatusEv)
    AUTOMATE::FCONGetStatus()                0x0800d0b1   Thumb Code   124  automate.o(i._ZN8AUTOMATE13FCONGetStatusEv)
    AUTOMATE::SCONGetStatus()                0x0800d135   Thumb Code   130  automate.o(i._ZN8AUTOMATE13SCONGetStatusEv)
    AUTOMATE::TCONGetStatus()                0x0800d1c1   Thumb Code   124  automate.o(i._ZN8AUTOMATE13TCONGetStatusEv)
    AUTOMATE::InfoLCDRefreash()              0x0800d245   Thumb Code    44  automate.o(i._ZN8AUTOMATE15InfoLCDRefreashEv)
    AUTOMATE::InterpreterRound()             0x0800d279   Thumb Code    12  automate.o(i._ZN8AUTOMATE16InterpreterRoundEv)
    AUTOMATE::StatusBarRefresh()             0x0800d289   Thumb Code   846  automate.o(i._ZN8AUTOMATE16StatusBarRefreshEv)
    AUTOMATE::ConsoleGetCommand()            0x0800d5f5   Thumb Code    48  automate.o(i._ZN8AUTOMATE17ConsoleGetCommandEv)
    AUTOMATE::RTCGetStatusCount()            0x0800d631   Thumb Code    24  automate.o(i._ZN8AUTOMATE17RTCGetStatusCountEv)
    AUTOMATE::AUX1GetStatusCount()           0x0800d649   Thumb Code    24  automate.o(i._ZN8AUTOMATE18AUX1GetStatusCountEv)
    AUTOMATE::FCONGetStatusCount()           0x0800d661   Thumb Code    22  automate.o(i._ZN8AUTOMATE18FCONGetStatusCountEv)
    AUTOMATE::SCONGetStatusCount()           0x0800d677   Thumb Code    22  automate.o(i._ZN8AUTOMATE18SCONGetStatusCountEv)
    AUTOMATE::TCONGetStatusCount()           0x0800d68d   Thumb Code    22  automate.o(i._ZN8AUTOMATE18TCONGetStatusCountEv)
    AUTOMATE::InfoLCDRefreashCount()         0x0800d6a3   Thumb Code    22  automate.o(i._ZN8AUTOMATE20InfoLCDRefreashCountEv)
    AUTOMATE::InterpreterRoundCount()        0x0800d6b9   Thumb Code    24  automate.o(i._ZN8AUTOMATE21InterpreterRoundCountEv)
    AUTOMATE::ConsoleGetCommandCount()       0x0800d6d1   Thumb Code    24  automate.o(i._ZN8AUTOMATE22ConsoleGetCommandCountEv)
    AUTOMATE::Init()                         0x0800d6e9   Thumb Code    98  automate.o(i._ZN8AUTOMATE4InitEv)
    AUTOMATE::Checking(unsigned char)        0x0800d75d   Thumb Code   166  automate.o(i._ZN8AUTOMATE8CheckingEh)
    main                                     0x0800d805   Thumb Code    90  main.o(i.main)
    __aeabi_d2f                              0x0800d885   Thumb Code     0  d2f.o(x$fpl$d2f)
    _d2f                                     0x0800d885   Thumb Code    98  d2f.o(x$fpl$d2f)
    __aeabi_dadd                             0x0800d8e9   Thumb Code     0  daddsub_clz.o(x$fpl$dadd)
    _dadd                                    0x0800d8e9   Thumb Code   332  daddsub_clz.o(x$fpl$dadd)
    __fpl_dcmp_Inf                           0x0800da39   Thumb Code    24  dcmpi.o(x$fpl$dcmpinf)
    __aeabi_ddiv                             0x0800da51   Thumb Code     0  ddiv.o(x$fpl$ddiv)
    _ddiv                                    0x0800da51   Thumb Code   552  ddiv.o(x$fpl$ddiv)
    __aeabi_d2uiz                            0x0800dd01   Thumb Code     0  dfixu.o(x$fpl$dfixu)
    _dfixu                                   0x0800dd01   Thumb Code    90  dfixu.o(x$fpl$dfixu)
    __aeabi_i2d                              0x0800dd5b   Thumb Code     0  dflt_clz.o(x$fpl$dflt)
    _dflt                                    0x0800dd5b   Thumb Code    46  dflt_clz.o(x$fpl$dflt)
    __aeabi_l2d                              0x0800dd89   Thumb Code     0  dfltll_clz.o(x$fpl$dfltll)
    _ll_sto_d                                0x0800dd89   Thumb Code   162  dfltll_clz.o(x$fpl$dfltll)
    __aeabi_ui2d                             0x0800de2b   Thumb Code     0  dflt_clz.o(x$fpl$dfltu)
    _dfltu                                   0x0800de2b   Thumb Code    38  dflt_clz.o(x$fpl$dfltu)
    __aeabi_cdcmple                          0x0800de51   Thumb Code     0  dleqf.o(x$fpl$dleqf)
    _dcmple                                  0x0800de51   Thumb Code   120  dleqf.o(x$fpl$dleqf)
    __fpl_dcmple_InfNaN                      0x0800deb3   Thumb Code     0  dleqf.o(x$fpl$dleqf)
    __aeabi_dmul                             0x0800dec9   Thumb Code     0  dmul.o(x$fpl$dmul)
    _dmul                                    0x0800dec9   Thumb Code   332  dmul.o(x$fpl$dmul)
    __fpl_dnaninf                            0x0800e01d   Thumb Code   156  dnaninf.o(x$fpl$dnaninf)
    __fpl_dretinf                            0x0800e0b9   Thumb Code    12  dretinf.o(x$fpl$dretinf)
    __aeabi_cdrcmple                         0x0800e0c5   Thumb Code     0  drleqf.o(x$fpl$drleqf)
    _drcmple                                 0x0800e0c5   Thumb Code   108  drleqf.o(x$fpl$drleqf)
    __aeabi_dsub                             0x0800e131   Thumb Code     0  daddsub_clz.o(x$fpl$dsub)
    _dsub                                    0x0800e131   Thumb Code   464  daddsub_clz.o(x$fpl$dsub)
    __aeabi_f2d                              0x0800e305   Thumb Code     0  f2d.o(x$fpl$f2d)
    _f2d                                     0x0800e305   Thumb Code    86  f2d.o(x$fpl$f2d)
    __fpl_fcmp_Inf                           0x0800e35b   Thumb Code    24  fcmpi.o(x$fpl$fcmpinf)
    __aeabi_fdiv                             0x0800e375   Thumb Code     0  fdiv.o(x$fpl$fdiv)
    _fdiv                                    0x0800e375   Thumb Code   384  fdiv.o(x$fpl$fdiv)
    __aeabi_cfcmple                          0x0800e4f9   Thumb Code     0  fleqf.o(x$fpl$fleqf)
    _fcmple                                  0x0800e4f9   Thumb Code   104  fleqf.o(x$fpl$fleqf)
    __fpl_fcmple_InfNaN                      0x0800e54b   Thumb Code     0  fleqf.o(x$fpl$fleqf)
    __fpl_fnaninf                            0x0800e561   Thumb Code   140  fnaninf.o(x$fpl$fnaninf)
    __fpl_fretinf                            0x0800e5ed   Thumb Code    10  fretinf.o(x$fpl$fretinf)
    __aeabi_cfrcmple                         0x0800e5f7   Thumb Code     0  frleqf.o(x$fpl$frleqf)
    _frcmple                                 0x0800e5f7   Thumb Code    98  frleqf.o(x$fpl$frleqf)
    __aeabi_d2lz                             0x0800e659   Thumb Code     0  dfixll.o(x$fpl$llsfromd)
    _ll_sfrom_d                              0x0800e659   Thumb Code   194  dfixll.o(x$fpl$llsfromd)
    __I$use$fp                               0x0800e71a   Number         0  usenofp.o(x$fpl$usenofp)
    Region$$Table$$Base                      0x0800e7e0   Number         0  anon$$obj.o(Region$$Table)
    Region$$Table$$Limit                     0x0800e800   Number         0  anon$$obj.o(Region$$Table)
    Sconi                                    0x20000008   Data           1  sconi.o(.data)
    Tconi                                    0x200000d0   Data           1  tconi.o(.data)
    Fconi                                    0x20000198   Data           1  fconi.o(.data)
    Cconi                                    0x200001a0   Data           1  cconi.o(.data)
    AuxIO                                    0x20000268   Data           1  auxio.o(.data)
    Instruct                                 0x200002d0   Data           1  instruction.o(.data)
    RTClock                                  0x20000450   Data           1  rtclock.o(.data)
    Automate                                 0x20000454   Data          68  automate.o(.bss)
    Cbus                                     0x20000498   Data         260  cbus.o(.bss)
    Ibus                                     0x2000059c   Data         514  ibus.o(.bss)
    Abus                                     0x2000079e   Data         516  abus.o(.bss)
    Status                                   0x200009a8   Data         288  status.o(.bss)
    Shell                                    0x20000ac8   Data        3336  shell.o(.bss)
    Interpreter                              0x20001858   Data        3496  interpreter.o(.bss)
    __libspace_start                         0x20002600   Data          96  libspace.o(.bss)
    __temporary_stack_top$libspace           0x20002660   Data           0  libspace.o(.bss)



==============================================================================

Memory Map of the image

  Image Entry point : 0x080000ed

  Load Region LR_IROM1 (Base: 0x08000000, Size: 0x0000ec54, Max: 0x00010000, ABSOLUTE, COMPRESSED[0x0000e8d4])

    Execution Region ER_IROM1 (Base: 0x08000000, Size: 0x0000e800, Max: 0x00010000, ABSOLUTE)

    Base Addr    Size         Type   Attr      Idx    E Section Name        Object

    0x08000000   0x000000ec   Data   RO         1857    RESET               startup_stm32f10x_md.o
    0x080000ec   0x00000008   Code   RO         1943  * !!!main             c_w.l(__main.o)
    0x080000f4   0x00000034   Code   RO         2171    !!!scatter          c_w.l(__scatter.o)
    0x08000128   0x00000064   Code   RO         2169    !!dclz77c           c_w.l(__dclz77c.o)
    0x0800018c   0x0000001c   Code   RO         2173    !!handler_zi        c_w.l(__scatter_zi.o)
    0x080001a8   0x00000002   Code   RO         2039    .ARM.Collect$$libinit$$00000000  c_w.l(libinit.o)
    0x080001aa   0x00000000   Code   RO         2052    .ARM.Collect$$libinit$$00000002  c_w.l(libinit2.o)
    0x080001aa   0x00000000   Code   RO         2054    .ARM.Collect$$libinit$$00000004  c_w.l(libinit2.o)
    0x080001aa   0x00000000   Code   RO         2057    .ARM.Collect$$libinit$$0000000A  c_w.l(libinit2.o)
    0x080001aa   0x00000000   Code   RO         2059    .ARM.Collect$$libinit$$0000000C  c_w.l(libinit2.o)
    0x080001aa   0x00000000   Code   RO         2061    .ARM.Collect$$libinit$$0000000E  c_w.l(libinit2.o)
    0x080001aa   0x00000000   Code   RO         2064    .ARM.Collect$$libinit$$00000011  c_w.l(libinit2.o)
    0x080001aa   0x00000000   Code   RO         2066    .ARM.Collect$$libinit$$00000013  c_w.l(libinit2.o)
    0x080001aa   0x00000000   Code   RO         2068    .ARM.Collect$$libinit$$00000015  c_w.l(libinit2.o)
    0x080001aa   0x00000000   Code   RO         2070    .ARM.Collect$$libinit$$00000017  c_w.l(libinit2.o)
    0x080001aa   0x00000000   Code   RO         2072    .ARM.Collect$$libinit$$00000019  c_w.l(libinit2.o)
    0x080001aa   0x00000000   Code   RO         2074    .ARM.Collect$$libinit$$0000001B  c_w.l(libinit2.o)
    0x080001aa   0x00000000   Code   RO         2076    .ARM.Collect$$libinit$$0000001D  c_w.l(libinit2.o)
    0x080001aa   0x00000000   Code   RO         2078    .ARM.Collect$$libinit$$0000001F  c_w.l(libinit2.o)
    0x080001aa   0x00000000   Code   RO         2080    .ARM.Collect$$libinit$$00000021  c_w.l(libinit2.o)
    0x080001aa   0x00000000   Code   RO         2082    .ARM.Collect$$libinit$$00000023  c_w.l(libinit2.o)
    0x080001aa   0x00000000   Code   RO         2084    .ARM.Collect$$libinit$$00000025  c_w.l(libinit2.o)
    0x080001aa   0x00000000   Code   RO         2088    .ARM.Collect$$libinit$$0000002C  c_w.l(libinit2.o)
    0x080001aa   0x00000000   Code   RO         2090    .ARM.Collect$$libinit$$0000002E  c_w.l(libinit2.o)
    0x080001aa   0x00000000   Code   RO         2092    .ARM.Collect$$libinit$$00000030  c_w.l(libinit2.o)
    0x080001aa   0x00000000   Code   RO         2094    .ARM.Collect$$libinit$$00000032  c_w.l(libinit2.o)
    0x080001aa   0x00000002   Code   RO         2095    .ARM.Collect$$libinit$$00000033  c_w.l(libinit2.o)
    0x080001ac   0x00000002   Code   RO         2126    .ARM.Collect$$libshutdown$$00000000  c_w.l(libshutdown.o)
    0x080001ae   0x00000000   Code   RO         2152    .ARM.Collect$$libshutdown$$00000002  c_w.l(libshutdown2.o)
    0x080001ae   0x00000000   Code   RO         2154    .ARM.Collect$$libshutdown$$00000004  c_w.l(libshutdown2.o)
    0x080001ae   0x00000000   Code   RO         2157    .ARM.Collect$$libshutdown$$00000007  c_w.l(libshutdown2.o)
    0x080001ae   0x00000000   Code   RO         2160    .ARM.Collect$$libshutdown$$0000000A  c_w.l(libshutdown2.o)
    0x080001ae   0x00000000   Code   RO         2162    .ARM.Collect$$libshutdown$$0000000C  c_w.l(libshutdown2.o)
    0x080001ae   0x00000000   Code   RO         2165    .ARM.Collect$$libshutdown$$0000000F  c_w.l(libshutdown2.o)
    0x080001ae   0x00000002   Code   RO         2166    .ARM.Collect$$libshutdown$$00000010  c_w.l(libshutdown2.o)
    0x080001b0   0x00000000   Code   RO         1991    .ARM.Collect$$rtentry$$00000000  c_w.l(__rtentry.o)
    0x080001b0   0x00000000   Code   RO         2010    .ARM.Collect$$rtentry$$00000002  c_w.l(__rtentry2.o)
    0x080001b0   0x00000006   Code   RO         2022    .ARM.Collect$$rtentry$$00000004  c_w.l(__rtentry4.o)
    0x080001b6   0x00000000   Code   RO         2012    .ARM.Collect$$rtentry$$00000009  c_w.l(__rtentry2.o)
    0x080001b6   0x00000004   Code   RO         2013    .ARM.Collect$$rtentry$$0000000A  c_w.l(__rtentry2.o)
    0x080001ba   0x00000000   Code   RO         2015    .ARM.Collect$$rtentry$$0000000C  c_w.l(__rtentry2.o)
    0x080001ba   0x00000008   Code   RO         2016    .ARM.Collect$$rtentry$$0000000D  c_w.l(__rtentry2.o)
    0x080001c2   0x00000002   Code   RO         2043    .ARM.Collect$$rtexit$$00000000  c_w.l(rtexit.o)
    0x080001c4   0x00000000   Code   RO         2099    .ARM.Collect$$rtexit$$00000002  c_w.l(rtexit2.o)
    0x080001c4   0x00000004   Code   RO         2100    .ARM.Collect$$rtexit$$00000003  c_w.l(rtexit2.o)
    0x080001c8   0x00000006   Code   RO         2101    .ARM.Collect$$rtexit$$00000004  c_w.l(rtexit2.o)
    0x080001ce   0x00000002   PAD
    0x080001d0   0x00000040   Code   RO         1858    .text               startup_stm32f10x_md.o
    0x08000210   0x000000ee   Code   RO         1933    .text               c_w.l(lludivv7m.o)
    0x080002fe   0x00000048   Code   RO         1935    .text               c_w.l(llsdiv.o)
    0x08000346   0x00000064   Code   RO         1937    .text               c_w.l(rt_memcpy_w.o)
    0x080003aa   0x0000004e   Code   RO         1939    .text               c_w.l(rt_memclr_w.o)
    0x080003f8   0x00000006   Code   RO         1941    .text               c_w.l(heapauxi.o)
    0x080003fe   0x0000004a   Code   RO         2026    .text               c_w.l(sys_stackheap_outer.o)
    0x08000448   0x00000012   Code   RO         2028    .text               c_w.l(exit.o)
    0x0800045a   0x00000002   PAD
    0x0800045c   0x00000008   Code   RO         2040    .text               c_w.l(libspace.o)
    0x08000464   0x0000000c   Code   RO         2096    .text               c_w.l(sys_exit.o)
    0x08000470   0x00000002   Code   RO         2115    .text               c_w.l(use_no_semi.o)
    0x08000472   0x00000000   Code   RO         2117    .text               c_w.l(indicate_semi.o)
    0x08000472   0x00000008   Code   RO         1865    i.SetSysClock       system_stm32f10x.o
    0x0800047a   0x00000002   PAD
    0x0800047c   0x000000e0   Code   RO         1866    i.SetSysClockTo72   system_stm32f10x.o
    0x0800055c   0x00000060   Code   RO         1868    i.SystemInit        system_stm32f10x.o
    0x080005bc   0x00000058   Code   RO           93    i.TIM3_IRQHandler   automate.o
    0x08000614   0x0000009c   Code   RO         1077    i.USART1_IRQHandler  abus.o
    0x080006b0   0x00000098   Code   RO          750    i.USART2_IRQHandler  ibus.o
    0x08000748   0x00000094   Code   RO          269    i.USART3_IRQHandler  cbus.o
    0x080007dc   0x00000018   Code   RO         1840    i._Z10IIC_GetSDAv   rtclock.o
    0x080007f4   0x00000028   Code   RO         1833    i._Z7IIC_SCLb       rtclock.o
    0x0800081c   0x00000028   Code   RO         1826    i._Z7IIC_SDAb       rtclock.o
    0x08000844   0x00000034   Code   RO            4    i._Z8Delay_Msj      main.o
    0x08000878   0x00000110   Code   RO         1335    i._ZN11INSTRUCTION10DisableIDPEv  instruction.o
    0x08000988   0x00000194   Code   RO         1336    i._ZN11INSTRUCTION10SetColExtAEj  instruction.o
    0x08000b1c   0x00000194   Code   RO         1337    i._ZN11INSTRUCTION10SetColExtBEj  instruction.o
    0x08000cb0   0x00000254   Code   RO         1338    i._ZN11INSTRUCTION10SetTemExtAEj  instruction.o
    0x08000f04   0x00000254   Code   RO         1339    i._ZN11INSTRUCTION10SetTemExtBEj  instruction.o
    0x08001158   0x00000040   Code   RO         1340    i._ZN11INSTRUCTION11RefreshDictEv  instruction.o
    0x08001198   0x0000022c   Code   RO         1341    i._ZN11INSTRUCTION11StorageInfoEv  instruction.o
    0x080013c4   0x0000025c   Code   RO         1342    i._ZN11INSTRUCTION11WarningInfoEv  instruction.o
    0x08001620   0x000002e8   Code   RO         1343    i._ZN11INSTRUCTION13EnableNozzleAEv  instruction.o
    0x08001908   0x000002e8   Code   RO         1344    i._ZN11INSTRUCTION13EnableNozzleBEv  instruction.o
    0x08001bf0   0x00000174   Code   RO         1345    i._ZN11INSTRUCTION13EnableStepperEv  instruction.o
    0x08001d64   0x000002e8   Code   RO         1346    i._ZN11INSTRUCTION14DisableNozzleAEv  instruction.o
    0x0800204c   0x000002e8   Code   RO         1347    i._ZN11INSTRUCTION14DisableNozzleBEv  instruction.o
    0x08002334   0x00000084   Code   RO         1348    i._ZN11INSTRUCTION14ReloadFilamentEv  instruction.o
    0x080023b8   0x000000e8   Code   RO         1349    i._ZN11INSTRUCTION15EnableMainLightEv  instruction.o
    0x080024a0   0x000000e8   Code   RO         1350    i._ZN11INSTRUCTION16DisableMainLightEv  instruction.o
    0x08002588   0x00000138   Code   RO         1351    i._ZN11INSTRUCTION17ManufacturingInfoEv  instruction.o
    0x080026c0   0x00000084   Code   RO         1352    i._ZN11INSTRUCTION17StopManufacturingEv  instruction.o
    0x08002744   0x00000084   Code   RO         1353    i._ZN11INSTRUCTION18PauseManufacturingEv  instruction.o
    0x080027c8   0x000001e0   Code   RO         1354    i._ZN11INSTRUCTION18StartManufacturingEv  instruction.o
    0x080029a8   0x00000104   Code   RO         1355    i._ZN11INSTRUCTION19ManufacturingReportEv  instruction.o
    0x08002aac   0x000000e4   Code   RO         1356    i._ZN11INSTRUCTION19ResumeManufacturingEv  instruction.o
    0x08002b90   0x000000e8   Code   RO         1357    i._ZN11INSTRUCTION20EnableAuxiliaryLightEv  instruction.o
    0x08002c78   0x000000e8   Code   RO         1358    i._ZN11INSTRUCTION21DisableAuxiliaryLightEv  instruction.o
    0x08002d60   0x0000008c   Code   RO         1359    i._ZN11INSTRUCTION7Num2ChrEPcj  instruction.o
    0x08002dec   0x0000048c   Code   RO         1360    i._ZN11INSTRUCTION8AutoHomeEv  instruction.o
    0x08003278   0x00000030   Code   RO         1361    i._ZN11INSTRUCTION8NotFoundEv  instruction.o
    0x080032a8   0x0000002c   Code   RO         1362    i._ZN11INSTRUCTION8PrintNumEj  instruction.o
    0x080032d4   0x00000250   Code   RO         1363    i._ZN11INSTRUCTION8SetTemBPEj  instruction.o
    0x08003524   0x00000110   Code   RO         1364    i._ZN11INSTRUCTION9EnableIDPEv  instruction.o
    0x08003634   0x000004c4   Code   RO         1365    i._ZN11INSTRUCTION9ErrorInfoEv  instruction.o
    0x08003af8   0x000002f4   Code   RO         1366    i._ZN11INSTRUCTION9MoveAxisXEj  instruction.o
    0x08003dec   0x000002f4   Code   RO         1367    i._ZN11INSTRUCTION9MoveAxisYEj  instruction.o
    0x080040e0   0x000002f4   Code   RO         1368    i._ZN11INSTRUCTION9MoveAxisZEj  instruction.o
    0x080043d4   0x0000000e   Code   RO         1564    i._ZN11INTERPRETER10AbsDecimalEi  interpreter.o
    0x080043e2   0x00000002   PAD
    0x080043e4   0x000000b0   Code   RO         1565    i._ZN11INTERPRETER11StatusCheckEv  interpreter.o
    0x08004494   0x00000130   Code   RO         1566    i._ZN11INTERPRETER12CharToDoubleEPh  interpreter.o
    0x080045c4   0x00001c60   Code   RO         1567    i._ZN11INTERPRETER12LocalAnalyseEv  interpreter.o
    0x08006224   0x00000080   Code   RO         1568    i._ZN11INTERPRETER13CharToDecimalEPh  interpreter.o
    0x080062a4   0x0000049c   Code   RO         1569    i._ZN11INTERPRETER14GetInstructionEv  interpreter.o
    0x08006740   0x00000180   Code   RO         1570    i._ZN11INTERPRETER4InitEv  interpreter.o
    0x080068c0   0x00000016   Code   RO         1571    i._ZN11INTERPRETER4StopEv  interpreter.o
    0x080068d6   0x00000046   Code   RO         1572    i._ZN11INTERPRETER4TickEv  interpreter.o
    0x0800691c   0x00000016   Code   RO         1573    i._ZN11INTERPRETER5PauseEv  interpreter.o
    0x08006932   0x00000002   PAD
    0x08006934   0x00000180   Code   RO         1574    i._ZN11INTERPRETER5ResetEv  interpreter.o
    0x08006ab4   0x00000864   Code   RO         1575    i._ZN11INTERPRETER5RoundEv  interpreter.o
    0x08007318   0x00000032   Code   RO         1576    i._ZN11INTERPRETER5StartEv  interpreter.o
    0x0800734a   0x00000016   Code   RO         1577    i._ZN11INTERPRETER6ReLoadEv  interpreter.o
    0x08007360   0x0000002a   Code   RO         1578    i._ZN11INTERPRETER6ResumeEv  interpreter.o
    0x0800738a   0x00000002   PAD
    0x0800738c   0x00000ba4   Code   RO         1579    i._ZN11INTERPRETER7ProcessEv  interpreter.o
    0x08007f30   0x00000100   Code   RO         1580    i._ZN11INTERPRETER8PreCheckEv  interpreter.o
    0x08008030   0x0000003e   Code   RO         1582    i._ZN11INTERPRETER9AxisRoundERdd  interpreter.o
    0x0800806e   0x00000002   PAD
    0x08008070   0x00000058   Code   RO         1078    i._ZN4ABUS14WaitForReceiveEj  abus.o
    0x080080c8   0x0000000e   Code   RO         1079    i._ZN4ABUS17TestIfVerifyErrorEv  abus.o
    0x080080d6   0x00000002   PAD
    0x080080d8   0x0000001c   Code   RO         1080    i._ZN4ABUS2TxEh     abus.o
    0x080080f4   0x000000c8   Code   RO         1081    i._ZN4ABUS4InitEv   abus.o
    0x080081bc   0x0000003a   Code   RO         1082    i._ZN4ABUS5PrintEPc  abus.o
    0x080081f6   0x00000042   Code   RO         1083    i._ZN4ABUS8TransmitEcPcj  abus.o
    0x08008238   0x0000003e   Code   RO         1084    i._ZN4ABUS9TestReplyEc  abus.o
    0x08008276   0x00000002   PAD
    0x08008278   0x00000058   Code   RO          270    i._ZN4CBUS14WaitForReceiveEj  cbus.o
    0x080082d0   0x0000000e   Code   RO          271    i._ZN4CBUS17TestIfVerifyErrorEv  cbus.o
    0x080082de   0x00000002   PAD
    0x080082e0   0x0000001c   Code   RO          272    i._ZN4CBUS2TxEh     cbus.o
    0x080082fc   0x000000c8   Code   RO          273    i._ZN4CBUS4InitEv   cbus.o
    0x080083c4   0x0000003a   Code   RO          274    i._ZN4CBUS5PrintEPc  cbus.o
    0x080083fe   0x00000042   Code   RO          275    i._ZN4CBUS8TransmitEcPcj  cbus.o
    0x08008440   0x00000038   Code   RO          276    i._ZN4CBUS9TestReplyEc  cbus.o
    0x08008478   0x00000058   Code   RO          751    i._ZN4IBUS14WaitForReceiveEj  ibus.o
    0x080084d0   0x0000000e   Code   RO          752    i._ZN4IBUS17TestIfVerifyErrorEv  ibus.o
    0x080084de   0x00000002   PAD
    0x080084e0   0x0000001c   Code   RO          753    i._ZN4IBUS2TxEh     ibus.o
    0x080084fc   0x000000c0   Code   RO          754    i._ZN4IBUS4InitEv   ibus.o
    0x080085bc   0x0000003a   Code   RO          755    i._ZN4IBUS5PrintEPc  ibus.o
    0x080085f6   0x00000042   Code   RO          756    i._ZN4IBUS8TransmitEcPcj  ibus.o
    0x08008638   0x0000003e   Code   RO          757    i._ZN4IBUS9TestReplyEc  ibus.o
    0x08008676   0x00000002   PAD
    0x08008678   0x00000090   Code   RO         1150    i._ZN5AUXIO18GetStatusMaterialAEv  auxio.o
    0x08008708   0x00000090   Code   RO         1151    i._ZN5AUXIO18GetStatusMaterialBEv  auxio.o
    0x08008798   0x00000090   Code   RO         1152    i._ZN5AUXIO18SetStatusMainLightEb  auxio.o
    0x08008828   0x00000090   Code   RO         1153    i._ZN5AUXIO23SetStatusAuxiliaryLightEb  auxio.o
    0x080088b8   0x00000078   Code   RO         1154    i._ZN5AUXIO8TestLinkEv  auxio.o
    0x08008930   0x000000a8   Code   RO          980    i._ZN5CCONI10GetCommandEv  cconi.o
    0x080089d8   0x000000c0   Code   RO          981    i._ZN5CCONI12SetStatusBarEv  cconi.o
    0x08008a98   0x00000080   Code   RO          982    i._ZN5CCONI13HangUpConsoleEv  cconi.o
    0x08008b18   0x000002b8   Code   RO          983    i._ZN5CCONI13SetInfoScreenEv  cconi.o
    0x08008dd0   0x000000f0   Code   RO          984    i._ZN5CCONI14ConsoleDisplayEPcb  cconi.o
    0x08008ec0   0x000000c4   Code   RO          985    i._ZN5CCONI16ExpandDictionaryEPc  cconi.o
    0x08008f84   0x00000038   Code   RO          990    i._ZN5CCONI7Num2ChrEjPc  cconi.o
    0x08008fbc   0x00000078   Code   RO          991    i._ZN5CCONI8TestLinkEv  cconi.o
    0x08009034   0x000000cc   Code   RO          823    i._ZN5FCONI11GetFileNameEv  fconi.o
    0x08009100   0x000000b0   Code   RO          824    i._ZN5FCONI11GetFileSizeEv  fconi.o
    0x080091b0   0x00000048   Code   RO          825    i._ZN5FCONI12CharToNumberEhPh  fconi.o
    0x080091f8   0x000000cc   Code   RO          826    i._ZN5FCONI12FileReadLineEhPh  fconi.o
    0x080092c4   0x000000b0   Code   RO          827    i._ZN5FCONI12GetFileInfo1Ev  fconi.o
    0x08009374   0x000000b0   Code   RO          828    i._ZN5FCONI12GetFileInfo2Ev  fconi.o
    0x08009424   0x000000b0   Code   RO          829    i._ZN5FCONI12GetFileInfo3Ev  fconi.o
    0x080094d4   0x000000b0   Code   RO          830    i._ZN5FCONI12GetFileInfo4Ev  fconi.o
    0x08009584   0x000000b0   Code   RO          831    i._ZN5FCONI12GetFileInfo5Ev  fconi.o
    0x08009634   0x000000b0   Code   RO          832    i._ZN5FCONI12GetFileInfo6Ev  fconi.o
    0x080096e4   0x000000b0   Code   RO          834    i._ZN5FCONI13GetRestVolumeEv  fconi.o
    0x08009794   0x000000b0   Code   RO          835    i._ZN5FCONI14GetFilePointerEv  fconi.o
    0x08009844   0x000000b0   Code   RO          836    i._ZN5FCONI14GetTotalVolumeEv  fconi.o
    0x080098f4   0x000000b0   Code   RO          838    i._ZN5FCONI19GetFileEstimateTimeEv  fconi.o
    0x080099a4   0x000000b0   Code   RO          839    i._ZN5FCONI20GetFileCommandNumberEv  fconi.o
    0x08009a54   0x000000b0   Code   RO          840    i._ZN5FCONI20GetFileTotalDistanceEv  fconi.o
    0x08009b04   0x000000c8   Code   RO          841    i._ZN5FCONI8FileOpenEv  fconi.o
    0x08009bcc   0x000000c8   Code   RO          843    i._ZN5FCONI8FileTestEv  fconi.o
    0x08009c94   0x00000078   Code   RO          844    i._ZN5FCONI8TestLinkEv  fconi.o
    0x08009d0c   0x00000088   Code   RO          342    i._ZN5SCONI10AutoHomingEv  sconi.o
    0x08009d94   0x00000074   Code   RO          343    i._ZN5SCONI10DisableIDPEv  sconi.o
    0x08009e08   0x0000008c   Code   RO          344    i._ZN5SCONI11GetStatusFAEv  sconi.o
    0x08009e94   0x00000100   Code   RO          345    i._ZN5SCONI11SetPositionEdc  sconi.o
    0x08009f94   0x00000088   Code   RO          346    i._ZN5SCONI12GetPositionAEv  sconi.o
    0x0800a01c   0x00000088   Code   RO          347    i._ZN5SCONI12GetPositionBEv  sconi.o
    0x0800a0a4   0x00000088   Code   RO          348    i._ZN5SCONI12GetPositionXEv  sconi.o
    0x0800a12c   0x00000088   Code   RO          349    i._ZN5SCONI12GetPositionYEv  sconi.o
    0x0800a1b4   0x00000088   Code   RO          350    i._ZN5SCONI12GetPositionZEv  sconi.o
    0x0800a23c   0x0000007c   Code   RO          351    i._ZN5SCONI12GetStatusIDPEv  sconi.o
    0x0800a2b8   0x00000080   Code   RO          353    i._ZN5SCONI13EnableStepperEv  sconi.o
    0x0800a338   0x0000007c   Code   RO          354    i._ZN5SCONI13GetStatusBusyEv  sconi.o
    0x0800a3b4   0x00000088   Code   RO          355    i._ZN5SCONI13GetTestPointAEv  sconi.o
    0x0800a43c   0x00000088   Code   RO          356    i._ZN5SCONI13GetTestPointBEv  sconi.o
    0x0800a4c4   0x00000088   Code   RO          357    i._ZN5SCONI13GetTestPointCEv  sconi.o
    0x0800a54c   0x00000088   Code   RO          358    i._ZN5SCONI13GetTestPointDEv  sconi.o
    0x0800a5d4   0x00000088   Code   RO          359    i._ZN5SCONI13GetTestPointMEv  sconi.o
    0x0800a65c   0x0000007c   Code   RO          360    i._ZN5SCONI14GetStatusHomedEv  sconi.o
    0x0800a6d8   0x000000c8   Code   RO          361    i._ZN5SCONI14SetNozzleStateEhh  sconi.o
    0x0800a7a0   0x00000088   Code   RO          362    i._ZN5SCONI15GetPositionXMaxEv  sconi.o
    0x0800a828   0x00000088   Code   RO          363    i._ZN5SCONI15GetPositionYMaxEv  sconi.o
    0x0800a8b0   0x00000088   Code   RO          364    i._ZN5SCONI15GetPositionZMaxEv  sconi.o
    0x0800a938   0x0000007c   Code   RO          367    i._ZN5SCONI16GetStatusStepperEv  sconi.o
    0x0800a9b4   0x0000008c   Code   RO          368    i._ZN5SCONI17GetStatusLevelingEv  sconi.o
    0x0800aa40   0x00000194   Code   RO          369    i._ZN5SCONI6MotionEPdf  sconi.o
    0x0800abd4   0x000000f8   Code   RO          370    i._ZN5SCONI7Chr2FloEPcjjb  sconi.o
    0x0800accc   0x0000010c   Code   RO          371    i._ZN5SCONI7Flo2ChrEPcdjjb  sconi.o
    0x0800add8   0x00000094   Code   RO          372    i._ZN5SCONI8GetL1MaxEv  sconi.o
    0x0800ae6c   0x00000094   Code   RO          373    i._ZN5SCONI8GetL2MaxEv  sconi.o
    0x0800af00   0x00000108   Code   RO          374    i._ZN5SCONI8MoveAxisEdh  sconi.o
    0x0800b008   0x00000074   Code   RO          375    i._ZN5SCONI8TestLinkEv  sconi.o
    0x0800b07c   0x00000074   Code   RO          376    i._ZN5SCONI9EnableIDPEv  sconi.o
    0x0800b0f0   0x00000094   Code   RO          377    i._ZN5SCONI9GetL1RestEv  sconi.o
    0x0800b184   0x00000094   Code   RO          378    i._ZN5SCONI9GetL2RestEv  sconi.o
    0x0800b218   0x00000012   Code   RO         1228    i._ZN5SHELL4InitEv  shell.o
    0x0800b22a   0x00000016   Code   RO         1229    i._ZN5SHELL5FlushEv  shell.o
    0x0800b240   0x0000008a   Code   RO         1230    i._ZN5SHELL5MatchEPcS0_  shell.o
    0x0800b2ca   0x00000016   Code   RO         1231    i._ZN5SHELL5UpperEc  shell.o
    0x0800b2e0   0x00000050   Code   RO         1233    i._ZN5SHELL7Chr2NumEPc  shell.o
    0x0800b330   0x0000003a   Code   RO         1234    i._ZN5SHELL7CompareEPcS0_  shell.o
    0x0800b36a   0x00000002   PAD
    0x0800b36c   0x00000588   Code   RO         1235    i._ZN5SHELL7DecoderEv  shell.o
    0x0800b8f4   0x000000a8   Code   RO         1236    i._ZN5SHELL7GetWordEPcS0_Rc  shell.o
    0x0800b99c   0x00000220   Code   RO         1237    i._ZN5SHELL8DictInitEv  shell.o
    0x0800bbbc   0x0000001e   Code   RO         1238    i._ZN5SHELL8IsLetterEc  shell.o
    0x0800bbda   0x00000012   Code   RO         1239    i._ZN5SHELL8IsNumberEc  shell.o
    0x0800bbec   0x00000082   Code   RO         1240    i._ZN5SHELL9GetNumberEPcRj  shell.o
    0x0800bc6e   0x00000002   PAD
    0x0800bc70   0x0000007c   Code   RO          588    i._ZN5TCONI18GetStatusBasePlaneEv  tconi.o
    0x0800bcec   0x0000007c   Code   RO          589    i._ZN5TCONI18GetStatusExtruderAEv  tconi.o
    0x0800bd68   0x0000007c   Code   RO          590    i._ZN5TCONI18GetStatusExtruderBEv  tconi.o
    0x0800bde4   0x00000090   Code   RO          591    i._ZN5TCONI23GetCoolerPowerExtruderAEv  tconi.o
    0x0800be74   0x00000090   Code   RO          592    i._ZN5TCONI23GetCoolerPowerExtruderBEv  tconi.o
    0x0800bf04   0x00000090   Code   RO          593    i._ZN5TCONI23GetHeaterPowerBasePlaneEv  tconi.o
    0x0800bf94   0x00000090   Code   RO          594    i._ZN5TCONI23GetHeaterPowerExtruderAEv  tconi.o
    0x0800c024   0x00000090   Code   RO          595    i._ZN5TCONI23GetHeaterPowerExtruderBEv  tconi.o
    0x0800c0b4   0x00000090   Code   RO          596    i._ZN5TCONI23GetTemperatureBPSettingEv  tconi.o
    0x0800c144   0x00000090   Code   RO          597    i._ZN5TCONI23GetTemperatureBasePlaneEv  tconi.o
    0x0800c1d4   0x00000090   Code   RO          598    i._ZN5TCONI23GetTemperatureEASettingEv  tconi.o
    0x0800c264   0x00000090   Code   RO          599    i._ZN5TCONI23GetTemperatureEBSettingEv  tconi.o
    0x0800c2f4   0x00000090   Code   RO          600    i._ZN5TCONI23GetTemperatureExtruderAEv  tconi.o
    0x0800c384   0x00000090   Code   RO          601    i._ZN5TCONI23GetTemperatureExtruderBEv  tconi.o
    0x0800c414   0x000000b0   Code   RO          602    i._ZN5TCONI23SetCoolerPowerExtruderAEh  tconi.o
    0x0800c4c4   0x000000b0   Code   RO          603    i._ZN5TCONI23SetCoolerPowerExtruderBEh  tconi.o
    0x0800c574   0x000000cc   Code   RO          604    i._ZN5TCONI23SetTemperatureBPSettingEt  tconi.o
    0x0800c640   0x000000d0   Code   RO          605    i._ZN5TCONI23SetTemperatureEASettingEt  tconi.o
    0x0800c710   0x000000d0   Code   RO          606    i._ZN5TCONI23SetTemperatureEBSettingEt  tconi.o
    0x0800c7e0   0x00000090   Code   RO          607    i._ZN5TCONI25GetTemperatureEnvironmentEv  tconi.o
    0x0800c870   0x000000f8   Code   RO          608    i._ZN5TCONI7Chr2FloEPcjjb  tconi.o
    0x0800c968   0x0000010c   Code   RO          609    i._ZN5TCONI7Flo2ChrEPcdjjb  tconi.o
    0x0800ca74   0x00000074   Code   RO          610    i._ZN5TCONI8TestLinkEv  tconi.o
    0x0800cae8   0x0000004c   Code   RO         1703    i._ZN7RTCLOCK11IIC_WaitAckEv  rtclock.o
    0x0800cb34   0x00000040   Code   RO         1704    i._ZN7RTCLOCK11WriteEnableEv  rtclock.o
    0x0800cb74   0x0000005c   Code   RO         1705    i._ZN7RTCLOCK12IIC_ReadByteEb  rtclock.o
    0x0800cbd0   0x0000005a   Code   RO         1706    i._ZN7RTCLOCK12IIC_SendByteEh  rtclock.o
    0x0800cc2a   0x00000040   Code   RO         1707    i._ZN7RTCLOCK12WriteDisableEv  rtclock.o
    0x0800cc6a   0x00000002   PAD
    0x0800cc6c   0x00000050   Code   RO         1708    i._ZN7RTCLOCK4InitEv  rtclock.o
    0x0800ccbc   0x0000003c   Code   RO         1709    i._ZN7RTCLOCK4ReadERhh  rtclock.o
    0x0800ccf8   0x00000054   Code   RO         1710    i._ZN7RTCLOCK5WriteEhh  rtclock.o
    0x0800cd4c   0x0000002a   Code   RO         1711    i._ZN7RTCLOCK7DelayUsEh  rtclock.o
    0x0800cd76   0x00000002   PAD
    0x0800cd78   0x00000188   Code   RO         1712    i._ZN7RTCLOCK7GetTimeEv  rtclock.o
    0x0800cf00   0x0000002e   Code   RO         1713    i._ZN7RTCLOCK7IIC_AckEv  rtclock.o
    0x0800cf2e   0x00000012   Code   RO         1715    i._ZN7RTCLOCK8IIC_InitEv  rtclock.o
    0x0800cf40   0x0000002e   Code   RO         1716    i._ZN7RTCLOCK8IIC_NAckEv  rtclock.o
    0x0800cf6e   0x0000002e   Code   RO         1717    i._ZN7RTCLOCK8IIC_StopEv  rtclock.o
    0x0800cf9c   0x00000050   Code   RO         1718    i._ZN7RTCLOCK8ReadDataEh  rtclock.o
    0x0800cfec   0x0000002e   Code   RO         1719    i._ZN7RTCLOCK9IIC_StartEv  rtclock.o
    0x0800d01a   0x00000040   Code   RO         1720    i._ZN7RTCLOCK9WriteDataEhh  rtclock.o
    0x0800d05a   0x00000002   PAD
    0x0800d05c   0x00000020   Code   RO           94    i._ZN8AUTOMATE10ClickCountEv  automate.o
    0x0800d07c   0x00000034   Code   RO           96    i._ZN8AUTOMATE13AUX1GetStatusEv  automate.o
    0x0800d0b0   0x00000084   Code   RO           97    i._ZN8AUTOMATE13FCONGetStatusEv  automate.o
    0x0800d134   0x0000008c   Code   RO           98    i._ZN8AUTOMATE13SCONGetStatusEv  automate.o
    0x0800d1c0   0x00000084   Code   RO           99    i._ZN8AUTOMATE13TCONGetStatusEv  automate.o
    0x0800d244   0x00000034   Code   RO          100    i._ZN8AUTOMATE15InfoLCDRefreashEv  automate.o
    0x0800d278   0x00000010   Code   RO          101    i._ZN8AUTOMATE16InterpreterRoundEv  automate.o
    0x0800d288   0x0000036c   Code   RO          102    i._ZN8AUTOMATE16StatusBarRefreshEv  automate.o
    0x0800d5f4   0x0000003c   Code   RO          103    i._ZN8AUTOMATE17ConsoleGetCommandEv  automate.o
    0x0800d630   0x00000018   Code   RO          104    i._ZN8AUTOMATE17RTCGetStatusCountEv  automate.o
    0x0800d648   0x00000018   Code   RO          105    i._ZN8AUTOMATE18AUX1GetStatusCountEv  automate.o
    0x0800d660   0x00000016   Code   RO          106    i._ZN8AUTOMATE18FCONGetStatusCountEv  automate.o
    0x0800d676   0x00000016   Code   RO          107    i._ZN8AUTOMATE18SCONGetStatusCountEv  automate.o
    0x0800d68c   0x00000016   Code   RO          108    i._ZN8AUTOMATE18TCONGetStatusCountEv  automate.o
    0x0800d6a2   0x00000016   Code   RO          109    i._ZN8AUTOMATE20InfoLCDRefreashCountEv  automate.o
    0x0800d6b8   0x00000018   Code   RO          110    i._ZN8AUTOMATE21InterpreterRoundCountEv  automate.o
    0x0800d6d0   0x00000018   Code   RO          111    i._ZN8AUTOMATE22ConsoleGetCommandCountEv  automate.o
    0x0800d6e8   0x00000074   Code   RO          112    i._ZN8AUTOMATE4InitEv  automate.o
    0x0800d75c   0x000000a6   Code   RO          113    i._ZN8AUTOMATE8CheckingEh  automate.o
    0x0800d802   0x00000002   PAD
    0x0800d804   0x00000080   Code   RO            5    i.main              main.o
    0x0800d884   0x00000062   Code   RO         1945    x$fpl$d2f           fz_ws.l(d2f.o)
    0x0800d8e6   0x00000002   PAD
    0x0800d8e8   0x00000150   Code   RO         1947    x$fpl$dadd          fz_ws.l(daddsub_clz.o)
    0x0800da38   0x00000018   Code   RO         1996    x$fpl$dcmpinf       fz_ws.l(dcmpi.o)
    0x0800da50   0x000002b0   Code   RO         1954    x$fpl$ddiv          fz_ws.l(ddiv.o)
    0x0800dd00   0x0000005a   Code   RO         1961    x$fpl$dfixu         fz_ws.l(dfixu.o)
    0x0800dd5a   0x0000002e   Code   RO         1966    x$fpl$dflt          fz_ws.l(dflt_clz.o)
    0x0800dd88   0x000000a2   Code   RO         1971    x$fpl$dfltll        fz_ws.l(dfltll_clz.o)
    0x0800de2a   0x00000026   Code   RO         1965    x$fpl$dfltu         fz_ws.l(dflt_clz.o)
    0x0800de50   0x00000078   Code   RO         1975    x$fpl$dleqf         fz_ws.l(dleqf.o)
    0x0800dec8   0x00000154   Code   RO         1977    x$fpl$dmul          fz_ws.l(dmul.o)
    0x0800e01c   0x0000009c   Code   RO         1998    x$fpl$dnaninf       fz_ws.l(dnaninf.o)
    0x0800e0b8   0x0000000c   Code   RO         2000    x$fpl$dretinf       fz_ws.l(dretinf.o)
    0x0800e0c4   0x0000006c   Code   RO         1979    x$fpl$drleqf        fz_ws.l(drleqf.o)
    0x0800e130   0x000001d4   Code   RO         1949    x$fpl$dsub          fz_ws.l(daddsub_clz.o)
    0x0800e304   0x00000056   Code   RO         1981    x$fpl$f2d           fz_ws.l(f2d.o)
    0x0800e35a   0x00000018   Code   RO         2002    x$fpl$fcmpinf       fz_ws.l(fcmpi.o)
    0x0800e372   0x00000002   PAD
    0x0800e374   0x00000184   Code   RO         1984    x$fpl$fdiv          fz_ws.l(fdiv.o)
    0x0800e4f8   0x00000068   Code   RO         1987    x$fpl$fleqf         fz_ws.l(fleqf.o)
    0x0800e560   0x0000008c   Code   RO         2004    x$fpl$fnaninf       fz_ws.l(fnaninf.o)
    0x0800e5ec   0x0000000a   Code   RO         2006    x$fpl$fretinf       fz_ws.l(fretinf.o)
    0x0800e5f6   0x00000062   Code   RO         1989    x$fpl$frleqf        fz_ws.l(frleqf.o)
    0x0800e658   0x000000c2   Code   RO         1957    x$fpl$llsfromd      fz_ws.l(dfixll.o)
    0x0800e71a   0x00000000   Code   RO         2008    x$fpl$usenofp       fz_ws.l(usenofp.o)
    0x0800e71a   0x00000006   PAD
    0x0800e720   0x000000b0   Data   RO          867    .constdata          fconi.o
    0x0800e7d0   0x00000010   Data   RO         1004    .constdata          cconi.o
    0x0800e7e0   0x00000020   Data   RO         2167    Region$$Table       anon$$obj.o


    Execution Region RW_IRAM1 (Base: 0x20000000, Size: 0x00002c60, Max: 0x00005000, ABSOLUTE, COMPRESSED[0x000000d4])

    Base Addr    Size         Type   Attr      Idx    E Section Name        Object

    0x20000000   0x00000004   Data   RW          136    .data               automate.o
    0x20000004   0x00000004   PAD
    0x20000008   0x000000c8   Data   RW          416    .data               sconi.o
    0x200000d0   0x000000c8   Data   RW          634    .data               tconi.o
    0x20000198   0x00000001   Data   RW          868    .data               fconi.o
    0x20000199   0x00000007   PAD
    0x200001a0   0x000000c8   Data   RW         1005    .data               cconi.o
    0x20000268   0x00000001   Data   RW         1160    .data               auxio.o
    0x20000269   0x00000007   PAD
    0x20000270   0x00000060   Data   RW         1255    .data               shell.o
    0x200002d0   0x00000068   Data   RW         1404    .data               instruction.o
    0x20000338   0x00000118   Data   RW         1603    .data               interpreter.o
    0x20000450   0x00000001   Data   RW         1739    .data               rtclock.o
    0x20000451   0x00000003   PAD
    0x20000454   0x00000044   Zero   RW          135    .bss                automate.o
    0x20000498   0x00000104   Zero   RW          285    .bss                cbus.o
    0x2000059c   0x00000202   Zero   RW          766    .bss                ibus.o
    0x2000079e   0x00000204   Zero   RW         1093    .bss                abus.o
    0x200009a2   0x00000006   PAD
    0x200009a8   0x00000120   Zero   RW         1204    .bss                status.o
    0x20000ac8   0x00000d08   Zero   RW         1254    .bss                shell.o
    0x200017d0   0x00000082   Zero   RW         1403    .bss                instruction.o
    0x20001852   0x00000006   PAD
    0x20001858   0x00000da8   Zero   RW         1602    .bss                interpreter.o
    0x20002600   0x00000060   Zero   RW         2041    .bss                c_w.l(libspace.o)
    0x20002660   0x00000200   Zero   RW         1856    HEAP                startup_stm32f10x_md.o
    0x20002860   0x00000400   Zero   RW         1855    STACK               startup_stm32f10x_md.o


==============================================================================

Image component sizes


      Code (inc. data)   RO Data    RW Data    ZI Data      Debug   Object Name

       672         44          0          0        516       4815   abus.o
      2046        118          0          4         68      10497   automate.o
       696         86          0          1          0       3892   auxio.o
       658         44          0          0        260       4815   cbus.o
      1796         86         16        200          0       9012   cconi.o
      3288        204        176          1          0      15560   fconi.o
       660         40          0          0        514       4815   ibus.o
     15196       7398          0        104        130      23947   instruction.o
     15508        172          0        280       3496      20646   interpreter.o
       180         42          0          0          0     206970   main.o
      1494         32          0          1          0      11519   rtclock.o
      5388        386          0        200          0      24716   sconi.o
      2644        934          0         96       3336       9076   shell.o
        64         26        236          0       1536        792   startup_stm32f10x_md.o
         0          0          0          0        288       1781   status.o
       328         28          0          0          0       6385   system_stm32f10x.o
      3704        234          0        200          0      17404   tconi.o

    ----------------------------------------------------------------------
     54354       9874        460       1108      10156     376642   Object Totals
         0          0         32          0          0          0   (incl. Generated)
        32          0          0         21         12          0   (incl. Padding)

    ----------------------------------------------------------------------

      Code (inc. data)   RO Data    RW Data    ZI Data      Debug   Library Member Name

       100          0          0          0          0          0   __dclz77c.o
         8          0          0          0          0         68   __main.o
         0          0          0          0          0          0   __rtentry.o
        12          0          0          0          0          0   __rtentry2.o
         6          0          0          0          0          0   __rtentry4.o
        52          8          0          0          0          0   __scatter.o
        28          0          0          0          0          0   __scatter_zi.o
        18          0          0          0          0         80   exit.o
         6          0          0          0          0        152   heapauxi.o
         0          0          0          0          0          0   indicate_semi.o
         2          0          0          0          0          0   libinit.o
         2          0          0          0          0          0   libinit2.o
         2          0          0          0          0          0   libshutdown.o
         2          0          0          0          0          0   libshutdown2.o
         8          4          0          0         96         68   libspace.o
        72          0          0          0          0         76   llsdiv.o
       238          0          0          0          0        100   lludivv7m.o
        78          0          0          0          0         80   rt_memclr_w.o
       100          0          0          0          0         80   rt_memcpy_w.o
         2          0          0          0          0          0   rtexit.o
        10          0          0          0          0          0   rtexit2.o
        12          4          0          0          0         68   sys_exit.o
        74          0          0          0          0         80   sys_stackheap_outer.o
         2          0          0          0          0         68   use_no_semi.o
        98          4          0          0          0         92   d2f.o
       804         16          0          0          0        272   daddsub_clz.o
        24          0          0          0          0         68   dcmpi.o
       688        140          0          0          0        208   ddiv.o
       194          4          0          0          0        116   dfixll.o
        90          4          0          0          0         92   dfixu.o
        84          0          0          0          0        136   dflt_clz.o
       162          0          0          0          0         84   dfltll_clz.o
       120          4          0          0          0         92   dleqf.o
       340         12          0          0          0        104   dmul.o
       156          4          0          0          0         92   dnaninf.o
        12          0          0          0          0         68   dretinf.o
       108          0          0          0          0         80   drleqf.o
        86          4          0          0          0         84   f2d.o
        24          0          0          0          0         68   fcmpi.o
       388         76          0          0          0         96   fdiv.o
       104          4          0          0          0         84   fleqf.o
       140          4          0          0          0         84   fnaninf.o
        10          0          0          0          0         68   fretinf.o
        98          0          0          0          0         68   frleqf.o
         0          0          0          0          0          0   usenofp.o

    ----------------------------------------------------------------------
      4578        292          0          0         96       2976   Library Totals
        14          0          0          0          0          0   (incl. Padding)

    ----------------------------------------------------------------------

      Code (inc. data)   RO Data    RW Data    ZI Data      Debug   Library Name

       834         16          0          0         96        920   c_w.l
      3730        276          0          0          0       2056   fz_ws.l

    ----------------------------------------------------------------------
      4578        292          0          0         96       2976   Library Totals

    ----------------------------------------------------------------------

==============================================================================


      Code (inc. data)   RO Data    RW Data    ZI Data      Debug   

     58932      10166        460       1108      10252     366718   Grand Totals
     58932      10166        460        212      10252     366718   ELF Image Totals (compressed)
     58932      10166        460        212          0          0   ROM Totals

==============================================================================

    Total RO  Size (Code + RO Data)                59392 (  58.00kB)
    Total RW  Size (RW Data + ZI Data)             11360 (  11.09kB)
    Total ROM Size (Code + RO Data + RW Data)      59604 (  58.21kB)

==============================================================================

