Component: ARM Compiler 5.06 update 3 (build 300) Tool: armlink [4d35c9]

==============================================================================

Section Cross References

    main.o(i.TIM2_IRQHandler) refers to main.o(.data) for CardRefreashFlag
    main.o(i._Z12CardRefreashv) refers to card.o(i._ZN4CARD9GetVolumeEv) for CARD::GetVolume()
    main.o(i._Z12CardRefreashv) refers to file.o(i._ZN4FILE8FileOpenEv) for FILE::FileOpen()
    main.o(i._Z12CardRefreashv) refers to card.o(.bss) for Card
    main.o(i._Z12CardRefreashv) refers to main.o(.data) for PreVolume
    main.o(i._Z12CardRefreashv) refers to file.o(.bss) for File
    main.o(i._Z7DelayMsj) refers to main.o(i._Z7DelayUsj) for DelayUs(unsigned)
    main.o(i.main) refers to file.o(i._ZN4FILE4InitEv) for FILE::Init()
    main.o(i.main) refers to uart.o(i._ZN3COM4InitEv) for COM::Init()
    main.o(i.main) refers to card.o(i._ZN4CARD4InitEv) for CARD::Init()
    main.o(i.main) refers to main.o(i._Z7DelayMsj) for DelayMs(unsigned)
    main.o(i.main) refers to card.o(i._ZN4CARD9GetStatusEv) for CARD::GetStatus()
    main.o(i.main) refers to file.o(i._ZN4FILE8FileOpenEv) for FILE::FileOpen()
    main.o(i.main) refers to uart.o(i._ZN3COM7DecoderEv) for COM::Decoder()
    main.o(i.main) refers to main.o(i._Z12CardRefreashv) for CardRefreash()
    main.o(i.main) refers to file.o(.bss) for File
    main.o(i.main) refers to uart.o(.bss) for Serial
    main.o(i.main) refers to card.o(.bss) for Card
    main.o(i.main) refers to main.o(.data) for CardRefreashFlag
    main.o(.ARM.exidx) refers to main.o(i.TIM2_IRQHandler) for i.TIM2_IRQHandler
    main.o(.ARM.exidx) refers to main.o(i._Z12CardRefreashv) for i._Z12CardRefreashv
    main.o(.ARM.exidx) refers to main.o(i._Z7DelayUsj) for i._Z7DelayUsj
    main.o(.ARM.exidx) refers to main.o(i._Z7DelayMsj) for i._Z7DelayMsj
    main.o(.ARM.exidx) refers to main.o(i.main) for i.main
    file.o(i._ZN4FILE10ReadSectorEjPh) refers to card.o(i._ZN4CARD9GetVolumeEv) for CARD::GetVolume()
    file.o(i._ZN4FILE10ReadSectorEjPh) refers to card.o(i._ZN4CARD10ReadSectorEjPh) for CARD::ReadSector(unsigned, unsigned char*)
    file.o(i._ZN4FILE10ReadSectorEjPh) refers to card.o(.bss) for Card
    file.o(i._ZN4FILE11WriteSectorEjPh) refers to card.o(i._ZN4CARD9GetVolumeEv) for CARD::GetVolume()
    file.o(i._ZN4FILE11WriteSectorEjPh) refers to card.o(i._ZN4CARD11WriteSectorEjPh) for CARD::WriteSector(unsigned, unsigned char*)
    file.o(i._ZN4FILE11WriteSectorEjPh) refers to card.o(i._ZN4CARD10ReadSectorEjPh) for CARD::ReadSector(unsigned, unsigned char*)
    file.o(i._ZN4FILE11WriteSectorEjPh) refers to card.o(.bss) for Card
    file.o(i._ZN4FILE12CharToNumberEhPh) refers to rt_memcpy_w.o(.text) for __aeabi_memcpy4
    file.o(i._ZN4FILE12CharToNumberEhPh) refers to file.o(.constdata) for .constdata
    file.o(i._ZN4FILE12FileReadLineEPh) refers to file.o(i._ZN4FILE8ReadByteEj) for FILE::ReadByte(unsigned)
    file.o(i._ZN4FILE12NumberToCharEhjPh) refers to rt_memcpy_w.o(.text) for __aeabi_memcpy4
    file.o(i._ZN4FILE12NumberToCharEhjPh) refers to llsdiv.o(.text) for __aeabi_ldivmod
    file.o(i._ZN4FILE12NumberToCharEhjPh) refers to file.o(.constdata) for .constdata
    file.o(i._ZN4FILE13GetRestVolumeEv) refers to card.o(i._ZN4CARD9GetVolumeEv) for CARD::GetVolume()
    file.o(i._ZN4FILE13GetRestVolumeEv) refers to card.o(.bss) for Card
    file.o(i._ZN4FILE14FileHeadVerifyEPh) refers to file.o(i._ZN4FILE12CharToNumberEhPh) for FILE::CharToNumber(unsigned char, unsigned char*)
    file.o(i._ZN4FILE16SwitchReadSectorEj) refers to card.o(i._ZN4CARD9GetVolumeEv) for CARD::GetVolume()
    file.o(i._ZN4FILE16SwitchReadSectorEj) refers to file.o(i._ZN4FILE10ReadSectorEjPh) for FILE::ReadSector(unsigned, unsigned char*)
    file.o(i._ZN4FILE16SwitchReadSectorEj) refers to card.o(.bss) for Card
    file.o(i._ZN4FILE4InitEv) refers to file.o(i._ZN4FILE8FileTestEv) for FILE::FileTest()
    file.o(i._ZN4FILE4InitEv) refers to file.o(i._ZN4FILE12CharToNumberEhPh) for FILE::CharToNumber(unsigned char, unsigned char*)
    file.o(i._ZN4FILE8FileOpenEv) refers to file.o(i._ZN4FILE8FileTestEv) for FILE::FileTest()
    file.o(i._ZN4FILE8FileOpenEv) refers to file.o(i._ZN4FILE12CharToNumberEhPh) for FILE::CharToNumber(unsigned char, unsigned char*)
    file.o(i._ZN4FILE8FileReadEPhh) refers to file.o(i._ZN4FILE8ReadByteEj) for FILE::ReadByte(unsigned)
    file.o(i._ZN4FILE8FileTestEv) refers to file.o(i._ZN4FILE8ReadDataEjPhj) for FILE::ReadData(unsigned, unsigned char*, unsigned)
    file.o(i._ZN4FILE8FileTestEv) refers to file.o(i._ZN4FILE14FileHeadVerifyEPh) for FILE::FileHeadVerify(unsigned char*)
    file.o(i._ZN4FILE8ReadByteEj) refers to file.o(i._ZN4FILE16SwitchReadSectorEj) for FILE::SwitchReadSector(unsigned)
    file.o(i._ZN4FILE8ReadDataEjPhj) refers to card.o(i._ZN4CARD8ReadDataEjPhj) for CARD::ReadData(unsigned, unsigned char*, unsigned)
    file.o(i._ZN4FILE8ReadDataEjPhj) refers to card.o(.bss) for Card
    file.o(.ARM.exidx) refers to file.o(i._ZN4FILE12CharToNumberEhPh) for i._ZN4FILE12CharToNumberEhPh
    file.o(.ARM.exidx) refers to file.o(i._ZN4FILE14FileHeadVerifyEPh) for i._ZN4FILE14FileHeadVerifyEPh
    file.o(.ARM.exidx) refers to file.o(i._ZN4FILE8ReadDataEjPhj) for i._ZN4FILE8ReadDataEjPhj
    file.o(.ARM.exidx) refers to file.o(i._ZN4FILE8FileTestEv) for i._ZN4FILE8FileTestEv
    file.o(.ARM.exidx) refers to file.o(i._ZN4FILE4InitEv) for i._ZN4FILE4InitEv
    file.o(.ARM.exidx) refers to file.o(i._ZN4FILE8FileOpenEv) for i._ZN4FILE8FileOpenEv
    file.o(.ARM.exidx) refers to file.o(i._ZN4FILE10ReadSectorEjPh) for i._ZN4FILE10ReadSectorEjPh
    file.o(.ARM.exidx) refers to file.o(i._ZN4FILE16SwitchReadSectorEj) for i._ZN4FILE16SwitchReadSectorEj
    file.o(.ARM.exidx) refers to file.o(i._ZN4FILE8ReadByteEj) for i._ZN4FILE8ReadByteEj
    file.o(.ARM.exidx) refers to file.o(i._ZN4FILE8FileReadEPhh) for i._ZN4FILE8FileReadEPhh
    file.o(.ARM.exidx) refers to file.o(i._ZN4FILE12FileReadLineEPh) for i._ZN4FILE12FileReadLineEPh
    file.o(.ARM.exidx) refers to file.o(i._ZN4FILE8FileSeekEi) for i._ZN4FILE8FileSeekEi
    file.o(.ARM.exidx) refers to file.o(i._ZN4FILE11GetFileNameEPh) for i._ZN4FILE11GetFileNameEPh
    file.o(.ARM.exidx) refers to file.o(i._ZN4FILE11GetFileSizeEv) for i._ZN4FILE11GetFileSizeEv
    file.o(.ARM.exidx) refers to file.o(i._ZN4FILE21GetFileCommandsNumberEv) for i._ZN4FILE21GetFileCommandsNumberEv
    file.o(.ARM.exidx) refers to file.o(i._ZN4FILE20GetFileEstimatedTimeEv) for i._ZN4FILE20GetFileEstimatedTimeEv
    file.o(.ARM.exidx) refers to file.o(i._ZN4FILE20GetFileTotalDistanceEv) for i._ZN4FILE20GetFileTotalDistanceEv
    file.o(.ARM.exidx) refers to file.o(i._ZN4FILE13GetRestVolumeEv) for i._ZN4FILE13GetRestVolumeEv
    file.o(.ARM.exidx) refers to file.o(i._ZN4FILE11WriteSectorEjPh) for i._ZN4FILE11WriteSectorEjPh
    file.o(.ARM.exidx) refers to file.o(i._ZN4FILE12NumberToCharEhjPh) for i._ZN4FILE12NumberToCharEhjPh
    uart.o(i.USART3_IRQHandler) refers to uart.o(i._ZN3COM11TestAddressEv) for COM::TestAddress()
    uart.o(i.USART3_IRQHandler) refers to uart.o(.bss) for Serial
    uart.o(i._ZN3COM12CharToNumberEhPh) refers to rt_memcpy_w.o(.text) for __aeabi_memcpy4
    uart.o(i._ZN3COM12CharToNumberEhPh) refers to uart.o(.constdata) for .constdata
    uart.o(i._ZN3COM12NumberToCharEhjPh) refers to rt_memcpy_w.o(.text) for __aeabi_memcpy4
    uart.o(i._ZN3COM12NumberToCharEhjPh) refers to llsdiv.o(.text) for __aeabi_ldivmod
    uart.o(i._ZN3COM12NumberToCharEhjPh) refers to uart.o(.constdata) for .constdata
    uart.o(i._ZN3COM5PrintEPcc) refers to uart.o(i._ZN3COM2TxEh) for COM::Tx(unsigned char)
    uart.o(i._ZN3COM7DecoderEv) refers to uart.o(i._ZN3COM5PrintEPcc) for COM::Print(char*, char)
    uart.o(i._ZN3COM7DecoderEv) refers to uart.o(i._ZN3COM7CompareEPcS0_) for COM::Compare(char*, char*)
    uart.o(i._ZN3COM7DecoderEv) refers to card.o(i._ZN4CARD9GetVolumeEv) for CARD::GetVolume()
    uart.o(i._ZN3COM7DecoderEv) refers to uart.o(i._ZN3COM12NumberToCharEhjPh) for COM::NumberToChar(unsigned char, unsigned, unsigned char*)
    uart.o(i._ZN3COM7DecoderEv) refers to file.o(i._ZN4FILE13GetRestVolumeEv) for FILE::GetRestVolume()
    uart.o(i._ZN3COM7DecoderEv) refers to rt_memclr_w.o(.text) for __aeabi_memclr4
    uart.o(i._ZN3COM7DecoderEv) refers to file.o(i._ZN4FILE11GetFileNameEPh) for FILE::GetFileName(unsigned char*)
    uart.o(i._ZN3COM7DecoderEv) refers to file.o(i._ZN4FILE11GetFileSizeEv) for FILE::GetFileSize()
    uart.o(i._ZN3COM7DecoderEv) refers to file.o(i._ZN4FILE21GetFileCommandsNumberEv) for FILE::GetFileCommandsNumber()
    uart.o(i._ZN3COM7DecoderEv) refers to file.o(i._ZN4FILE20GetFileEstimatedTimeEv) for FILE::GetFileEstimatedTime()
    uart.o(i._ZN3COM7DecoderEv) refers to file.o(i._ZN4FILE20GetFileTotalDistanceEv) for FILE::GetFileTotalDistance()
    uart.o(i._ZN3COM7DecoderEv) refers to file.o(i._ZN4FILE8FileOpenEv) for FILE::FileOpen()
    uart.o(i._ZN3COM7DecoderEv) refers to uart.o(i._ZN3COM12CharToNumberEhPh) for COM::CharToNumber(unsigned char, unsigned char*)
    uart.o(i._ZN3COM7DecoderEv) refers to uart.o(.bss) for Serial
    uart.o(i._ZN3COM7DecoderEv) refers to card.o(.bss) for Card
    uart.o(i._ZN3COM7DecoderEv) refers to file.o(.bss) for File
    uart.o(i._ZN3COM7DecoderEv) refers to file.o(i._ZN4FILE11WriteSectorEjPh) for FILE::WriteSector(unsigned, unsigned char*)
    uart.o(i._ZN3COM7DecoderEv) refers to file.o(i._ZN4FILE8ReadDataEjPhj) for FILE::ReadData(unsigned, unsigned char*, unsigned)
    uart.o(i._ZN3COM7DecoderEv) refers to file.o(i._ZN4FILE8FileReadEPhh) for FILE::FileRead(unsigned char*, unsigned char)
    uart.o(i._ZN3COM7DecoderEv) refers to file.o(i._ZN4FILE12FileReadLineEPh) for FILE::FileReadLine(unsigned char*)
    uart.o(i._ZN3COM7DecoderEv) refers to file.o(i._ZN4FILE8FileSeekEi) for FILE::FileSeek(int)
    uart.o(.ARM.exidx) refers to uart.o(i._ZN3COM11TestAddressEv) for i._ZN3COM11TestAddressEv
    uart.o(.ARM.exidx) refers to uart.o(i.USART3_IRQHandler) for i.USART3_IRQHandler
    uart.o(.ARM.exidx) refers to uart.o(i._ZN3COM4InitEv) for i._ZN3COM4InitEv
    uart.o(.ARM.exidx) refers to uart.o(i._ZN3COM2TxEh) for i._ZN3COM2TxEh
    uart.o(.ARM.exidx) refers to uart.o(i._ZN3COM5PrintEPcc) for i._ZN3COM5PrintEPcc
    uart.o(.ARM.exidx) refers to uart.o(i._ZN3COM7CompareEPcS0_) for i._ZN3COM7CompareEPcS0_
    uart.o(.ARM.exidx) refers to uart.o(i._ZN3COM12CharToNumberEhPh) for i._ZN3COM12CharToNumberEhPh
    uart.o(.ARM.exidx) refers to uart.o(i._ZN3COM12NumberToCharEhjPh) for i._ZN3COM12NumberToCharEhjPh
    uart.o(.ARM.exidx) refers to uart.o(i._ZN3COM7DecoderEv) for i._ZN3COM7DecoderEv
    card.o(i._ZN4CARD10ReadSectorEjPh) refers to card.o(i._ZN4CARD9GetStatusEv) for CARD::GetStatus()
    card.o(i._ZN4CARD10ReadSectorEjPh) refers to card.o(i._ZN4CARD10GetAddressEjRhRj) for CARD::GetAddress(unsigned, unsigned char&, unsigned&)
    card.o(i._ZN4CARD10ReadSectorEjPh) refers to card.o(i._ZN4CARD12WaitForReadyEh) for CARD::WaitForReady(unsigned char)
    card.o(i._ZN4CARD10ReadSectorEjPh) refers to card.o(i._Z8SEL_CELLh) for SEL_CELL(unsigned char)
    card.o(i._ZN4CARD10ReadSectorEjPh) refers to card.o(i._Z10UNSEL_CELLv) for UNSEL_CELL()
    card.o(i._ZN4CARD10ReadSectorEjPh) refers to card.o(i._ZN4CARD9ReadWriteEhb) for CARD::ReadWrite(unsigned char, bool)
    card.o(i._ZN4CARD11SectorEraseEhj) refers to card.o(i._ZN4CARD11WriteEnableEh) for CARD::WriteEnable(unsigned char)
    card.o(i._ZN4CARD11SectorEraseEhj) refers to card.o(i._ZN4CARD12WaitForReadyEh) for CARD::WaitForReady(unsigned char)
    card.o(i._ZN4CARD11SectorEraseEhj) refers to card.o(i._Z8SEL_CELLh) for SEL_CELL(unsigned char)
    card.o(i._ZN4CARD11SectorEraseEhj) refers to card.o(i._Z10UNSEL_CELLv) for UNSEL_CELL()
    card.o(i._ZN4CARD11SectorEraseEhj) refers to card.o(i._ZN4CARD9ReadWriteEhb) for CARD::ReadWrite(unsigned char, bool)
    card.o(i._ZN4CARD11SectorEraseEhj) refers to card.o(i._ZN4CARD12WriteDisableEh) for CARD::WriteDisable(unsigned char)
    card.o(i._ZN4CARD11WriteEnableEh) refers to card.o(i._ZN4CARD12WaitForReadyEh) for CARD::WaitForReady(unsigned char)
    card.o(i._ZN4CARD11WriteEnableEh) refers to card.o(i._Z8SEL_CELLh) for SEL_CELL(unsigned char)
    card.o(i._ZN4CARD11WriteEnableEh) refers to card.o(i._Z10UNSEL_CELLv) for UNSEL_CELL()
    card.o(i._ZN4CARD11WriteEnableEh) refers to card.o(i._ZN4CARD9ReadWriteEhb) for CARD::ReadWrite(unsigned char, bool)
    card.o(i._ZN4CARD11WriteSectorEjPh) refers to card.o(i._ZN4CARD9GetStatusEv) for CARD::GetStatus()
    card.o(i._ZN4CARD11WriteSectorEjPh) refers to card.o(i._ZN4CARD10GetAddressEjRhRj) for CARD::GetAddress(unsigned, unsigned char&, unsigned&)
    card.o(i._ZN4CARD11WriteSectorEjPh) refers to card.o(i._ZN4CARD11SectorEraseEhj) for CARD::SectorErase(unsigned char, unsigned)
    card.o(i._ZN4CARD11WriteSectorEjPh) refers to card.o(i._ZN4CARD11WriteEnableEh) for CARD::WriteEnable(unsigned char)
    card.o(i._ZN4CARD11WriteSectorEjPh) refers to card.o(i._ZN4CARD12WaitForReadyEh) for CARD::WaitForReady(unsigned char)
    card.o(i._ZN4CARD11WriteSectorEjPh) refers to card.o(i._Z8SEL_CELLh) for SEL_CELL(unsigned char)
    card.o(i._ZN4CARD11WriteSectorEjPh) refers to card.o(i._Z10UNSEL_CELLv) for UNSEL_CELL()
    card.o(i._ZN4CARD11WriteSectorEjPh) refers to card.o(i._ZN4CARD9ReadWriteEhb) for CARD::ReadWrite(unsigned char, bool)
    card.o(i._ZN4CARD11WriteSectorEjPh) refers to card.o(i._ZN4CARD12WriteDisableEh) for CARD::WriteDisable(unsigned char)
    card.o(i._ZN4CARD12ReadCapacityEh) refers to card.o(i._Z8SEL_CELLh) for SEL_CELL(unsigned char)
    card.o(i._ZN4CARD12ReadCapacityEh) refers to card.o(i._Z10UNSEL_CELLv) for UNSEL_CELL()
    card.o(i._ZN4CARD12ReadCapacityEh) refers to card.o(i._ZN4CARD9ReadWriteEhb) for CARD::ReadWrite(unsigned char, bool)
    card.o(i._ZN4CARD12WaitForReadyEh) refers to card.o(i._Z8SEL_CELLh) for SEL_CELL(unsigned char)
    card.o(i._ZN4CARD12WaitForReadyEh) refers to card.o(i._Z10UNSEL_CELLv) for UNSEL_CELL()
    card.o(i._ZN4CARD12WaitForReadyEh) refers to card.o(i._ZN4CARD9ReadWriteEhb) for CARD::ReadWrite(unsigned char, bool)
    card.o(i._ZN4CARD12WriteDisableEh) refers to card.o(i._ZN4CARD12WaitForReadyEh) for CARD::WaitForReady(unsigned char)
    card.o(i._ZN4CARD12WriteDisableEh) refers to card.o(i._Z8SEL_CELLh) for SEL_CELL(unsigned char)
    card.o(i._ZN4CARD12WriteDisableEh) refers to card.o(i._Z10UNSEL_CELLv) for UNSEL_CELL()
    card.o(i._ZN4CARD12WriteDisableEh) refers to card.o(i._ZN4CARD9ReadWriteEhb) for CARD::ReadWrite(unsigned char, bool)
    card.o(i._ZN4CARD4InitEv) refers to card.o(i._Z10UNSEL_CELLv) for UNSEL_CELL()
    card.o(i._ZN4CARD8ReadDataEjPhj) refers to card.o(i._ZN4CARD9GetStatusEv) for CARD::GetStatus()
    card.o(i._ZN4CARD8ReadDataEjPhj) refers to card.o(i._ZN4CARD10GetAddressEjRhRj) for CARD::GetAddress(unsigned, unsigned char&, unsigned&)
    card.o(i._ZN4CARD8ReadDataEjPhj) refers to card.o(i._ZN4CARD12WaitForReadyEh) for CARD::WaitForReady(unsigned char)
    card.o(i._ZN4CARD8ReadDataEjPhj) refers to card.o(i._Z8SEL_CELLh) for SEL_CELL(unsigned char)
    card.o(i._ZN4CARD8ReadDataEjPhj) refers to card.o(i._Z10UNSEL_CELLv) for UNSEL_CELL()
    card.o(i._ZN4CARD8ReadDataEjPhj) refers to card.o(i._ZN4CARD9ReadWriteEhb) for CARD::ReadWrite(unsigned char, bool)
    card.o(i._ZN4CARD9GetStatusEv) refers to card.o(i._Z15GET_CELL_NUMBERv) for GET_CELL_NUMBER()
    card.o(i._ZN4CARD9GetStatusEv) refers to card.o(i._ZN4CARD12WaitForReadyEh) for CARD::WaitForReady(unsigned char)
    card.o(i._ZN4CARD9GetStatusEv) refers to card.o(i._ZN4CARD12ReadCapacityEh) for CARD::ReadCapacity(unsigned char)
    card.o(i._ZN4CARD9GetStatusEv) refers to card.o(i._ZN4CARD12WriteDisableEh) for CARD::WriteDisable(unsigned char)
    card.o(i._ZN4CARD9GetVolumeEv) refers to card.o(i._ZN4CARD9GetStatusEv) for CARD::GetStatus()
    card.o(.ARM.exidx) refers to card.o(i._ZN4CARD4InitEv) for i._ZN4CARD4InitEv
    card.o(.ARM.exidx) refers to card.o(i._ZN4CARD9ReadWriteEhb) for i._ZN4CARD9ReadWriteEhb
    card.o(.ARM.exidx) refers to card.o(i._ZN4CARD12WaitForReadyEh) for i._ZN4CARD12WaitForReadyEh
    card.o(.ARM.exidx) refers to card.o(i._ZN4CARD12ReadCapacityEh) for i._ZN4CARD12ReadCapacityEh
    card.o(.ARM.exidx) refers to card.o(i._ZN4CARD11WriteEnableEh) for i._ZN4CARD11WriteEnableEh
    card.o(.ARM.exidx) refers to card.o(i._ZN4CARD12WriteDisableEh) for i._ZN4CARD12WriteDisableEh
    card.o(.ARM.exidx) refers to card.o(i._ZN4CARD9GetStatusEv) for i._ZN4CARD9GetStatusEv
    card.o(.ARM.exidx) refers to card.o(i._ZN4CARD10GetAddressEjRhRj) for i._ZN4CARD10GetAddressEjRhRj
    card.o(.ARM.exidx) refers to card.o(i._ZN4CARD11SectorEraseEhj) for i._ZN4CARD11SectorEraseEhj
    card.o(.ARM.exidx) refers to card.o(i._ZN4CARD8ReadDataEjPhj) for i._ZN4CARD8ReadDataEjPhj
    card.o(.ARM.exidx) refers to card.o(i._ZN4CARD10ReadSectorEjPh) for i._ZN4CARD10ReadSectorEjPh
    card.o(.ARM.exidx) refers to card.o(i._ZN4CARD11WriteSectorEjPh) for i._ZN4CARD11WriteSectorEjPh
    card.o(.ARM.exidx) refers to card.o(i._ZN4CARD9GetVolumeEv) for i._ZN4CARD9GetVolumeEv
    startup_stm32f10x_md.o(STACK) refers (Special) to heapauxi.o(.text) for __use_two_region_memory
    startup_stm32f10x_md.o(HEAP) refers (Special) to heapauxi.o(.text) for __use_two_region_memory
    startup_stm32f10x_md.o(RESET) refers (Special) to heapauxi.o(.text) for __use_two_region_memory
    startup_stm32f10x_md.o(RESET) refers to startup_stm32f10x_md.o(STACK) for __initial_sp
    startup_stm32f10x_md.o(RESET) refers to startup_stm32f10x_md.o(.text) for Reset_Handler
    startup_stm32f10x_md.o(RESET) refers to main.o(i.TIM2_IRQHandler) for TIM2_IRQHandler
    startup_stm32f10x_md.o(RESET) refers to uart.o(i.USART3_IRQHandler) for USART3_IRQHandler
    startup_stm32f10x_md.o(.text) refers (Special) to heapauxi.o(.text) for __use_two_region_memory
    startup_stm32f10x_md.o(.text) refers to system_stm32f10x.o(i.SystemInit) for SystemInit
    startup_stm32f10x_md.o(.text) refers to __main.o(!!!main) for __main
    startup_stm32f10x_md.o(.text) refers to startup_stm32f10x_md.o(HEAP) for Heap_Mem
    startup_stm32f10x_md.o(.text) refers to startup_stm32f10x_md.o(STACK) for Stack_Mem
    system_stm32f10x.o(i.SetSysClock) refers to system_stm32f10x.o(i.SetSysClockTo72) for SetSysClockTo72
    system_stm32f10x.o(i.SystemCoreClockUpdate) refers to system_stm32f10x.o(.data) for SystemCoreClock
    system_stm32f10x.o(i.SystemInit) refers to system_stm32f10x.o(i.SetSysClock) for SetSysClock
    llsdiv.o(.text) refers to lludivv7m.o(.text) for __aeabi_uldivmod
    __main.o(!!!main) refers to __rtentry.o(.ARM.Collect$$rtentry$$00000000) for __rt_entry
    __rtentry.o(.ARM.Collect$$rtentry$$00000000) refers (Special) to __rtentry2.o(.ARM.Collect$$rtentry$$0000000A) for __rt_entry_li
    __rtentry.o(.ARM.Collect$$rtentry$$00000000) refers (Special) to __rtentry2.o(.ARM.Collect$$rtentry$$0000000D) for __rt_entry_main
    __rtentry.o(.ARM.Collect$$rtentry$$00000000) refers (Special) to __rtentry2.o(.ARM.Collect$$rtentry$$0000000C) for __rt_entry_postli_1
    __rtentry.o(.ARM.Collect$$rtentry$$00000000) refers (Special) to __rtentry2.o(.ARM.Collect$$rtentry$$00000009) for __rt_entry_postsh_1
    __rtentry.o(.ARM.Collect$$rtentry$$00000000) refers (Special) to __rtentry2.o(.ARM.Collect$$rtentry$$00000002) for __rt_entry_presh_1
    __rtentry.o(.ARM.Collect$$rtentry$$00000000) refers (Special) to __rtentry4.o(.ARM.Collect$$rtentry$$00000004) for __rt_entry_sh
    __rtentry2.o(.ARM.Collect$$rtentry$$00000008) refers to boardinit2.o(.text) for _platform_post_stackheap_init
    __rtentry2.o(.ARM.Collect$$rtentry$$0000000A) refers to libinit.o(.ARM.Collect$$libinit$$00000000) for __rt_lib_init
    __rtentry2.o(.ARM.Collect$$rtentry$$0000000B) refers to boardinit3.o(.text) for _platform_post_lib_init
    __rtentry2.o(.ARM.Collect$$rtentry$$0000000D) refers to main.o(i.main) for main
    __rtentry2.o(.ARM.Collect$$rtentry$$0000000D) refers to exit.o(.text) for exit
    __rtentry2.o(.ARM.exidx) refers to __rtentry2.o(.ARM.Collect$$rtentry$$00000001) for .ARM.Collect$$rtentry$$00000001
    __rtentry2.o(.ARM.exidx) refers to __rtentry2.o(.ARM.Collect$$rtentry$$00000008) for .ARM.Collect$$rtentry$$00000008
    __rtentry2.o(.ARM.exidx) refers to __rtentry2.o(.ARM.Collect$$rtentry$$0000000A) for .ARM.Collect$$rtentry$$0000000A
    __rtentry2.o(.ARM.exidx) refers to __rtentry2.o(.ARM.Collect$$rtentry$$0000000B) for .ARM.Collect$$rtentry$$0000000B
    __rtentry2.o(.ARM.exidx) refers to __rtentry2.o(.ARM.Collect$$rtentry$$0000000D) for .ARM.Collect$$rtentry$$0000000D
    __rtentry4.o(.ARM.Collect$$rtentry$$00000004) refers to sys_stackheap_outer.o(.text) for __user_setup_stackheap
    __rtentry4.o(.ARM.exidx) refers to __rtentry4.o(.ARM.Collect$$rtentry$$00000004) for .ARM.Collect$$rtentry$$00000004
    aeabi_ldiv0_sigfpe.o(.text) refers to rt_div0.o(.text) for __rt_div0
    sys_stackheap_outer.o(.text) refers to libspace.o(.text) for __user_perproc_libspace
    sys_stackheap_outer.o(.text) refers to startup_stm32f10x_md.o(.text) for __user_initial_stackheap
    rt_div0.o(.text) refers to defsig_fpe_outer.o(.text) for __rt_SIGFPE
    exit.o(.text) refers to rtexit.o(.ARM.Collect$$rtexit$$00000000) for __rt_exit
    libinit.o(.ARM.Collect$$libinit$$00000000) refers (Special) to libinit2.o(.ARM.Collect$$libinit$$0000002E) for __rt_lib_init_alloca_1
    libinit.o(.ARM.Collect$$libinit$$00000000) refers (Special) to libinit2.o(.ARM.Collect$$libinit$$0000002C) for __rt_lib_init_argv_1
    libinit.o(.ARM.Collect$$libinit$$00000000) refers (Special) to libinit2.o(.ARM.Collect$$libinit$$0000001B) for __rt_lib_init_atexit_1
    libinit.o(.ARM.Collect$$libinit$$00000000) refers (Special) to libinit2.o(.ARM.Collect$$libinit$$00000021) for __rt_lib_init_clock_1
    libinit.o(.ARM.Collect$$libinit$$00000000) refers (Special) to libinit2.o(.ARM.Collect$$libinit$$00000032) for __rt_lib_init_cpp_1
    libinit.o(.ARM.Collect$$libinit$$00000000) refers (Special) to libinit2.o(.ARM.Collect$$libinit$$00000030) for __rt_lib_init_exceptions_1
    libinit.o(.ARM.Collect$$libinit$$00000000) refers (Special) to libinit2.o(.ARM.Collect$$libinit$$00000002) for __rt_lib_init_fp_1
    libinit.o(.ARM.Collect$$libinit$$00000000) refers (Special) to libinit2.o(.ARM.Collect$$libinit$$0000001F) for __rt_lib_init_fp_trap_1
    libinit.o(.ARM.Collect$$libinit$$00000000) refers (Special) to libinit2.o(.ARM.Collect$$libinit$$00000023) for __rt_lib_init_getenv_1
    libinit.o(.ARM.Collect$$libinit$$00000000) refers (Special) to libinit2.o(.ARM.Collect$$libinit$$0000000A) for __rt_lib_init_heap_1
    libinit.o(.ARM.Collect$$libinit$$00000000) refers (Special) to libinit2.o(.ARM.Collect$$libinit$$00000011) for __rt_lib_init_lc_collate_1
    libinit.o(.ARM.Collect$$libinit$$00000000) refers (Special) to libinit2.o(.ARM.Collect$$libinit$$00000013) for __rt_lib_init_lc_ctype_1
    libinit.o(.ARM.Collect$$libinit$$00000000) refers (Special) to libinit2.o(.ARM.Collect$$libinit$$00000015) for __rt_lib_init_lc_monetary_1
    libinit.o(.ARM.Collect$$libinit$$00000000) refers (Special) to libinit2.o(.ARM.Collect$$libinit$$00000017) for __rt_lib_init_lc_numeric_1
    libinit.o(.ARM.Collect$$libinit$$00000000) refers (Special) to libinit2.o(.ARM.Collect$$libinit$$00000019) for __rt_lib_init_lc_time_1
    libinit.o(.ARM.Collect$$libinit$$00000000) refers (Special) to libinit2.o(.ARM.Collect$$libinit$$00000004) for __rt_lib_init_preinit_1
    libinit.o(.ARM.Collect$$libinit$$00000000) refers (Special) to libinit2.o(.ARM.Collect$$libinit$$0000000E) for __rt_lib_init_rand_1
    libinit.o(.ARM.Collect$$libinit$$00000000) refers (Special) to libinit2.o(.ARM.Collect$$libinit$$00000033) for __rt_lib_init_return
    libinit.o(.ARM.Collect$$libinit$$00000000) refers (Special) to libinit2.o(.ARM.Collect$$libinit$$0000001D) for __rt_lib_init_signal_1
    libinit.o(.ARM.Collect$$libinit$$00000000) refers (Special) to libinit2.o(.ARM.Collect$$libinit$$00000025) for __rt_lib_init_stdio_1
    libinit.o(.ARM.Collect$$libinit$$00000000) refers (Special) to libinit2.o(.ARM.Collect$$libinit$$0000000C) for __rt_lib_init_user_alloc_1
    libspace.o(.text) refers to libspace.o(.bss) for __libspace_start
    rtexit.o(.ARM.Collect$$rtexit$$00000000) refers (Special) to rtexit2.o(.ARM.Collect$$rtexit$$00000004) for __rt_exit_exit
    rtexit.o(.ARM.Collect$$rtexit$$00000000) refers (Special) to rtexit2.o(.ARM.Collect$$rtexit$$00000003) for __rt_exit_ls
    rtexit.o(.ARM.Collect$$rtexit$$00000000) refers (Special) to rtexit2.o(.ARM.Collect$$rtexit$$00000002) for __rt_exit_prels_1
    rtexit.o(.ARM.exidx) refers (Special) to rtexit2.o(.ARM.Collect$$rtexit$$00000004) for __rt_exit_exit
    rtexit.o(.ARM.exidx) refers (Special) to rtexit2.o(.ARM.Collect$$rtexit$$00000003) for __rt_exit_ls
    rtexit.o(.ARM.exidx) refers (Special) to rtexit2.o(.ARM.Collect$$rtexit$$00000002) for __rt_exit_prels_1
    rtexit.o(.ARM.exidx) refers to rtexit.o(.ARM.Collect$$rtexit$$00000000) for .ARM.Collect$$rtexit$$00000000
    defsig_fpe_outer.o(.text) refers to defsig_fpe_inner.o(.text) for __rt_SIGFPE_inner
    defsig_fpe_outer.o(.text) refers to defsig_exit.o(.text) for __sig_exit
    defsig_fpe_formal.o(.text) refers to rt_raise.o(.text) for __rt_raise
    libinit2.o(.ARM.Collect$$libinit$$00000010) refers to libinit2.o(.ARM.Collect$$libinit$$0000000F) for .ARM.Collect$$libinit$$0000000F
    libinit2.o(.ARM.Collect$$libinit$$00000012) refers to libinit2.o(.ARM.Collect$$libinit$$0000000F) for .ARM.Collect$$libinit$$0000000F
    libinit2.o(.ARM.Collect$$libinit$$00000014) refers to libinit2.o(.ARM.Collect$$libinit$$0000000F) for .ARM.Collect$$libinit$$0000000F
    libinit2.o(.ARM.Collect$$libinit$$00000016) refers to libinit2.o(.ARM.Collect$$libinit$$0000000F) for .ARM.Collect$$libinit$$0000000F
    libinit2.o(.ARM.Collect$$libinit$$00000018) refers to libinit2.o(.ARM.Collect$$libinit$$0000000F) for .ARM.Collect$$libinit$$0000000F
    libinit2.o(.ARM.Collect$$libinit$$00000026) refers to argv_veneer.o(.emb_text) for __ARM_argv_veneer
    libinit2.o(.ARM.Collect$$libinit$$00000027) refers to argv_veneer.o(.emb_text) for __ARM_argv_veneer
    rtexit2.o(.ARM.Collect$$rtexit$$00000003) refers to libshutdown.o(.ARM.Collect$$libshutdown$$00000000) for __rt_lib_shutdown
    rtexit2.o(.ARM.Collect$$rtexit$$00000004) refers to sys_exit.o(.text) for _sys_exit
    rtexit2.o(.ARM.exidx) refers to rtexit2.o(.ARM.Collect$$rtexit$$00000001) for .ARM.Collect$$rtexit$$00000001
    rtexit2.o(.ARM.exidx) refers to rtexit2.o(.ARM.Collect$$rtexit$$00000003) for .ARM.Collect$$rtexit$$00000003
    rtexit2.o(.ARM.exidx) refers to rtexit2.o(.ARM.Collect$$rtexit$$00000004) for .ARM.Collect$$rtexit$$00000004
    rt_raise.o(.text) refers to __raise.o(.text) for __raise
    rt_raise.o(.text) refers to sys_exit.o(.text) for _sys_exit
    defsig_exit.o(.text) refers to sys_exit.o(.text) for _sys_exit
    defsig_fpe_inner.o(.text) refers to defsig_general.o(.text) for __default_signal_display
    argv_veneer.o(.emb_text) refers to no_argv.o(.text) for __ARM_get_argv
    sys_exit.o(.text) refers (Special) to use_no_semi.o(.text) for __I$use$semihosting
    sys_exit.o(.text) refers (Special) to indicate_semi.o(.text) for __semihosting_library_function
    __raise.o(.text) refers to defsig.o(CL$$defsig) for __default_signal_handler
    defsig_general.o(.text) refers to sys_wrch.o(.text) for _ttywrch
    _get_argv_nomalloc.o(.text) refers (Special) to hrguard.o(.text) for __heap_region$guard
    _get_argv_nomalloc.o(.text) refers to defsig_rtmem_outer.o(.text) for __rt_SIGRTMEM
    _get_argv_nomalloc.o(.text) refers to sys_command.o(.text) for _sys_command_string
    libshutdown.o(.ARM.Collect$$libshutdown$$00000000) refers (Special) to libshutdown2.o(.ARM.Collect$$libshutdown$$00000002) for __rt_lib_shutdown_cpp_1
    libshutdown.o(.ARM.Collect$$libshutdown$$00000000) refers (Special) to libshutdown2.o(.ARM.Collect$$libshutdown$$00000007) for __rt_lib_shutdown_fp_trap_1
    libshutdown.o(.ARM.Collect$$libshutdown$$00000000) refers (Special) to libshutdown2.o(.ARM.Collect$$libshutdown$$0000000F) for __rt_lib_shutdown_heap_1
    libshutdown.o(.ARM.Collect$$libshutdown$$00000000) refers (Special) to libshutdown2.o(.ARM.Collect$$libshutdown$$00000010) for __rt_lib_shutdown_return
    libshutdown.o(.ARM.Collect$$libshutdown$$00000000) refers (Special) to libshutdown2.o(.ARM.Collect$$libshutdown$$0000000A) for __rt_lib_shutdown_signal_1
    libshutdown.o(.ARM.Collect$$libshutdown$$00000000) refers (Special) to libshutdown2.o(.ARM.Collect$$libshutdown$$00000004) for __rt_lib_shutdown_stdio_1
    libshutdown.o(.ARM.Collect$$libshutdown$$00000000) refers (Special) to libshutdown2.o(.ARM.Collect$$libshutdown$$0000000C) for __rt_lib_shutdown_user_alloc_1
    sys_wrch.o(.text) refers (Special) to use_no_semi.o(.text) for __I$use$semihosting
    sys_wrch.o(.text) refers (Special) to indicate_semi.o(.text) for __semihosting_library_function
    sys_command.o(.text) refers (Special) to use_no_semi.o(.text) for __I$use$semihosting
    sys_command.o(.text) refers (Special) to indicate_semi.o(.text) for __semihosting_library_function
    defsig_rtmem_outer.o(.text) refers to defsig_rtmem_inner.o(.text) for __rt_SIGRTMEM_inner
    defsig_rtmem_outer.o(.text) refers to defsig_exit.o(.text) for __sig_exit
    defsig_rtmem_formal.o(.text) refers to rt_raise.o(.text) for __rt_raise
    defsig.o(CL$$defsig) refers to defsig_fpe_inner.o(.text) for __rt_SIGFPE_inner
    defsig.o(CL$$defsig) refers to defsig_rtmem_inner.o(.text) for __rt_SIGRTMEM_inner
    defsig_abrt_inner.o(.text) refers to defsig_general.o(.text) for __default_signal_display
    defsig_rtred_inner.o(.text) refers to defsig_general.o(.text) for __default_signal_display
    defsig_rtmem_inner.o(.text) refers to defsig_general.o(.text) for __default_signal_display
    defsig_stak_inner.o(.text) refers to defsig_general.o(.text) for __default_signal_display
    defsig_pvfn_inner.o(.text) refers to defsig_general.o(.text) for __default_signal_display
    defsig_cppl_inner.o(.text) refers to defsig_general.o(.text) for __default_signal_display
    defsig_segv_inner.o(.text) refers to defsig_general.o(.text) for __default_signal_display
    defsig_other.o(.text) refers to defsig_general.o(.text) for __default_signal_display
    card.o(.ARM.exidx) refers to card.o(i._Z8SEL_CELLh) for i._Z8SEL_CELLh
    card.o(.ARM.exidx) refers to card.o(i._Z15GET_CELL_NUMBERv) for i._Z15GET_CELL_NUMBERv
    card.o(.ARM.exidx) refers to card.o(i._Z10UNSEL_CELLv) for i._Z10UNSEL_CELLv


==============================================================================

Removing Unused input sections from the image.

    Removing main.o(.rev16_text), (4 bytes).
    Removing main.o(.revsh_text), (4 bytes).
    Removing main.o(.rrx_text), (6 bytes).
    Removing main.o(.ARM.exidx), (8 bytes).
    Removing main.o(.ARM.exidx), (8 bytes).
    Removing main.o(.ARM.exidx), (8 bytes).
    Removing main.o(.ARM.exidx), (8 bytes).
    Removing main.o(.ARM.exidx), (8 bytes).
    Removing file.o(.rev16_text), (4 bytes).
    Removing file.o(.revsh_text), (4 bytes).
    Removing file.o(.rrx_text), (6 bytes).
    Removing file.o(i._ZN4FILE12NumberToCharEhjPh), (104 bytes).
    Removing file.o(.ARM.exidx), (8 bytes).
    Removing file.o(.ARM.exidx), (8 bytes).
    Removing file.o(.ARM.exidx), (8 bytes).
    Removing file.o(.ARM.exidx), (8 bytes).
    Removing file.o(.ARM.exidx), (8 bytes).
    Removing file.o(.ARM.exidx), (8 bytes).
    Removing file.o(.ARM.exidx), (8 bytes).
    Removing file.o(.ARM.exidx), (8 bytes).
    Removing file.o(.ARM.exidx), (8 bytes).
    Removing file.o(.ARM.exidx), (8 bytes).
    Removing file.o(.ARM.exidx), (8 bytes).
    Removing file.o(.ARM.exidx), (8 bytes).
    Removing file.o(.ARM.exidx), (8 bytes).
    Removing file.o(.ARM.exidx), (8 bytes).
    Removing file.o(.ARM.exidx), (8 bytes).
    Removing file.o(.ARM.exidx), (8 bytes).
    Removing file.o(.ARM.exidx), (8 bytes).
    Removing file.o(.ARM.exidx), (8 bytes).
    Removing file.o(.ARM.exidx), (8 bytes).
    Removing file.o(.ARM.exidx), (8 bytes).
    Removing uart.o(.rev16_text), (4 bytes).
    Removing uart.o(.revsh_text), (4 bytes).
    Removing uart.o(.rrx_text), (6 bytes).
    Removing uart.o(.ARM.exidx), (8 bytes).
    Removing uart.o(.ARM.exidx), (8 bytes).
    Removing uart.o(.ARM.exidx), (8 bytes).
    Removing uart.o(.ARM.exidx), (8 bytes).
    Removing uart.o(.ARM.exidx), (8 bytes).
    Removing uart.o(.ARM.exidx), (8 bytes).
    Removing uart.o(.ARM.exidx), (8 bytes).
    Removing uart.o(.ARM.exidx), (8 bytes).
    Removing uart.o(.ARM.exidx), (8 bytes).
    Removing uart.o(.data), (12 bytes).
    Removing card.o(.rev16_text), (4 bytes).
    Removing card.o(.revsh_text), (4 bytes).
    Removing card.o(.rrx_text), (6 bytes).
    Removing card.o(.ARM.exidx), (8 bytes).
    Removing card.o(.ARM.exidx), (8 bytes).
    Removing card.o(.ARM.exidx), (8 bytes).
    Removing card.o(.ARM.exidx), (8 bytes).
    Removing card.o(.ARM.exidx), (8 bytes).
    Removing card.o(.ARM.exidx), (8 bytes).
    Removing card.o(.ARM.exidx), (8 bytes).
    Removing card.o(.ARM.exidx), (8 bytes).
    Removing card.o(.ARM.exidx), (8 bytes).
    Removing card.o(.ARM.exidx), (8 bytes).
    Removing card.o(.ARM.exidx), (8 bytes).
    Removing card.o(.ARM.exidx), (8 bytes).
    Removing card.o(.ARM.exidx), (8 bytes).
    Removing system_stm32f10x.o(.rev16_text), (4 bytes).
    Removing system_stm32f10x.o(.revsh_text), (4 bytes).
    Removing system_stm32f10x.o(.rrx_text), (6 bytes).
    Removing system_stm32f10x.o(i.SystemCoreClockUpdate), (164 bytes).
    Removing system_stm32f10x.o(.data), (20 bytes).
    Removing card.o(.ARM.exidx), (8 bytes).
    Removing card.o(.ARM.exidx), (8 bytes).
    Removing card.o(.ARM.exidx), (8 bytes).

69 unused section(s) (total 770 bytes) removed from the image.

==============================================================================

Image Symbol Table

    Local Symbols

    Symbol Name                              Value     Ov Type        Size  Object(Section)

    ../clib/angel/boardlib.s                 0x00000000   Number         0  boardinit2.o ABSOLUTE
    ../clib/angel/boardlib.s                 0x00000000   Number         0  boardinit1.o ABSOLUTE
    ../clib/angel/boardlib.s                 0x00000000   Number         0  boardinit3.o ABSOLUTE
    ../clib/angel/boardlib.s                 0x00000000   Number         0  boardshut.o ABSOLUTE
    ../clib/angel/handlers.s                 0x00000000   Number         0  __scatter_copy.o ABSOLUTE
    ../clib/angel/handlers.s                 0x00000000   Number         0  __scatter_zi.o ABSOLUTE
    ../clib/angel/kernel.s                   0x00000000   Number         0  rtexit2.o ABSOLUTE
    ../clib/angel/kernel.s                   0x00000000   Number         0  __rtentry.o ABSOLUTE
    ../clib/angel/kernel.s                   0x00000000   Number         0  rtexit.o ABSOLUTE
    ../clib/angel/kernel.s                   0x00000000   Number         0  __rtentry4.o ABSOLUTE
    ../clib/angel/kernel.s                   0x00000000   Number         0  __rtentry2.o ABSOLUTE
    ../clib/angel/rt.s                       0x00000000   Number         0  rt_div0.o ABSOLUTE
    ../clib/angel/rt.s                       0x00000000   Number         0  aeabi_ldiv0_sigfpe.o ABSOLUTE
    ../clib/angel/rt.s                       0x00000000   Number         0  aeabi_ldiv0.o ABSOLUTE
    ../clib/angel/rt.s                       0x00000000   Number         0  rt_raise.o ABSOLUTE
    ../clib/angel/scatter.s                  0x00000000   Number         0  __scatter.o ABSOLUTE
    ../clib/angel/startup.s                  0x00000000   Number         0  __main.o ABSOLUTE
    ../clib/angel/sys.s                      0x00000000   Number         0  libspace.o ABSOLUTE
    ../clib/angel/sys.s                      0x00000000   Number         0  use_no_semi.o ABSOLUTE
    ../clib/angel/sys.s                      0x00000000   Number         0  indicate_semi.o ABSOLUTE
    ../clib/angel/sys.s                      0x00000000   Number         0  sys_stackheap_outer.o ABSOLUTE
    ../clib/angel/sysapp.c                   0x00000000   Number         0  sys_exit.o ABSOLUTE
    ../clib/angel/sysapp.c                   0x00000000   Number         0  sys_command.o ABSOLUTE
    ../clib/angel/sysapp.c                   0x00000000   Number         0  sys_wrch.o ABSOLUTE
    ../clib/armsys.c                         0x00000000   Number         0  _get_argv_nomalloc.o ABSOLUTE
    ../clib/armsys.c                         0x00000000   Number         0  argv_veneer.o ABSOLUTE
    ../clib/armsys.c                         0x00000000   Number         0  no_argv.o ABSOLUTE
    ../clib/armsys.c                         0x00000000   Number         0  argv_veneer.o ABSOLUTE
    ../clib/heapalloc.c                      0x00000000   Number         0  hrguard.o ABSOLUTE
    ../clib/heapaux.c                        0x00000000   Number         0  heapauxi.o ABSOLUTE
    ../clib/libinit.s                        0x00000000   Number         0  libinit2.o ABSOLUTE
    ../clib/libinit.s                        0x00000000   Number         0  libinit.o ABSOLUTE
    ../clib/libinit.s                        0x00000000   Number         0  libshutdown.o ABSOLUTE
    ../clib/libinit.s                        0x00000000   Number         0  libshutdown2.o ABSOLUTE
    ../clib/longlong.s                       0x00000000   Number         0  llsdiv.o ABSOLUTE
    ../clib/longlong.s                       0x00000000   Number         0  lludivv7m.o ABSOLUTE
    ../clib/memcpset.s                       0x00000000   Number         0  rt_memclr_w.o ABSOLUTE
    ../clib/memcpset.s                       0x00000000   Number         0  rt_memcpy_w.o ABSOLUTE
    ../clib/signal.c                         0x00000000   Number         0  defsig_cppl_inner.o ABSOLUTE
    ../clib/signal.c                         0x00000000   Number         0  defsig_pvfn_inner.o ABSOLUTE
    ../clib/signal.c                         0x00000000   Number         0  defsig_stak_inner.o ABSOLUTE
    ../clib/signal.c                         0x00000000   Number         0  defsig_rtmem_inner.o ABSOLUTE
    ../clib/signal.c                         0x00000000   Number         0  defsig_rtred_inner.o ABSOLUTE
    ../clib/signal.c                         0x00000000   Number         0  defsig_abrt_inner.o ABSOLUTE
    ../clib/signal.c                         0x00000000   Number         0  defsig_rtmem_formal.o ABSOLUTE
    ../clib/signal.c                         0x00000000   Number         0  defsig_general.o ABSOLUTE
    ../clib/signal.c                         0x00000000   Number         0  __raise.o ABSOLUTE
    ../clib/signal.c                         0x00000000   Number         0  defsig_fpe_outer.o ABSOLUTE
    ../clib/signal.c                         0x00000000   Number         0  defsig_fpe_inner.o ABSOLUTE
    ../clib/signal.c                         0x00000000   Number         0  defsig_exit.o ABSOLUTE
    ../clib/signal.c                         0x00000000   Number         0  defsig_other.o ABSOLUTE
    ../clib/signal.c                         0x00000000   Number         0  defsig_rtmem_outer.o ABSOLUTE
    ../clib/signal.c                         0x00000000   Number         0  defsig_segv_inner.o ABSOLUTE
    ../clib/signal.c                         0x00000000   Number         0  defsig_fpe_formal.o ABSOLUTE
    ../clib/signal.s                         0x00000000   Number         0  defsig.o ABSOLUTE
    ../clib/stdlib.c                         0x00000000   Number         0  exit.o ABSOLUTE
    ../fplib/fpinit.s                        0x00000000   Number         0  fpinit.o ABSOLUTE
    Card.cpp                                 0x00000000   Number         0  card.o ABSOLUTE
    Card.cpp                                 0x00000000   Number         0  card.o ABSOLUTE
    File.cpp                                 0x00000000   Number         0  file.o ABSOLUTE
    File.cpp                                 0x00000000   Number         0  file.o ABSOLUTE
    Main.cpp                                 0x00000000   Number         0  main.o ABSOLUTE
    Main.cpp                                 0x00000000   Number         0  main.o ABSOLUTE
    RTE\Device\STM32F103C8\startup_stm32f10x_md.s 0x00000000   Number         0  startup_stm32f10x_md.o ABSOLUTE
    RTE\Device\STM32F103C8\system_stm32f10x.c 0x00000000   Number         0  system_stm32f10x.o ABSOLUTE
    RTE\\Device\\STM32F103C8\\system_stm32f10x.c 0x00000000   Number         0  system_stm32f10x.o ABSOLUTE
    UART.cpp                                 0x00000000   Number         0  uart.o ABSOLUTE
    UART.cpp                                 0x00000000   Number         0  uart.o ABSOLUTE
    dc.s                                     0x00000000   Number         0  dc.o ABSOLUTE
    RESET                                    0x08000000   Section      236  startup_stm32f10x_md.o(RESET)
    !!!main                                  0x080000ec   Section        8  __main.o(!!!main)
    !!!scatter                               0x080000f4   Section       52  __scatter.o(!!!scatter)
    !!handler_copy                           0x08000128   Section       26  __scatter_copy.o(!!handler_copy)
    !!handler_zi                             0x08000144   Section       28  __scatter_zi.o(!!handler_zi)
    .ARM.Collect$$libinit$$00000000          0x08000160   Section        2  libinit.o(.ARM.Collect$$libinit$$00000000)
    .ARM.Collect$$libinit$$00000002          0x08000162   Section        0  libinit2.o(.ARM.Collect$$libinit$$00000002)
    .ARM.Collect$$libinit$$00000004          0x08000162   Section        0  libinit2.o(.ARM.Collect$$libinit$$00000004)
    .ARM.Collect$$libinit$$0000000A          0x08000162   Section        0  libinit2.o(.ARM.Collect$$libinit$$0000000A)
    .ARM.Collect$$libinit$$0000000C          0x08000162   Section        0  libinit2.o(.ARM.Collect$$libinit$$0000000C)
    .ARM.Collect$$libinit$$0000000E          0x08000162   Section        0  libinit2.o(.ARM.Collect$$libinit$$0000000E)
    .ARM.Collect$$libinit$$00000011          0x08000162   Section        0  libinit2.o(.ARM.Collect$$libinit$$00000011)
    .ARM.Collect$$libinit$$00000013          0x08000162   Section        0  libinit2.o(.ARM.Collect$$libinit$$00000013)
    .ARM.Collect$$libinit$$00000015          0x08000162   Section        0  libinit2.o(.ARM.Collect$$libinit$$00000015)
    .ARM.Collect$$libinit$$00000017          0x08000162   Section        0  libinit2.o(.ARM.Collect$$libinit$$00000017)
    .ARM.Collect$$libinit$$00000019          0x08000162   Section        0  libinit2.o(.ARM.Collect$$libinit$$00000019)
    .ARM.Collect$$libinit$$0000001B          0x08000162   Section        0  libinit2.o(.ARM.Collect$$libinit$$0000001B)
    .ARM.Collect$$libinit$$0000001D          0x08000162   Section        0  libinit2.o(.ARM.Collect$$libinit$$0000001D)
    .ARM.Collect$$libinit$$0000001F          0x08000162   Section        0  libinit2.o(.ARM.Collect$$libinit$$0000001F)
    .ARM.Collect$$libinit$$00000021          0x08000162   Section        0  libinit2.o(.ARM.Collect$$libinit$$00000021)
    .ARM.Collect$$libinit$$00000023          0x08000162   Section        0  libinit2.o(.ARM.Collect$$libinit$$00000023)
    .ARM.Collect$$libinit$$00000025          0x08000162   Section        0  libinit2.o(.ARM.Collect$$libinit$$00000025)
    .ARM.Collect$$libinit$$0000002C          0x08000162   Section        0  libinit2.o(.ARM.Collect$$libinit$$0000002C)
    .ARM.Collect$$libinit$$0000002E          0x08000162   Section        0  libinit2.o(.ARM.Collect$$libinit$$0000002E)
    .ARM.Collect$$libinit$$00000030          0x08000162   Section        0  libinit2.o(.ARM.Collect$$libinit$$00000030)
    .ARM.Collect$$libinit$$00000032          0x08000162   Section        0  libinit2.o(.ARM.Collect$$libinit$$00000032)
    .ARM.Collect$$libinit$$00000033          0x08000162   Section        2  libinit2.o(.ARM.Collect$$libinit$$00000033)
    .ARM.Collect$$libshutdown$$00000000      0x08000164   Section        2  libshutdown.o(.ARM.Collect$$libshutdown$$00000000)
    .ARM.Collect$$libshutdown$$00000002      0x08000166   Section        0  libshutdown2.o(.ARM.Collect$$libshutdown$$00000002)
    .ARM.Collect$$libshutdown$$00000004      0x08000166   Section        0  libshutdown2.o(.ARM.Collect$$libshutdown$$00000004)
    .ARM.Collect$$libshutdown$$00000007      0x08000166   Section        0  libshutdown2.o(.ARM.Collect$$libshutdown$$00000007)
    .ARM.Collect$$libshutdown$$0000000A      0x08000166   Section        0  libshutdown2.o(.ARM.Collect$$libshutdown$$0000000A)
    .ARM.Collect$$libshutdown$$0000000C      0x08000166   Section        0  libshutdown2.o(.ARM.Collect$$libshutdown$$0000000C)
    .ARM.Collect$$libshutdown$$0000000F      0x08000166   Section        0  libshutdown2.o(.ARM.Collect$$libshutdown$$0000000F)
    .ARM.Collect$$libshutdown$$00000010      0x08000166   Section        2  libshutdown2.o(.ARM.Collect$$libshutdown$$00000010)
    .ARM.Collect$$rtentry$$00000000          0x08000168   Section        0  __rtentry.o(.ARM.Collect$$rtentry$$00000000)
    .ARM.Collect$$rtentry$$00000002          0x08000168   Section        0  __rtentry2.o(.ARM.Collect$$rtentry$$00000002)
    .ARM.Collect$$rtentry$$00000004          0x08000168   Section        6  __rtentry4.o(.ARM.Collect$$rtentry$$00000004)
    .ARM.Collect$$rtentry$$00000009          0x0800016e   Section        0  __rtentry2.o(.ARM.Collect$$rtentry$$00000009)
    .ARM.Collect$$rtentry$$0000000A          0x0800016e   Section        4  __rtentry2.o(.ARM.Collect$$rtentry$$0000000A)
    .ARM.Collect$$rtentry$$0000000C          0x08000172   Section        0  __rtentry2.o(.ARM.Collect$$rtentry$$0000000C)
    .ARM.Collect$$rtentry$$0000000D          0x08000172   Section        8  __rtentry2.o(.ARM.Collect$$rtentry$$0000000D)
    .ARM.Collect$$rtexit$$00000000           0x0800017a   Section        2  rtexit.o(.ARM.Collect$$rtexit$$00000000)
    .ARM.Collect$$rtexit$$00000002           0x0800017c   Section        0  rtexit2.o(.ARM.Collect$$rtexit$$00000002)
    .ARM.Collect$$rtexit$$00000003           0x0800017c   Section        4  rtexit2.o(.ARM.Collect$$rtexit$$00000003)
    .ARM.Collect$$rtexit$$00000004           0x08000180   Section        6  rtexit2.o(.ARM.Collect$$rtexit$$00000004)
    .text                                    0x08000188   Section       64  startup_stm32f10x_md.o(.text)
    .text                                    0x080001c8   Section       72  llsdiv.o(.text)
    .text                                    0x08000210   Section      100  rt_memcpy_w.o(.text)
    .text                                    0x08000274   Section       78  rt_memclr_w.o(.text)
    .text                                    0x080002c2   Section        0  heapauxi.o(.text)
    .text                                    0x080002c8   Section      238  lludivv7m.o(.text)
    .text                                    0x080003b6   Section       74  sys_stackheap_outer.o(.text)
    .text                                    0x08000400   Section        0  exit.o(.text)
    .text                                    0x08000414   Section        8  libspace.o(.text)
    .text                                    0x0800041c   Section        0  sys_exit.o(.text)
    .text                                    0x08000428   Section        2  use_no_semi.o(.text)
    .text                                    0x0800042a   Section        0  indicate_semi.o(.text)
    i.SetSysClock                            0x0800042a   Section        0  system_stm32f10x.o(i.SetSysClock)
    SetSysClock                              0x0800042b   Thumb Code     8  system_stm32f10x.o(i.SetSysClock)
    i.SetSysClockTo72                        0x08000434   Section        0  system_stm32f10x.o(i.SetSysClockTo72)
    SetSysClockTo72                          0x08000435   Thumb Code   214  system_stm32f10x.o(i.SetSysClockTo72)
    i.SystemInit                             0x08000514   Section        0  system_stm32f10x.o(i.SystemInit)
    i.TIM2_IRQHandler                        0x08000574   Section        0  main.o(i.TIM2_IRQHandler)
    i.USART3_IRQHandler                      0x0800059c   Section        0  uart.o(i.USART3_IRQHandler)
    i._Z10UNSEL_CELLv                        0x08000644   Section        0  card.o(i._Z10UNSEL_CELLv)
    i._Z12CardRefreashv                      0x08000658   Section        0  main.o(i._Z12CardRefreashv)
    i._Z15GET_CELL_NUMBERv                   0x0800068c   Section        0  card.o(i._Z15GET_CELL_NUMBERv)
    i._Z7DelayMsj                            0x080006ec   Section        0  main.o(i._Z7DelayMsj)
    i._Z7DelayUsj                            0x08000704   Section        0  main.o(i._Z7DelayUsj)
    i._Z8SEL_CELLh                           0x08000730   Section        0  card.o(i._Z8SEL_CELLh)
    i._ZN3COM11TestAddressEv                 0x08000794   Section        0  uart.o(i._ZN3COM11TestAddressEv)
    i._ZN3COM12CharToNumberEhPh              0x080007bc   Section        0  uart.o(i._ZN3COM12CharToNumberEhPh)
    i._ZN3COM12NumberToCharEhjPh             0x08000804   Section        0  uart.o(i._ZN3COM12NumberToCharEhjPh)
    i._ZN3COM2TxEh                           0x08000870   Section        0  uart.o(i._ZN3COM2TxEh)
    i._ZN3COM4InitEv                         0x0800088c   Section        0  uart.o(i._ZN3COM4InitEv)
    i._ZN3COM5PrintEPcc                      0x08000954   Section        0  uart.o(i._ZN3COM5PrintEPcc)
    i._ZN3COM7CompareEPcS0_                  0x080009a8   Section        0  uart.o(i._ZN3COM7CompareEPcS0_)
    i._ZN3COM7DecoderEv                      0x080009d4   Section        0  uart.o(i._ZN3COM7DecoderEv)
    i._ZN4CARD10GetAddressEjRhRj             0x08001124   Section        0  card.o(i._ZN4CARD10GetAddressEjRhRj)
    i._ZN4CARD10ReadSectorEjPh               0x08001172   Section        0  card.o(i._ZN4CARD10ReadSectorEjPh)
    i._ZN4CARD11SectorEraseEhj               0x0800121a   Section        0  card.o(i._ZN4CARD11SectorEraseEhj)
    i._ZN4CARD11WriteEnableEh                0x08001286   Section        0  card.o(i._ZN4CARD11WriteEnableEh)
    i._ZN4CARD11WriteSectorEjPh              0x080012be   Section        0  card.o(i._ZN4CARD11WriteSectorEjPh)
    i._ZN4CARD12ReadCapacityEh               0x08001398   Section        0  card.o(i._ZN4CARD12ReadCapacityEh)
    i._ZN4CARD12WaitForReadyEh               0x08001424   Section        0  card.o(i._ZN4CARD12WaitForReadyEh)
    i._ZN4CARD12WriteDisableEh               0x08001480   Section        0  card.o(i._ZN4CARD12WriteDisableEh)
    i._ZN4CARD4InitEv                        0x080014b8   Section        0  card.o(i._ZN4CARD4InitEv)
    i._ZN4CARD8ReadDataEjPhj                 0x08001568   Section        0  card.o(i._ZN4CARD8ReadDataEjPhj)
    i._ZN4CARD9GetStatusEv                   0x08001612   Section        0  card.o(i._ZN4CARD9GetStatusEv)
    i._ZN4CARD9GetVolumeEv                   0x080016ae   Section        0  card.o(i._ZN4CARD9GetVolumeEv)
    i._ZN4CARD9ReadWriteEhb                  0x080016d4   Section        0  card.o(i._ZN4CARD9ReadWriteEhb)
    i._ZN4FILE10ReadSectorEjPh               0x08001718   Section        0  file.o(i._ZN4FILE10ReadSectorEjPh)
    i._ZN4FILE11GetFileNameEPh               0x08001788   Section        0  file.o(i._ZN4FILE11GetFileNameEPh)
    i._ZN4FILE11GetFileSizeEv                0x080017c0   Section        0  file.o(i._ZN4FILE11GetFileSizeEv)
    i._ZN4FILE11WriteSectorEjPh              0x080017d8   Section        0  file.o(i._ZN4FILE11WriteSectorEjPh)
    i._ZN4FILE12CharToNumberEhPh             0x08001850   Section        0  file.o(i._ZN4FILE12CharToNumberEhPh)
    i._ZN4FILE12FileReadLineEPh              0x08001898   Section        0  file.o(i._ZN4FILE12FileReadLineEPh)
    i._ZN4FILE13GetRestVolumeEv              0x080018f4   Section        0  file.o(i._ZN4FILE13GetRestVolumeEv)
    i._ZN4FILE14FileHeadVerifyEPh            0x08001924   Section        0  file.o(i._ZN4FILE14FileHeadVerifyEPh)
    i._ZN4FILE16SwitchReadSectorEj           0x08001964   Section        0  file.o(i._ZN4FILE16SwitchReadSectorEj)
    i._ZN4FILE20GetFileEstimatedTimeEv       0x080019d8   Section        0  file.o(i._ZN4FILE20GetFileEstimatedTimeEv)
    i._ZN4FILE20GetFileTotalDistanceEv       0x080019ee   Section        0  file.o(i._ZN4FILE20GetFileTotalDistanceEv)
    i._ZN4FILE21GetFileCommandsNumberEv      0x08001a04   Section        0  file.o(i._ZN4FILE21GetFileCommandsNumberEv)
    i._ZN4FILE4InitEv                        0x08001a1a   Section        0  file.o(i._ZN4FILE4InitEv)
    i._ZN4FILE8FileOpenEv                    0x08001b4c   Section        0  file.o(i._ZN4FILE8FileOpenEv)
    i._ZN4FILE8FileReadEPhh                  0x08001c56   Section        0  file.o(i._ZN4FILE8FileReadEPhh)
    i._ZN4FILE8FileSeekEi                    0x08001caa   Section        0  file.o(i._ZN4FILE8FileSeekEi)
    i._ZN4FILE8FileTestEv                    0x08001ce2   Section        0  file.o(i._ZN4FILE8FileTestEv)
    i._ZN4FILE8ReadByteEj                    0x08001d7c   Section        0  file.o(i._ZN4FILE8ReadByteEj)
    i._ZN4FILE8ReadDataEjPhj                 0x08001dcc   Section        0  file.o(i._ZN4FILE8ReadDataEjPhj)
    i.main                                   0x08001e3c   Section        0  main.o(i.main)
    .constdata                               0x08001f18   Section      176  file.o(.constdata)
    .constdata                               0x08001fc8   Section      176  uart.o(.constdata)
    .data                                    0x20000000   Section        2  main.o(.data)
    PreVolume                                0x20000001   Data           1  main.o(.data)
    .bss                                     0x20000004   Section     8280  file.o(.bss)
    .bss                                     0x2000205c   Section     4432  uart.o(.bss)
    .bss                                     0x200031ac   Section       80  card.o(.bss)
    .bss                                     0x200031fc   Section       96  libspace.o(.bss)
    HEAP                                     0x20003260   Section      512  startup_stm32f10x_md.o(HEAP)
    Heap_Mem                                 0x20003260   Data         512  startup_stm32f10x_md.o(HEAP)
    STACK                                    0x20003460   Section     1024  startup_stm32f10x_md.o(STACK)
    Stack_Mem                                0x20003460   Data        1024  startup_stm32f10x_md.o(STACK)
    __initial_sp                             0x20003860   Data           0  startup_stm32f10x_md.o(STACK)

    Global Symbols

    Symbol Name                              Value     Ov Type        Size  Object(Section)

    BuildAttributes$$THM_ISAv4$P$D$K$B$S$PE$A:L22UL41UL21$X:L11$S22US41US21$IEEE1$IW$USESV6$~STKCKD$USESV7$~SHL$OSPACE$ROPI$EBA8$UX$STANDARDLIB$REQ8$PRES8$EABIv2 0x00000000   Number         0  anon$$obj.o ABSOLUTE
    __ARM_use_no_argv                        0x00000000   Number         0  main.o ABSOLUTE
    __ARM_exceptions_init                     - Undefined Weak Reference
    __alloca_initialize                       - Undefined Weak Reference
    __arm_preinit_                            - Undefined Weak Reference
    __cpp_initialize__aeabi_                  - Undefined Weak Reference
    __cxa_finalize                            - Undefined Weak Reference
    __rt_locale                               - Undefined Weak Reference
    __sigvec_lookup                           - Undefined Weak Reference
    _atexit_init                              - Undefined Weak Reference
    _call_atexit_fns                          - Undefined Weak Reference
    _clock_init                               - Undefined Weak Reference
    _fp_trap_init                             - Undefined Weak Reference
    _fp_trap_shutdown                         - Undefined Weak Reference
    _get_lc_collate                           - Undefined Weak Reference
    _get_lc_ctype                             - Undefined Weak Reference
    _get_lc_monetary                          - Undefined Weak Reference
    _get_lc_numeric                           - Undefined Weak Reference
    _get_lc_time                              - Undefined Weak Reference
    _getenv_init                              - Undefined Weak Reference
    _handle_redirection                       - Undefined Weak Reference
    _init_alloc                               - Undefined Weak Reference
    _init_user_alloc                          - Undefined Weak Reference
    _initio                                   - Undefined Weak Reference
    _rand_init                                - Undefined Weak Reference
    _signal_finish                            - Undefined Weak Reference
    _signal_init                              - Undefined Weak Reference
    _terminate_alloc                          - Undefined Weak Reference
    _terminate_user_alloc                     - Undefined Weak Reference
    _terminateio                              - Undefined Weak Reference
    __Vectors_Size                           0x000000ec   Number         0  startup_stm32f10x_md.o ABSOLUTE
    __Vectors                                0x08000000   Data           4  startup_stm32f10x_md.o(RESET)
    __Vectors_End                            0x080000ec   Data           0  startup_stm32f10x_md.o(RESET)
    __main                                   0x080000ed   Thumb Code     8  __main.o(!!!main)
    __scatterload                            0x080000f5   Thumb Code     0  __scatter.o(!!!scatter)
    __scatterload_rt2                        0x080000f5   Thumb Code    44  __scatter.o(!!!scatter)
    __scatterload_rt2_thumb_only             0x080000f5   Thumb Code     0  __scatter.o(!!!scatter)
    __scatterload_null                       0x08000103   Thumb Code     0  __scatter.o(!!!scatter)
    __scatterload_copy                       0x08000129   Thumb Code    26  __scatter_copy.o(!!handler_copy)
    __scatterload_zeroinit                   0x08000145   Thumb Code    28  __scatter_zi.o(!!handler_zi)
    __rt_lib_init                            0x08000161   Thumb Code     0  libinit.o(.ARM.Collect$$libinit$$00000000)
    __rt_lib_init_alloca_1                   0x08000163   Thumb Code     0  libinit2.o(.ARM.Collect$$libinit$$0000002E)
    __rt_lib_init_argv_1                     0x08000163   Thumb Code     0  libinit2.o(.ARM.Collect$$libinit$$0000002C)
    __rt_lib_init_atexit_1                   0x08000163   Thumb Code     0  libinit2.o(.ARM.Collect$$libinit$$0000001B)
    __rt_lib_init_clock_1                    0x08000163   Thumb Code     0  libinit2.o(.ARM.Collect$$libinit$$00000021)
    __rt_lib_init_cpp_1                      0x08000163   Thumb Code     0  libinit2.o(.ARM.Collect$$libinit$$00000032)
    __rt_lib_init_exceptions_1               0x08000163   Thumb Code     0  libinit2.o(.ARM.Collect$$libinit$$00000030)
    __rt_lib_init_fp_1                       0x08000163   Thumb Code     0  libinit2.o(.ARM.Collect$$libinit$$00000002)
    __rt_lib_init_fp_trap_1                  0x08000163   Thumb Code     0  libinit2.o(.ARM.Collect$$libinit$$0000001F)
    __rt_lib_init_getenv_1                   0x08000163   Thumb Code     0  libinit2.o(.ARM.Collect$$libinit$$00000023)
    __rt_lib_init_heap_1                     0x08000163   Thumb Code     0  libinit2.o(.ARM.Collect$$libinit$$0000000A)
    __rt_lib_init_lc_collate_1               0x08000163   Thumb Code     0  libinit2.o(.ARM.Collect$$libinit$$00000011)
    __rt_lib_init_lc_ctype_1                 0x08000163   Thumb Code     0  libinit2.o(.ARM.Collect$$libinit$$00000013)
    __rt_lib_init_lc_monetary_1              0x08000163   Thumb Code     0  libinit2.o(.ARM.Collect$$libinit$$00000015)
    __rt_lib_init_lc_numeric_1               0x08000163   Thumb Code     0  libinit2.o(.ARM.Collect$$libinit$$00000017)
    __rt_lib_init_lc_time_1                  0x08000163   Thumb Code     0  libinit2.o(.ARM.Collect$$libinit$$00000019)
    __rt_lib_init_preinit_1                  0x08000163   Thumb Code     0  libinit2.o(.ARM.Collect$$libinit$$00000004)
    __rt_lib_init_rand_1                     0x08000163   Thumb Code     0  libinit2.o(.ARM.Collect$$libinit$$0000000E)
    __rt_lib_init_return                     0x08000163   Thumb Code     0  libinit2.o(.ARM.Collect$$libinit$$00000033)
    __rt_lib_init_signal_1                   0x08000163   Thumb Code     0  libinit2.o(.ARM.Collect$$libinit$$0000001D)
    __rt_lib_init_stdio_1                    0x08000163   Thumb Code     0  libinit2.o(.ARM.Collect$$libinit$$00000025)
    __rt_lib_init_user_alloc_1               0x08000163   Thumb Code     0  libinit2.o(.ARM.Collect$$libinit$$0000000C)
    __rt_lib_shutdown                        0x08000165   Thumb Code     0  libshutdown.o(.ARM.Collect$$libshutdown$$00000000)
    __rt_lib_shutdown_cpp_1                  0x08000167   Thumb Code     0  libshutdown2.o(.ARM.Collect$$libshutdown$$00000002)
    __rt_lib_shutdown_fp_trap_1              0x08000167   Thumb Code     0  libshutdown2.o(.ARM.Collect$$libshutdown$$00000007)
    __rt_lib_shutdown_heap_1                 0x08000167   Thumb Code     0  libshutdown2.o(.ARM.Collect$$libshutdown$$0000000F)
    __rt_lib_shutdown_return                 0x08000167   Thumb Code     0  libshutdown2.o(.ARM.Collect$$libshutdown$$00000010)
    __rt_lib_shutdown_signal_1               0x08000167   Thumb Code     0  libshutdown2.o(.ARM.Collect$$libshutdown$$0000000A)
    __rt_lib_shutdown_stdio_1                0x08000167   Thumb Code     0  libshutdown2.o(.ARM.Collect$$libshutdown$$00000004)
    __rt_lib_shutdown_user_alloc_1           0x08000167   Thumb Code     0  libshutdown2.o(.ARM.Collect$$libshutdown$$0000000C)
    __rt_entry                               0x08000169   Thumb Code     0  __rtentry.o(.ARM.Collect$$rtentry$$00000000)
    __rt_entry_presh_1                       0x08000169   Thumb Code     0  __rtentry2.o(.ARM.Collect$$rtentry$$00000002)
    __rt_entry_sh                            0x08000169   Thumb Code     0  __rtentry4.o(.ARM.Collect$$rtentry$$00000004)
    __rt_entry_li                            0x0800016f   Thumb Code     0  __rtentry2.o(.ARM.Collect$$rtentry$$0000000A)
    __rt_entry_postsh_1                      0x0800016f   Thumb Code     0  __rtentry2.o(.ARM.Collect$$rtentry$$00000009)
    __rt_entry_main                          0x08000173   Thumb Code     0  __rtentry2.o(.ARM.Collect$$rtentry$$0000000D)
    __rt_entry_postli_1                      0x08000173   Thumb Code     0  __rtentry2.o(.ARM.Collect$$rtentry$$0000000C)
    __rt_exit                                0x0800017b   Thumb Code     0  rtexit.o(.ARM.Collect$$rtexit$$00000000)
    __rt_exit_ls                             0x0800017d   Thumb Code     0  rtexit2.o(.ARM.Collect$$rtexit$$00000003)
    __rt_exit_prels_1                        0x0800017d   Thumb Code     0  rtexit2.o(.ARM.Collect$$rtexit$$00000002)
    __rt_exit_exit                           0x08000181   Thumb Code     0  rtexit2.o(.ARM.Collect$$rtexit$$00000004)
    Reset_Handler                            0x08000189   Thumb Code     8  startup_stm32f10x_md.o(.text)
    NMI_Handler                              0x08000191   Thumb Code     2  startup_stm32f10x_md.o(.text)
    HardFault_Handler                        0x08000193   Thumb Code     2  startup_stm32f10x_md.o(.text)
    MemManage_Handler                        0x08000195   Thumb Code     2  startup_stm32f10x_md.o(.text)
    BusFault_Handler                         0x08000197   Thumb Code     2  startup_stm32f10x_md.o(.text)
    UsageFault_Handler                       0x08000199   Thumb Code     2  startup_stm32f10x_md.o(.text)
    SVC_Handler                              0x0800019b   Thumb Code     2  startup_stm32f10x_md.o(.text)
    DebugMon_Handler                         0x0800019d   Thumb Code     2  startup_stm32f10x_md.o(.text)
    PendSV_Handler                           0x0800019f   Thumb Code     2  startup_stm32f10x_md.o(.text)
    SysTick_Handler                          0x080001a1   Thumb Code     2  startup_stm32f10x_md.o(.text)
    ADC1_2_IRQHandler                        0x080001a3   Thumb Code     0  startup_stm32f10x_md.o(.text)
    CAN1_RX1_IRQHandler                      0x080001a3   Thumb Code     0  startup_stm32f10x_md.o(.text)
    CAN1_SCE_IRQHandler                      0x080001a3   Thumb Code     0  startup_stm32f10x_md.o(.text)
    DMA1_Channel1_IRQHandler                 0x080001a3   Thumb Code     0  startup_stm32f10x_md.o(.text)
    DMA1_Channel2_IRQHandler                 0x080001a3   Thumb Code     0  startup_stm32f10x_md.o(.text)
    DMA1_Channel3_IRQHandler                 0x080001a3   Thumb Code     0  startup_stm32f10x_md.o(.text)
    DMA1_Channel4_IRQHandler                 0x080001a3   Thumb Code     0  startup_stm32f10x_md.o(.text)
    DMA1_Channel5_IRQHandler                 0x080001a3   Thumb Code     0  startup_stm32f10x_md.o(.text)
    DMA1_Channel6_IRQHandler                 0x080001a3   Thumb Code     0  startup_stm32f10x_md.o(.text)
    DMA1_Channel7_IRQHandler                 0x080001a3   Thumb Code     0  startup_stm32f10x_md.o(.text)
    EXTI0_IRQHandler                         0x080001a3   Thumb Code     0  startup_stm32f10x_md.o(.text)
    EXTI15_10_IRQHandler                     0x080001a3   Thumb Code     0  startup_stm32f10x_md.o(.text)
    EXTI1_IRQHandler                         0x080001a3   Thumb Code     0  startup_stm32f10x_md.o(.text)
    EXTI2_IRQHandler                         0x080001a3   Thumb Code     0  startup_stm32f10x_md.o(.text)
    EXTI3_IRQHandler                         0x080001a3   Thumb Code     0  startup_stm32f10x_md.o(.text)
    EXTI4_IRQHandler                         0x080001a3   Thumb Code     0  startup_stm32f10x_md.o(.text)
    EXTI9_5_IRQHandler                       0x080001a3   Thumb Code     0  startup_stm32f10x_md.o(.text)
    FLASH_IRQHandler                         0x080001a3   Thumb Code     0  startup_stm32f10x_md.o(.text)
    I2C1_ER_IRQHandler                       0x080001a3   Thumb Code     0  startup_stm32f10x_md.o(.text)
    I2C1_EV_IRQHandler                       0x080001a3   Thumb Code     0  startup_stm32f10x_md.o(.text)
    I2C2_ER_IRQHandler                       0x080001a3   Thumb Code     0  startup_stm32f10x_md.o(.text)
    I2C2_EV_IRQHandler                       0x080001a3   Thumb Code     0  startup_stm32f10x_md.o(.text)
    PVD_IRQHandler                           0x080001a3   Thumb Code     0  startup_stm32f10x_md.o(.text)
    RCC_IRQHandler                           0x080001a3   Thumb Code     0  startup_stm32f10x_md.o(.text)
    RTCAlarm_IRQHandler                      0x080001a3   Thumb Code     0  startup_stm32f10x_md.o(.text)
    RTC_IRQHandler                           0x080001a3   Thumb Code     0  startup_stm32f10x_md.o(.text)
    SPI1_IRQHandler                          0x080001a3   Thumb Code     0  startup_stm32f10x_md.o(.text)
    SPI2_IRQHandler                          0x080001a3   Thumb Code     0  startup_stm32f10x_md.o(.text)
    TAMPER_IRQHandler                        0x080001a3   Thumb Code     0  startup_stm32f10x_md.o(.text)
    TIM1_BRK_IRQHandler                      0x080001a3   Thumb Code     0  startup_stm32f10x_md.o(.text)
    TIM1_CC_IRQHandler                       0x080001a3   Thumb Code     0  startup_stm32f10x_md.o(.text)
    TIM1_TRG_COM_IRQHandler                  0x080001a3   Thumb Code     0  startup_stm32f10x_md.o(.text)
    TIM1_UP_IRQHandler                       0x080001a3   Thumb Code     0  startup_stm32f10x_md.o(.text)
    TIM3_IRQHandler                          0x080001a3   Thumb Code     0  startup_stm32f10x_md.o(.text)
    TIM4_IRQHandler                          0x080001a3   Thumb Code     0  startup_stm32f10x_md.o(.text)
    USART1_IRQHandler                        0x080001a3   Thumb Code     0  startup_stm32f10x_md.o(.text)
    USART2_IRQHandler                        0x080001a3   Thumb Code     0  startup_stm32f10x_md.o(.text)
    USBWakeUp_IRQHandler                     0x080001a3   Thumb Code     0  startup_stm32f10x_md.o(.text)
    USB_HP_CAN1_TX_IRQHandler                0x080001a3   Thumb Code     0  startup_stm32f10x_md.o(.text)
    USB_LP_CAN1_RX0_IRQHandler               0x080001a3   Thumb Code     0  startup_stm32f10x_md.o(.text)
    WWDG_IRQHandler                          0x080001a3   Thumb Code     0  startup_stm32f10x_md.o(.text)
    __user_initial_stackheap                 0x080001a5   Thumb Code     0  startup_stm32f10x_md.o(.text)
    __aeabi_ldivmod                          0x080001c9   Thumb Code     0  llsdiv.o(.text)
    _ll_sdiv                                 0x080001c9   Thumb Code    72  llsdiv.o(.text)
    __aeabi_memcpy4                          0x08000211   Thumb Code     0  rt_memcpy_w.o(.text)
    __aeabi_memcpy8                          0x08000211   Thumb Code     0  rt_memcpy_w.o(.text)
    __rt_memcpy_w                            0x08000211   Thumb Code   100  rt_memcpy_w.o(.text)
    _memcpy_lastbytes_aligned                0x08000259   Thumb Code     0  rt_memcpy_w.o(.text)
    __aeabi_memclr4                          0x08000275   Thumb Code     0  rt_memclr_w.o(.text)
    __aeabi_memclr8                          0x08000275   Thumb Code     0  rt_memclr_w.o(.text)
    __rt_memclr_w                            0x08000275   Thumb Code    78  rt_memclr_w.o(.text)
    _memset_w                                0x08000279   Thumb Code     0  rt_memclr_w.o(.text)
    __use_two_region_memory                  0x080002c3   Thumb Code     2  heapauxi.o(.text)
    __rt_heap_escrow$2region                 0x080002c5   Thumb Code     2  heapauxi.o(.text)
    __rt_heap_expand$2region                 0x080002c7   Thumb Code     2  heapauxi.o(.text)
    __aeabi_uldivmod                         0x080002c9   Thumb Code     0  lludivv7m.o(.text)
    _ll_udiv                                 0x080002c9   Thumb Code   238  lludivv7m.o(.text)
    __user_setup_stackheap                   0x080003b7   Thumb Code    74  sys_stackheap_outer.o(.text)
    exit                                     0x08000401   Thumb Code    18  exit.o(.text)
    __user_libspace                          0x08000415   Thumb Code     8  libspace.o(.text)
    __user_perproc_libspace                  0x08000415   Thumb Code     0  libspace.o(.text)
    __user_perthread_libspace                0x08000415   Thumb Code     0  libspace.o(.text)
    _sys_exit                                0x0800041d   Thumb Code     8  sys_exit.o(.text)
    __I$use$semihosting                      0x08000429   Thumb Code     0  use_no_semi.o(.text)
    __use_no_semihosting_swi                 0x08000429   Thumb Code     2  use_no_semi.o(.text)
    __semihosting_library_function           0x0800042b   Thumb Code     0  indicate_semi.o(.text)
    SystemInit                               0x08000515   Thumb Code    78  system_stm32f10x.o(i.SystemInit)
    TIM2_IRQHandler                          0x08000575   Thumb Code    34  main.o(i.TIM2_IRQHandler)
    USART3_IRQHandler                        0x0800059d   Thumb Code   158  uart.o(i.USART3_IRQHandler)
    UNSEL_CELL()                             0x08000645   Thumb Code    14  card.o(i._Z10UNSEL_CELLv)
    CardRefreash()                           0x08000659   Thumb Code    36  main.o(i._Z12CardRefreashv)
    GET_CELL_NUMBER()                        0x0800068d   Thumb Code    90  card.o(i._Z15GET_CELL_NUMBERv)
    DelayMs(unsigned)                        0x080006ed   Thumb Code    24  main.o(i._Z7DelayMsj)
    DelayUs(unsigned)                        0x08000705   Thumb Code    42  main.o(i._Z7DelayUsj)
    SEL_CELL(unsigned char)                  0x08000731   Thumb Code    94  card.o(i._Z8SEL_CELLh)
    COM::TestAddress()                       0x08000795   Thumb Code    40  uart.o(i._ZN3COM11TestAddressEv)
    COM::CharToNumber(unsigned char, unsigned char*) 0x080007bd   Thumb Code    68  uart.o(i._ZN3COM12CharToNumberEhPh)
    COM::NumberToChar(unsigned char, unsigned, unsigned char*) 0x08000805   Thumb Code   104  uart.o(i._ZN3COM12NumberToCharEhjPh)
    COM::Tx(unsigned char)                   0x08000871   Thumb Code    22  uart.o(i._ZN3COM2TxEh)
    COM::Init()                              0x0800088d   Thumb Code   178  uart.o(i._ZN3COM4InitEv)
    COM::Print(char*, char)                  0x08000955   Thumb Code    84  uart.o(i._ZN3COM5PrintEPcc)
    COM::Compare(char*, char*)               0x080009a9   Thumb Code    42  uart.o(i._ZN3COM7CompareEPcS0_)
    COM::Decoder()                           0x080009d5   Thumb Code  1800  uart.o(i._ZN3COM7DecoderEv)
    CARD::GetAddress(unsigned, unsigned char&, unsigned&) 0x08001125   Thumb Code    78  card.o(i._ZN4CARD10GetAddressEjRhRj)
    CARD::ReadSector(unsigned, unsigned char*) 0x08001173   Thumb Code   168  card.o(i._ZN4CARD10ReadSectorEjPh)
    CARD::SectorErase(unsigned char, unsigned) 0x0800121b   Thumb Code   108  card.o(i._ZN4CARD11SectorEraseEhj)
    CARD::WriteEnable(unsigned char)         0x08001287   Thumb Code    56  card.o(i._ZN4CARD11WriteEnableEh)
    CARD::WriteSector(unsigned, unsigned char*) 0x080012bf   Thumb Code   218  card.o(i._ZN4CARD11WriteSectorEjPh)
    CARD::ReadCapacity(unsigned char)        0x08001399   Thumb Code   138  card.o(i._ZN4CARD12ReadCapacityEh)
    CARD::WaitForReady(unsigned char)        0x08001425   Thumb Code    86  card.o(i._ZN4CARD12WaitForReadyEh)
    CARD::WriteDisable(unsigned char)        0x08001481   Thumb Code    56  card.o(i._ZN4CARD12WriteDisableEh)
    CARD::Init()                             0x080014b9   Thumb Code   158  card.o(i._ZN4CARD4InitEv)
    CARD::ReadData(unsigned, unsigned char*, unsigned) 0x08001569   Thumb Code   170  card.o(i._ZN4CARD8ReadDataEjPhj)
    CARD::GetStatus()                        0x08001613   Thumb Code   156  card.o(i._ZN4CARD9GetStatusEv)
    CARD::GetVolume()                        0x080016af   Thumb Code    38  card.o(i._ZN4CARD9GetVolumeEv)
    CARD::ReadWrite(unsigned char, bool)     0x080016d5   Thumb Code    64  card.o(i._ZN4CARD9ReadWriteEhb)
    FILE::ReadSector(unsigned, unsigned char*) 0x08001719   Thumb Code   106  file.o(i._ZN4FILE10ReadSectorEjPh)
    FILE::GetFileName(unsigned char*)        0x08001789   Thumb Code    56  file.o(i._ZN4FILE11GetFileNameEPh)
    FILE::GetFileSize()                      0x080017c1   Thumb Code    22  file.o(i._ZN4FILE11GetFileSizeEv)
    FILE::WriteSector(unsigned, unsigned char*) 0x080017d9   Thumb Code   116  file.o(i._ZN4FILE11WriteSectorEjPh)
    FILE::CharToNumber(unsigned char, unsigned char*) 0x08001851   Thumb Code    68  file.o(i._ZN4FILE12CharToNumberEhPh)
    FILE::FileReadLine(unsigned char*)       0x08001899   Thumb Code    90  file.o(i._ZN4FILE12FileReadLineEPh)
    FILE::GetRestVolume()                    0x080018f5   Thumb Code    42  file.o(i._ZN4FILE13GetRestVolumeEv)
    FILE::FileHeadVerify(unsigned char*)     0x08001925   Thumb Code    64  file.o(i._ZN4FILE14FileHeadVerifyEPh)
    FILE::SwitchReadSector(unsigned)         0x08001965   Thumb Code   112  file.o(i._ZN4FILE16SwitchReadSectorEj)
    FILE::GetFileEstimatedTime()             0x080019d9   Thumb Code    22  file.o(i._ZN4FILE20GetFileEstimatedTimeEv)
    FILE::GetFileTotalDistance()             0x080019ef   Thumb Code    22  file.o(i._ZN4FILE20GetFileTotalDistanceEv)
    FILE::GetFileCommandsNumber()            0x08001a05   Thumb Code    22  file.o(i._ZN4FILE21GetFileCommandsNumberEv)
    FILE::Init()                             0x08001a1b   Thumb Code   306  file.o(i._ZN4FILE4InitEv)
    FILE::FileOpen()                         0x08001b4d   Thumb Code   266  file.o(i._ZN4FILE8FileOpenEv)
    FILE::FileRead(unsigned char*, unsigned char) 0x08001c57   Thumb Code    84  file.o(i._ZN4FILE8FileReadEPhh)
    FILE::FileSeek(int)                      0x08001cab   Thumb Code    56  file.o(i._ZN4FILE8FileSeekEi)
    FILE::FileTest()                         0x08001ce3   Thumb Code   154  file.o(i._ZN4FILE8FileTestEv)
    FILE::ReadByte(unsigned)                 0x08001d7d   Thumb Code    78  file.o(i._ZN4FILE8ReadByteEj)
    FILE::ReadData(unsigned, unsigned char*, unsigned) 0x08001dcd   Thumb Code   108  file.o(i._ZN4FILE8ReadDataEjPhj)
    main                                     0x08001e3d   Thumb Code   178  main.o(i.main)
    Region$$Table$$Base                      0x08002078   Number         0  anon$$obj.o(Region$$Table)
    Region$$Table$$Limit                     0x08002098   Number         0  anon$$obj.o(Region$$Table)
    CardRefreashFlag                         0x20000000   Data           1  main.o(.data)
    File                                     0x20000004   Data        8280  file.o(.bss)
    Serial                                   0x2000205c   Data        4432  uart.o(.bss)
    Card                                     0x200031ac   Data          80  card.o(.bss)
    __libspace_start                         0x200031fc   Data          96  libspace.o(.bss)
    __temporary_stack_top$libspace           0x2000325c   Data           0  libspace.o(.bss)



==============================================================================

Memory Map of the image

  Image Entry point : 0x080000ed

  Load Region LR_IROM1 (Base: 0x08000000, Size: 0x0000209c, Max: 0x00010000, ABSOLUTE)

    Execution Region ER_IROM1 (Base: 0x08000000, Size: 0x00002098, Max: 0x00010000, ABSOLUTE)

    Base Addr    Size         Type   Attr      Idx    E Section Name        Object

    0x08000000   0x000000ec   Data   RO          453    RESET               startup_stm32f10x_md.o
    0x080000ec   0x00000008   Code   RO          537  * !!!main             c_w.l(__main.o)
    0x080000f4   0x00000034   Code   RO          706    !!!scatter          c_w.l(__scatter.o)
    0x08000128   0x0000001a   Code   RO          708    !!handler_copy      c_w.l(__scatter_copy.o)
    0x08000142   0x00000002   PAD
    0x08000144   0x0000001c   Code   RO          710    !!handler_zi        c_w.l(__scatter_zi.o)
    0x08000160   0x00000002   Code   RO          572    .ARM.Collect$$libinit$$00000000  c_w.l(libinit.o)
    0x08000162   0x00000000   Code   RO          583    .ARM.Collect$$libinit$$00000002  c_w.l(libinit2.o)
    0x08000162   0x00000000   Code   RO          585    .ARM.Collect$$libinit$$00000004  c_w.l(libinit2.o)
    0x08000162   0x00000000   Code   RO          588    .ARM.Collect$$libinit$$0000000A  c_w.l(libinit2.o)
    0x08000162   0x00000000   Code   RO          590    .ARM.Collect$$libinit$$0000000C  c_w.l(libinit2.o)
    0x08000162   0x00000000   Code   RO          592    .ARM.Collect$$libinit$$0000000E  c_w.l(libinit2.o)
    0x08000162   0x00000000   Code   RO          595    .ARM.Collect$$libinit$$00000011  c_w.l(libinit2.o)
    0x08000162   0x00000000   Code   RO          597    .ARM.Collect$$libinit$$00000013  c_w.l(libinit2.o)
    0x08000162   0x00000000   Code   RO          599    .ARM.Collect$$libinit$$00000015  c_w.l(libinit2.o)
    0x08000162   0x00000000   Code   RO          601    .ARM.Collect$$libinit$$00000017  c_w.l(libinit2.o)
    0x08000162   0x00000000   Code   RO          603    .ARM.Collect$$libinit$$00000019  c_w.l(libinit2.o)
    0x08000162   0x00000000   Code   RO          605    .ARM.Collect$$libinit$$0000001B  c_w.l(libinit2.o)
    0x08000162   0x00000000   Code   RO          607    .ARM.Collect$$libinit$$0000001D  c_w.l(libinit2.o)
    0x08000162   0x00000000   Code   RO          609    .ARM.Collect$$libinit$$0000001F  c_w.l(libinit2.o)
    0x08000162   0x00000000   Code   RO          611    .ARM.Collect$$libinit$$00000021  c_w.l(libinit2.o)
    0x08000162   0x00000000   Code   RO          613    .ARM.Collect$$libinit$$00000023  c_w.l(libinit2.o)
    0x08000162   0x00000000   Code   RO          615    .ARM.Collect$$libinit$$00000025  c_w.l(libinit2.o)
    0x08000162   0x00000000   Code   RO          619    .ARM.Collect$$libinit$$0000002C  c_w.l(libinit2.o)
    0x08000162   0x00000000   Code   RO          621    .ARM.Collect$$libinit$$0000002E  c_w.l(libinit2.o)
    0x08000162   0x00000000   Code   RO          623    .ARM.Collect$$libinit$$00000030  c_w.l(libinit2.o)
    0x08000162   0x00000000   Code   RO          625    .ARM.Collect$$libinit$$00000032  c_w.l(libinit2.o)
    0x08000162   0x00000002   Code   RO          626    .ARM.Collect$$libinit$$00000033  c_w.l(libinit2.o)
    0x08000164   0x00000002   Code   RO          656    .ARM.Collect$$libshutdown$$00000000  c_w.l(libshutdown.o)
    0x08000166   0x00000000   Code   RO          673    .ARM.Collect$$libshutdown$$00000002  c_w.l(libshutdown2.o)
    0x08000166   0x00000000   Code   RO          675    .ARM.Collect$$libshutdown$$00000004  c_w.l(libshutdown2.o)
    0x08000166   0x00000000   Code   RO          678    .ARM.Collect$$libshutdown$$00000007  c_w.l(libshutdown2.o)
    0x08000166   0x00000000   Code   RO          681    .ARM.Collect$$libshutdown$$0000000A  c_w.l(libshutdown2.o)
    0x08000166   0x00000000   Code   RO          683    .ARM.Collect$$libshutdown$$0000000C  c_w.l(libshutdown2.o)
    0x08000166   0x00000000   Code   RO          686    .ARM.Collect$$libshutdown$$0000000F  c_w.l(libshutdown2.o)
    0x08000166   0x00000002   Code   RO          687    .ARM.Collect$$libshutdown$$00000010  c_w.l(libshutdown2.o)
    0x08000168   0x00000000   Code   RO          539    .ARM.Collect$$rtentry$$00000000  c_w.l(__rtentry.o)
    0x08000168   0x00000000   Code   RO          543    .ARM.Collect$$rtentry$$00000002  c_w.l(__rtentry2.o)
    0x08000168   0x00000006   Code   RO          555    .ARM.Collect$$rtentry$$00000004  c_w.l(__rtentry4.o)
    0x0800016e   0x00000000   Code   RO          545    .ARM.Collect$$rtentry$$00000009  c_w.l(__rtentry2.o)
    0x0800016e   0x00000004   Code   RO          546    .ARM.Collect$$rtentry$$0000000A  c_w.l(__rtentry2.o)
    0x08000172   0x00000000   Code   RO          548    .ARM.Collect$$rtentry$$0000000C  c_w.l(__rtentry2.o)
    0x08000172   0x00000008   Code   RO          549    .ARM.Collect$$rtentry$$0000000D  c_w.l(__rtentry2.o)
    0x0800017a   0x00000002   Code   RO          576    .ARM.Collect$$rtexit$$00000000  c_w.l(rtexit.o)
    0x0800017c   0x00000000   Code   RO          628    .ARM.Collect$$rtexit$$00000002  c_w.l(rtexit2.o)
    0x0800017c   0x00000004   Code   RO          629    .ARM.Collect$$rtexit$$00000003  c_w.l(rtexit2.o)
    0x08000180   0x00000006   Code   RO          630    .ARM.Collect$$rtexit$$00000004  c_w.l(rtexit2.o)
    0x08000186   0x00000002   PAD
    0x08000188   0x00000040   Code   RO          454    .text               startup_stm32f10x_md.o
    0x080001c8   0x00000048   Code   RO          529    .text               c_w.l(llsdiv.o)
    0x08000210   0x00000064   Code   RO          531    .text               c_w.l(rt_memcpy_w.o)
    0x08000274   0x0000004e   Code   RO          533    .text               c_w.l(rt_memclr_w.o)
    0x080002c2   0x00000006   Code   RO          535    .text               c_w.l(heapauxi.o)
    0x080002c8   0x000000ee   Code   RO          540    .text               c_w.l(lludivv7m.o)
    0x080003b6   0x0000004a   Code   RO          561    .text               c_w.l(sys_stackheap_outer.o)
    0x08000400   0x00000012   Code   RO          565    .text               c_w.l(exit.o)
    0x08000412   0x00000002   PAD
    0x08000414   0x00000008   Code   RO          573    .text               c_w.l(libspace.o)
    0x0800041c   0x0000000c   Code   RO          644    .text               c_w.l(sys_exit.o)
    0x08000428   0x00000002   Code   RO          661    .text               c_w.l(use_no_semi.o)
    0x0800042a   0x00000000   Code   RO          663    .text               c_w.l(indicate_semi.o)
    0x0800042a   0x00000008   Code   RO          461    i.SetSysClock       system_stm32f10x.o
    0x08000432   0x00000002   PAD
    0x08000434   0x000000e0   Code   RO          462    i.SetSysClockTo72   system_stm32f10x.o
    0x08000514   0x00000060   Code   RO          464    i.SystemInit        system_stm32f10x.o
    0x08000574   0x00000028   Code   RO            4    i.TIM2_IRQHandler   main.o
    0x0800059c   0x000000a8   Code   RO          246    i.USART3_IRQHandler  uart.o
    0x08000644   0x00000014   Code   RO          433    i._Z10UNSEL_CELLv   card.o
    0x08000658   0x00000034   Code   RO            5    i._Z12CardRefreashv  main.o
    0x0800068c   0x00000060   Code   RO          427    i._Z15GET_CELL_NUMBERv  card.o
    0x080006ec   0x00000018   Code   RO            6    i._Z7DelayMsj       main.o
    0x08000704   0x0000002a   Code   RO            7    i._Z7DelayUsj       main.o
    0x0800072e   0x00000002   PAD
    0x08000730   0x00000064   Code   RO          420    i._Z8SEL_CELLh      card.o
    0x08000794   0x00000028   Code   RO          247    i._ZN3COM11TestAddressEv  uart.o
    0x080007bc   0x00000048   Code   RO          248    i._ZN3COM12CharToNumberEhPh  uart.o
    0x08000804   0x0000006c   Code   RO          249    i._ZN3COM12NumberToCharEhjPh  uart.o
    0x08000870   0x0000001c   Code   RO          250    i._ZN3COM2TxEh      uart.o
    0x0800088c   0x000000c8   Code   RO          251    i._ZN3COM4InitEv    uart.o
    0x08000954   0x00000054   Code   RO          252    i._ZN3COM5PrintEPcc  uart.o
    0x080009a8   0x0000002a   Code   RO          253    i._ZN3COM7CompareEPcS0_  uart.o
    0x080009d2   0x00000002   PAD
    0x080009d4   0x00000750   Code   RO          254    i._ZN3COM7DecoderEv  uart.o
    0x08001124   0x0000004e   Code   RO          327    i._ZN4CARD10GetAddressEjRhRj  card.o
    0x08001172   0x000000a8   Code   RO          328    i._ZN4CARD10ReadSectorEjPh  card.o
    0x0800121a   0x0000006c   Code   RO          329    i._ZN4CARD11SectorEraseEhj  card.o
    0x08001286   0x00000038   Code   RO          330    i._ZN4CARD11WriteEnableEh  card.o
    0x080012be   0x000000da   Code   RO          331    i._ZN4CARD11WriteSectorEjPh  card.o
    0x08001398   0x0000008a   Code   RO          332    i._ZN4CARD12ReadCapacityEh  card.o
    0x08001422   0x00000002   PAD
    0x08001424   0x0000005c   Code   RO          333    i._ZN4CARD12WaitForReadyEh  card.o
    0x08001480   0x00000038   Code   RO          334    i._ZN4CARD12WriteDisableEh  card.o
    0x080014b8   0x000000b0   Code   RO          335    i._ZN4CARD4InitEv   card.o
    0x08001568   0x000000aa   Code   RO          336    i._ZN4CARD8ReadDataEjPhj  card.o
    0x08001612   0x0000009c   Code   RO          337    i._ZN4CARD9GetStatusEv  card.o
    0x080016ae   0x00000026   Code   RO          338    i._ZN4CARD9GetVolumeEv  card.o
    0x080016d4   0x00000044   Code   RO          339    i._ZN4CARD9ReadWriteEhb  card.o
    0x08001718   0x00000070   Code   RO          101    i._ZN4FILE10ReadSectorEjPh  file.o
    0x08001788   0x00000038   Code   RO          102    i._ZN4FILE11GetFileNameEPh  file.o
    0x080017c0   0x00000016   Code   RO          103    i._ZN4FILE11GetFileSizeEv  file.o
    0x080017d6   0x00000002   PAD
    0x080017d8   0x00000078   Code   RO          104    i._ZN4FILE11WriteSectorEjPh  file.o
    0x08001850   0x00000048   Code   RO          105    i._ZN4FILE12CharToNumberEhPh  file.o
    0x08001898   0x0000005a   Code   RO          106    i._ZN4FILE12FileReadLineEPh  file.o
    0x080018f2   0x00000002   PAD
    0x080018f4   0x00000030   Code   RO          108    i._ZN4FILE13GetRestVolumeEv  file.o
    0x08001924   0x00000040   Code   RO          109    i._ZN4FILE14FileHeadVerifyEPh  file.o
    0x08001964   0x00000074   Code   RO          110    i._ZN4FILE16SwitchReadSectorEj  file.o
    0x080019d8   0x00000016   Code   RO          111    i._ZN4FILE20GetFileEstimatedTimeEv  file.o
    0x080019ee   0x00000016   Code   RO          112    i._ZN4FILE20GetFileTotalDistanceEv  file.o
    0x08001a04   0x00000016   Code   RO          113    i._ZN4FILE21GetFileCommandsNumberEv  file.o
    0x08001a1a   0x00000132   Code   RO          114    i._ZN4FILE4InitEv   file.o
    0x08001b4c   0x0000010a   Code   RO          115    i._ZN4FILE8FileOpenEv  file.o
    0x08001c56   0x00000054   Code   RO          116    i._ZN4FILE8FileReadEPhh  file.o
    0x08001caa   0x00000038   Code   RO          117    i._ZN4FILE8FileSeekEi  file.o
    0x08001ce2   0x0000009a   Code   RO          118    i._ZN4FILE8FileTestEv  file.o
    0x08001d7c   0x0000004e   Code   RO          119    i._ZN4FILE8ReadByteEj  file.o
    0x08001dca   0x00000002   PAD
    0x08001dcc   0x00000070   Code   RO          120    i._ZN4FILE8ReadDataEjPhj  file.o
    0x08001e3c   0x000000dc   Code   RO            8    i.main              main.o
    0x08001f18   0x000000b0   Data   RO          142    .constdata          file.o
    0x08001fc8   0x000000b0   Data   RO          265    .constdata          uart.o
    0x08002078   0x00000020   Data   RO          704    Region$$Table       anon$$obj.o


    Execution Region RW_IRAM1 (Base: 0x20000000, Size: 0x00003860, Max: 0x00005000, ABSOLUTE)

    Base Addr    Size         Type   Attr      Idx    E Section Name        Object

    0x20000000   0x00000002   Data   RW           14    .data               main.o
    0x20000002   0x00000002   PAD
    0x20000004   0x00002058   Zero   RW          141    .bss                file.o
    0x2000205c   0x00001150   Zero   RW          264    .bss                uart.o
    0x200031ac   0x00000050   Zero   RW          353    .bss                card.o
    0x200031fc   0x00000060   Zero   RW          574    .bss                c_w.l(libspace.o)
    0x2000325c   0x00000004   PAD
    0x20003260   0x00000200   Zero   RW          452    HEAP                startup_stm32f10x_md.o
    0x20003460   0x00000400   Zero   RW          451    STACK               startup_stm32f10x_md.o


==============================================================================

Image component sizes


      Code (inc. data)   RO Data    RW Data    ZI Data      Debug   Object Name

      1738         52          0          0         80      11277   card.o
      1822         28        176          0       8280      13315   file.o
       378         64          0          2          0     208491   main.o
        64         26        236          0       1536        800   startup_stm32f10x_md.o
       328         28          0          0          0       6417   system_stm32f10x.o
      2614        292        176          0       4432       8426   uart.o

    ----------------------------------------------------------------------
      6958        490        620          4      14328     248726   Object Totals
         0          0         32          0          0          0   (incl. Generated)
        14          0          0          2          0          0   (incl. Padding)

    ----------------------------------------------------------------------

      Code (inc. data)   RO Data    RW Data    ZI Data      Debug   Library Member Name

         8          0          0          0          0         68   __main.o
         0          0          0          0          0          0   __rtentry.o
        12          0          0          0          0          0   __rtentry2.o
         6          0          0          0          0          0   __rtentry4.o
        52          8          0          0          0          0   __scatter.o
        26          0          0          0          0          0   __scatter_copy.o
        28          0          0          0          0          0   __scatter_zi.o
        18          0          0          0          0         80   exit.o
         6          0          0          0          0        152   heapauxi.o
         0          0          0          0          0          0   indicate_semi.o
         2          0          0          0          0          0   libinit.o
         2          0          0          0          0          0   libinit2.o
         2          0          0          0          0          0   libshutdown.o
         2          0          0          0          0          0   libshutdown2.o
         8          4          0          0         96         68   libspace.o
        72          0          0          0          0         76   llsdiv.o
       238          0          0          0          0        100   lludivv7m.o
        78          0          0          0          0         80   rt_memclr_w.o
       100          0          0          0          0         80   rt_memcpy_w.o
         2          0          0          0          0          0   rtexit.o
        10          0          0          0          0          0   rtexit2.o
        12          4          0          0          0         68   sys_exit.o
        74          0          0          0          0         80   sys_stackheap_outer.o
         2          0          0          0          0         68   use_no_semi.o

    ----------------------------------------------------------------------
       766         16          0          0        100        920   Library Totals
         6          0          0          0          4          0   (incl. Padding)

    ----------------------------------------------------------------------

      Code (inc. data)   RO Data    RW Data    ZI Data      Debug   Library Name

       760         16          0          0         96        920   c_w.l

    ----------------------------------------------------------------------
       766         16          0          0        100        920   Library Totals

    ----------------------------------------------------------------------

==============================================================================


      Code (inc. data)   RO Data    RW Data    ZI Data      Debug   

      7724        506        620          4      14428     246730   Grand Totals
      7724        506        620          4      14428     246730   ELF Image Totals
      7724        506        620          4          0          0   ROM Totals

==============================================================================

    Total RO  Size (Code + RO Data)                 8344 (   8.15kB)
    Total RW  Size (RW Data + ZI Data)             14432 (  14.09kB)
    Total ROM Size (Code + RO Data + RW Data)       8348 (   8.15kB)

==============================================================================

