Component: ARM Compiler 5.06 update 3 (build 300) Tool: armlink [4d35c9]

==============================================================================

Section Cross References

    main.o(i.TIM4_IRQHandler) refers to ch376.o(.bss) for Udisk
    main.o(i.main) refers to interface.o(i._ZN9INTERFACE4InitEv) for INTERFACE::Init()
    main.o(i.main) refers to ch376.o(i._ZN5UDISK13TestIfConnectEv) for UDISK::TestIfConnect()
    main.o(i.main) refers to interface.o(.bss) for Interface
    main.o(i.main) refers to ch376.o(.bss) for Udisk
    main.o(.ARM.exidx) refers to main.o(i.TIM4_IRQHandler) for i.TIM4_IRQHandler
    main.o(.ARM.exidx) refers to main.o(i.main) for i.main
    ch376.o(i.TIM3_IRQHandler) refers to ch376.o(.bss) for Sci
    ch376.o(i.USART3_IRQHandler) refers to ch376.o(.bss) for Sci
    ch376.o(i._Z8Delay_Msj) refers to ch376.o(i._Z8Delay_Usj) for Delay_Us(unsigned)
    ch376.o(i._ZN5CH37610ByteLocateEj) refers to ch376.o(i._ZN3SCI7RefreshEv) for SCI::Refresh()
    ch376.o(i._ZN5CH37610ByteLocateEj) refers to ch376.o(i._ZN3SCI2TXEPht) for SCI::TX(unsigned char*, unsigned short)
    ch376.o(i._ZN5CH37610ByteLocateEj) refers to ch376.o(i._ZN3SCI11WaitReceiveEjt) for SCI::WaitReceive(unsigned, unsigned short)
    ch376.o(i._ZN5CH37610ByteLocateEj) refers to ch376.o(i._ZN5CH37611ReadUSBDataEPh) for CH376::ReadUSBData(unsigned char*)
    ch376.o(i._ZN5CH37610ByteLocateEj) refers to ch376.o(.bss) for Sci
    ch376.o(i._ZN5CH37610ByteLocateEj) refers to ch376.o(.data) for FCT_32
    ch376.o(i._ZN5CH37610CheckExistEv) refers to ch376.o(i._ZN3SCI7RefreshEv) for SCI::Refresh()
    ch376.o(i._ZN5CH37610CheckExistEv) refers to ch376.o(i._ZN3SCI2TXEPht) for SCI::TX(unsigned char*, unsigned short)
    ch376.o(i._ZN5CH37610CheckExistEv) refers to ch376.o(.bss) for Sci
    ch376.o(i._ZN5CH37610EnterSleepEv) refers to ch376.o(i._ZN3SCI7RefreshEv) for SCI::Refresh()
    ch376.o(i._ZN5CH37610EnterSleepEv) refers to ch376.o(i._ZN3SCI2TXEPht) for SCI::TX(unsigned char*, unsigned short)
    ch376.o(i._ZN5CH37610EnterSleepEv) refers to ch376.o(.bss) for Sci
    ch376.o(i._ZN5CH37610SetUSBModeEh) refers to ch376.o(i._ZN3SCI7RefreshEv) for SCI::Refresh()
    ch376.o(i._ZN5CH37610SetUSBModeEh) refers to ch376.o(i._ZN3SCI2TXEPht) for SCI::TX(unsigned char*, unsigned short)
    ch376.o(i._ZN5CH37610SetUSBModeEh) refers to ch376.o(i._ZN3SCI11WaitReceiveEjt) for SCI::WaitReceive(unsigned, unsigned short)
    ch376.o(i._ZN5CH37610SetUSBModeEh) refers to ch376.o(.bss) for Sci
    ch376.o(i._ZN5CH37611DiskConnectEv) refers to ch376.o(i._ZN3SCI7RefreshEv) for SCI::Refresh()
    ch376.o(i._ZN5CH37611DiskConnectEv) refers to ch376.o(i._ZN3SCI2TXEPht) for SCI::TX(unsigned char*, unsigned short)
    ch376.o(i._ZN5CH37611DiskConnectEv) refers to ch376.o(i._ZN3SCI11WaitReceiveEjt) for SCI::WaitReceive(unsigned, unsigned short)
    ch376.o(i._ZN5CH37611DiskConnectEv) refers to ch376.o(.bss) for Sci
    ch376.o(i._ZN5CH37611GetFileSizeEv) refers to ch376.o(i._ZN3SCI7RefreshEv) for SCI::Refresh()
    ch376.o(i._ZN5CH37611GetFileSizeEv) refers to ch376.o(i._ZN3SCI2TXEPht) for SCI::TX(unsigned char*, unsigned short)
    ch376.o(i._ZN5CH37611GetFileSizeEv) refers to ch376.o(i._ZN3SCI11WaitReceiveEjt) for SCI::WaitReceive(unsigned, unsigned short)
    ch376.o(i._ZN5CH37611GetFileSizeEv) refers to ch376.o(.bss) for Sci
    ch376.o(i._ZN5CH37611GetFileSizeEv) refers to ch376.o(.data) for FCT_32
    ch376.o(i._ZN5CH37611ReadUSBDataEPh) refers to ch376.o(i._ZN3SCI7RefreshEv) for SCI::Refresh()
    ch376.o(i._ZN5CH37611ReadUSBDataEPh) refers to ch376.o(i._ZN3SCI2TXEPht) for SCI::TX(unsigned char*, unsigned short)
    ch376.o(i._ZN5CH37611ReadUSBDataEPh) refers to ch376.o(i._ZN3SCI11WaitReceiveEjt) for SCI::WaitReceive(unsigned, unsigned short)
    ch376.o(i._ZN5CH37611ReadUSBDataEPh) refers to ch376.o(.bss) for Sci
    ch376.o(i._ZN5CH37611SetFileNameEPhb) refers to ch376.o(i._ZN3SCI7RefreshEv) for SCI::Refresh()
    ch376.o(i._ZN5CH37611SetFileNameEPhb) refers to ch376.o(i._ZN3SCI2TXEPht) for SCI::TX(unsigned char*, unsigned short)
    ch376.o(i._ZN5CH37611SetFileNameEPhb) refers to ch376.o(.bss) for Sci
    ch376.o(i._ZN5CH37612DiskCapacityEv) refers to ch376.o(i._ZN3SCI7RefreshEv) for SCI::Refresh()
    ch376.o(i._ZN5CH37612DiskCapacityEv) refers to ch376.o(i._ZN3SCI2TXEPht) for SCI::TX(unsigned char*, unsigned short)
    ch376.o(i._ZN5CH37612DiskCapacityEv) refers to ch376.o(i._ZN3SCI11WaitReceiveEjt) for SCI::WaitReceive(unsigned, unsigned short)
    ch376.o(i._ZN5CH37612DiskCapacityEv) refers to ch376.o(i._ZN5CH37611ReadUSBDataEPh) for CH376::ReadUSBData(unsigned char*)
    ch376.o(i._ZN5CH37612DiskCapacityEv) refers to ch376.o(.bss) for Sci
    ch376.o(i._ZN5CH37612DiskCapacityEv) refers to ch376.o(.data) for FCT_32
    ch376.o(i._ZN5CH3768ByteReadEPht) refers to ch376.o(i._ZN3SCI7RefreshEv) for SCI::Refresh()
    ch376.o(i._ZN5CH3768ByteReadEPht) refers to ch376.o(i._ZN3SCI2TXEPht) for SCI::TX(unsigned char*, unsigned short)
    ch376.o(i._ZN5CH3768ByteReadEPht) refers to ch376.o(i._ZN3SCI11WaitReceiveEjt) for SCI::WaitReceive(unsigned, unsigned short)
    ch376.o(i._ZN5CH3768ByteReadEPht) refers to ch376.o(i._ZN5CH37611ReadUSBDataEPh) for CH376::ReadUSBData(unsigned char*)
    ch376.o(i._ZN5CH3768ByteReadEPht) refers to ch376.o(.bss) for Sci
    ch376.o(i._ZN5CH3768ByteReadEPht) refers to ch376.o(.data) for FCT_16
    ch376.o(i._ZN5CH3768FileEnumEP7FATINFOPhb) refers to ch376.o(i._ZN5CH37611SetFileNameEPhb) for CH376::SetFileName(unsigned char*, bool)
    ch376.o(i._ZN5CH3768FileEnumEP7FATINFOPhb) refers to ch376.o(i._ZN3SCI7RefreshEv) for SCI::Refresh()
    ch376.o(i._ZN5CH3768FileEnumEP7FATINFOPhb) refers to ch376.o(i._ZN3SCI2TXEPht) for SCI::TX(unsigned char*, unsigned short)
    ch376.o(i._ZN5CH3768FileEnumEP7FATINFOPhb) refers to ch376.o(i._ZN3SCI11WaitReceiveEjt) for SCI::WaitReceive(unsigned, unsigned short)
    ch376.o(i._ZN5CH3768FileEnumEP7FATINFOPhb) refers to ch376.o(i._ZN5CH37611ReadUSBDataEPh) for CH376::ReadUSBData(unsigned char*)
    ch376.o(i._ZN5CH3768FileEnumEP7FATINFOPhb) refers to rt_memcpy_w.o(.text) for __aeabi_memcpy4
    ch376.o(i._ZN5CH3768FileEnumEP7FATINFOPhb) refers to ch376.o(.bss) for Sci
    ch376.o(i._ZN5CH3768FileOpenEv) refers to ch376.o(i._ZN3SCI7RefreshEv) for SCI::Refresh()
    ch376.o(i._ZN5CH3768FileOpenEv) refers to ch376.o(i._ZN3SCI2TXEPht) for SCI::TX(unsigned char*, unsigned short)
    ch376.o(i._ZN5CH3768FileOpenEv) refers to ch376.o(i._ZN3SCI11WaitReceiveEjt) for SCI::WaitReceive(unsigned, unsigned short)
    ch376.o(i._ZN5CH3768FileOpenEv) refers to ch376.o(.bss) for Sci
    ch376.o(i._ZN5CH3768GetIcVerEv) refers to ch376.o(i._ZN3SCI7RefreshEv) for SCI::Refresh()
    ch376.o(i._ZN5CH3768GetIcVerEv) refers to ch376.o(i._ZN3SCI2TXEPht) for SCI::TX(unsigned char*, unsigned short)
    ch376.o(i._ZN5CH3768GetIcVerEv) refers to ch376.o(i._ZN3SCI11WaitReceiveEjt) for SCI::WaitReceive(unsigned, unsigned short)
    ch376.o(i._ZN5CH3768GetIcVerEv) refers to ch376.o(.bss) for Sci
    ch376.o(i._ZN5CH3768ResetAllEv) refers to ch376.o(i._ZN3SCI7RefreshEv) for SCI::Refresh()
    ch376.o(i._ZN5CH3768ResetAllEv) refers to ch376.o(i._ZN3SCI2TXEPht) for SCI::TX(unsigned char*, unsigned short)
    ch376.o(i._ZN5CH3768ResetAllEv) refers to ch376.o(i._Z8Delay_Msj) for Delay_Ms(unsigned)
    ch376.o(i._ZN5CH3768ResetAllEv) refers to ch376.o(.bss) for Sci
    ch376.o(i._ZN5CH3769DiskMountEP7INQUERY) refers to ch376.o(i._ZN3SCI7RefreshEv) for SCI::Refresh()
    ch376.o(i._ZN5CH3769DiskMountEP7INQUERY) refers to ch376.o(i._ZN3SCI2TXEPht) for SCI::TX(unsigned char*, unsigned short)
    ch376.o(i._ZN5CH3769DiskMountEP7INQUERY) refers to ch376.o(i._ZN3SCI11WaitReceiveEjt) for SCI::WaitReceive(unsigned, unsigned short)
    ch376.o(i._ZN5CH3769DiskMountEP7INQUERY) refers to ch376.o(i._ZN5CH37611ReadUSBDataEPh) for CH376::ReadUSBData(unsigned char*)
    ch376.o(i._ZN5CH3769DiskMountEP7INQUERY) refers to rt_memcpy_v6.o(.text) for __aeabi_memcpy
    ch376.o(i._ZN5CH3769DiskMountEP7INQUERY) refers to ch376.o(.bss) for Sci
    ch376.o(i._ZN5CH3769FileCloseEb) refers to ch376.o(i._ZN3SCI7RefreshEv) for SCI::Refresh()
    ch376.o(i._ZN5CH3769FileCloseEb) refers to ch376.o(i._ZN3SCI2TXEPht) for SCI::TX(unsigned char*, unsigned short)
    ch376.o(i._ZN5CH3769FileCloseEb) refers to ch376.o(i._ZN3SCI11WaitReceiveEjt) for SCI::WaitReceive(unsigned, unsigned short)
    ch376.o(i._ZN5CH3769FileCloseEb) refers to ch376.o(.bss) for Sci
    ch376.o(i._ZN5UDISK13TestIfConnectEv) refers to ch376.o(i._ZN5CH37611DiskConnectEv) for CH376::DiskConnect()
    ch376.o(i._ZN5UDISK13TestIfConnectEv) refers to ch376.o(i._Z8Delay_Msj) for Delay_Ms(unsigned)
    ch376.o(i._ZN5UDISK13TestIfConnectEv) refers to ch376.o(i._ZN5CH37610SetUSBModeEh) for CH376::SetUSBMode(unsigned char)
    ch376.o(i._ZN5UDISK13TestIfConnectEv) refers to ch376.o(i._ZN5CH3769DiskMountEP7INQUERY) for CH376::DiskMount(INQUERY*)
    ch376.o(i._ZN5UDISK13TestIfConnectEv) refers to ch376.o(i._ZN5CH37612DiskCapacityEv) for CH376::DiskCapacity()
    ch376.o(i._ZN5UDISK13TestIfConnectEv) refers to interface.o(i._ZN9INTERFACE13MountNUnmountEv) for INTERFACE::MountNUnmount()
    ch376.o(i._ZN5UDISK13TestIfConnectEv) refers to ch376.o(.data) for Ch376
    ch376.o(i._ZN5UDISK13TestIfConnectEv) refers to interface.o(.bss) for Interface
    ch376.o(i._ZN5UDISK4InitEv) refers to ch376.o(i._ZN3SCI4InitEv) for SCI::Init()
    ch376.o(i._ZN5UDISK4InitEv) refers to ch376.o(i._ZN5CH37610SetUSBModeEh) for CH376::SetUSBMode(unsigned char)
    ch376.o(i._ZN5UDISK4InitEv) refers to ch376.o(.bss) for Sci
    ch376.o(i._ZN5UDISK4InitEv) refers to ch376.o(.data) for Ch376
    ch376.o(.ARM.exidx) refers to ch376.o(i._Z8Delay_Usj) for i._Z8Delay_Usj
    ch376.o(.ARM.exidx) refers to ch376.o(i._Z8Delay_Msj) for i._Z8Delay_Msj
    ch376.o(.ARM.exidx) refers to ch376.o(i.USART3_IRQHandler) for i.USART3_IRQHandler
    ch376.o(.ARM.exidx) refers to ch376.o(i.TIM3_IRQHandler) for i.TIM3_IRQHandler
    ch376.o(.ARM.exidx) refers to ch376.o(i._ZN3SCI4InitEv) for i._ZN3SCI4InitEv
    ch376.o(.ARM.exidx) refers to ch376.o(i._ZN3SCI2TXEPht) for i._ZN3SCI2TXEPht
    ch376.o(.ARM.exidx) refers to ch376.o(i._ZN3SCI7RefreshEv) for i._ZN3SCI7RefreshEv
    ch376.o(.ARM.exidx) refers to ch376.o(i._ZN3SCI11WaitReceiveEjt) for i._ZN3SCI11WaitReceiveEjt
    ch376.o(.ARM.exidx) refers to ch376.o(i._ZN5CH3768GetIcVerEv) for i._ZN5CH3768GetIcVerEv
    ch376.o(.ARM.exidx) refers to ch376.o(i._ZN5CH37610EnterSleepEv) for i._ZN5CH37610EnterSleepEv
    ch376.o(.ARM.exidx) refers to ch376.o(i._ZN5CH3768ResetAllEv) for i._ZN5CH3768ResetAllEv
    ch376.o(.ARM.exidx) refers to ch376.o(i._ZN5CH37610CheckExistEv) for i._ZN5CH37610CheckExistEv
    ch376.o(.ARM.exidx) refers to ch376.o(i._ZN5CH37611GetFileSizeEv) for i._ZN5CH37611GetFileSizeEv
    ch376.o(.ARM.exidx) refers to ch376.o(i._ZN5CH37610SetUSBModeEh) for i._ZN5CH37610SetUSBModeEh
    ch376.o(.ARM.exidx) refers to ch376.o(i._ZN5CH37611ReadUSBDataEPh) for i._ZN5CH37611ReadUSBDataEPh
    ch376.o(.ARM.exidx) refers to ch376.o(i._ZN5CH37611SetFileNameEPhb) for i._ZN5CH37611SetFileNameEPhb
    ch376.o(.ARM.exidx) refers to ch376.o(i._ZN5CH37611DiskConnectEv) for i._ZN5CH37611DiskConnectEv
    ch376.o(.ARM.exidx) refers to ch376.o(i._ZN5CH3769DiskMountEP7INQUERY) for i._ZN5CH3769DiskMountEP7INQUERY
    ch376.o(.ARM.exidx) refers to ch376.o(i._ZN5CH3768FileOpenEv) for i._ZN5CH3768FileOpenEv
    ch376.o(.ARM.exidx) refers to ch376.o(i._ZN5CH3768FileEnumEP7FATINFOPhb) for i._ZN5CH3768FileEnumEP7FATINFOPhb
    ch376.o(.ARM.exidx) refers to ch376.o(i._ZN5CH3769FileCloseEb) for i._ZN5CH3769FileCloseEb
    ch376.o(.ARM.exidx) refers to ch376.o(i._ZN5CH37610ByteLocateEj) for i._ZN5CH37610ByteLocateEj
    ch376.o(.ARM.exidx) refers to ch376.o(i._ZN5CH3768ByteReadEPht) for i._ZN5CH3768ByteReadEPht
    ch376.o(.ARM.exidx) refers to ch376.o(i._ZN5CH37612DiskCapacityEv) for i._ZN5CH37612DiskCapacityEv
    ch376.o(.ARM.exidx) refers to ch376.o(i._ZN5UDISK4InitEv) for i._ZN5UDISK4InitEv
    ch376.o(.ARM.exidx) refers to ch376.o(i._ZN5UDISK13TestIfConnectEv) for i._ZN5UDISK13TestIfConnectEv
    interface.o(i._ZN9INTERFACE13MountNUnmountEv) refers to ch376.o(i._ZN5CH3768FileEnumEP7FATINFOPhb) for CH376::FileEnum(FATINFO*, unsigned char*, bool)
    interface.o(i._ZN9INTERFACE13MountNUnmountEv) refers to rt_memcpy_w.o(.text) for __aeabi_memcpy4
    interface.o(i._ZN9INTERFACE13MountNUnmountEv) refers to ch376.o(.bss) for Udisk
    interface.o(i._ZN9INTERFACE13MountNUnmountEv) refers to ch376.o(.data) for Ch376
    interface.o(i._ZN9INTERFACE4InitEv) refers to ch376.o(i._ZN5UDISK4InitEv) for UDISK::Init()
    interface.o(i._ZN9INTERFACE4InitEv) refers to ch376.o(.bss) for Udisk
    interface.o(i._ZN9INTERFACE8CloseAllEv) refers to interface.o(i._ZN9INTERFACE8ReFreashEv) for INTERFACE::ReFreash()
    interface.o(i._ZN9INTERFACE8OpenFileEh) refers to interface.o(i._ZN9INTERFACE16GenerateFileNameEPhS0_) for INTERFACE::GenerateFileName(unsigned char*, unsigned char*)
    interface.o(i._ZN9INTERFACE8OpenFileEh) refers to ch376.o(i._ZN5CH37611SetFileNameEPhb) for CH376::SetFileName(unsigned char*, bool)
    interface.o(i._ZN9INTERFACE8OpenFileEh) refers to ch376.o(i._ZN5CH3768FileOpenEv) for CH376::FileOpen()
    interface.o(i._ZN9INTERFACE8OpenFileEh) refers to ch376.o(.data) for Ch376
    interface.o(i._ZN9INTERFACE8ReFreashEv) refers to ch376.o(i._ZN5CH3768ResetAllEv) for CH376::ResetAll()
    interface.o(i._ZN9INTERFACE8ReFreashEv) refers to ch376.o(i._ZN5CH37610SetUSBModeEh) for CH376::SetUSBMode(unsigned char)
    interface.o(i._ZN9INTERFACE8ReFreashEv) refers to ch376.o(i._Z8Delay_Msj) for Delay_Ms(unsigned)
    interface.o(i._ZN9INTERFACE8ReFreashEv) refers to ch376.o(i._ZN5CH3769DiskMountEP7INQUERY) for CH376::DiskMount(INQUERY*)
    interface.o(i._ZN9INTERFACE8ReFreashEv) refers to ch376.o(.data) for Ch376
    interface.o(i._ZN9INTERFACE8ReFreashEv) refers to ch376.o(.bss) for Udisk
    interface.o(i._ZN9INTERFACE8ReadDataEht) refers to interface.o(i._ZN9INTERFACE12TestIfOpenedEv) for INTERFACE::TestIfOpened()
    interface.o(i._ZN9INTERFACE8ReadDataEht) refers to interface.o(i._ZN9INTERFACE8CloseAllEv) for INTERFACE::CloseAll()
    interface.o(i._ZN9INTERFACE8ReadDataEht) refers to interface.o(i._ZN9INTERFACE8OpenFileEh) for INTERFACE::OpenFile(unsigned char)
    interface.o(i._ZN9INTERFACE8ReadDataEht) refers to ch376.o(i._ZN5CH37610ByteLocateEj) for CH376::ByteLocate(unsigned)
    interface.o(i._ZN9INTERFACE8ReadDataEht) refers to ch376.o(i._ZN5CH3768ByteReadEPht) for CH376::ByteRead(unsigned char*, unsigned short)
    interface.o(i._ZN9INTERFACE8ReadDataEht) refers to ch376.o(.data) for Ch376
    interface.o(.ARM.exidx) refers to interface.o(i._ZN9INTERFACE4InitEv) for i._ZN9INTERFACE4InitEv
    interface.o(.ARM.exidx) refers to interface.o(i._ZN9INTERFACE13MountNUnmountEv) for i._ZN9INTERFACE13MountNUnmountEv
    interface.o(.ARM.exidx) refers to interface.o(i._ZN9INTERFACE16GenerateFileNameEPhS0_) for i._ZN9INTERFACE16GenerateFileNameEPhS0_
    interface.o(.ARM.exidx) refers to interface.o(i._ZN9INTERFACE8OpenFileEh) for i._ZN9INTERFACE8OpenFileEh
    interface.o(.ARM.exidx) refers to interface.o(i._ZN9INTERFACE8ReFreashEv) for i._ZN9INTERFACE8ReFreashEv
    interface.o(.ARM.exidx) refers to interface.o(i._ZN9INTERFACE8CloseAllEv) for i._ZN9INTERFACE8CloseAllEv
    interface.o(.ARM.exidx) refers to interface.o(i._ZN9INTERFACE12TestIfOpenedEv) for i._ZN9INTERFACE12TestIfOpenedEv
    interface.o(.ARM.exidx) refers to interface.o(i._ZN9INTERFACE8ReadDataEht) for i._ZN9INTERFACE8ReadDataEht
    com.o(i.USART2_IRQHandler) refers to com.o(i._ZN3COM11TestAddressEv) for COM::TestAddress()
    com.o(i.USART2_IRQHandler) refers to com.o(.bss) for Serial
    com.o(i._ZN3COM5PrintEPc) refers to com.o(i._ZN3COM2TxEh) for COM::Tx(unsigned char)
    com.o(i._ZN3COM7DecoderEv) refers to com.o(i._ZN3COM5PrintEPc) for COM::Print(char*)
    com.o(i._ZN3COM7DecoderEv) refers to com.o(.data) for STRING_ERROR
    com.o(i._ZN3COM7DecoderEv) refers to com.o(.bss) for Serial
    com.o(.ARM.exidx) refers to com.o(i._ZN3COM11TestAddressEv) for i._ZN3COM11TestAddressEv
    com.o(.ARM.exidx) refers to com.o(i.USART2_IRQHandler) for i.USART2_IRQHandler
    com.o(.ARM.exidx) refers to com.o(i._ZN3COM4InitEv) for i._ZN3COM4InitEv
    com.o(.ARM.exidx) refers to com.o(i._ZN3COM2TxEh) for i._ZN3COM2TxEh
    com.o(.ARM.exidx) refers to com.o(i._ZN3COM5PrintEPc) for i._ZN3COM5PrintEPc
    com.o(.ARM.exidx) refers to com.o(i._ZN3COM7DecoderEv) for i._ZN3COM7DecoderEv
    startup_stm32f10x_md.o(STACK) refers (Special) to heapauxi.o(.text) for __use_two_region_memory
    startup_stm32f10x_md.o(HEAP) refers (Special) to heapauxi.o(.text) for __use_two_region_memory
    startup_stm32f10x_md.o(RESET) refers (Special) to heapauxi.o(.text) for __use_two_region_memory
    startup_stm32f10x_md.o(RESET) refers to startup_stm32f10x_md.o(STACK) for __initial_sp
    startup_stm32f10x_md.o(RESET) refers to startup_stm32f10x_md.o(.text) for Reset_Handler
    startup_stm32f10x_md.o(RESET) refers to ch376.o(i.TIM3_IRQHandler) for TIM3_IRQHandler
    startup_stm32f10x_md.o(RESET) refers to main.o(i.TIM4_IRQHandler) for TIM4_IRQHandler
    startup_stm32f10x_md.o(RESET) refers to com.o(i.USART2_IRQHandler) for USART2_IRQHandler
    startup_stm32f10x_md.o(RESET) refers to ch376.o(i.USART3_IRQHandler) for USART3_IRQHandler
    startup_stm32f10x_md.o(.text) refers (Special) to heapauxi.o(.text) for __use_two_region_memory
    startup_stm32f10x_md.o(.text) refers to system_stm32f10x.o(i.SystemInit) for SystemInit
    startup_stm32f10x_md.o(.text) refers to __main.o(!!!main) for __main
    startup_stm32f10x_md.o(.text) refers to startup_stm32f10x_md.o(HEAP) for Heap_Mem
    startup_stm32f10x_md.o(.text) refers to startup_stm32f10x_md.o(STACK) for Stack_Mem
    system_stm32f10x.o(i.SetSysClock) refers to system_stm32f10x.o(i.SetSysClockTo72) for SetSysClockTo72
    system_stm32f10x.o(i.SystemCoreClockUpdate) refers to system_stm32f10x.o(.data) for SystemCoreClock
    system_stm32f10x.o(i.SystemInit) refers to system_stm32f10x.o(i.SetSysClock) for SetSysClock
    rt_memcpy_v6.o(.text) refers to rt_memcpy_w.o(.text) for __aeabi_memcpy4
    __main.o(!!!main) refers to __rtentry.o(.ARM.Collect$$rtentry$$00000000) for __rt_entry
    __rtentry.o(.ARM.Collect$$rtentry$$00000000) refers (Special) to __rtentry2.o(.ARM.Collect$$rtentry$$0000000A) for __rt_entry_li
    __rtentry.o(.ARM.Collect$$rtentry$$00000000) refers (Special) to __rtentry2.o(.ARM.Collect$$rtentry$$0000000D) for __rt_entry_main
    __rtentry.o(.ARM.Collect$$rtentry$$00000000) refers (Special) to __rtentry2.o(.ARM.Collect$$rtentry$$0000000C) for __rt_entry_postli_1
    __rtentry.o(.ARM.Collect$$rtentry$$00000000) refers (Special) to __rtentry2.o(.ARM.Collect$$rtentry$$00000009) for __rt_entry_postsh_1
    __rtentry.o(.ARM.Collect$$rtentry$$00000000) refers (Special) to __rtentry2.o(.ARM.Collect$$rtentry$$00000002) for __rt_entry_presh_1
    __rtentry.o(.ARM.Collect$$rtentry$$00000000) refers (Special) to __rtentry4.o(.ARM.Collect$$rtentry$$00000004) for __rt_entry_sh
    __rtentry2.o(.ARM.Collect$$rtentry$$00000008) refers to boardinit2.o(.text) for _platform_post_stackheap_init
    __rtentry2.o(.ARM.Collect$$rtentry$$0000000A) refers to libinit.o(.ARM.Collect$$libinit$$00000000) for __rt_lib_init
    __rtentry2.o(.ARM.Collect$$rtentry$$0000000B) refers to boardinit3.o(.text) for _platform_post_lib_init
    __rtentry2.o(.ARM.Collect$$rtentry$$0000000D) refers to main.o(i.main) for main
    __rtentry2.o(.ARM.Collect$$rtentry$$0000000D) refers to exit.o(.text) for exit
    __rtentry2.o(.ARM.exidx) refers to __rtentry2.o(.ARM.Collect$$rtentry$$00000001) for .ARM.Collect$$rtentry$$00000001
    __rtentry2.o(.ARM.exidx) refers to __rtentry2.o(.ARM.Collect$$rtentry$$00000008) for .ARM.Collect$$rtentry$$00000008
    __rtentry2.o(.ARM.exidx) refers to __rtentry2.o(.ARM.Collect$$rtentry$$0000000A) for .ARM.Collect$$rtentry$$0000000A
    __rtentry2.o(.ARM.exidx) refers to __rtentry2.o(.ARM.Collect$$rtentry$$0000000B) for .ARM.Collect$$rtentry$$0000000B
    __rtentry2.o(.ARM.exidx) refers to __rtentry2.o(.ARM.Collect$$rtentry$$0000000D) for .ARM.Collect$$rtentry$$0000000D
    __rtentry4.o(.ARM.Collect$$rtentry$$00000004) refers to sys_stackheap_outer.o(.text) for __user_setup_stackheap
    __rtentry4.o(.ARM.exidx) refers to __rtentry4.o(.ARM.Collect$$rtentry$$00000004) for .ARM.Collect$$rtentry$$00000004
    sys_stackheap_outer.o(.text) refers to libspace.o(.text) for __user_perproc_libspace
    sys_stackheap_outer.o(.text) refers to startup_stm32f10x_md.o(.text) for __user_initial_stackheap
    exit.o(.text) refers to rtexit.o(.ARM.Collect$$rtexit$$00000000) for __rt_exit
    libinit.o(.ARM.Collect$$libinit$$00000000) refers (Special) to libinit2.o(.ARM.Collect$$libinit$$0000002E) for __rt_lib_init_alloca_1
    libinit.o(.ARM.Collect$$libinit$$00000000) refers (Special) to libinit2.o(.ARM.Collect$$libinit$$0000002C) for __rt_lib_init_argv_1
    libinit.o(.ARM.Collect$$libinit$$00000000) refers (Special) to libinit2.o(.ARM.Collect$$libinit$$0000001B) for __rt_lib_init_atexit_1
    libinit.o(.ARM.Collect$$libinit$$00000000) refers (Special) to libinit2.o(.ARM.Collect$$libinit$$00000021) for __rt_lib_init_clock_1
    libinit.o(.ARM.Collect$$libinit$$00000000) refers (Special) to libinit2.o(.ARM.Collect$$libinit$$00000032) for __rt_lib_init_cpp_1
    libinit.o(.ARM.Collect$$libinit$$00000000) refers (Special) to libinit2.o(.ARM.Collect$$libinit$$00000030) for __rt_lib_init_exceptions_1
    libinit.o(.ARM.Collect$$libinit$$00000000) refers (Special) to libinit2.o(.ARM.Collect$$libinit$$00000002) for __rt_lib_init_fp_1
    libinit.o(.ARM.Collect$$libinit$$00000000) refers (Special) to libinit2.o(.ARM.Collect$$libinit$$0000001F) for __rt_lib_init_fp_trap_1
    libinit.o(.ARM.Collect$$libinit$$00000000) refers (Special) to libinit2.o(.ARM.Collect$$libinit$$00000023) for __rt_lib_init_getenv_1
    libinit.o(.ARM.Collect$$libinit$$00000000) refers (Special) to libinit2.o(.ARM.Collect$$libinit$$0000000A) for __rt_lib_init_heap_1
    libinit.o(.ARM.Collect$$libinit$$00000000) refers (Special) to libinit2.o(.ARM.Collect$$libinit$$00000011) for __rt_lib_init_lc_collate_1
    libinit.o(.ARM.Collect$$libinit$$00000000) refers (Special) to libinit2.o(.ARM.Collect$$libinit$$00000013) for __rt_lib_init_lc_ctype_1
    libinit.o(.ARM.Collect$$libinit$$00000000) refers (Special) to libinit2.o(.ARM.Collect$$libinit$$00000015) for __rt_lib_init_lc_monetary_1
    libinit.o(.ARM.Collect$$libinit$$00000000) refers (Special) to libinit2.o(.ARM.Collect$$libinit$$00000017) for __rt_lib_init_lc_numeric_1
    libinit.o(.ARM.Collect$$libinit$$00000000) refers (Special) to libinit2.o(.ARM.Collect$$libinit$$00000019) for __rt_lib_init_lc_time_1
    libinit.o(.ARM.Collect$$libinit$$00000000) refers (Special) to libinit2.o(.ARM.Collect$$libinit$$00000004) for __rt_lib_init_preinit_1
    libinit.o(.ARM.Collect$$libinit$$00000000) refers (Special) to libinit2.o(.ARM.Collect$$libinit$$0000000E) for __rt_lib_init_rand_1
    libinit.o(.ARM.Collect$$libinit$$00000000) refers (Special) to libinit2.o(.ARM.Collect$$libinit$$00000033) for __rt_lib_init_return
    libinit.o(.ARM.Collect$$libinit$$00000000) refers (Special) to libinit2.o(.ARM.Collect$$libinit$$0000001D) for __rt_lib_init_signal_1
    libinit.o(.ARM.Collect$$libinit$$00000000) refers (Special) to libinit2.o(.ARM.Collect$$libinit$$00000025) for __rt_lib_init_stdio_1
    libinit.o(.ARM.Collect$$libinit$$00000000) refers (Special) to libinit2.o(.ARM.Collect$$libinit$$0000000C) for __rt_lib_init_user_alloc_1
    libspace.o(.text) refers to libspace.o(.bss) for __libspace_start
    rtexit.o(.ARM.Collect$$rtexit$$00000000) refers (Special) to rtexit2.o(.ARM.Collect$$rtexit$$00000004) for __rt_exit_exit
    rtexit.o(.ARM.Collect$$rtexit$$00000000) refers (Special) to rtexit2.o(.ARM.Collect$$rtexit$$00000003) for __rt_exit_ls
    rtexit.o(.ARM.Collect$$rtexit$$00000000) refers (Special) to rtexit2.o(.ARM.Collect$$rtexit$$00000002) for __rt_exit_prels_1
    rtexit.o(.ARM.exidx) refers (Special) to rtexit2.o(.ARM.Collect$$rtexit$$00000004) for __rt_exit_exit
    rtexit.o(.ARM.exidx) refers (Special) to rtexit2.o(.ARM.Collect$$rtexit$$00000003) for __rt_exit_ls
    rtexit.o(.ARM.exidx) refers (Special) to rtexit2.o(.ARM.Collect$$rtexit$$00000002) for __rt_exit_prels_1
    rtexit.o(.ARM.exidx) refers to rtexit.o(.ARM.Collect$$rtexit$$00000000) for .ARM.Collect$$rtexit$$00000000
    libinit2.o(.ARM.Collect$$libinit$$00000010) refers to libinit2.o(.ARM.Collect$$libinit$$0000000F) for .ARM.Collect$$libinit$$0000000F
    libinit2.o(.ARM.Collect$$libinit$$00000012) refers to libinit2.o(.ARM.Collect$$libinit$$0000000F) for .ARM.Collect$$libinit$$0000000F
    libinit2.o(.ARM.Collect$$libinit$$00000014) refers to libinit2.o(.ARM.Collect$$libinit$$0000000F) for .ARM.Collect$$libinit$$0000000F
    libinit2.o(.ARM.Collect$$libinit$$00000016) refers to libinit2.o(.ARM.Collect$$libinit$$0000000F) for .ARM.Collect$$libinit$$0000000F
    libinit2.o(.ARM.Collect$$libinit$$00000018) refers to libinit2.o(.ARM.Collect$$libinit$$0000000F) for .ARM.Collect$$libinit$$0000000F
    libinit2.o(.ARM.Collect$$libinit$$00000026) refers to argv_veneer.o(.emb_text) for __ARM_argv_veneer
    libinit2.o(.ARM.Collect$$libinit$$00000027) refers to argv_veneer.o(.emb_text) for __ARM_argv_veneer
    rtexit2.o(.ARM.Collect$$rtexit$$00000003) refers to libshutdown.o(.ARM.Collect$$libshutdown$$00000000) for __rt_lib_shutdown
    rtexit2.o(.ARM.Collect$$rtexit$$00000004) refers to sys_exit.o(.text) for _sys_exit
    rtexit2.o(.ARM.exidx) refers to rtexit2.o(.ARM.Collect$$rtexit$$00000001) for .ARM.Collect$$rtexit$$00000001
    rtexit2.o(.ARM.exidx) refers to rtexit2.o(.ARM.Collect$$rtexit$$00000003) for .ARM.Collect$$rtexit$$00000003
    rtexit2.o(.ARM.exidx) refers to rtexit2.o(.ARM.Collect$$rtexit$$00000004) for .ARM.Collect$$rtexit$$00000004
    argv_veneer.o(.emb_text) refers to no_argv.o(.text) for __ARM_get_argv
    sys_exit.o(.text) refers (Special) to use_no_semi.o(.text) for __I$use$semihosting
    sys_exit.o(.text) refers (Special) to indicate_semi.o(.text) for __semihosting_library_function
    _get_argv_nomalloc.o(.text) refers (Special) to hrguard.o(.text) for __heap_region$guard
    _get_argv_nomalloc.o(.text) refers to defsig_rtmem_outer.o(.text) for __rt_SIGRTMEM
    _get_argv_nomalloc.o(.text) refers to sys_command.o(.text) for _sys_command_string
    libshutdown.o(.ARM.Collect$$libshutdown$$00000000) refers (Special) to libshutdown2.o(.ARM.Collect$$libshutdown$$00000002) for __rt_lib_shutdown_cpp_1
    libshutdown.o(.ARM.Collect$$libshutdown$$00000000) refers (Special) to libshutdown2.o(.ARM.Collect$$libshutdown$$00000007) for __rt_lib_shutdown_fp_trap_1
    libshutdown.o(.ARM.Collect$$libshutdown$$00000000) refers (Special) to libshutdown2.o(.ARM.Collect$$libshutdown$$0000000F) for __rt_lib_shutdown_heap_1
    libshutdown.o(.ARM.Collect$$libshutdown$$00000000) refers (Special) to libshutdown2.o(.ARM.Collect$$libshutdown$$00000010) for __rt_lib_shutdown_return
    libshutdown.o(.ARM.Collect$$libshutdown$$00000000) refers (Special) to libshutdown2.o(.ARM.Collect$$libshutdown$$0000000A) for __rt_lib_shutdown_signal_1
    libshutdown.o(.ARM.Collect$$libshutdown$$00000000) refers (Special) to libshutdown2.o(.ARM.Collect$$libshutdown$$00000004) for __rt_lib_shutdown_stdio_1
    libshutdown.o(.ARM.Collect$$libshutdown$$00000000) refers (Special) to libshutdown2.o(.ARM.Collect$$libshutdown$$0000000C) for __rt_lib_shutdown_user_alloc_1
    sys_command.o(.text) refers (Special) to use_no_semi.o(.text) for __I$use$semihosting
    sys_command.o(.text) refers (Special) to indicate_semi.o(.text) for __semihosting_library_function
    defsig_rtmem_outer.o(.text) refers to defsig_rtmem_inner.o(.text) for __rt_SIGRTMEM_inner
    defsig_rtmem_outer.o(.text) refers to defsig_exit.o(.text) for __sig_exit
    defsig_rtmem_formal.o(.text) refers to rt_raise.o(.text) for __rt_raise
    rt_raise.o(.text) refers to __raise.o(.text) for __raise
    rt_raise.o(.text) refers to sys_exit.o(.text) for _sys_exit
    defsig_exit.o(.text) refers to sys_exit.o(.text) for _sys_exit
    defsig_rtmem_inner.o(.text) refers to defsig_general.o(.text) for __default_signal_display
    __raise.o(.text) refers to defsig.o(CL$$defsig) for __default_signal_handler
    defsig_general.o(.text) refers to sys_wrch.o(.text) for _ttywrch
    sys_wrch.o(.text) refers (Special) to use_no_semi.o(.text) for __I$use$semihosting
    sys_wrch.o(.text) refers (Special) to indicate_semi.o(.text) for __semihosting_library_function
    defsig.o(CL$$defsig) refers to defsig_rtmem_inner.o(.text) for __rt_SIGRTMEM_inner
    defsig_abrt_inner.o(.text) refers to defsig_general.o(.text) for __default_signal_display
    defsig_fpe_inner.o(.text) refers to defsig_general.o(.text) for __default_signal_display
    defsig_rtred_inner.o(.text) refers to defsig_general.o(.text) for __default_signal_display
    defsig_stak_inner.o(.text) refers to defsig_general.o(.text) for __default_signal_display
    defsig_pvfn_inner.o(.text) refers to defsig_general.o(.text) for __default_signal_display
    defsig_cppl_inner.o(.text) refers to defsig_general.o(.text) for __default_signal_display
    defsig_segv_inner.o(.text) refers to defsig_general.o(.text) for __default_signal_display
    defsig_other.o(.text) refers to defsig_general.o(.text) for __default_signal_display


==============================================================================

Removing Unused input sections from the image.

    Removing main.o(.rev16_text), (4 bytes).
    Removing main.o(.revsh_text), (4 bytes).
    Removing main.o(.rrx_text), (6 bytes).
    Removing main.o(.ARM.exidx), (8 bytes).
    Removing main.o(.ARM.exidx), (8 bytes).
    Removing ch376.o(.rev16_text), (4 bytes).
    Removing ch376.o(.revsh_text), (4 bytes).
    Removing ch376.o(.rrx_text), (6 bytes).
    Removing ch376.o(i._ZN5CH37610ByteLocateEj), (172 bytes).
    Removing ch376.o(i._ZN5CH37610CheckExistEv), (68 bytes).
    Removing ch376.o(i._ZN5CH37610EnterSleepEv), (36 bytes).
    Removing ch376.o(i._ZN5CH37611GetFileSizeEv), (96 bytes).
    Removing ch376.o(i._ZN5CH3768ByteReadEPht), (160 bytes).
    Removing ch376.o(i._ZN5CH3768FileOpenEv), (84 bytes).
    Removing ch376.o(i._ZN5CH3768GetIcVerEv), (64 bytes).
    Removing ch376.o(i._ZN5CH3768ResetAllEv), (44 bytes).
    Removing ch376.o(i._ZN5CH3769FileCloseEb), (144 bytes).
    Removing ch376.o(.ARM.exidx), (8 bytes).
    Removing ch376.o(.ARM.exidx), (8 bytes).
    Removing ch376.o(.ARM.exidx), (8 bytes).
    Removing ch376.o(.ARM.exidx), (8 bytes).
    Removing ch376.o(.ARM.exidx), (8 bytes).
    Removing ch376.o(.ARM.exidx), (8 bytes).
    Removing ch376.o(.ARM.exidx), (8 bytes).
    Removing ch376.o(.ARM.exidx), (8 bytes).
    Removing ch376.o(.ARM.exidx), (8 bytes).
    Removing ch376.o(.ARM.exidx), (8 bytes).
    Removing ch376.o(.ARM.exidx), (8 bytes).
    Removing ch376.o(.ARM.exidx), (8 bytes).
    Removing ch376.o(.ARM.exidx), (8 bytes).
    Removing ch376.o(.ARM.exidx), (8 bytes).
    Removing ch376.o(.ARM.exidx), (8 bytes).
    Removing ch376.o(.ARM.exidx), (8 bytes).
    Removing ch376.o(.ARM.exidx), (8 bytes).
    Removing ch376.o(.ARM.exidx), (8 bytes).
    Removing ch376.o(.ARM.exidx), (8 bytes).
    Removing ch376.o(.ARM.exidx), (8 bytes).
    Removing ch376.o(.ARM.exidx), (8 bytes).
    Removing ch376.o(.ARM.exidx), (8 bytes).
    Removing ch376.o(.ARM.exidx), (8 bytes).
    Removing ch376.o(.ARM.exidx), (8 bytes).
    Removing ch376.o(.ARM.exidx), (8 bytes).
    Removing ch376.o(.ARM.exidx), (8 bytes).
    Removing interface.o(.rev16_text), (4 bytes).
    Removing interface.o(.revsh_text), (4 bytes).
    Removing interface.o(.rrx_text), (6 bytes).
    Removing interface.o(i._ZN9INTERFACE12TestIfOpenedEv), (32 bytes).
    Removing interface.o(i._ZN9INTERFACE16GenerateFileNameEPhS0_), (96 bytes).
    Removing interface.o(i._ZN9INTERFACE8CloseAllEv), (50 bytes).
    Removing interface.o(i._ZN9INTERFACE8OpenFileEh), (112 bytes).
    Removing interface.o(i._ZN9INTERFACE8ReFreashEv), (56 bytes).
    Removing interface.o(i._ZN9INTERFACE8ReadDataEht), (144 bytes).
    Removing interface.o(.ARM.exidx), (8 bytes).
    Removing interface.o(.ARM.exidx), (8 bytes).
    Removing interface.o(.ARM.exidx), (8 bytes).
    Removing interface.o(.ARM.exidx), (8 bytes).
    Removing interface.o(.ARM.exidx), (8 bytes).
    Removing interface.o(.ARM.exidx), (8 bytes).
    Removing interface.o(.ARM.exidx), (8 bytes).
    Removing interface.o(.ARM.exidx), (8 bytes).
    Removing com.o(.rev16_text), (4 bytes).
    Removing com.o(.revsh_text), (4 bytes).
    Removing com.o(.rrx_text), (6 bytes).
    Removing com.o(i._ZN3COM2TxEh), (28 bytes).
    Removing com.o(i._ZN3COM4InitEv), (200 bytes).
    Removing com.o(i._ZN3COM5PrintEPc), (50 bytes).
    Removing com.o(i._ZN3COM7DecoderEv), (80 bytes).
    Removing com.o(.ARM.exidx), (8 bytes).
    Removing com.o(.ARM.exidx), (8 bytes).
    Removing com.o(.ARM.exidx), (8 bytes).
    Removing com.o(.ARM.exidx), (8 bytes).
    Removing com.o(.ARM.exidx), (8 bytes).
    Removing com.o(.ARM.exidx), (8 bytes).
    Removing com.o(.data), (24 bytes).
    Removing system_stm32f10x.o(.rev16_text), (4 bytes).
    Removing system_stm32f10x.o(.revsh_text), (4 bytes).
    Removing system_stm32f10x.o(.rrx_text), (6 bytes).
    Removing system_stm32f10x.o(i.SystemCoreClockUpdate), (164 bytes).
    Removing system_stm32f10x.o(.data), (20 bytes).

79 unused section(s) (total 2330 bytes) removed from the image.

==============================================================================

Image Symbol Table

    Local Symbols

    Symbol Name                              Value     Ov Type        Size  Object(Section)

    ../clib/angel/boardlib.s                 0x00000000   Number         0  boardshut.o ABSOLUTE
    ../clib/angel/boardlib.s                 0x00000000   Number         0  boardinit1.o ABSOLUTE
    ../clib/angel/boardlib.s                 0x00000000   Number         0  boardinit2.o ABSOLUTE
    ../clib/angel/boardlib.s                 0x00000000   Number         0  boardinit3.o ABSOLUTE
    ../clib/angel/handlers.s                 0x00000000   Number         0  __scatter_zi.o ABSOLUTE
    ../clib/angel/handlers.s                 0x00000000   Number         0  __scatter_copy.o ABSOLUTE
    ../clib/angel/kernel.s                   0x00000000   Number         0  __rtentry4.o ABSOLUTE
    ../clib/angel/kernel.s                   0x00000000   Number         0  rtexit2.o ABSOLUTE
    ../clib/angel/kernel.s                   0x00000000   Number         0  rtexit.o ABSOLUTE
    ../clib/angel/kernel.s                   0x00000000   Number         0  __rtentry.o ABSOLUTE
    ../clib/angel/kernel.s                   0x00000000   Number         0  __rtentry2.o ABSOLUTE
    ../clib/angel/rt.s                       0x00000000   Number         0  rt_raise.o ABSOLUTE
    ../clib/angel/scatter.s                  0x00000000   Number         0  __scatter.o ABSOLUTE
    ../clib/angel/startup.s                  0x00000000   Number         0  __main.o ABSOLUTE
    ../clib/angel/sys.s                      0x00000000   Number         0  sys_stackheap_outer.o ABSOLUTE
    ../clib/angel/sys.s                      0x00000000   Number         0  indicate_semi.o ABSOLUTE
    ../clib/angel/sys.s                      0x00000000   Number         0  libspace.o ABSOLUTE
    ../clib/angel/sys.s                      0x00000000   Number         0  use_no_semi.o ABSOLUTE
    ../clib/angel/sysapp.c                   0x00000000   Number         0  sys_wrch.o ABSOLUTE
    ../clib/angel/sysapp.c                   0x00000000   Number         0  sys_command.o ABSOLUTE
    ../clib/angel/sysapp.c                   0x00000000   Number         0  sys_exit.o ABSOLUTE
    ../clib/armsys.c                         0x00000000   Number         0  argv_veneer.o ABSOLUTE
    ../clib/armsys.c                         0x00000000   Number         0  argv_veneer.o ABSOLUTE
    ../clib/armsys.c                         0x00000000   Number         0  no_argv.o ABSOLUTE
    ../clib/armsys.c                         0x00000000   Number         0  _get_argv_nomalloc.o ABSOLUTE
    ../clib/heapalloc.c                      0x00000000   Number         0  hrguard.o ABSOLUTE
    ../clib/heapaux.c                        0x00000000   Number         0  heapauxi.o ABSOLUTE
    ../clib/libinit.s                        0x00000000   Number         0  libinit.o ABSOLUTE
    ../clib/libinit.s                        0x00000000   Number         0  libinit2.o ABSOLUTE
    ../clib/libinit.s                        0x00000000   Number         0  libshutdown2.o ABSOLUTE
    ../clib/libinit.s                        0x00000000   Number         0  libshutdown.o ABSOLUTE
    ../clib/memcpset.s                       0x00000000   Number         0  rt_memcpy_w.o ABSOLUTE
    ../clib/memcpset.s                       0x00000000   Number         0  rt_memcpy_v6.o ABSOLUTE
    ../clib/signal.c                         0x00000000   Number         0  defsig_cppl_inner.o ABSOLUTE
    ../clib/signal.c                         0x00000000   Number         0  defsig_segv_inner.o ABSOLUTE
    ../clib/signal.c                         0x00000000   Number         0  defsig_other.o ABSOLUTE
    ../clib/signal.c                         0x00000000   Number         0  defsig_exit.o ABSOLUTE
    ../clib/signal.c                         0x00000000   Number         0  defsig_rtmem_outer.o ABSOLUTE
    ../clib/signal.c                         0x00000000   Number         0  defsig_rtmem_formal.o ABSOLUTE
    ../clib/signal.c                         0x00000000   Number         0  defsig_rtmem_inner.o ABSOLUTE
    ../clib/signal.c                         0x00000000   Number         0  __raise.o ABSOLUTE
    ../clib/signal.c                         0x00000000   Number         0  defsig_general.o ABSOLUTE
    ../clib/signal.c                         0x00000000   Number         0  defsig_abrt_inner.o ABSOLUTE
    ../clib/signal.c                         0x00000000   Number         0  defsig_fpe_inner.o ABSOLUTE
    ../clib/signal.c                         0x00000000   Number         0  defsig_rtred_inner.o ABSOLUTE
    ../clib/signal.c                         0x00000000   Number         0  defsig_stak_inner.o ABSOLUTE
    ../clib/signal.c                         0x00000000   Number         0  defsig_pvfn_inner.o ABSOLUTE
    ../clib/signal.s                         0x00000000   Number         0  defsig.o ABSOLUTE
    ../clib/stdlib.c                         0x00000000   Number         0  exit.o ABSOLUTE
    ../fplib/fpinit.s                        0x00000000   Number         0  fpinit.o ABSOLUTE
    CH376.cpp                                0x00000000   Number         0  ch376.o ABSOLUTE
    CH376.cpp                                0x00000000   Number         0  ch376.o ABSOLUTE
    COM.cpp                                  0x00000000   Number         0  com.o ABSOLUTE
    COM.cpp                                  0x00000000   Number         0  com.o ABSOLUTE
    Interface.cpp                            0x00000000   Number         0  interface.o ABSOLUTE
    Interface.cpp                            0x00000000   Number         0  interface.o ABSOLUTE
    Main.cpp                                 0x00000000   Number         0  main.o ABSOLUTE
    Main.cpp                                 0x00000000   Number         0  main.o ABSOLUTE
    RTE\Device\STM32F103C8\startup_stm32f10x_md.s 0x00000000   Number         0  startup_stm32f10x_md.o ABSOLUTE
    RTE\Device\STM32F103C8\system_stm32f10x.c 0x00000000   Number         0  system_stm32f10x.o ABSOLUTE
    RTE\\Device\\STM32F103C8\\system_stm32f10x.c 0x00000000   Number         0  system_stm32f10x.o ABSOLUTE
    dc.s                                     0x00000000   Number         0  dc.o ABSOLUTE
    RESET                                    0x08000000   Section      236  startup_stm32f10x_md.o(RESET)
    !!!main                                  0x080000ec   Section        8  __main.o(!!!main)
    !!!scatter                               0x080000f4   Section       52  __scatter.o(!!!scatter)
    !!handler_copy                           0x08000128   Section       26  __scatter_copy.o(!!handler_copy)
    !!handler_zi                             0x08000144   Section       28  __scatter_zi.o(!!handler_zi)
    .ARM.Collect$$libinit$$00000000          0x08000160   Section        2  libinit.o(.ARM.Collect$$libinit$$00000000)
    .ARM.Collect$$libinit$$00000002          0x08000162   Section        0  libinit2.o(.ARM.Collect$$libinit$$00000002)
    .ARM.Collect$$libinit$$00000004          0x08000162   Section        0  libinit2.o(.ARM.Collect$$libinit$$00000004)
    .ARM.Collect$$libinit$$0000000A          0x08000162   Section        0  libinit2.o(.ARM.Collect$$libinit$$0000000A)
    .ARM.Collect$$libinit$$0000000C          0x08000162   Section        0  libinit2.o(.ARM.Collect$$libinit$$0000000C)
    .ARM.Collect$$libinit$$0000000E          0x08000162   Section        0  libinit2.o(.ARM.Collect$$libinit$$0000000E)
    .ARM.Collect$$libinit$$00000011          0x08000162   Section        0  libinit2.o(.ARM.Collect$$libinit$$00000011)
    .ARM.Collect$$libinit$$00000013          0x08000162   Section        0  libinit2.o(.ARM.Collect$$libinit$$00000013)
    .ARM.Collect$$libinit$$00000015          0x08000162   Section        0  libinit2.o(.ARM.Collect$$libinit$$00000015)
    .ARM.Collect$$libinit$$00000017          0x08000162   Section        0  libinit2.o(.ARM.Collect$$libinit$$00000017)
    .ARM.Collect$$libinit$$00000019          0x08000162   Section        0  libinit2.o(.ARM.Collect$$libinit$$00000019)
    .ARM.Collect$$libinit$$0000001B          0x08000162   Section        0  libinit2.o(.ARM.Collect$$libinit$$0000001B)
    .ARM.Collect$$libinit$$0000001D          0x08000162   Section        0  libinit2.o(.ARM.Collect$$libinit$$0000001D)
    .ARM.Collect$$libinit$$0000001F          0x08000162   Section        0  libinit2.o(.ARM.Collect$$libinit$$0000001F)
    .ARM.Collect$$libinit$$00000021          0x08000162   Section        0  libinit2.o(.ARM.Collect$$libinit$$00000021)
    .ARM.Collect$$libinit$$00000023          0x08000162   Section        0  libinit2.o(.ARM.Collect$$libinit$$00000023)
    .ARM.Collect$$libinit$$00000025          0x08000162   Section        0  libinit2.o(.ARM.Collect$$libinit$$00000025)
    .ARM.Collect$$libinit$$0000002C          0x08000162   Section        0  libinit2.o(.ARM.Collect$$libinit$$0000002C)
    .ARM.Collect$$libinit$$0000002E          0x08000162   Section        0  libinit2.o(.ARM.Collect$$libinit$$0000002E)
    .ARM.Collect$$libinit$$00000030          0x08000162   Section        0  libinit2.o(.ARM.Collect$$libinit$$00000030)
    .ARM.Collect$$libinit$$00000032          0x08000162   Section        0  libinit2.o(.ARM.Collect$$libinit$$00000032)
    .ARM.Collect$$libinit$$00000033          0x08000162   Section        2  libinit2.o(.ARM.Collect$$libinit$$00000033)
    .ARM.Collect$$libshutdown$$00000000      0x08000164   Section        2  libshutdown.o(.ARM.Collect$$libshutdown$$00000000)
    .ARM.Collect$$libshutdown$$00000002      0x08000166   Section        0  libshutdown2.o(.ARM.Collect$$libshutdown$$00000002)
    .ARM.Collect$$libshutdown$$00000004      0x08000166   Section        0  libshutdown2.o(.ARM.Collect$$libshutdown$$00000004)
    .ARM.Collect$$libshutdown$$00000007      0x08000166   Section        0  libshutdown2.o(.ARM.Collect$$libshutdown$$00000007)
    .ARM.Collect$$libshutdown$$0000000A      0x08000166   Section        0  libshutdown2.o(.ARM.Collect$$libshutdown$$0000000A)
    .ARM.Collect$$libshutdown$$0000000C      0x08000166   Section        0  libshutdown2.o(.ARM.Collect$$libshutdown$$0000000C)
    .ARM.Collect$$libshutdown$$0000000F      0x08000166   Section        0  libshutdown2.o(.ARM.Collect$$libshutdown$$0000000F)
    .ARM.Collect$$libshutdown$$00000010      0x08000166   Section        2  libshutdown2.o(.ARM.Collect$$libshutdown$$00000010)
    .ARM.Collect$$rtentry$$00000000          0x08000168   Section        0  __rtentry.o(.ARM.Collect$$rtentry$$00000000)
    .ARM.Collect$$rtentry$$00000002          0x08000168   Section        0  __rtentry2.o(.ARM.Collect$$rtentry$$00000002)
    .ARM.Collect$$rtentry$$00000004          0x08000168   Section        6  __rtentry4.o(.ARM.Collect$$rtentry$$00000004)
    .ARM.Collect$$rtentry$$00000009          0x0800016e   Section        0  __rtentry2.o(.ARM.Collect$$rtentry$$00000009)
    .ARM.Collect$$rtentry$$0000000A          0x0800016e   Section        4  __rtentry2.o(.ARM.Collect$$rtentry$$0000000A)
    .ARM.Collect$$rtentry$$0000000C          0x08000172   Section        0  __rtentry2.o(.ARM.Collect$$rtentry$$0000000C)
    .ARM.Collect$$rtentry$$0000000D          0x08000172   Section        8  __rtentry2.o(.ARM.Collect$$rtentry$$0000000D)
    .ARM.Collect$$rtexit$$00000000           0x0800017a   Section        2  rtexit.o(.ARM.Collect$$rtexit$$00000000)
    .ARM.Collect$$rtexit$$00000002           0x0800017c   Section        0  rtexit2.o(.ARM.Collect$$rtexit$$00000002)
    .ARM.Collect$$rtexit$$00000003           0x0800017c   Section        4  rtexit2.o(.ARM.Collect$$rtexit$$00000003)
    .ARM.Collect$$rtexit$$00000004           0x08000180   Section        6  rtexit2.o(.ARM.Collect$$rtexit$$00000004)
    .text                                    0x08000188   Section       64  startup_stm32f10x_md.o(.text)
    .text                                    0x080001c8   Section      138  rt_memcpy_v6.o(.text)
    .text                                    0x08000252   Section      100  rt_memcpy_w.o(.text)
    .text                                    0x080002b6   Section        0  heapauxi.o(.text)
    .text                                    0x080002bc   Section       74  sys_stackheap_outer.o(.text)
    .text                                    0x08000306   Section        0  exit.o(.text)
    .text                                    0x08000318   Section        8  libspace.o(.text)
    .text                                    0x08000320   Section        0  sys_exit.o(.text)
    .text                                    0x0800032c   Section        2  use_no_semi.o(.text)
    .text                                    0x0800032e   Section        0  indicate_semi.o(.text)
    i.SetSysClock                            0x0800032e   Section        0  system_stm32f10x.o(i.SetSysClock)
    SetSysClock                              0x0800032f   Thumb Code     8  system_stm32f10x.o(i.SetSysClock)
    i.SetSysClockTo72                        0x08000338   Section        0  system_stm32f10x.o(i.SetSysClockTo72)
    SetSysClockTo72                          0x08000339   Thumb Code   214  system_stm32f10x.o(i.SetSysClockTo72)
    i.SystemInit                             0x08000418   Section        0  system_stm32f10x.o(i.SystemInit)
    i.TIM3_IRQHandler                        0x08000478   Section        0  ch376.o(i.TIM3_IRQHandler)
    i.TIM4_IRQHandler                        0x080004a8   Section        0  main.o(i.TIM4_IRQHandler)
    i.USART2_IRQHandler                      0x080004d0   Section        0  com.o(i.USART2_IRQHandler)
    i.USART3_IRQHandler                      0x0800056c   Section        0  ch376.o(i.USART3_IRQHandler)
    i._Z8Delay_Msj                           0x080005a8   Section        0  ch376.o(i._Z8Delay_Msj)
    i._Z8Delay_Usj                           0x080005c0   Section        0  ch376.o(i._Z8Delay_Usj)
    i._ZN3COM11TestAddressEv                 0x080005ea   Section        0  com.o(i._ZN3COM11TestAddressEv)
    i._ZN3SCI11WaitReceiveEjt                0x08000614   Section        0  ch376.o(i._ZN3SCI11WaitReceiveEjt)
    i._ZN3SCI2TXEPht                         0x08000640   Section        0  ch376.o(i._ZN3SCI2TXEPht)
    i._ZN3SCI4InitEv                         0x08000698   Section        0  ch376.o(i._ZN3SCI4InitEv)
    i._ZN3SCI7RefreshEv                      0x0800079c   Section        0  ch376.o(i._ZN3SCI7RefreshEv)
    i._ZN5CH37610SetUSBModeEh                0x080007a4   Section        0  ch376.o(i._ZN5CH37610SetUSBModeEh)
    i._ZN5CH37611DiskConnectEv               0x0800080c   Section        0  ch376.o(i._ZN5CH37611DiskConnectEv)
    i._ZN5CH37611ReadUSBDataEPh              0x08000870   Section        0  ch376.o(i._ZN5CH37611ReadUSBDataEPh)
    i._ZN5CH37611SetFileNameEPhb             0x080008dc   Section        0  ch376.o(i._ZN5CH37611SetFileNameEPhb)
    i._ZN5CH37612DiskCapacityEv              0x08000934   Section        0  ch376.o(i._ZN5CH37612DiskCapacityEv)
    i._ZN5CH3768FileEnumEP7FATINFOPhb        0x080009b0   Section        0  ch376.o(i._ZN5CH3768FileEnumEP7FATINFOPhb)
    i._ZN5CH3769DiskMountEP7INQUERY          0x08000a78   Section        0  ch376.o(i._ZN5CH3769DiskMountEP7INQUERY)
    i._ZN5UDISK13TestIfConnectEv             0x08000b00   Section        0  ch376.o(i._ZN5UDISK13TestIfConnectEv)
    i._ZN5UDISK4InitEv                       0x08000b8c   Section        0  ch376.o(i._ZN5UDISK4InitEv)
    i._ZN9INTERFACE13MountNUnmountEv         0x08000bc0   Section        0  interface.o(i._ZN9INTERFACE13MountNUnmountEv)
    i._ZN9INTERFACE4InitEv                   0x08000c64   Section        0  interface.o(i._ZN9INTERFACE4InitEv)
    i.main                                   0x08000c74   Section        0  main.o(i.main)
    .data                                    0x20000000   Section       10  ch376.o(.data)
    .bss                                     0x2000000c   Section     2096  ch376.o(.bss)
    .bss                                     0x2000083c   Section     4424  interface.o(.bss)
    .bss                                     0x20001984   Section      259  com.o(.bss)
    .bss                                     0x20001a88   Section       96  libspace.o(.bss)
    HEAP                                     0x20001ae8   Section      512  startup_stm32f10x_md.o(HEAP)
    Heap_Mem                                 0x20001ae8   Data         512  startup_stm32f10x_md.o(HEAP)
    STACK                                    0x20001ce8   Section     1024  startup_stm32f10x_md.o(STACK)
    Stack_Mem                                0x20001ce8   Data        1024  startup_stm32f10x_md.o(STACK)
    __initial_sp                             0x200020e8   Data           0  startup_stm32f10x_md.o(STACK)

    Global Symbols

    Symbol Name                              Value     Ov Type        Size  Object(Section)

    BuildAttributes$$THM_ISAv4$P$D$K$B$S$PE$A:L22UL41UL21$X:L11$S22US41US21$IEEE1$IW$USESV6$~STKCKD$USESV7$~SHL$OSPACE$ROPI$EBA8$UX$STANDARDLIB$REQ8$PRES8$EABIv2 0x00000000   Number         0  anon$$obj.o ABSOLUTE
    __ARM_use_no_argv                        0x00000000   Number         0  main.o ABSOLUTE
    __ARM_exceptions_init                     - Undefined Weak Reference
    __alloca_initialize                       - Undefined Weak Reference
    __arm_preinit_                            - Undefined Weak Reference
    __cpp_initialize__aeabi_                  - Undefined Weak Reference
    __cxa_finalize                            - Undefined Weak Reference
    __rt_locale                               - Undefined Weak Reference
    __sigvec_lookup                           - Undefined Weak Reference
    _atexit_init                              - Undefined Weak Reference
    _call_atexit_fns                          - Undefined Weak Reference
    _clock_init                               - Undefined Weak Reference
    _fp_trap_init                             - Undefined Weak Reference
    _fp_trap_shutdown                         - Undefined Weak Reference
    _get_lc_collate                           - Undefined Weak Reference
    _get_lc_ctype                             - Undefined Weak Reference
    _get_lc_monetary                          - Undefined Weak Reference
    _get_lc_numeric                           - Undefined Weak Reference
    _get_lc_time                              - Undefined Weak Reference
    _getenv_init                              - Undefined Weak Reference
    _handle_redirection                       - Undefined Weak Reference
    _init_alloc                               - Undefined Weak Reference
    _init_user_alloc                          - Undefined Weak Reference
    _initio                                   - Undefined Weak Reference
    _rand_init                                - Undefined Weak Reference
    _signal_finish                            - Undefined Weak Reference
    _signal_init                              - Undefined Weak Reference
    _terminate_alloc                          - Undefined Weak Reference
    _terminate_user_alloc                     - Undefined Weak Reference
    _terminateio                              - Undefined Weak Reference
    __Vectors_Size                           0x000000ec   Number         0  startup_stm32f10x_md.o ABSOLUTE
    __Vectors                                0x08000000   Data           4  startup_stm32f10x_md.o(RESET)
    __Vectors_End                            0x080000ec   Data           0  startup_stm32f10x_md.o(RESET)
    __main                                   0x080000ed   Thumb Code     8  __main.o(!!!main)
    __scatterload                            0x080000f5   Thumb Code     0  __scatter.o(!!!scatter)
    __scatterload_rt2                        0x080000f5   Thumb Code    44  __scatter.o(!!!scatter)
    __scatterload_rt2_thumb_only             0x080000f5   Thumb Code     0  __scatter.o(!!!scatter)
    __scatterload_null                       0x08000103   Thumb Code     0  __scatter.o(!!!scatter)
    __scatterload_copy                       0x08000129   Thumb Code    26  __scatter_copy.o(!!handler_copy)
    __scatterload_zeroinit                   0x08000145   Thumb Code    28  __scatter_zi.o(!!handler_zi)
    __rt_lib_init                            0x08000161   Thumb Code     0  libinit.o(.ARM.Collect$$libinit$$00000000)
    __rt_lib_init_alloca_1                   0x08000163   Thumb Code     0  libinit2.o(.ARM.Collect$$libinit$$0000002E)
    __rt_lib_init_argv_1                     0x08000163   Thumb Code     0  libinit2.o(.ARM.Collect$$libinit$$0000002C)
    __rt_lib_init_atexit_1                   0x08000163   Thumb Code     0  libinit2.o(.ARM.Collect$$libinit$$0000001B)
    __rt_lib_init_clock_1                    0x08000163   Thumb Code     0  libinit2.o(.ARM.Collect$$libinit$$00000021)
    __rt_lib_init_cpp_1                      0x08000163   Thumb Code     0  libinit2.o(.ARM.Collect$$libinit$$00000032)
    __rt_lib_init_exceptions_1               0x08000163   Thumb Code     0  libinit2.o(.ARM.Collect$$libinit$$00000030)
    __rt_lib_init_fp_1                       0x08000163   Thumb Code     0  libinit2.o(.ARM.Collect$$libinit$$00000002)
    __rt_lib_init_fp_trap_1                  0x08000163   Thumb Code     0  libinit2.o(.ARM.Collect$$libinit$$0000001F)
    __rt_lib_init_getenv_1                   0x08000163   Thumb Code     0  libinit2.o(.ARM.Collect$$libinit$$00000023)
    __rt_lib_init_heap_1                     0x08000163   Thumb Code     0  libinit2.o(.ARM.Collect$$libinit$$0000000A)
    __rt_lib_init_lc_collate_1               0x08000163   Thumb Code     0  libinit2.o(.ARM.Collect$$libinit$$00000011)
    __rt_lib_init_lc_ctype_1                 0x08000163   Thumb Code     0  libinit2.o(.ARM.Collect$$libinit$$00000013)
    __rt_lib_init_lc_monetary_1              0x08000163   Thumb Code     0  libinit2.o(.ARM.Collect$$libinit$$00000015)
    __rt_lib_init_lc_numeric_1               0x08000163   Thumb Code     0  libinit2.o(.ARM.Collect$$libinit$$00000017)
    __rt_lib_init_lc_time_1                  0x08000163   Thumb Code     0  libinit2.o(.ARM.Collect$$libinit$$00000019)
    __rt_lib_init_preinit_1                  0x08000163   Thumb Code     0  libinit2.o(.ARM.Collect$$libinit$$00000004)
    __rt_lib_init_rand_1                     0x08000163   Thumb Code     0  libinit2.o(.ARM.Collect$$libinit$$0000000E)
    __rt_lib_init_return                     0x08000163   Thumb Code     0  libinit2.o(.ARM.Collect$$libinit$$00000033)
    __rt_lib_init_signal_1                   0x08000163   Thumb Code     0  libinit2.o(.ARM.Collect$$libinit$$0000001D)
    __rt_lib_init_stdio_1                    0x08000163   Thumb Code     0  libinit2.o(.ARM.Collect$$libinit$$00000025)
    __rt_lib_init_user_alloc_1               0x08000163   Thumb Code     0  libinit2.o(.ARM.Collect$$libinit$$0000000C)
    __rt_lib_shutdown                        0x08000165   Thumb Code     0  libshutdown.o(.ARM.Collect$$libshutdown$$00000000)
    __rt_lib_shutdown_cpp_1                  0x08000167   Thumb Code     0  libshutdown2.o(.ARM.Collect$$libshutdown$$00000002)
    __rt_lib_shutdown_fp_trap_1              0x08000167   Thumb Code     0  libshutdown2.o(.ARM.Collect$$libshutdown$$00000007)
    __rt_lib_shutdown_heap_1                 0x08000167   Thumb Code     0  libshutdown2.o(.ARM.Collect$$libshutdown$$0000000F)
    __rt_lib_shutdown_return                 0x08000167   Thumb Code     0  libshutdown2.o(.ARM.Collect$$libshutdown$$00000010)
    __rt_lib_shutdown_signal_1               0x08000167   Thumb Code     0  libshutdown2.o(.ARM.Collect$$libshutdown$$0000000A)
    __rt_lib_shutdown_stdio_1                0x08000167   Thumb Code     0  libshutdown2.o(.ARM.Collect$$libshutdown$$00000004)
    __rt_lib_shutdown_user_alloc_1           0x08000167   Thumb Code     0  libshutdown2.o(.ARM.Collect$$libshutdown$$0000000C)
    __rt_entry                               0x08000169   Thumb Code     0  __rtentry.o(.ARM.Collect$$rtentry$$00000000)
    __rt_entry_presh_1                       0x08000169   Thumb Code     0  __rtentry2.o(.ARM.Collect$$rtentry$$00000002)
    __rt_entry_sh                            0x08000169   Thumb Code     0  __rtentry4.o(.ARM.Collect$$rtentry$$00000004)
    __rt_entry_li                            0x0800016f   Thumb Code     0  __rtentry2.o(.ARM.Collect$$rtentry$$0000000A)
    __rt_entry_postsh_1                      0x0800016f   Thumb Code     0  __rtentry2.o(.ARM.Collect$$rtentry$$00000009)
    __rt_entry_main                          0x08000173   Thumb Code     0  __rtentry2.o(.ARM.Collect$$rtentry$$0000000D)
    __rt_entry_postli_1                      0x08000173   Thumb Code     0  __rtentry2.o(.ARM.Collect$$rtentry$$0000000C)
    __rt_exit                                0x0800017b   Thumb Code     0  rtexit.o(.ARM.Collect$$rtexit$$00000000)
    __rt_exit_ls                             0x0800017d   Thumb Code     0  rtexit2.o(.ARM.Collect$$rtexit$$00000003)
    __rt_exit_prels_1                        0x0800017d   Thumb Code     0  rtexit2.o(.ARM.Collect$$rtexit$$00000002)
    __rt_exit_exit                           0x08000181   Thumb Code     0  rtexit2.o(.ARM.Collect$$rtexit$$00000004)
    Reset_Handler                            0x08000189   Thumb Code     8  startup_stm32f10x_md.o(.text)
    NMI_Handler                              0x08000191   Thumb Code     2  startup_stm32f10x_md.o(.text)
    HardFault_Handler                        0x08000193   Thumb Code     2  startup_stm32f10x_md.o(.text)
    MemManage_Handler                        0x08000195   Thumb Code     2  startup_stm32f10x_md.o(.text)
    BusFault_Handler                         0x08000197   Thumb Code     2  startup_stm32f10x_md.o(.text)
    UsageFault_Handler                       0x08000199   Thumb Code     2  startup_stm32f10x_md.o(.text)
    SVC_Handler                              0x0800019b   Thumb Code     2  startup_stm32f10x_md.o(.text)
    DebugMon_Handler                         0x0800019d   Thumb Code     2  startup_stm32f10x_md.o(.text)
    PendSV_Handler                           0x0800019f   Thumb Code     2  startup_stm32f10x_md.o(.text)
    SysTick_Handler                          0x080001a1   Thumb Code     2  startup_stm32f10x_md.o(.text)
    ADC1_2_IRQHandler                        0x080001a3   Thumb Code     0  startup_stm32f10x_md.o(.text)
    CAN1_RX1_IRQHandler                      0x080001a3   Thumb Code     0  startup_stm32f10x_md.o(.text)
    CAN1_SCE_IRQHandler                      0x080001a3   Thumb Code     0  startup_stm32f10x_md.o(.text)
    DMA1_Channel1_IRQHandler                 0x080001a3   Thumb Code     0  startup_stm32f10x_md.o(.text)
    DMA1_Channel2_IRQHandler                 0x080001a3   Thumb Code     0  startup_stm32f10x_md.o(.text)
    DMA1_Channel3_IRQHandler                 0x080001a3   Thumb Code     0  startup_stm32f10x_md.o(.text)
    DMA1_Channel4_IRQHandler                 0x080001a3   Thumb Code     0  startup_stm32f10x_md.o(.text)
    DMA1_Channel5_IRQHandler                 0x080001a3   Thumb Code     0  startup_stm32f10x_md.o(.text)
    DMA1_Channel6_IRQHandler                 0x080001a3   Thumb Code     0  startup_stm32f10x_md.o(.text)
    DMA1_Channel7_IRQHandler                 0x080001a3   Thumb Code     0  startup_stm32f10x_md.o(.text)
    EXTI0_IRQHandler                         0x080001a3   Thumb Code     0  startup_stm32f10x_md.o(.text)
    EXTI15_10_IRQHandler                     0x080001a3   Thumb Code     0  startup_stm32f10x_md.o(.text)
    EXTI1_IRQHandler                         0x080001a3   Thumb Code     0  startup_stm32f10x_md.o(.text)
    EXTI2_IRQHandler                         0x080001a3   Thumb Code     0  startup_stm32f10x_md.o(.text)
    EXTI3_IRQHandler                         0x080001a3   Thumb Code     0  startup_stm32f10x_md.o(.text)
    EXTI4_IRQHandler                         0x080001a3   Thumb Code     0  startup_stm32f10x_md.o(.text)
    EXTI9_5_IRQHandler                       0x080001a3   Thumb Code     0  startup_stm32f10x_md.o(.text)
    FLASH_IRQHandler                         0x080001a3   Thumb Code     0  startup_stm32f10x_md.o(.text)
    I2C1_ER_IRQHandler                       0x080001a3   Thumb Code     0  startup_stm32f10x_md.o(.text)
    I2C1_EV_IRQHandler                       0x080001a3   Thumb Code     0  startup_stm32f10x_md.o(.text)
    I2C2_ER_IRQHandler                       0x080001a3   Thumb Code     0  startup_stm32f10x_md.o(.text)
    I2C2_EV_IRQHandler                       0x080001a3   Thumb Code     0  startup_stm32f10x_md.o(.text)
    PVD_IRQHandler                           0x080001a3   Thumb Code     0  startup_stm32f10x_md.o(.text)
    RCC_IRQHandler                           0x080001a3   Thumb Code     0  startup_stm32f10x_md.o(.text)
    RTCAlarm_IRQHandler                      0x080001a3   Thumb Code     0  startup_stm32f10x_md.o(.text)
    RTC_IRQHandler                           0x080001a3   Thumb Code     0  startup_stm32f10x_md.o(.text)
    SPI1_IRQHandler                          0x080001a3   Thumb Code     0  startup_stm32f10x_md.o(.text)
    SPI2_IRQHandler                          0x080001a3   Thumb Code     0  startup_stm32f10x_md.o(.text)
    TAMPER_IRQHandler                        0x080001a3   Thumb Code     0  startup_stm32f10x_md.o(.text)
    TIM1_BRK_IRQHandler                      0x080001a3   Thumb Code     0  startup_stm32f10x_md.o(.text)
    TIM1_CC_IRQHandler                       0x080001a3   Thumb Code     0  startup_stm32f10x_md.o(.text)
    TIM1_TRG_COM_IRQHandler                  0x080001a3   Thumb Code     0  startup_stm32f10x_md.o(.text)
    TIM1_UP_IRQHandler                       0x080001a3   Thumb Code     0  startup_stm32f10x_md.o(.text)
    TIM2_IRQHandler                          0x080001a3   Thumb Code     0  startup_stm32f10x_md.o(.text)
    USART1_IRQHandler                        0x080001a3   Thumb Code     0  startup_stm32f10x_md.o(.text)
    USBWakeUp_IRQHandler                     0x080001a3   Thumb Code     0  startup_stm32f10x_md.o(.text)
    USB_HP_CAN1_TX_IRQHandler                0x080001a3   Thumb Code     0  startup_stm32f10x_md.o(.text)
    USB_LP_CAN1_RX0_IRQHandler               0x080001a3   Thumb Code     0  startup_stm32f10x_md.o(.text)
    WWDG_IRQHandler                          0x080001a3   Thumb Code     0  startup_stm32f10x_md.o(.text)
    __user_initial_stackheap                 0x080001a5   Thumb Code     0  startup_stm32f10x_md.o(.text)
    __aeabi_memcpy                           0x080001c9   Thumb Code     0  rt_memcpy_v6.o(.text)
    __rt_memcpy                              0x080001c9   Thumb Code   138  rt_memcpy_v6.o(.text)
    _memcpy_lastbytes                        0x0800022f   Thumb Code     0  rt_memcpy_v6.o(.text)
    __aeabi_memcpy4                          0x08000253   Thumb Code     0  rt_memcpy_w.o(.text)
    __aeabi_memcpy8                          0x08000253   Thumb Code     0  rt_memcpy_w.o(.text)
    __rt_memcpy_w                            0x08000253   Thumb Code   100  rt_memcpy_w.o(.text)
    _memcpy_lastbytes_aligned                0x0800029b   Thumb Code     0  rt_memcpy_w.o(.text)
    __use_two_region_memory                  0x080002b7   Thumb Code     2  heapauxi.o(.text)
    __rt_heap_escrow$2region                 0x080002b9   Thumb Code     2  heapauxi.o(.text)
    __rt_heap_expand$2region                 0x080002bb   Thumb Code     2  heapauxi.o(.text)
    __user_setup_stackheap                   0x080002bd   Thumb Code    74  sys_stackheap_outer.o(.text)
    exit                                     0x08000307   Thumb Code    18  exit.o(.text)
    __user_libspace                          0x08000319   Thumb Code     8  libspace.o(.text)
    __user_perproc_libspace                  0x08000319   Thumb Code     0  libspace.o(.text)
    __user_perthread_libspace                0x08000319   Thumb Code     0  libspace.o(.text)
    _sys_exit                                0x08000321   Thumb Code     8  sys_exit.o(.text)
    __I$use$semihosting                      0x0800032d   Thumb Code     0  use_no_semi.o(.text)
    __use_no_semihosting_swi                 0x0800032d   Thumb Code     2  use_no_semi.o(.text)
    __semihosting_library_function           0x0800032f   Thumb Code     0  indicate_semi.o(.text)
    SystemInit                               0x08000419   Thumb Code    78  system_stm32f10x.o(i.SystemInit)
    TIM3_IRQHandler                          0x08000479   Thumb Code    40  ch376.o(i.TIM3_IRQHandler)
    TIM4_IRQHandler                          0x080004a9   Thumb Code    30  main.o(i.TIM4_IRQHandler)
    USART2_IRQHandler                        0x080004d1   Thumb Code   148  com.o(i.USART2_IRQHandler)
    USART3_IRQHandler                        0x0800056d   Thumb Code    50  ch376.o(i.USART3_IRQHandler)
    Delay_Ms(unsigned)                       0x080005a9   Thumb Code    24  ch376.o(i._Z8Delay_Msj)
    Delay_Us(unsigned)                       0x080005c1   Thumb Code    42  ch376.o(i._Z8Delay_Usj)
    COM::TestAddress()                       0x080005eb   Thumb Code    40  com.o(i._ZN3COM11TestAddressEv)
    SCI::WaitReceive(unsigned, unsigned short) 0x08000615   Thumb Code    40  ch376.o(i._ZN3SCI11WaitReceiveEjt)
    SCI::TX(unsigned char*, unsigned short)  0x08000641   Thumb Code    82  ch376.o(i._ZN3SCI2TXEPht)
    SCI::Init()                              0x08000699   Thumb Code   234  ch376.o(i._ZN3SCI4InitEv)
    SCI::Refresh()                           0x0800079d   Thumb Code     8  ch376.o(i._ZN3SCI7RefreshEv)
    CH376::SetUSBMode(unsigned char)         0x080007a5   Thumb Code   100  ch376.o(i._ZN5CH37610SetUSBModeEh)
    CH376::DiskConnect()                     0x0800080d   Thumb Code    94  ch376.o(i._ZN5CH37611DiskConnectEv)
    CH376::ReadUSBData(unsigned char*)       0x08000871   Thumb Code   102  ch376.o(i._ZN5CH37611ReadUSBDataEPh)
    CH376::SetFileName(unsigned char*, bool) 0x080008dd   Thumb Code    78  ch376.o(i._ZN5CH37611SetFileNameEPhb)
    CH376::DiskCapacity()                    0x08000935   Thumb Code   116  ch376.o(i._ZN5CH37612DiskCapacityEv)
    CH376::FileEnum(FATINFO*, unsigned char*, bool) 0x080009b1   Thumb Code   194  ch376.o(i._ZN5CH3768FileEnumEP7FATINFOPhb)
    CH376::DiskMount(INQUERY*)               0x08000a79   Thumb Code   130  ch376.o(i._ZN5CH3769DiskMountEP7INQUERY)
    UDISK::TestIfConnect()                   0x08000b01   Thumb Code   132  ch376.o(i._ZN5UDISK13TestIfConnectEv)
    UDISK::Init()                            0x08000b8d   Thumb Code    44  ch376.o(i._ZN5UDISK4InitEv)
    INTERFACE::MountNUnmount()               0x08000bc1   Thumb Code   152  interface.o(i._ZN9INTERFACE13MountNUnmountEv)
    INTERFACE::Init()                        0x08000c65   Thumb Code    12  interface.o(i._ZN9INTERFACE4InitEv)
    main                                     0x08000c75   Thumb Code   154  main.o(i.main)
    Region$$Table$$Base                      0x08000d2c   Number         0  anon$$obj.o(Region$$Table)
    Region$$Table$$Limit                     0x08000d4c   Number         0  anon$$obj.o(Region$$Table)
    Ch376                                    0x20000000   Data           1  ch376.o(.data)
    FCT_32                                   0x20000004   Data           4  ch376.o(.data)
    FCT_16                                   0x20000008   Data           2  ch376.o(.data)
    Sci                                      0x2000000c   Data        2052  ch376.o(.bss)
    Udisk                                    0x20000810   Data          44  ch376.o(.bss)
    Interface                                0x2000083c   Data        4424  interface.o(.bss)
    Serial                                   0x20001984   Data         259  com.o(.bss)
    __libspace_start                         0x20001a88   Data          96  libspace.o(.bss)
    __temporary_stack_top$libspace           0x20001ae8   Data           0  libspace.o(.bss)



==============================================================================

Memory Map of the image

  Image Entry point : 0x080000ed

  Load Region LR_IROM1 (Base: 0x08000000, Size: 0x00000d58, Max: 0x00010000, ABSOLUTE)

    Execution Region ER_IROM1 (Base: 0x08000000, Size: 0x00000d4c, Max: 0x00010000, ABSOLUTE)

    Base Addr    Size         Type   Attr      Idx    E Section Name        Object

    0x08000000   0x000000ec   Data   RO          396    RESET               startup_stm32f10x_md.o
    0x080000ec   0x00000008   Code   RO          475  * !!!main             c_w.l(__main.o)
    0x080000f4   0x00000034   Code   RO          632    !!!scatter          c_w.l(__scatter.o)
    0x08000128   0x0000001a   Code   RO          634    !!handler_copy      c_w.l(__scatter_copy.o)
    0x08000142   0x00000002   PAD
    0x08000144   0x0000001c   Code   RO          636    !!handler_zi        c_w.l(__scatter_zi.o)
    0x08000160   0x00000002   Code   RO          502    .ARM.Collect$$libinit$$00000000  c_w.l(libinit.o)
    0x08000162   0x00000000   Code   RO          509    .ARM.Collect$$libinit$$00000002  c_w.l(libinit2.o)
    0x08000162   0x00000000   Code   RO          511    .ARM.Collect$$libinit$$00000004  c_w.l(libinit2.o)
    0x08000162   0x00000000   Code   RO          514    .ARM.Collect$$libinit$$0000000A  c_w.l(libinit2.o)
    0x08000162   0x00000000   Code   RO          516    .ARM.Collect$$libinit$$0000000C  c_w.l(libinit2.o)
    0x08000162   0x00000000   Code   RO          518    .ARM.Collect$$libinit$$0000000E  c_w.l(libinit2.o)
    0x08000162   0x00000000   Code   RO          521    .ARM.Collect$$libinit$$00000011  c_w.l(libinit2.o)
    0x08000162   0x00000000   Code   RO          523    .ARM.Collect$$libinit$$00000013  c_w.l(libinit2.o)
    0x08000162   0x00000000   Code   RO          525    .ARM.Collect$$libinit$$00000015  c_w.l(libinit2.o)
    0x08000162   0x00000000   Code   RO          527    .ARM.Collect$$libinit$$00000017  c_w.l(libinit2.o)
    0x08000162   0x00000000   Code   RO          529    .ARM.Collect$$libinit$$00000019  c_w.l(libinit2.o)
    0x08000162   0x00000000   Code   RO          531    .ARM.Collect$$libinit$$0000001B  c_w.l(libinit2.o)
    0x08000162   0x00000000   Code   RO          533    .ARM.Collect$$libinit$$0000001D  c_w.l(libinit2.o)
    0x08000162   0x00000000   Code   RO          535    .ARM.Collect$$libinit$$0000001F  c_w.l(libinit2.o)
    0x08000162   0x00000000   Code   RO          537    .ARM.Collect$$libinit$$00000021  c_w.l(libinit2.o)
    0x08000162   0x00000000   Code   RO          539    .ARM.Collect$$libinit$$00000023  c_w.l(libinit2.o)
    0x08000162   0x00000000   Code   RO          541    .ARM.Collect$$libinit$$00000025  c_w.l(libinit2.o)
    0x08000162   0x00000000   Code   RO          545    .ARM.Collect$$libinit$$0000002C  c_w.l(libinit2.o)
    0x08000162   0x00000000   Code   RO          547    .ARM.Collect$$libinit$$0000002E  c_w.l(libinit2.o)
    0x08000162   0x00000000   Code   RO          549    .ARM.Collect$$libinit$$00000030  c_w.l(libinit2.o)
    0x08000162   0x00000000   Code   RO          551    .ARM.Collect$$libinit$$00000032  c_w.l(libinit2.o)
    0x08000162   0x00000002   Code   RO          552    .ARM.Collect$$libinit$$00000033  c_w.l(libinit2.o)
    0x08000164   0x00000002   Code   RO          572    .ARM.Collect$$libshutdown$$00000000  c_w.l(libshutdown.o)
    0x08000166   0x00000000   Code   RO          585    .ARM.Collect$$libshutdown$$00000002  c_w.l(libshutdown2.o)
    0x08000166   0x00000000   Code   RO          587    .ARM.Collect$$libshutdown$$00000004  c_w.l(libshutdown2.o)
    0x08000166   0x00000000   Code   RO          590    .ARM.Collect$$libshutdown$$00000007  c_w.l(libshutdown2.o)
    0x08000166   0x00000000   Code   RO          593    .ARM.Collect$$libshutdown$$0000000A  c_w.l(libshutdown2.o)
    0x08000166   0x00000000   Code   RO          595    .ARM.Collect$$libshutdown$$0000000C  c_w.l(libshutdown2.o)
    0x08000166   0x00000000   Code   RO          598    .ARM.Collect$$libshutdown$$0000000F  c_w.l(libshutdown2.o)
    0x08000166   0x00000002   Code   RO          599    .ARM.Collect$$libshutdown$$00000010  c_w.l(libshutdown2.o)
    0x08000168   0x00000000   Code   RO          477    .ARM.Collect$$rtentry$$00000000  c_w.l(__rtentry.o)
    0x08000168   0x00000000   Code   RO          479    .ARM.Collect$$rtentry$$00000002  c_w.l(__rtentry2.o)
    0x08000168   0x00000006   Code   RO          491    .ARM.Collect$$rtentry$$00000004  c_w.l(__rtentry4.o)
    0x0800016e   0x00000000   Code   RO          481    .ARM.Collect$$rtentry$$00000009  c_w.l(__rtentry2.o)
    0x0800016e   0x00000004   Code   RO          482    .ARM.Collect$$rtentry$$0000000A  c_w.l(__rtentry2.o)
    0x08000172   0x00000000   Code   RO          484    .ARM.Collect$$rtentry$$0000000C  c_w.l(__rtentry2.o)
    0x08000172   0x00000008   Code   RO          485    .ARM.Collect$$rtentry$$0000000D  c_w.l(__rtentry2.o)
    0x0800017a   0x00000002   Code   RO          506    .ARM.Collect$$rtexit$$00000000  c_w.l(rtexit.o)
    0x0800017c   0x00000000   Code   RO          554    .ARM.Collect$$rtexit$$00000002  c_w.l(rtexit2.o)
    0x0800017c   0x00000004   Code   RO          555    .ARM.Collect$$rtexit$$00000003  c_w.l(rtexit2.o)
    0x08000180   0x00000006   Code   RO          556    .ARM.Collect$$rtexit$$00000004  c_w.l(rtexit2.o)
    0x08000186   0x00000002   PAD
    0x08000188   0x00000040   Code   RO          397    .text               startup_stm32f10x_md.o
    0x080001c8   0x0000008a   Code   RO          469    .text               c_w.l(rt_memcpy_v6.o)
    0x08000252   0x00000064   Code   RO          471    .text               c_w.l(rt_memcpy_w.o)
    0x080002b6   0x00000006   Code   RO          473    .text               c_w.l(heapauxi.o)
    0x080002bc   0x0000004a   Code   RO          493    .text               c_w.l(sys_stackheap_outer.o)
    0x08000306   0x00000012   Code   RO          495    .text               c_w.l(exit.o)
    0x08000318   0x00000008   Code   RO          503    .text               c_w.l(libspace.o)
    0x08000320   0x0000000c   Code   RO          564    .text               c_w.l(sys_exit.o)
    0x0800032c   0x00000002   Code   RO          575    .text               c_w.l(use_no_semi.o)
    0x0800032e   0x00000000   Code   RO          577    .text               c_w.l(indicate_semi.o)
    0x0800032e   0x00000008   Code   RO          404    i.SetSysClock       system_stm32f10x.o
    0x08000336   0x00000002   PAD
    0x08000338   0x000000e0   Code   RO          405    i.SetSysClockTo72   system_stm32f10x.o
    0x08000418   0x00000060   Code   RO          407    i.SystemInit        system_stm32f10x.o
    0x08000478   0x00000030   Code   RO           70    i.TIM3_IRQHandler   ch376.o
    0x080004a8   0x00000028   Code   RO            4    i.TIM4_IRQHandler   main.o
    0x080004d0   0x0000009c   Code   RO          335    i.USART2_IRQHandler  com.o
    0x0800056c   0x0000003c   Code   RO           71    i.USART3_IRQHandler  ch376.o
    0x080005a8   0x00000018   Code   RO           72    i._Z8Delay_Msj      ch376.o
    0x080005c0   0x0000002a   Code   RO           73    i._Z8Delay_Usj      ch376.o
    0x080005ea   0x00000028   Code   RO          336    i._ZN3COM11TestAddressEv  com.o
    0x08000612   0x00000002   PAD
    0x08000614   0x0000002c   Code   RO           74    i._ZN3SCI11WaitReceiveEjt  ch376.o
    0x08000640   0x00000058   Code   RO           75    i._ZN3SCI2TXEPht    ch376.o
    0x08000698   0x00000104   Code   RO           76    i._ZN3SCI4InitEv    ch376.o
    0x0800079c   0x00000008   Code   RO           77    i._ZN3SCI7RefreshEv  ch376.o
    0x080007a4   0x00000068   Code   RO           81    i._ZN5CH37610SetUSBModeEh  ch376.o
    0x0800080c   0x00000064   Code   RO           82    i._ZN5CH37611DiskConnectEv  ch376.o
    0x08000870   0x0000006c   Code   RO           84    i._ZN5CH37611ReadUSBDataEPh  ch376.o
    0x080008dc   0x00000058   Code   RO           85    i._ZN5CH37611SetFileNameEPhb  ch376.o
    0x08000934   0x0000007c   Code   RO           86    i._ZN5CH37612DiskCapacityEv  ch376.o
    0x080009b0   0x000000c8   Code   RO           88    i._ZN5CH3768FileEnumEP7FATINFOPhb  ch376.o
    0x08000a78   0x00000088   Code   RO           92    i._ZN5CH3769DiskMountEP7INQUERY  ch376.o
    0x08000b00   0x0000008c   Code   RO           94    i._ZN5UDISK13TestIfConnectEv  ch376.o
    0x08000b8c   0x00000034   Code   RO           95    i._ZN5UDISK4InitEv  ch376.o
    0x08000bc0   0x000000a4   Code   RO          260    i._ZN9INTERFACE13MountNUnmountEv  interface.o
    0x08000c64   0x00000010   Code   RO          262    i._ZN9INTERFACE4InitEv  interface.o
    0x08000c74   0x000000b8   Code   RO            5    i.main              main.o
    0x08000d2c   0x00000020   Data   RO          630    Region$$Table       anon$$obj.o


    Execution Region RW_IRAM1 (Base: 0x20000000, Size: 0x000020e8, Max: 0x00005000, ABSOLUTE)

    Base Addr    Size         Type   Attr      Idx    E Section Name        Object

    0x20000000   0x0000000a   Data   RW          123    .data               ch376.o
    0x2000000a   0x00000002   PAD
    0x2000000c   0x00000830   Zero   RW          122    .bss                ch376.o
    0x2000083c   0x00001148   Zero   RW          275    .bss                interface.o
    0x20001984   0x00000103   Zero   RW          347    .bss                com.o
    0x20001a87   0x00000001   PAD
    0x20001a88   0x00000060   Zero   RW          504    .bss                c_w.l(libspace.o)
    0x20001ae8   0x00000200   Zero   RW          395    HEAP                startup_stm32f10x_md.o
    0x20001ce8   0x00000400   Zero   RW          394    STACK               startup_stm32f10x_md.o


==============================================================================

Image component sizes


      Code (inc. data)   RO Data    RW Data    ZI Data      Debug   Object Name

      1626        116          0         10       2096      13168   ch376.o
       196          8          0          0        259       2346   com.o
       180         16          0          0       4424       5474   interface.o
       224         40          0          0          0     206957   main.o
        64         26        236          0       1536        800   startup_stm32f10x_md.o
       328         28          0          0          0       6417   system_stm32f10x.o

    ----------------------------------------------------------------------
      2622        234        268         12       8316     235162   Object Totals
         0          0         32          0          0          0   (incl. Generated)
         4          0          0          2          1          0   (incl. Padding)

    ----------------------------------------------------------------------

      Code (inc. data)   RO Data    RW Data    ZI Data      Debug   Library Member Name

         8          0          0          0          0         68   __main.o
         0          0          0          0          0          0   __rtentry.o
        12          0          0          0          0          0   __rtentry2.o
         6          0          0          0          0          0   __rtentry4.o
        52          8          0          0          0          0   __scatter.o
        26          0          0          0          0          0   __scatter_copy.o
        28          0          0          0          0          0   __scatter_zi.o
        18          0          0          0          0         80   exit.o
         6          0          0          0          0        152   heapauxi.o
         0          0          0          0          0          0   indicate_semi.o
         2          0          0          0          0          0   libinit.o
         2          0          0          0          0          0   libinit2.o
         2          0          0          0          0          0   libshutdown.o
         2          0          0          0          0          0   libshutdown2.o
         8          4          0          0         96         68   libspace.o
       138          0          0          0          0         68   rt_memcpy_v6.o
       100          0          0          0          0         80   rt_memcpy_w.o
         2          0          0          0          0          0   rtexit.o
        10          0          0          0          0          0   rtexit2.o
        12          4          0          0          0         68   sys_exit.o
        74          0          0          0          0         80   sys_stackheap_outer.o
         2          0          0          0          0         68   use_no_semi.o

    ----------------------------------------------------------------------
       514         16          0          0         96        732   Library Totals
         4          0          0          0          0          0   (incl. Padding)

    ----------------------------------------------------------------------

      Code (inc. data)   RO Data    RW Data    ZI Data      Debug   Library Name

       510         16          0          0         96        732   c_w.l

    ----------------------------------------------------------------------
       514         16          0          0         96        732   Library Totals

    ----------------------------------------------------------------------

==============================================================================


      Code (inc. data)   RO Data    RW Data    ZI Data      Debug   

      3136        250        268         12       8412     234434   Grand Totals
      3136        250        268         12       8412     234434   ELF Image Totals
      3136        250        268         12          0          0   ROM Totals

==============================================================================

    Total RO  Size (Code + RO Data)                 3404 (   3.32kB)
    Total RW  Size (RW Data + ZI Data)              8424 (   8.23kB)
    Total ROM Size (Code + RO Data + RW Data)       3416 (   3.34kB)

==============================================================================

