Component: ARM Compiler 5.06 update 3 (build 300) Tool: armlink [4d35c9]

==============================================================================

Section Cross References

    main.o(i.main) refers to com.o(i._ZN3COM4InitEv) for COM::Init()
    main.o(i.main) refers to spio.o(i._ZN4SPIO4InitEv) for SPIO::Init()
    main.o(i.main) refers to spio.o(i._ZN4SPIO6ReadInEv) for SPIO::ReadIn()
    main.o(i.main) refers to com.o(.bss) for Serial
    main.o(i.main) refers to spio.o(.bss) for Spio
    main.o(.ARM.exidx) refers to main.o(i.main) for i.main
    spout.o(i.TIM3_IRQHandler) refers to spout.o(.data) for Spout
    spout.o(i.USART3_IRQHandler) refers to spout.o(.data) for Spout
    spout.o(i._ZN5SPOUT11InfoRefreshEv) refers to spout.o(i._ZN5SPOUT7Num2ChrEjPc) for SPOUT::Num2Chr(unsigned, char*)
    spout.o(i._ZN5SPOUT11InfoRefreshEv) refers to spout.o(i._ZN5SPOUT8TransmitEcPc) for SPOUT::Transmit(char, char*)
    spout.o(i._ZN5SPOUT11InfoRefreshEv) refers to spout.o(.bss) for Data
    spout.o(i._ZN5SPOUT11InfoRefreshEv) refers to status.o(.bss) for Status
    spout.o(i._ZN5SPOUT11InfoRestartEv) refers to spout.o(i._ZN5SPOUT7Num2ChrEjPc) for SPOUT::Num2Chr(unsigned, char*)
    spout.o(i._ZN5SPOUT11InfoRestartEv) refers to spout.o(i._ZN5SPOUT8TransmitEcPc) for SPOUT::Transmit(char, char*)
    spout.o(i._ZN5SPOUT11InfoRestartEv) refers to spout.o(.bss) for Data
    spout.o(i._ZN5SPOUT11InfoRestartEv) refers to status.o(.bss) for Status
    spout.o(i._ZN5SPOUT12ConsoleClearEv) refers to spout.o(i._ZN5SPOUT8TransmitEcPc) for SPOUT::Transmit(char, char*)
    spout.o(i._ZN5SPOUT14ConsoleRestartEv) refers to spout.o(i._ZN5SPOUT8TransmitEcPc) for SPOUT::Transmit(char, char*)
    spout.o(i._ZN5SPOUT15ChangeStatusBarEv) refers to spout.o(i._ZN5SPOUT8TransmitEcPc) for SPOUT::Transmit(char, char*)
    spout.o(i._ZN5SPOUT15ChangeStatusBarEv) refers to status.o(.bss) for Status
    spout.o(i._ZN5SPOUT15ChangeStatusBarEv) refers to spout.o(.data) for Data
    spout.o(i._ZN5SPOUT20ConsoleSetCursorBusyEv) refers to spout.o(i._ZN5SPOUT8TransmitEcPc) for SPOUT::Transmit(char, char*)
    spout.o(i._ZN5SPOUT22ConsoleSetCursorInsertEv) refers to spout.o(i._ZN5SPOUT8TransmitEcPc) for SPOUT::Transmit(char, char*)
    spout.o(i._ZN5SPOUT7DisplayEPc) refers to spout.o(i._ZN5SPOUT7DelayUsEj) for SPOUT::DelayUs(unsigned)
    spout.o(i._ZN5SPOUT7DisplayEPc) refers to spout.o(i._ZN5SPOUT8TransmitEcPc) for SPOUT::Transmit(char, char*)
    spout.o(i._ZN5SPOUT7DisplayEPc) refers to spout.o(.data) for TempData
    spout.o(i._ZN5SPOUT7Num2ChrEjPc) refers to spout.o(.constdata) for Weight
    spout.o(i._ZN5SPOUT8TransmitEcPc) refers to spout.o(i._ZN5SPOUT2TxEh) for SPOUT::Tx(unsigned char)
    spout.o(.ARM.exidx) refers to spout.o(i.TIM3_IRQHandler) for i.TIM3_IRQHandler
    spout.o(.ARM.exidx) refers to spout.o(i.USART3_IRQHandler) for i.USART3_IRQHandler
    spout.o(.ARM.exidx) refers to spout.o(i._ZN5SPOUT4InitEv) for i._ZN5SPOUT4InitEv
    spout.o(.ARM.exidx) refers to spout.o(i._ZN5SPOUT2TxEh) for i._ZN5SPOUT2TxEh
    spout.o(.ARM.exidx) refers to spout.o(i._ZN5SPOUT8TransmitEcPc) for i._ZN5SPOUT8TransmitEcPc
    spout.o(.ARM.exidx) refers to spout.o(i._ZN5SPOUT7Num2ChrEjPc) for i._ZN5SPOUT7Num2ChrEjPc
    spout.o(.ARM.exidx) refers to spout.o(i._ZN5SPOUT11InfoRestartEv) for i._ZN5SPOUT11InfoRestartEv
    spout.o(.ARM.exidx) refers to spout.o(i._ZN5SPOUT11InfoRefreshEv) for i._ZN5SPOUT11InfoRefreshEv
    spout.o(.ARM.exidx) refers to spout.o(i._ZN5SPOUT14ConsoleRestartEv) for i._ZN5SPOUT14ConsoleRestartEv
    spout.o(.ARM.exidx) refers to spout.o(i._ZN5SPOUT12ConsoleClearEv) for i._ZN5SPOUT12ConsoleClearEv
    spout.o(.ARM.exidx) refers to spout.o(i._ZN5SPOUT20ConsoleSetCursorBusyEv) for i._ZN5SPOUT20ConsoleSetCursorBusyEv
    spout.o(.ARM.exidx) refers to spout.o(i._ZN5SPOUT22ConsoleSetCursorInsertEv) for i._ZN5SPOUT22ConsoleSetCursorInsertEv
    spout.o(.ARM.exidx) refers to spout.o(i._ZN5SPOUT15ChangeStatusBarEv) for i._ZN5SPOUT15ChangeStatusBarEv
    spout.o(.ARM.exidx) refers to spout.o(i._ZN5SPOUT7DelayUsEj) for i._ZN5SPOUT7DelayUsEj
    spout.o(.ARM.exidx) refers to spout.o(i._ZN5SPOUT7DisplayEPc) for i._ZN5SPOUT7DisplayEPc
    spin.o(i.USART2_IRQHandler) refers to spin.o(i._ZN4SPIN4LoadEh) for SPIN::Load(unsigned char)
    spin.o(i.USART2_IRQHandler) refers to spin.o(.bss) for Spin
    spin.o(.ARM.exidx) refers to spin.o(i._ZN4SPIN4LoadEh) for i._ZN4SPIN4LoadEh
    spin.o(.ARM.exidx) refers to spin.o(i.USART2_IRQHandler) for i.USART2_IRQHandler
    spin.o(.ARM.exidx) refers to spin.o(i._ZN4SPIN4InitEv) for i._ZN4SPIN4InitEv
    spin.o(.ARM.exidx) refers to spin.o(i._ZN4SPIN8EnableRxEv) for i._ZN4SPIN8EnableRxEv
    spin.o(.ARM.exidx) refers to spin.o(i._ZN4SPIN9DisableRxEv) for i._ZN4SPIN9DisableRxEv
    spin.o(.ARM.exidx) refers to spin.o(i._ZN4SPIN6LaunchEv) for i._ZN4SPIN6LaunchEv
    spio.o(i.TIM4_IRQHandler) refers to spio.o(.bss) for Spio
    spio.o(i._ZN4SPIO10CompletionEv) refers to rt_memclr_w.o(.text) for __aeabi_memclr4
    spio.o(i._ZN4SPIO10CompletionEv) refers to spio.o(i._ZN4SPIO6SearchEPcRj) for SPIO::Search(char*, unsigned&)
    spio.o(i._ZN4SPIO10CompletionEv) refers to spio.o(i._ZN4SPIO4LoadEc) for SPIO::Load(char)
    spio.o(i._ZN4SPIO11TestCommandEv) refers to spout.o(i._ZN5SPOUT7DisplayEPc) for SPOUT::Display(char*)
    spio.o(i._ZN4SPIO11TestCommandEv) refers to spout.o(.data) for Spout
    spio.o(i._ZN4SPIO12WaitForEnterEv) refers to com.o(i._ZN3COM7DecoderEv) for COM::Decoder()
    spio.o(i._ZN4SPIO12WaitForEnterEv) refers to spout.o(i._ZN5SPOUT7DisplayEPc) for SPOUT::Display(char*)
    spio.o(i._ZN4SPIO12WaitForEnterEv) refers to spout.o(i._ZN5SPOUT22ConsoleSetCursorInsertEv) for SPOUT::ConsoleSetCursorInsert()
    spio.o(i._ZN4SPIO12WaitForEnterEv) refers to spin.o(i._ZN4SPIN8EnableRxEv) for SPIN::EnableRx()
    spio.o(i._ZN4SPIO12WaitForEnterEv) refers to spin.o(i._ZN4SPIN6LaunchEv) for SPIN::Launch()
    spio.o(i._ZN4SPIO12WaitForEnterEv) refers to spin.o(i._ZN4SPIN9DisableRxEv) for SPIN::DisableRx()
    spio.o(i._ZN4SPIO12WaitForEnterEv) refers to com.o(.bss) for Serial
    spio.o(i._ZN4SPIO12WaitForEnterEv) refers to spout.o(.data) for Spout
    spio.o(i._ZN4SPIO12WaitForEnterEv) refers to spin.o(.bss) for Spin
    spio.o(i._ZN4SPIO4InitEv) refers to spout.o(i._ZN5SPOUT4InitEv) for SPOUT::Init()
    spio.o(i._ZN4SPIO4InitEv) refers to spin.o(i._ZN4SPIN4InitEv) for SPIN::Init()
    spio.o(i._ZN4SPIO4InitEv) refers to status.o(i._ZN6STATUS4InitEv) for STATUS::Init()
    spio.o(i._ZN4SPIO4InitEv) refers to spio.o(i._ZN4SPIO7DelayMsEj) for SPIO::DelayMs(unsigned)
    spio.o(i._ZN4SPIO4InitEv) refers to spout.o(i._ZN5SPOUT14ConsoleRestartEv) for SPOUT::ConsoleRestart()
    spio.o(i._ZN4SPIO4InitEv) refers to spout.o(i._ZN5SPOUT11InfoRestartEv) for SPOUT::InfoRestart()
    spio.o(i._ZN4SPIO4InitEv) refers to spout.o(i._ZN5SPOUT11InfoRefreshEv) for SPOUT::InfoRefresh()
    spio.o(i._ZN4SPIO4InitEv) refers to spout.o(i._ZN5SPOUT15ChangeStatusBarEv) for SPOUT::ChangeStatusBar()
    spio.o(i._ZN4SPIO4InitEv) refers to spout.o(.data) for Spout
    spio.o(i._ZN4SPIO4InitEv) refers to spin.o(.bss) for Spin
    spio.o(i._ZN4SPIO4InitEv) refers to status.o(.bss) for Status
    spio.o(i._ZN4SPIO4LoadEc) refers to spout.o(i._ZN5SPOUT7DisplayEPc) for SPOUT::Display(char*)
    spio.o(i._ZN4SPIO4LoadEc) refers to spout.o(.data) for Spout
    spio.o(i._ZN4SPIO6DecodeEv) refers to spout.o(i._ZN5SPOUT7DisplayEPc) for SPOUT::Display(char*)
    spio.o(i._ZN4SPIO6DecodeEv) refers to spout.o(i._ZN5SPOUT20ConsoleSetCursorBusyEv) for SPOUT::ConsoleSetCursorBusy()
    spio.o(i._ZN4SPIO6DecodeEv) refers to spio.o(i._ZN4SPIO11TestCommandEv) for SPIO::TestCommand()
    spio.o(i._ZN4SPIO6DecodeEv) refers to spio.o(i._ZN4SPIO5SleepEt) for SPIO::Sleep(unsigned short)
    spio.o(i._ZN4SPIO6DecodeEv) refers to spout.o(.data) for Spout
    spio.o(i._ZN4SPIO6ReadInEv) refers to spout.o(i._ZN5SPOUT12ConsoleClearEv) for SPOUT::ConsoleClear()
    spio.o(i._ZN4SPIO6ReadInEv) refers to spio.o(i._ZN4SPIO7DelayMsEj) for SPIO::DelayMs(unsigned)
    spio.o(i._ZN4SPIO6ReadInEv) refers to spout.o(i._ZN5SPOUT7DisplayEPc) for SPOUT::Display(char*)
    spio.o(i._ZN4SPIO6ReadInEv) refers to spin.o(i._ZN4SPIN8EnableRxEv) for SPIN::EnableRx()
    spio.o(i._ZN4SPIO6ReadInEv) refers to com.o(i._ZN3COM7DecoderEv) for COM::Decoder()
    spio.o(i._ZN4SPIO6ReadInEv) refers to spin.o(i._ZN4SPIN6LaunchEv) for SPIN::Launch()
    spio.o(i._ZN4SPIO6ReadInEv) refers to spio.o(i._ZN4SPIO10CompletionEv) for SPIO::Completion()
    spio.o(i._ZN4SPIO6ReadInEv) refers to spio.o(i._ZN4SPIO4LoadEc) for SPIO::Load(char)
    spio.o(i._ZN4SPIO6ReadInEv) refers to spin.o(i._ZN4SPIN9DisableRxEv) for SPIN::DisableRx()
    spio.o(i._ZN4SPIO6ReadInEv) refers to spio.o(i._ZN4SPIO6DecodeEv) for SPIO::Decode()
    spio.o(i._ZN4SPIO6ReadInEv) refers to spio.o(i._ZN4SPIO12WaitForEnterEv) for SPIO::WaitForEnter()
    spio.o(i._ZN4SPIO6ReadInEv) refers to spout.o(.data) for Spout
    spio.o(i._ZN4SPIO6ReadInEv) refers to spin.o(.bss) for Spin
    spio.o(i._ZN4SPIO6ReadInEv) refers to com.o(.bss) for Serial
    spio.o(i._ZN4SPIO6SearchEPcRj) refers to spio.o(i._ZN4SPIO7CompareEPcS0_) for SPIO::Compare(char*, char*)
    spio.o(i._ZN4SPIO7AddWordEPc) refers to spio.o(i._ZN4SPIO7CompareEPcS0_) for SPIO::Compare(char*, char*)
    spio.o(i._ZN4SPIO7CompareEPcS0_) refers to spio.o(i._ZN4SPIO5UpperEc) for SPIO::Upper(char)
    spio.o(i._ZN4SPIO7DelayMsEj) refers to spio.o(i._ZN4SPIO7DelayUsEj) for SPIO::DelayUs(unsigned)
    spio.o(.ARM.exidx) refers to spio.o(i.TIM4_IRQHandler) for i.TIM4_IRQHandler
    spio.o(.ARM.exidx) refers to spio.o(i._ZN4SPIO7DelayUsEj) for i._ZN4SPIO7DelayUsEj
    spio.o(.ARM.exidx) refers to spio.o(i._ZN4SPIO7DelayMsEj) for i._ZN4SPIO7DelayMsEj
    spio.o(.ARM.exidx) refers to spio.o(i._ZN4SPIO4InitEv) for i._ZN4SPIO4InitEv
    spio.o(.ARM.exidx) refers to spio.o(i._ZN4SPIO12WaitForEnterEv) for i._ZN4SPIO12WaitForEnterEv
    spio.o(.ARM.exidx) refers to spio.o(i._ZN4SPIO5SleepEt) for i._ZN4SPIO5SleepEt
    spio.o(.ARM.exidx) refers to spio.o(i._ZN4SPIO11TestCommandEv) for i._ZN4SPIO11TestCommandEv
    spio.o(.ARM.exidx) refers to spio.o(i._ZN4SPIO6DecodeEv) for i._ZN4SPIO6DecodeEv
    spio.o(.ARM.exidx) refers to spio.o(i._ZN4SPIO4LoadEc) for i._ZN4SPIO4LoadEc
    spio.o(.ARM.exidx) refers to spio.o(i._ZN4SPIO5UpperEc) for i._ZN4SPIO5UpperEc
    spio.o(.ARM.exidx) refers to spio.o(i._ZN4SPIO7CompareEPcS0_) for i._ZN4SPIO7CompareEPcS0_
    spio.o(.ARM.exidx) refers to spio.o(i._ZN4SPIO6SearchEPcRj) for i._ZN4SPIO6SearchEPcRj
    spio.o(.ARM.exidx) refers to spio.o(i._ZN4SPIO10CompletionEv) for i._ZN4SPIO10CompletionEv
    spio.o(.ARM.exidx) refers to spio.o(i._ZN4SPIO6ReadInEv) for i._ZN4SPIO6ReadInEv
    spio.o(.ARM.exidx) refers to spio.o(i._ZN4SPIO7AddWordEPc) for i._ZN4SPIO7AddWordEPc
    com.o(i.USART1_IRQHandler) refers to com.o(i._ZN3COM11TestAddressEv) for COM::TestAddress()
    com.o(i.USART1_IRQHandler) refers to com.o(.bss) for Serial
    com.o(i._ZN3COM5PrintEPc) refers to com.o(i._ZN3COM2TxEh) for COM::Tx(unsigned char)
    com.o(i._ZN3COM7Chr2IntEPh) refers to com.o(.data) for weight
    com.o(i._ZN3COM7DecoderEv) refers to com.o(i._ZN3COM5PrintEPc) for COM::Print(char*)
    com.o(i._ZN3COM7DecoderEv) refers to com.o(i._ZN3COM7CompareEPcS0_) for COM::Compare(char*, char*)
    com.o(i._ZN3COM7DecoderEv) refers to spout.o(i._ZN5SPOUT15ChangeStatusBarEv) for SPOUT::ChangeStatusBar()
    com.o(i._ZN3COM7DecoderEv) refers to status.o(i._ZN6STATUS7SetInfoEPhj) for STATUS::SetInfo(unsigned char*, unsigned)
    com.o(i._ZN3COM7DecoderEv) refers to spout.o(i._ZN5SPOUT11InfoRefreshEv) for SPOUT::InfoRefresh()
    com.o(i._ZN3COM7DecoderEv) refers to spout.o(i._ZN5SPOUT7DisplayEPc) for SPOUT::Display(char*)
    com.o(i._ZN3COM7DecoderEv) refers to spio.o(i._ZN4SPIO7AddWordEPc) for SPIO::AddWord(char*)
    com.o(i._ZN3COM7DecoderEv) refers to com.o(.data) for STRING_ERROR
    com.o(i._ZN3COM7DecoderEv) refers to com.o(.bss) for Serial
    com.o(i._ZN3COM7DecoderEv) refers to spio.o(.bss) for Spio
    com.o(i._ZN3COM7DecoderEv) refers to status.o(.bss) for Status
    com.o(i._ZN3COM7DecoderEv) refers to spout.o(.data) for Spout
    com.o(.ARM.exidx) refers to com.o(i._ZN3COM11TestAddressEv) for i._ZN3COM11TestAddressEv
    com.o(.ARM.exidx) refers to com.o(i.USART1_IRQHandler) for i.USART1_IRQHandler
    com.o(.ARM.exidx) refers to com.o(i._ZN3COM4InitEv) for i._ZN3COM4InitEv
    com.o(.ARM.exidx) refers to com.o(i._ZN3COM2TxEh) for i._ZN3COM2TxEh
    com.o(.ARM.exidx) refers to com.o(i._ZN3COM5PrintEPc) for i._ZN3COM5PrintEPc
    com.o(.ARM.exidx) refers to com.o(i._ZN3COM7CompareEPcS0_) for i._ZN3COM7CompareEPcS0_
    com.o(.ARM.exidx) refers to com.o(i._ZN3COM7DecoderEv) for i._ZN3COM7DecoderEv
    com.o(.ARM.exidx) refers to com.o(i._ZN3COM7Chr2IntEPh) for i._ZN3COM7Chr2IntEPh
    status.o(i._ZN6STATUS3C2QEPh) refers to status.o(.data) for weight
    status.o(i._ZN6STATUS7SetInfoEPhj) refers to status.o(i._ZN6STATUS3C2QEPh) for STATUS::C2Q(unsigned char*)
    status.o(i._ZN6STATUS7SetInfoEPhj) refers to status.o(.bss) for Status
    status.o(.ARM.exidx) refers to status.o(i._ZN6STATUS4InitEv) for i._ZN6STATUS4InitEv
    status.o(.ARM.exidx) refers to status.o(i._ZN6STATUS3C2QEPh) for i._ZN6STATUS3C2QEPh
    status.o(.ARM.exidx) refers to status.o(i._ZN6STATUS7SetInfoEPhj) for i._ZN6STATUS7SetInfoEPhj
    startup_stm32f10x_md.o(STACK) refers (Special) to heapauxi.o(.text) for __use_two_region_memory
    startup_stm32f10x_md.o(HEAP) refers (Special) to heapauxi.o(.text) for __use_two_region_memory
    startup_stm32f10x_md.o(RESET) refers (Special) to heapauxi.o(.text) for __use_two_region_memory
    startup_stm32f10x_md.o(RESET) refers to startup_stm32f10x_md.o(STACK) for __initial_sp
    startup_stm32f10x_md.o(RESET) refers to startup_stm32f10x_md.o(.text) for Reset_Handler
    startup_stm32f10x_md.o(RESET) refers to spout.o(i.TIM3_IRQHandler) for TIM3_IRQHandler
    startup_stm32f10x_md.o(RESET) refers to spio.o(i.TIM4_IRQHandler) for TIM4_IRQHandler
    startup_stm32f10x_md.o(RESET) refers to com.o(i.USART1_IRQHandler) for USART1_IRQHandler
    startup_stm32f10x_md.o(RESET) refers to spin.o(i.USART2_IRQHandler) for USART2_IRQHandler
    startup_stm32f10x_md.o(RESET) refers to spout.o(i.USART3_IRQHandler) for USART3_IRQHandler
    startup_stm32f10x_md.o(.text) refers (Special) to heapauxi.o(.text) for __use_two_region_memory
    startup_stm32f10x_md.o(.text) refers to system_stm32f10x.o(i.SystemInit) for SystemInit
    startup_stm32f10x_md.o(.text) refers to __main.o(!!!main) for __main
    startup_stm32f10x_md.o(.text) refers to startup_stm32f10x_md.o(HEAP) for Heap_Mem
    startup_stm32f10x_md.o(.text) refers to startup_stm32f10x_md.o(STACK) for Stack_Mem
    system_stm32f10x.o(i.SetSysClock) refers to system_stm32f10x.o(i.SetSysClockTo72) for SetSysClockTo72
    system_stm32f10x.o(i.SystemCoreClockUpdate) refers to system_stm32f10x.o(.data) for SystemCoreClock
    system_stm32f10x.o(i.SystemInit) refers to system_stm32f10x.o(i.SetSysClock) for SetSysClock
    __main.o(!!!main) refers to __rtentry.o(.ARM.Collect$$rtentry$$00000000) for __rt_entry
    __rtentry.o(.ARM.Collect$$rtentry$$00000000) refers (Special) to __rtentry2.o(.ARM.Collect$$rtentry$$0000000A) for __rt_entry_li
    __rtentry.o(.ARM.Collect$$rtentry$$00000000) refers (Special) to __rtentry2.o(.ARM.Collect$$rtentry$$0000000D) for __rt_entry_main
    __rtentry.o(.ARM.Collect$$rtentry$$00000000) refers (Special) to __rtentry2.o(.ARM.Collect$$rtentry$$0000000C) for __rt_entry_postli_1
    __rtentry.o(.ARM.Collect$$rtentry$$00000000) refers (Special) to __rtentry2.o(.ARM.Collect$$rtentry$$00000009) for __rt_entry_postsh_1
    __rtentry.o(.ARM.Collect$$rtentry$$00000000) refers (Special) to __rtentry2.o(.ARM.Collect$$rtentry$$00000002) for __rt_entry_presh_1
    __rtentry.o(.ARM.Collect$$rtentry$$00000000) refers (Special) to __rtentry4.o(.ARM.Collect$$rtentry$$00000004) for __rt_entry_sh
    __rtentry2.o(.ARM.Collect$$rtentry$$00000008) refers to boardinit2.o(.text) for _platform_post_stackheap_init
    __rtentry2.o(.ARM.Collect$$rtentry$$0000000A) refers to libinit.o(.ARM.Collect$$libinit$$00000000) for __rt_lib_init
    __rtentry2.o(.ARM.Collect$$rtentry$$0000000B) refers to boardinit3.o(.text) for _platform_post_lib_init
    __rtentry2.o(.ARM.Collect$$rtentry$$0000000D) refers to main.o(i.main) for main
    __rtentry2.o(.ARM.Collect$$rtentry$$0000000D) refers to exit.o(.text) for exit
    __rtentry2.o(.ARM.exidx) refers to __rtentry2.o(.ARM.Collect$$rtentry$$00000001) for .ARM.Collect$$rtentry$$00000001
    __rtentry2.o(.ARM.exidx) refers to __rtentry2.o(.ARM.Collect$$rtentry$$00000008) for .ARM.Collect$$rtentry$$00000008
    __rtentry2.o(.ARM.exidx) refers to __rtentry2.o(.ARM.Collect$$rtentry$$0000000A) for .ARM.Collect$$rtentry$$0000000A
    __rtentry2.o(.ARM.exidx) refers to __rtentry2.o(.ARM.Collect$$rtentry$$0000000B) for .ARM.Collect$$rtentry$$0000000B
    __rtentry2.o(.ARM.exidx) refers to __rtentry2.o(.ARM.Collect$$rtentry$$0000000D) for .ARM.Collect$$rtentry$$0000000D
    __rtentry4.o(.ARM.Collect$$rtentry$$00000004) refers to sys_stackheap_outer.o(.text) for __user_setup_stackheap
    __rtentry4.o(.ARM.exidx) refers to __rtentry4.o(.ARM.Collect$$rtentry$$00000004) for .ARM.Collect$$rtentry$$00000004
    sys_stackheap_outer.o(.text) refers to libspace.o(.text) for __user_perproc_libspace
    sys_stackheap_outer.o(.text) refers to startup_stm32f10x_md.o(.text) for __user_initial_stackheap
    exit.o(.text) refers to rtexit.o(.ARM.Collect$$rtexit$$00000000) for __rt_exit
    libinit.o(.ARM.Collect$$libinit$$00000000) refers (Special) to libinit2.o(.ARM.Collect$$libinit$$0000002E) for __rt_lib_init_alloca_1
    libinit.o(.ARM.Collect$$libinit$$00000000) refers (Special) to libinit2.o(.ARM.Collect$$libinit$$0000002C) for __rt_lib_init_argv_1
    libinit.o(.ARM.Collect$$libinit$$00000000) refers (Special) to libinit2.o(.ARM.Collect$$libinit$$0000001B) for __rt_lib_init_atexit_1
    libinit.o(.ARM.Collect$$libinit$$00000000) refers (Special) to libinit2.o(.ARM.Collect$$libinit$$00000021) for __rt_lib_init_clock_1
    libinit.o(.ARM.Collect$$libinit$$00000000) refers (Special) to libinit2.o(.ARM.Collect$$libinit$$00000032) for __rt_lib_init_cpp_1
    libinit.o(.ARM.Collect$$libinit$$00000000) refers (Special) to libinit2.o(.ARM.Collect$$libinit$$00000030) for __rt_lib_init_exceptions_1
    libinit.o(.ARM.Collect$$libinit$$00000000) refers (Special) to libinit2.o(.ARM.Collect$$libinit$$00000002) for __rt_lib_init_fp_1
    libinit.o(.ARM.Collect$$libinit$$00000000) refers (Special) to libinit2.o(.ARM.Collect$$libinit$$0000001F) for __rt_lib_init_fp_trap_1
    libinit.o(.ARM.Collect$$libinit$$00000000) refers (Special) to libinit2.o(.ARM.Collect$$libinit$$00000023) for __rt_lib_init_getenv_1
    libinit.o(.ARM.Collect$$libinit$$00000000) refers (Special) to libinit2.o(.ARM.Collect$$libinit$$0000000A) for __rt_lib_init_heap_1
    libinit.o(.ARM.Collect$$libinit$$00000000) refers (Special) to libinit2.o(.ARM.Collect$$libinit$$00000011) for __rt_lib_init_lc_collate_1
    libinit.o(.ARM.Collect$$libinit$$00000000) refers (Special) to libinit2.o(.ARM.Collect$$libinit$$00000013) for __rt_lib_init_lc_ctype_1
    libinit.o(.ARM.Collect$$libinit$$00000000) refers (Special) to libinit2.o(.ARM.Collect$$libinit$$00000015) for __rt_lib_init_lc_monetary_1
    libinit.o(.ARM.Collect$$libinit$$00000000) refers (Special) to libinit2.o(.ARM.Collect$$libinit$$00000017) for __rt_lib_init_lc_numeric_1
    libinit.o(.ARM.Collect$$libinit$$00000000) refers (Special) to libinit2.o(.ARM.Collect$$libinit$$00000019) for __rt_lib_init_lc_time_1
    libinit.o(.ARM.Collect$$libinit$$00000000) refers (Special) to libinit2.o(.ARM.Collect$$libinit$$00000004) for __rt_lib_init_preinit_1
    libinit.o(.ARM.Collect$$libinit$$00000000) refers (Special) to libinit2.o(.ARM.Collect$$libinit$$0000000E) for __rt_lib_init_rand_1
    libinit.o(.ARM.Collect$$libinit$$00000000) refers (Special) to libinit2.o(.ARM.Collect$$libinit$$00000033) for __rt_lib_init_return
    libinit.o(.ARM.Collect$$libinit$$00000000) refers (Special) to libinit2.o(.ARM.Collect$$libinit$$0000001D) for __rt_lib_init_signal_1
    libinit.o(.ARM.Collect$$libinit$$00000000) refers (Special) to libinit2.o(.ARM.Collect$$libinit$$00000025) for __rt_lib_init_stdio_1
    libinit.o(.ARM.Collect$$libinit$$00000000) refers (Special) to libinit2.o(.ARM.Collect$$libinit$$0000000C) for __rt_lib_init_user_alloc_1
    libspace.o(.text) refers to libspace.o(.bss) for __libspace_start
    rtexit.o(.ARM.Collect$$rtexit$$00000000) refers (Special) to rtexit2.o(.ARM.Collect$$rtexit$$00000004) for __rt_exit_exit
    rtexit.o(.ARM.Collect$$rtexit$$00000000) refers (Special) to rtexit2.o(.ARM.Collect$$rtexit$$00000003) for __rt_exit_ls
    rtexit.o(.ARM.Collect$$rtexit$$00000000) refers (Special) to rtexit2.o(.ARM.Collect$$rtexit$$00000002) for __rt_exit_prels_1
    rtexit.o(.ARM.exidx) refers (Special) to rtexit2.o(.ARM.Collect$$rtexit$$00000004) for __rt_exit_exit
    rtexit.o(.ARM.exidx) refers (Special) to rtexit2.o(.ARM.Collect$$rtexit$$00000003) for __rt_exit_ls
    rtexit.o(.ARM.exidx) refers (Special) to rtexit2.o(.ARM.Collect$$rtexit$$00000002) for __rt_exit_prels_1
    rtexit.o(.ARM.exidx) refers to rtexit.o(.ARM.Collect$$rtexit$$00000000) for .ARM.Collect$$rtexit$$00000000
    libinit2.o(.ARM.Collect$$libinit$$00000010) refers to libinit2.o(.ARM.Collect$$libinit$$0000000F) for .ARM.Collect$$libinit$$0000000F
    libinit2.o(.ARM.Collect$$libinit$$00000012) refers to libinit2.o(.ARM.Collect$$libinit$$0000000F) for .ARM.Collect$$libinit$$0000000F
    libinit2.o(.ARM.Collect$$libinit$$00000014) refers to libinit2.o(.ARM.Collect$$libinit$$0000000F) for .ARM.Collect$$libinit$$0000000F
    libinit2.o(.ARM.Collect$$libinit$$00000016) refers to libinit2.o(.ARM.Collect$$libinit$$0000000F) for .ARM.Collect$$libinit$$0000000F
    libinit2.o(.ARM.Collect$$libinit$$00000018) refers to libinit2.o(.ARM.Collect$$libinit$$0000000F) for .ARM.Collect$$libinit$$0000000F
    libinit2.o(.ARM.Collect$$libinit$$00000026) refers to argv_veneer.o(.emb_text) for __ARM_argv_veneer
    libinit2.o(.ARM.Collect$$libinit$$00000027) refers to argv_veneer.o(.emb_text) for __ARM_argv_veneer
    rtexit2.o(.ARM.Collect$$rtexit$$00000003) refers to libshutdown.o(.ARM.Collect$$libshutdown$$00000000) for __rt_lib_shutdown
    rtexit2.o(.ARM.Collect$$rtexit$$00000004) refers to sys_exit.o(.text) for _sys_exit
    rtexit2.o(.ARM.exidx) refers to rtexit2.o(.ARM.Collect$$rtexit$$00000001) for .ARM.Collect$$rtexit$$00000001
    rtexit2.o(.ARM.exidx) refers to rtexit2.o(.ARM.Collect$$rtexit$$00000003) for .ARM.Collect$$rtexit$$00000003
    rtexit2.o(.ARM.exidx) refers to rtexit2.o(.ARM.Collect$$rtexit$$00000004) for .ARM.Collect$$rtexit$$00000004
    argv_veneer.o(.emb_text) refers to no_argv.o(.text) for __ARM_get_argv
    sys_exit.o(.text) refers (Special) to use_no_semi.o(.text) for __I$use$semihosting
    sys_exit.o(.text) refers (Special) to indicate_semi.o(.text) for __semihosting_library_function
    _get_argv_nomalloc.o(.text) refers (Special) to hrguard.o(.text) for __heap_region$guard
    _get_argv_nomalloc.o(.text) refers to defsig_rtmem_outer.o(.text) for __rt_SIGRTMEM
    _get_argv_nomalloc.o(.text) refers to sys_command.o(.text) for _sys_command_string
    libshutdown.o(.ARM.Collect$$libshutdown$$00000000) refers (Special) to libshutdown2.o(.ARM.Collect$$libshutdown$$00000002) for __rt_lib_shutdown_cpp_1
    libshutdown.o(.ARM.Collect$$libshutdown$$00000000) refers (Special) to libshutdown2.o(.ARM.Collect$$libshutdown$$00000007) for __rt_lib_shutdown_fp_trap_1
    libshutdown.o(.ARM.Collect$$libshutdown$$00000000) refers (Special) to libshutdown2.o(.ARM.Collect$$libshutdown$$0000000F) for __rt_lib_shutdown_heap_1
    libshutdown.o(.ARM.Collect$$libshutdown$$00000000) refers (Special) to libshutdown2.o(.ARM.Collect$$libshutdown$$00000010) for __rt_lib_shutdown_return
    libshutdown.o(.ARM.Collect$$libshutdown$$00000000) refers (Special) to libshutdown2.o(.ARM.Collect$$libshutdown$$0000000A) for __rt_lib_shutdown_signal_1
    libshutdown.o(.ARM.Collect$$libshutdown$$00000000) refers (Special) to libshutdown2.o(.ARM.Collect$$libshutdown$$00000004) for __rt_lib_shutdown_stdio_1
    libshutdown.o(.ARM.Collect$$libshutdown$$00000000) refers (Special) to libshutdown2.o(.ARM.Collect$$libshutdown$$0000000C) for __rt_lib_shutdown_user_alloc_1
    sys_command.o(.text) refers (Special) to use_no_semi.o(.text) for __I$use$semihosting
    sys_command.o(.text) refers (Special) to indicate_semi.o(.text) for __semihosting_library_function
    defsig_rtmem_outer.o(.text) refers to defsig_rtmem_inner.o(.text) for __rt_SIGRTMEM_inner
    defsig_rtmem_outer.o(.text) refers to defsig_exit.o(.text) for __sig_exit
    defsig_rtmem_formal.o(.text) refers to rt_raise.o(.text) for __rt_raise
    rt_raise.o(.text) refers to __raise.o(.text) for __raise
    rt_raise.o(.text) refers to sys_exit.o(.text) for _sys_exit
    defsig_exit.o(.text) refers to sys_exit.o(.text) for _sys_exit
    defsig_rtmem_inner.o(.text) refers to defsig_general.o(.text) for __default_signal_display
    __raise.o(.text) refers to defsig.o(CL$$defsig) for __default_signal_handler
    defsig_general.o(.text) refers to sys_wrch.o(.text) for _ttywrch
    sys_wrch.o(.text) refers (Special) to use_no_semi.o(.text) for __I$use$semihosting
    sys_wrch.o(.text) refers (Special) to indicate_semi.o(.text) for __semihosting_library_function
    defsig.o(CL$$defsig) refers to defsig_rtmem_inner.o(.text) for __rt_SIGRTMEM_inner
    defsig_abrt_inner.o(.text) refers to defsig_general.o(.text) for __default_signal_display
    defsig_fpe_inner.o(.text) refers to defsig_general.o(.text) for __default_signal_display
    defsig_rtred_inner.o(.text) refers to defsig_general.o(.text) for __default_signal_display
    defsig_stak_inner.o(.text) refers to defsig_general.o(.text) for __default_signal_display
    defsig_pvfn_inner.o(.text) refers to defsig_general.o(.text) for __default_signal_display
    defsig_cppl_inner.o(.text) refers to defsig_general.o(.text) for __default_signal_display
    defsig_segv_inner.o(.text) refers to defsig_general.o(.text) for __default_signal_display
    defsig_other.o(.text) refers to defsig_general.o(.text) for __default_signal_display


==============================================================================

Removing Unused input sections from the image.

    Removing main.o(.rev16_text), (4 bytes).
    Removing main.o(.revsh_text), (4 bytes).
    Removing main.o(.rrx_text), (6 bytes).
    Removing main.o(.ARM.exidx), (8 bytes).
    Removing spout.o(.rev16_text), (4 bytes).
    Removing spout.o(.revsh_text), (4 bytes).
    Removing spout.o(.rrx_text), (6 bytes).
    Removing spout.o(.ARM.exidx), (8 bytes).
    Removing spout.o(.ARM.exidx), (8 bytes).
    Removing spout.o(.ARM.exidx), (8 bytes).
    Removing spout.o(.ARM.exidx), (8 bytes).
    Removing spout.o(.ARM.exidx), (8 bytes).
    Removing spout.o(.ARM.exidx), (8 bytes).
    Removing spout.o(.ARM.exidx), (8 bytes).
    Removing spout.o(.ARM.exidx), (8 bytes).
    Removing spout.o(.ARM.exidx), (8 bytes).
    Removing spout.o(.ARM.exidx), (8 bytes).
    Removing spout.o(.ARM.exidx), (8 bytes).
    Removing spout.o(.ARM.exidx), (8 bytes).
    Removing spout.o(.ARM.exidx), (8 bytes).
    Removing spout.o(.ARM.exidx), (8 bytes).
    Removing spout.o(.ARM.exidx), (8 bytes).
    Removing spin.o(.rev16_text), (4 bytes).
    Removing spin.o(.revsh_text), (4 bytes).
    Removing spin.o(.rrx_text), (6 bytes).
    Removing spin.o(.ARM.exidx), (8 bytes).
    Removing spin.o(.ARM.exidx), (8 bytes).
    Removing spin.o(.ARM.exidx), (8 bytes).
    Removing spin.o(.ARM.exidx), (8 bytes).
    Removing spin.o(.ARM.exidx), (8 bytes).
    Removing spin.o(.ARM.exidx), (8 bytes).
    Removing spio.o(.rev16_text), (4 bytes).
    Removing spio.o(.revsh_text), (4 bytes).
    Removing spio.o(.rrx_text), (6 bytes).
    Removing spio.o(.ARM.exidx), (8 bytes).
    Removing spio.o(.ARM.exidx), (8 bytes).
    Removing spio.o(.ARM.exidx), (8 bytes).
    Removing spio.o(.ARM.exidx), (8 bytes).
    Removing spio.o(.ARM.exidx), (8 bytes).
    Removing spio.o(.ARM.exidx), (8 bytes).
    Removing spio.o(.ARM.exidx), (8 bytes).
    Removing spio.o(.ARM.exidx), (8 bytes).
    Removing spio.o(.ARM.exidx), (8 bytes).
    Removing spio.o(.ARM.exidx), (8 bytes).
    Removing spio.o(.ARM.exidx), (8 bytes).
    Removing spio.o(.ARM.exidx), (8 bytes).
    Removing spio.o(.ARM.exidx), (8 bytes).
    Removing spio.o(.ARM.exidx), (8 bytes).
    Removing spio.o(.ARM.exidx), (8 bytes).
    Removing com.o(.rev16_text), (4 bytes).
    Removing com.o(.revsh_text), (4 bytes).
    Removing com.o(.rrx_text), (6 bytes).
    Removing com.o(i._ZN3COM7Chr2IntEPh), (44 bytes).
    Removing com.o(.ARM.exidx), (8 bytes).
    Removing com.o(.ARM.exidx), (8 bytes).
    Removing com.o(.ARM.exidx), (8 bytes).
    Removing com.o(.ARM.exidx), (8 bytes).
    Removing com.o(.ARM.exidx), (8 bytes).
    Removing com.o(.ARM.exidx), (8 bytes).
    Removing com.o(.ARM.exidx), (8 bytes).
    Removing com.o(.ARM.exidx), (8 bytes).
    Removing status.o(.rev16_text), (4 bytes).
    Removing status.o(.revsh_text), (4 bytes).
    Removing status.o(.rrx_text), (6 bytes).
    Removing status.o(.ARM.exidx), (8 bytes).
    Removing status.o(.ARM.exidx), (8 bytes).
    Removing status.o(.ARM.exidx), (8 bytes).
    Removing system_stm32f10x.o(.rev16_text), (4 bytes).
    Removing system_stm32f10x.o(.revsh_text), (4 bytes).
    Removing system_stm32f10x.o(.rrx_text), (6 bytes).
    Removing system_stm32f10x.o(i.SystemCoreClockUpdate), (164 bytes).
    Removing system_stm32f10x.o(.data), (20 bytes).

72 unused section(s) (total 710 bytes) removed from the image.

==============================================================================

Image Symbol Table

    Local Symbols

    Symbol Name                              Value     Ov Type        Size  Object(Section)

    ../clib/angel/boardlib.s                 0x00000000   Number         0  boardshut.o ABSOLUTE
    ../clib/angel/boardlib.s                 0x00000000   Number         0  boardinit1.o ABSOLUTE
    ../clib/angel/boardlib.s                 0x00000000   Number         0  boardinit2.o ABSOLUTE
    ../clib/angel/boardlib.s                 0x00000000   Number         0  boardinit3.o ABSOLUTE
    ../clib/angel/handlers.s                 0x00000000   Number         0  __scatter_zi.o ABSOLUTE
    ../clib/angel/handlers.s                 0x00000000   Number         0  __scatter_copy.o ABSOLUTE
    ../clib/angel/kernel.s                   0x00000000   Number         0  rtexit2.o ABSOLUTE
    ../clib/angel/kernel.s                   0x00000000   Number         0  __rtentry2.o ABSOLUTE
    ../clib/angel/kernel.s                   0x00000000   Number         0  __rtentry4.o ABSOLUTE
    ../clib/angel/kernel.s                   0x00000000   Number         0  rtexit.o ABSOLUTE
    ../clib/angel/kernel.s                   0x00000000   Number         0  __rtentry.o ABSOLUTE
    ../clib/angel/rt.s                       0x00000000   Number         0  rt_raise.o ABSOLUTE
    ../clib/angel/scatter.s                  0x00000000   Number         0  __scatter.o ABSOLUTE
    ../clib/angel/startup.s                  0x00000000   Number         0  __main.o ABSOLUTE
    ../clib/angel/sys.s                      0x00000000   Number         0  indicate_semi.o ABSOLUTE
    ../clib/angel/sys.s                      0x00000000   Number         0  use_no_semi.o ABSOLUTE
    ../clib/angel/sys.s                      0x00000000   Number         0  sys_stackheap_outer.o ABSOLUTE
    ../clib/angel/sys.s                      0x00000000   Number         0  libspace.o ABSOLUTE
    ../clib/angel/sysapp.c                   0x00000000   Number         0  sys_command.o ABSOLUTE
    ../clib/angel/sysapp.c                   0x00000000   Number         0  sys_wrch.o ABSOLUTE
    ../clib/angel/sysapp.c                   0x00000000   Number         0  sys_exit.o ABSOLUTE
    ../clib/armsys.c                         0x00000000   Number         0  argv_veneer.o ABSOLUTE
    ../clib/armsys.c                         0x00000000   Number         0  argv_veneer.o ABSOLUTE
    ../clib/armsys.c                         0x00000000   Number         0  no_argv.o ABSOLUTE
    ../clib/armsys.c                         0x00000000   Number         0  _get_argv_nomalloc.o ABSOLUTE
    ../clib/heapalloc.c                      0x00000000   Number         0  hrguard.o ABSOLUTE
    ../clib/heapaux.c                        0x00000000   Number         0  heapauxi.o ABSOLUTE
    ../clib/libinit.s                        0x00000000   Number         0  libinit2.o ABSOLUTE
    ../clib/libinit.s                        0x00000000   Number         0  libshutdown.o ABSOLUTE
    ../clib/libinit.s                        0x00000000   Number         0  libinit.o ABSOLUTE
    ../clib/libinit.s                        0x00000000   Number         0  libshutdown2.o ABSOLUTE
    ../clib/memcpset.s                       0x00000000   Number         0  rt_memclr_w.o ABSOLUTE
    ../clib/signal.c                         0x00000000   Number         0  defsig_rtmem_formal.o ABSOLUTE
    ../clib/signal.c                         0x00000000   Number         0  defsig_rtmem_outer.o ABSOLUTE
    ../clib/signal.c                         0x00000000   Number         0  defsig_cppl_inner.o ABSOLUTE
    ../clib/signal.c                         0x00000000   Number         0  defsig_other.o ABSOLUTE
    ../clib/signal.c                         0x00000000   Number         0  defsig_segv_inner.o ABSOLUTE
    ../clib/signal.c                         0x00000000   Number         0  defsig_pvfn_inner.o ABSOLUTE
    ../clib/signal.c                         0x00000000   Number         0  defsig_stak_inner.o ABSOLUTE
    ../clib/signal.c                         0x00000000   Number         0  defsig_rtred_inner.o ABSOLUTE
    ../clib/signal.c                         0x00000000   Number         0  defsig_fpe_inner.o ABSOLUTE
    ../clib/signal.c                         0x00000000   Number         0  defsig_abrt_inner.o ABSOLUTE
    ../clib/signal.c                         0x00000000   Number         0  defsig_general.o ABSOLUTE
    ../clib/signal.c                         0x00000000   Number         0  __raise.o ABSOLUTE
    ../clib/signal.c                         0x00000000   Number         0  defsig_rtmem_inner.o ABSOLUTE
    ../clib/signal.c                         0x00000000   Number         0  defsig_exit.o ABSOLUTE
    ../clib/signal.s                         0x00000000   Number         0  defsig.o ABSOLUTE
    ../clib/stdlib.c                         0x00000000   Number         0  exit.o ABSOLUTE
    ../fplib/fpinit.s                        0x00000000   Number         0  fpinit.o ABSOLUTE
    COM.cpp                                  0x00000000   Number         0  com.o ABSOLUTE
    COM.cpp                                  0x00000000   Number         0  com.o ABSOLUTE
    Main.cpp                                 0x00000000   Number         0  main.o ABSOLUTE
    Main.cpp                                 0x00000000   Number         0  main.o ABSOLUTE
    RTE\Device\STM32F103C8\startup_stm32f10x_md.s 0x00000000   Number         0  startup_stm32f10x_md.o ABSOLUTE
    RTE\Device\STM32F103C8\system_stm32f10x.c 0x00000000   Number         0  system_stm32f10x.o ABSOLUTE
    RTE\\Device\\STM32F103C8\\system_stm32f10x.c 0x00000000   Number         0  system_stm32f10x.o ABSOLUTE
    SPIN.cpp                                 0x00000000   Number         0  spin.o ABSOLUTE
    SPIN.cpp                                 0x00000000   Number         0  spin.o ABSOLUTE
    SPIO.cpp                                 0x00000000   Number         0  spio.o ABSOLUTE
    SPIO.cpp                                 0x00000000   Number         0  spio.o ABSOLUTE
    SPOUT.cpp                                0x00000000   Number         0  spout.o ABSOLUTE
    SPOUT.cpp                                0x00000000   Number         0  spout.o ABSOLUTE
    Status.cpp                               0x00000000   Number         0  status.o ABSOLUTE
    Status.cpp                               0x00000000   Number         0  status.o ABSOLUTE
    dc.s                                     0x00000000   Number         0  dc.o ABSOLUTE
    RESET                                    0x08000000   Section      236  startup_stm32f10x_md.o(RESET)
    !!!main                                  0x080000ec   Section        8  __main.o(!!!main)
    !!!scatter                               0x080000f4   Section       52  __scatter.o(!!!scatter)
    !!handler_copy                           0x08000128   Section       26  __scatter_copy.o(!!handler_copy)
    !!handler_zi                             0x08000144   Section       28  __scatter_zi.o(!!handler_zi)
    .ARM.Collect$$libinit$$00000000          0x08000160   Section        2  libinit.o(.ARM.Collect$$libinit$$00000000)
    .ARM.Collect$$libinit$$00000002          0x08000162   Section        0  libinit2.o(.ARM.Collect$$libinit$$00000002)
    .ARM.Collect$$libinit$$00000004          0x08000162   Section        0  libinit2.o(.ARM.Collect$$libinit$$00000004)
    .ARM.Collect$$libinit$$0000000A          0x08000162   Section        0  libinit2.o(.ARM.Collect$$libinit$$0000000A)
    .ARM.Collect$$libinit$$0000000C          0x08000162   Section        0  libinit2.o(.ARM.Collect$$libinit$$0000000C)
    .ARM.Collect$$libinit$$0000000E          0x08000162   Section        0  libinit2.o(.ARM.Collect$$libinit$$0000000E)
    .ARM.Collect$$libinit$$00000011          0x08000162   Section        0  libinit2.o(.ARM.Collect$$libinit$$00000011)
    .ARM.Collect$$libinit$$00000013          0x08000162   Section        0  libinit2.o(.ARM.Collect$$libinit$$00000013)
    .ARM.Collect$$libinit$$00000015          0x08000162   Section        0  libinit2.o(.ARM.Collect$$libinit$$00000015)
    .ARM.Collect$$libinit$$00000017          0x08000162   Section        0  libinit2.o(.ARM.Collect$$libinit$$00000017)
    .ARM.Collect$$libinit$$00000019          0x08000162   Section        0  libinit2.o(.ARM.Collect$$libinit$$00000019)
    .ARM.Collect$$libinit$$0000001B          0x08000162   Section        0  libinit2.o(.ARM.Collect$$libinit$$0000001B)
    .ARM.Collect$$libinit$$0000001D          0x08000162   Section        0  libinit2.o(.ARM.Collect$$libinit$$0000001D)
    .ARM.Collect$$libinit$$0000001F          0x08000162   Section        0  libinit2.o(.ARM.Collect$$libinit$$0000001F)
    .ARM.Collect$$libinit$$00000021          0x08000162   Section        0  libinit2.o(.ARM.Collect$$libinit$$00000021)
    .ARM.Collect$$libinit$$00000023          0x08000162   Section        0  libinit2.o(.ARM.Collect$$libinit$$00000023)
    .ARM.Collect$$libinit$$00000025          0x08000162   Section        0  libinit2.o(.ARM.Collect$$libinit$$00000025)
    .ARM.Collect$$libinit$$0000002C          0x08000162   Section        0  libinit2.o(.ARM.Collect$$libinit$$0000002C)
    .ARM.Collect$$libinit$$0000002E          0x08000162   Section        0  libinit2.o(.ARM.Collect$$libinit$$0000002E)
    .ARM.Collect$$libinit$$00000030          0x08000162   Section        0  libinit2.o(.ARM.Collect$$libinit$$00000030)
    .ARM.Collect$$libinit$$00000032          0x08000162   Section        0  libinit2.o(.ARM.Collect$$libinit$$00000032)
    .ARM.Collect$$libinit$$00000033          0x08000162   Section        2  libinit2.o(.ARM.Collect$$libinit$$00000033)
    .ARM.Collect$$libshutdown$$00000000      0x08000164   Section        2  libshutdown.o(.ARM.Collect$$libshutdown$$00000000)
    .ARM.Collect$$libshutdown$$00000002      0x08000166   Section        0  libshutdown2.o(.ARM.Collect$$libshutdown$$00000002)
    .ARM.Collect$$libshutdown$$00000004      0x08000166   Section        0  libshutdown2.o(.ARM.Collect$$libshutdown$$00000004)
    .ARM.Collect$$libshutdown$$00000007      0x08000166   Section        0  libshutdown2.o(.ARM.Collect$$libshutdown$$00000007)
    .ARM.Collect$$libshutdown$$0000000A      0x08000166   Section        0  libshutdown2.o(.ARM.Collect$$libshutdown$$0000000A)
    .ARM.Collect$$libshutdown$$0000000C      0x08000166   Section        0  libshutdown2.o(.ARM.Collect$$libshutdown$$0000000C)
    .ARM.Collect$$libshutdown$$0000000F      0x08000166   Section        0  libshutdown2.o(.ARM.Collect$$libshutdown$$0000000F)
    .ARM.Collect$$libshutdown$$00000010      0x08000166   Section        2  libshutdown2.o(.ARM.Collect$$libshutdown$$00000010)
    .ARM.Collect$$rtentry$$00000000          0x08000168   Section        0  __rtentry.o(.ARM.Collect$$rtentry$$00000000)
    .ARM.Collect$$rtentry$$00000002          0x08000168   Section        0  __rtentry2.o(.ARM.Collect$$rtentry$$00000002)
    .ARM.Collect$$rtentry$$00000004          0x08000168   Section        6  __rtentry4.o(.ARM.Collect$$rtentry$$00000004)
    .ARM.Collect$$rtentry$$00000009          0x0800016e   Section        0  __rtentry2.o(.ARM.Collect$$rtentry$$00000009)
    .ARM.Collect$$rtentry$$0000000A          0x0800016e   Section        4  __rtentry2.o(.ARM.Collect$$rtentry$$0000000A)
    .ARM.Collect$$rtentry$$0000000C          0x08000172   Section        0  __rtentry2.o(.ARM.Collect$$rtentry$$0000000C)
    .ARM.Collect$$rtentry$$0000000D          0x08000172   Section        8  __rtentry2.o(.ARM.Collect$$rtentry$$0000000D)
    .ARM.Collect$$rtexit$$00000000           0x0800017a   Section        2  rtexit.o(.ARM.Collect$$rtexit$$00000000)
    .ARM.Collect$$rtexit$$00000002           0x0800017c   Section        0  rtexit2.o(.ARM.Collect$$rtexit$$00000002)
    .ARM.Collect$$rtexit$$00000003           0x0800017c   Section        4  rtexit2.o(.ARM.Collect$$rtexit$$00000003)
    .ARM.Collect$$rtexit$$00000004           0x08000180   Section        6  rtexit2.o(.ARM.Collect$$rtexit$$00000004)
    .text                                    0x08000188   Section       64  startup_stm32f10x_md.o(.text)
    .text                                    0x080001c8   Section       78  rt_memclr_w.o(.text)
    .text                                    0x08000216   Section        0  heapauxi.o(.text)
    .text                                    0x0800021c   Section       74  sys_stackheap_outer.o(.text)
    .text                                    0x08000266   Section        0  exit.o(.text)
    .text                                    0x08000278   Section        8  libspace.o(.text)
    .text                                    0x08000280   Section        0  sys_exit.o(.text)
    .text                                    0x0800028c   Section        2  use_no_semi.o(.text)
    .text                                    0x0800028e   Section        0  indicate_semi.o(.text)
    i.SetSysClock                            0x0800028e   Section        0  system_stm32f10x.o(i.SetSysClock)
    SetSysClock                              0x0800028f   Thumb Code     8  system_stm32f10x.o(i.SetSysClock)
    i.SetSysClockTo72                        0x08000298   Section        0  system_stm32f10x.o(i.SetSysClockTo72)
    SetSysClockTo72                          0x08000299   Thumb Code   214  system_stm32f10x.o(i.SetSysClockTo72)
    i.SystemInit                             0x08000378   Section        0  system_stm32f10x.o(i.SystemInit)
    i.TIM3_IRQHandler                        0x080003d8   Section        0  spout.o(i.TIM3_IRQHandler)
    i.TIM4_IRQHandler                        0x08000404   Section        0  spio.o(i.TIM4_IRQHandler)
    i.USART1_IRQHandler                      0x0800042c   Section        0  com.o(i.USART1_IRQHandler)
    i.USART2_IRQHandler                      0x080004d4   Section        0  spin.o(i.USART2_IRQHandler)
    i.USART3_IRQHandler                      0x08000504   Section        0  spout.o(i.USART3_IRQHandler)
    i._ZN3COM11TestAddressEv                 0x08000534   Section        0  com.o(i._ZN3COM11TestAddressEv)
    i._ZN3COM2TxEh                           0x0800055c   Section        0  com.o(i._ZN3COM2TxEh)
    i._ZN3COM4InitEv                         0x08000578   Section        0  com.o(i._ZN3COM4InitEv)
    i._ZN3COM5PrintEPc                       0x08000638   Section        0  com.o(i._ZN3COM5PrintEPc)
    i._ZN3COM7CompareEPcS0_                  0x08000672   Section        0  com.o(i._ZN3COM7CompareEPcS0_)
    i._ZN3COM7DecoderEv                      0x0800069c   Section        0  com.o(i._ZN3COM7DecoderEv)
    i._ZN4SPIN4InitEv                        0x0800094c   Section        0  spin.o(i._ZN4SPIN4InitEv)
    i._ZN4SPIN4LoadEh                        0x08000a00   Section        0  spin.o(i._ZN4SPIN4LoadEh)
    i._ZN4SPIN6LaunchEv                      0x08000a40   Section        0  spin.o(i._ZN4SPIN6LaunchEv)
    i._ZN4SPIN8EnableRxEv                    0x08000a7e   Section        0  spin.o(i._ZN4SPIN8EnableRxEv)
    i._ZN4SPIN9DisableRxEv                   0x08000a9e   Section        0  spin.o(i._ZN4SPIN9DisableRxEv)
    i._ZN4SPIO10CompletionEv                 0x08000ac0   Section        0  spio.o(i._ZN4SPIO10CompletionEv)
    i._ZN4SPIO11TestCommandEv                0x08000b78   Section        0  spio.o(i._ZN4SPIO11TestCommandEv)
    i._ZN4SPIO12WaitForEnterEv               0x08000bb8   Section        0  spio.o(i._ZN4SPIO12WaitForEnterEv)
    i._ZN4SPIO4InitEv                        0x08000c78   Section        0  spio.o(i._ZN4SPIO4InitEv)
    i._ZN4SPIO4LoadEc                        0x08000d40   Section        0  spio.o(i._ZN4SPIO4LoadEc)
    i._ZN4SPIO5SleepEt                       0x08000dac   Section        0  spio.o(i._ZN4SPIO5SleepEt)
    i._ZN4SPIO5UpperEc                       0x08000dbc   Section        0  spio.o(i._ZN4SPIO5UpperEc)
    i._ZN4SPIO6DecodeEv                      0x08000dd4   Section        0  spio.o(i._ZN4SPIO6DecodeEv)
    i._ZN4SPIO6ReadInEv                      0x08000e20   Section        0  spio.o(i._ZN4SPIO6ReadInEv)
    i._ZN4SPIO6SearchEPcRj                   0x08000ebc   Section        0  spio.o(i._ZN4SPIO6SearchEPcRj)
    i._ZN4SPIO7AddWordEPc                    0x08000f04   Section        0  spio.o(i._ZN4SPIO7AddWordEPc)
    i._ZN4SPIO7CompareEPcS0_                 0x08000f8a   Section        0  spio.o(i._ZN4SPIO7CompareEPcS0_)
    i._ZN4SPIO7DelayMsEj                     0x08000fc4   Section        0  spio.o(i._ZN4SPIO7DelayMsEj)
    i._ZN4SPIO7DelayUsEj                     0x08000fe0   Section        0  spio.o(i._ZN4SPIO7DelayUsEj)
    i._ZN5SPOUT11InfoRefreshEv               0x0800100c   Section        0  spout.o(i._ZN5SPOUT11InfoRefreshEv)
    i._ZN5SPOUT11InfoRestartEv               0x080011a0   Section        0  spout.o(i._ZN5SPOUT11InfoRestartEv)
    i._ZN5SPOUT12ConsoleClearEv              0x08001334   Section        0  spout.o(i._ZN5SPOUT12ConsoleClearEv)
    i._ZN5SPOUT14ConsoleRestartEv            0x0800135c   Section        0  spout.o(i._ZN5SPOUT14ConsoleRestartEv)
    i._ZN5SPOUT15ChangeStatusBarEv           0x08001384   Section        0  spout.o(i._ZN5SPOUT15ChangeStatusBarEv)
    i._ZN5SPOUT20ConsoleSetCursorBusyEv      0x080013c0   Section        0  spout.o(i._ZN5SPOUT20ConsoleSetCursorBusyEv)
    i._ZN5SPOUT22ConsoleSetCursorInsertEv    0x080013e8   Section        0  spout.o(i._ZN5SPOUT22ConsoleSetCursorInsertEv)
    i._ZN5SPOUT2TxEh                         0x08001410   Section        0  spout.o(i._ZN5SPOUT2TxEh)
    i._ZN5SPOUT4InitEv                       0x0800142c   Section        0  spout.o(i._ZN5SPOUT4InitEv)
    i._ZN5SPOUT7DelayUsEj                    0x0800152c   Section        0  spout.o(i._ZN5SPOUT7DelayUsEj)
    i._ZN5SPOUT7DisplayEPc                   0x08001558   Section        0  spout.o(i._ZN5SPOUT7DisplayEPc)
    i._ZN5SPOUT7Num2ChrEjPc                  0x080015a0   Section        0  spout.o(i._ZN5SPOUT7Num2ChrEjPc)
    i._ZN5SPOUT8TransmitEcPc                 0x080015d8   Section        0  spout.o(i._ZN5SPOUT8TransmitEcPc)
    i._ZN6STATUS3C2QEPh                      0x08001644   Section        0  status.o(i._ZN6STATUS3C2QEPh)
    i._ZN6STATUS4InitEv                      0x08001670   Section        0  status.o(i._ZN6STATUS4InitEv)
    i._ZN6STATUS7SetInfoEPhj                 0x080016cc   Section        0  status.o(i._ZN6STATUS7SetInfoEPhj)
    i.main                                   0x080019d8   Section        0  main.o(i.main)
    .constdata                               0x08001a2c   Section       16  spout.o(.constdata)
    Weight                                   0x08001a2c   Data          16  spout.o(.constdata)
    .data                                    0x20000000   Section       44  spout.o(.data)
    Data                                     0x20000001   Data          40  spout.o(.data)
    TempData                                 0x20000029   Data           3  spout.o(.data)
    .data                                    0x2000002c   Section       36  com.o(.data)
    weight                                   0x20000040   Data          16  com.o(.data)
    .data                                    0x20000050   Section       16  status.o(.data)
    weight                                   0x20000050   Data          16  status.o(.data)
    .bss                                     0x20000060   Section      146  spout.o(.bss)
    Data                                     0x20000060   Data          73  spout.o(.bss)
    Data                                     0x200000a9   Data          73  spout.o(.bss)
    .bss                                     0x200000f2   Section       68  spin.o(.bss)
    .bss                                     0x20000138   Section     3340  spio.o(.bss)
    .bss                                     0x20000e44   Section      528  com.o(.bss)
    .bss                                     0x20001054   Section       82  status.o(.bss)
    .bss                                     0x200010a8   Section       96  libspace.o(.bss)
    HEAP                                     0x20001108   Section      512  startup_stm32f10x_md.o(HEAP)
    Heap_Mem                                 0x20001108   Data         512  startup_stm32f10x_md.o(HEAP)
    STACK                                    0x20001308   Section     1024  startup_stm32f10x_md.o(STACK)
    Stack_Mem                                0x20001308   Data        1024  startup_stm32f10x_md.o(STACK)
    __initial_sp                             0x20001708   Data           0  startup_stm32f10x_md.o(STACK)

    Global Symbols

    Symbol Name                              Value     Ov Type        Size  Object(Section)

    BuildAttributes$$THM_ISAv4$P$D$K$B$S$PE$A:L22UL41UL21$X:L11$S22US41US21$IEEE1$IW$USESV6$~STKCKD$USESV7$~SHL$OSPACE$ROPI$EBA8$UX$STANDARDLIB$REQ8$PRES8$EABIv2 0x00000000   Number         0  anon$$obj.o ABSOLUTE
    __ARM_use_no_argv                        0x00000000   Number         0  main.o ABSOLUTE
    __ARM_exceptions_init                     - Undefined Weak Reference
    __alloca_initialize                       - Undefined Weak Reference
    __arm_preinit_                            - Undefined Weak Reference
    __cpp_initialize__aeabi_                  - Undefined Weak Reference
    __cxa_finalize                            - Undefined Weak Reference
    __rt_locale                               - Undefined Weak Reference
    __sigvec_lookup                           - Undefined Weak Reference
    _atexit_init                              - Undefined Weak Reference
    _call_atexit_fns                          - Undefined Weak Reference
    _clock_init                               - Undefined Weak Reference
    _fp_trap_init                             - Undefined Weak Reference
    _fp_trap_shutdown                         - Undefined Weak Reference
    _get_lc_collate                           - Undefined Weak Reference
    _get_lc_ctype                             - Undefined Weak Reference
    _get_lc_monetary                          - Undefined Weak Reference
    _get_lc_numeric                           - Undefined Weak Reference
    _get_lc_time                              - Undefined Weak Reference
    _getenv_init                              - Undefined Weak Reference
    _handle_redirection                       - Undefined Weak Reference
    _init_alloc                               - Undefined Weak Reference
    _init_user_alloc                          - Undefined Weak Reference
    _initio                                   - Undefined Weak Reference
    _rand_init                                - Undefined Weak Reference
    _signal_finish                            - Undefined Weak Reference
    _signal_init                              - Undefined Weak Reference
    _terminate_alloc                          - Undefined Weak Reference
    _terminate_user_alloc                     - Undefined Weak Reference
    _terminateio                              - Undefined Weak Reference
    __Vectors_Size                           0x000000ec   Number         0  startup_stm32f10x_md.o ABSOLUTE
    __Vectors                                0x08000000   Data           4  startup_stm32f10x_md.o(RESET)
    __Vectors_End                            0x080000ec   Data           0  startup_stm32f10x_md.o(RESET)
    __main                                   0x080000ed   Thumb Code     8  __main.o(!!!main)
    __scatterload                            0x080000f5   Thumb Code     0  __scatter.o(!!!scatter)
    __scatterload_rt2                        0x080000f5   Thumb Code    44  __scatter.o(!!!scatter)
    __scatterload_rt2_thumb_only             0x080000f5   Thumb Code     0  __scatter.o(!!!scatter)
    __scatterload_null                       0x08000103   Thumb Code     0  __scatter.o(!!!scatter)
    __scatterload_copy                       0x08000129   Thumb Code    26  __scatter_copy.o(!!handler_copy)
    __scatterload_zeroinit                   0x08000145   Thumb Code    28  __scatter_zi.o(!!handler_zi)
    __rt_lib_init                            0x08000161   Thumb Code     0  libinit.o(.ARM.Collect$$libinit$$00000000)
    __rt_lib_init_alloca_1                   0x08000163   Thumb Code     0  libinit2.o(.ARM.Collect$$libinit$$0000002E)
    __rt_lib_init_argv_1                     0x08000163   Thumb Code     0  libinit2.o(.ARM.Collect$$libinit$$0000002C)
    __rt_lib_init_atexit_1                   0x08000163   Thumb Code     0  libinit2.o(.ARM.Collect$$libinit$$0000001B)
    __rt_lib_init_clock_1                    0x08000163   Thumb Code     0  libinit2.o(.ARM.Collect$$libinit$$00000021)
    __rt_lib_init_cpp_1                      0x08000163   Thumb Code     0  libinit2.o(.ARM.Collect$$libinit$$00000032)
    __rt_lib_init_exceptions_1               0x08000163   Thumb Code     0  libinit2.o(.ARM.Collect$$libinit$$00000030)
    __rt_lib_init_fp_1                       0x08000163   Thumb Code     0  libinit2.o(.ARM.Collect$$libinit$$00000002)
    __rt_lib_init_fp_trap_1                  0x08000163   Thumb Code     0  libinit2.o(.ARM.Collect$$libinit$$0000001F)
    __rt_lib_init_getenv_1                   0x08000163   Thumb Code     0  libinit2.o(.ARM.Collect$$libinit$$00000023)
    __rt_lib_init_heap_1                     0x08000163   Thumb Code     0  libinit2.o(.ARM.Collect$$libinit$$0000000A)
    __rt_lib_init_lc_collate_1               0x08000163   Thumb Code     0  libinit2.o(.ARM.Collect$$libinit$$00000011)
    __rt_lib_init_lc_ctype_1                 0x08000163   Thumb Code     0  libinit2.o(.ARM.Collect$$libinit$$00000013)
    __rt_lib_init_lc_monetary_1              0x08000163   Thumb Code     0  libinit2.o(.ARM.Collect$$libinit$$00000015)
    __rt_lib_init_lc_numeric_1               0x08000163   Thumb Code     0  libinit2.o(.ARM.Collect$$libinit$$00000017)
    __rt_lib_init_lc_time_1                  0x08000163   Thumb Code     0  libinit2.o(.ARM.Collect$$libinit$$00000019)
    __rt_lib_init_preinit_1                  0x08000163   Thumb Code     0  libinit2.o(.ARM.Collect$$libinit$$00000004)
    __rt_lib_init_rand_1                     0x08000163   Thumb Code     0  libinit2.o(.ARM.Collect$$libinit$$0000000E)
    __rt_lib_init_return                     0x08000163   Thumb Code     0  libinit2.o(.ARM.Collect$$libinit$$00000033)
    __rt_lib_init_signal_1                   0x08000163   Thumb Code     0  libinit2.o(.ARM.Collect$$libinit$$0000001D)
    __rt_lib_init_stdio_1                    0x08000163   Thumb Code     0  libinit2.o(.ARM.Collect$$libinit$$00000025)
    __rt_lib_init_user_alloc_1               0x08000163   Thumb Code     0  libinit2.o(.ARM.Collect$$libinit$$0000000C)
    __rt_lib_shutdown                        0x08000165   Thumb Code     0  libshutdown.o(.ARM.Collect$$libshutdown$$00000000)
    __rt_lib_shutdown_cpp_1                  0x08000167   Thumb Code     0  libshutdown2.o(.ARM.Collect$$libshutdown$$00000002)
    __rt_lib_shutdown_fp_trap_1              0x08000167   Thumb Code     0  libshutdown2.o(.ARM.Collect$$libshutdown$$00000007)
    __rt_lib_shutdown_heap_1                 0x08000167   Thumb Code     0  libshutdown2.o(.ARM.Collect$$libshutdown$$0000000F)
    __rt_lib_shutdown_return                 0x08000167   Thumb Code     0  libshutdown2.o(.ARM.Collect$$libshutdown$$00000010)
    __rt_lib_shutdown_signal_1               0x08000167   Thumb Code     0  libshutdown2.o(.ARM.Collect$$libshutdown$$0000000A)
    __rt_lib_shutdown_stdio_1                0x08000167   Thumb Code     0  libshutdown2.o(.ARM.Collect$$libshutdown$$00000004)
    __rt_lib_shutdown_user_alloc_1           0x08000167   Thumb Code     0  libshutdown2.o(.ARM.Collect$$libshutdown$$0000000C)
    __rt_entry                               0x08000169   Thumb Code     0  __rtentry.o(.ARM.Collect$$rtentry$$00000000)
    __rt_entry_presh_1                       0x08000169   Thumb Code     0  __rtentry2.o(.ARM.Collect$$rtentry$$00000002)
    __rt_entry_sh                            0x08000169   Thumb Code     0  __rtentry4.o(.ARM.Collect$$rtentry$$00000004)
    __rt_entry_li                            0x0800016f   Thumb Code     0  __rtentry2.o(.ARM.Collect$$rtentry$$0000000A)
    __rt_entry_postsh_1                      0x0800016f   Thumb Code     0  __rtentry2.o(.ARM.Collect$$rtentry$$00000009)
    __rt_entry_main                          0x08000173   Thumb Code     0  __rtentry2.o(.ARM.Collect$$rtentry$$0000000D)
    __rt_entry_postli_1                      0x08000173   Thumb Code     0  __rtentry2.o(.ARM.Collect$$rtentry$$0000000C)
    __rt_exit                                0x0800017b   Thumb Code     0  rtexit.o(.ARM.Collect$$rtexit$$00000000)
    __rt_exit_ls                             0x0800017d   Thumb Code     0  rtexit2.o(.ARM.Collect$$rtexit$$00000003)
    __rt_exit_prels_1                        0x0800017d   Thumb Code     0  rtexit2.o(.ARM.Collect$$rtexit$$00000002)
    __rt_exit_exit                           0x08000181   Thumb Code     0  rtexit2.o(.ARM.Collect$$rtexit$$00000004)
    Reset_Handler                            0x08000189   Thumb Code     8  startup_stm32f10x_md.o(.text)
    NMI_Handler                              0x08000191   Thumb Code     2  startup_stm32f10x_md.o(.text)
    HardFault_Handler                        0x08000193   Thumb Code     2  startup_stm32f10x_md.o(.text)
    MemManage_Handler                        0x08000195   Thumb Code     2  startup_stm32f10x_md.o(.text)
    BusFault_Handler                         0x08000197   Thumb Code     2  startup_stm32f10x_md.o(.text)
    UsageFault_Handler                       0x08000199   Thumb Code     2  startup_stm32f10x_md.o(.text)
    SVC_Handler                              0x0800019b   Thumb Code     2  startup_stm32f10x_md.o(.text)
    DebugMon_Handler                         0x0800019d   Thumb Code     2  startup_stm32f10x_md.o(.text)
    PendSV_Handler                           0x0800019f   Thumb Code     2  startup_stm32f10x_md.o(.text)
    SysTick_Handler                          0x080001a1   Thumb Code     2  startup_stm32f10x_md.o(.text)
    ADC1_2_IRQHandler                        0x080001a3   Thumb Code     0  startup_stm32f10x_md.o(.text)
    CAN1_RX1_IRQHandler                      0x080001a3   Thumb Code     0  startup_stm32f10x_md.o(.text)
    CAN1_SCE_IRQHandler                      0x080001a3   Thumb Code     0  startup_stm32f10x_md.o(.text)
    DMA1_Channel1_IRQHandler                 0x080001a3   Thumb Code     0  startup_stm32f10x_md.o(.text)
    DMA1_Channel2_IRQHandler                 0x080001a3   Thumb Code     0  startup_stm32f10x_md.o(.text)
    DMA1_Channel3_IRQHandler                 0x080001a3   Thumb Code     0  startup_stm32f10x_md.o(.text)
    DMA1_Channel4_IRQHandler                 0x080001a3   Thumb Code     0  startup_stm32f10x_md.o(.text)
    DMA1_Channel5_IRQHandler                 0x080001a3   Thumb Code     0  startup_stm32f10x_md.o(.text)
    DMA1_Channel6_IRQHandler                 0x080001a3   Thumb Code     0  startup_stm32f10x_md.o(.text)
    DMA1_Channel7_IRQHandler                 0x080001a3   Thumb Code     0  startup_stm32f10x_md.o(.text)
    EXTI0_IRQHandler                         0x080001a3   Thumb Code     0  startup_stm32f10x_md.o(.text)
    EXTI15_10_IRQHandler                     0x080001a3   Thumb Code     0  startup_stm32f10x_md.o(.text)
    EXTI1_IRQHandler                         0x080001a3   Thumb Code     0  startup_stm32f10x_md.o(.text)
    EXTI2_IRQHandler                         0x080001a3   Thumb Code     0  startup_stm32f10x_md.o(.text)
    EXTI3_IRQHandler                         0x080001a3   Thumb Code     0  startup_stm32f10x_md.o(.text)
    EXTI4_IRQHandler                         0x080001a3   Thumb Code     0  startup_stm32f10x_md.o(.text)
    EXTI9_5_IRQHandler                       0x080001a3   Thumb Code     0  startup_stm32f10x_md.o(.text)
    FLASH_IRQHandler                         0x080001a3   Thumb Code     0  startup_stm32f10x_md.o(.text)
    I2C1_ER_IRQHandler                       0x080001a3   Thumb Code     0  startup_stm32f10x_md.o(.text)
    I2C1_EV_IRQHandler                       0x080001a3   Thumb Code     0  startup_stm32f10x_md.o(.text)
    I2C2_ER_IRQHandler                       0x080001a3   Thumb Code     0  startup_stm32f10x_md.o(.text)
    I2C2_EV_IRQHandler                       0x080001a3   Thumb Code     0  startup_stm32f10x_md.o(.text)
    PVD_IRQHandler                           0x080001a3   Thumb Code     0  startup_stm32f10x_md.o(.text)
    RCC_IRQHandler                           0x080001a3   Thumb Code     0  startup_stm32f10x_md.o(.text)
    RTCAlarm_IRQHandler                      0x080001a3   Thumb Code     0  startup_stm32f10x_md.o(.text)
    RTC_IRQHandler                           0x080001a3   Thumb Code     0  startup_stm32f10x_md.o(.text)
    SPI1_IRQHandler                          0x080001a3   Thumb Code     0  startup_stm32f10x_md.o(.text)
    SPI2_IRQHandler                          0x080001a3   Thumb Code     0  startup_stm32f10x_md.o(.text)
    TAMPER_IRQHandler                        0x080001a3   Thumb Code     0  startup_stm32f10x_md.o(.text)
    TIM1_BRK_IRQHandler                      0x080001a3   Thumb Code     0  startup_stm32f10x_md.o(.text)
    TIM1_CC_IRQHandler                       0x080001a3   Thumb Code     0  startup_stm32f10x_md.o(.text)
    TIM1_TRG_COM_IRQHandler                  0x080001a3   Thumb Code     0  startup_stm32f10x_md.o(.text)
    TIM1_UP_IRQHandler                       0x080001a3   Thumb Code     0  startup_stm32f10x_md.o(.text)
    TIM2_IRQHandler                          0x080001a3   Thumb Code     0  startup_stm32f10x_md.o(.text)
    USBWakeUp_IRQHandler                     0x080001a3   Thumb Code     0  startup_stm32f10x_md.o(.text)
    USB_HP_CAN1_TX_IRQHandler                0x080001a3   Thumb Code     0  startup_stm32f10x_md.o(.text)
    USB_LP_CAN1_RX0_IRQHandler               0x080001a3   Thumb Code     0  startup_stm32f10x_md.o(.text)
    WWDG_IRQHandler                          0x080001a3   Thumb Code     0  startup_stm32f10x_md.o(.text)
    __user_initial_stackheap                 0x080001a5   Thumb Code     0  startup_stm32f10x_md.o(.text)
    __aeabi_memclr4                          0x080001c9   Thumb Code     0  rt_memclr_w.o(.text)
    __aeabi_memclr8                          0x080001c9   Thumb Code     0  rt_memclr_w.o(.text)
    __rt_memclr_w                            0x080001c9   Thumb Code    78  rt_memclr_w.o(.text)
    _memset_w                                0x080001cd   Thumb Code     0  rt_memclr_w.o(.text)
    __use_two_region_memory                  0x08000217   Thumb Code     2  heapauxi.o(.text)
    __rt_heap_escrow$2region                 0x08000219   Thumb Code     2  heapauxi.o(.text)
    __rt_heap_expand$2region                 0x0800021b   Thumb Code     2  heapauxi.o(.text)
    __user_setup_stackheap                   0x0800021d   Thumb Code    74  sys_stackheap_outer.o(.text)
    exit                                     0x08000267   Thumb Code    18  exit.o(.text)
    __user_libspace                          0x08000279   Thumb Code     8  libspace.o(.text)
    __user_perproc_libspace                  0x08000279   Thumb Code     0  libspace.o(.text)
    __user_perthread_libspace                0x08000279   Thumb Code     0  libspace.o(.text)
    _sys_exit                                0x08000281   Thumb Code     8  sys_exit.o(.text)
    __I$use$semihosting                      0x0800028d   Thumb Code     0  use_no_semi.o(.text)
    __use_no_semihosting_swi                 0x0800028d   Thumb Code     2  use_no_semi.o(.text)
    __semihosting_library_function           0x0800028f   Thumb Code     0  indicate_semi.o(.text)
    SystemInit                               0x08000379   Thumb Code    78  system_stm32f10x.o(i.SystemInit)
    TIM3_IRQHandler                          0x080003d9   Thumb Code    36  spout.o(i.TIM3_IRQHandler)
    TIM4_IRQHandler                          0x08000405   Thumb Code    32  spio.o(i.TIM4_IRQHandler)
    USART1_IRQHandler                        0x0800042d   Thumb Code   160  com.o(i.USART1_IRQHandler)
    USART2_IRQHandler                        0x080004d5   Thumb Code    40  spin.o(i.USART2_IRQHandler)
    USART3_IRQHandler                        0x08000505   Thumb Code    40  spout.o(i.USART3_IRQHandler)
    COM::TestAddress()                       0x08000535   Thumb Code    40  com.o(i._ZN3COM11TestAddressEv)
    COM::Tx(unsigned char)                   0x0800055d   Thumb Code    22  com.o(i._ZN3COM2TxEh)
    COM::Init()                              0x08000579   Thumb Code   172  com.o(i._ZN3COM4InitEv)
    COM::Print(char*)                        0x08000639   Thumb Code    58  com.o(i._ZN3COM5PrintEPc)
    COM::Compare(char*, char*)               0x08000673   Thumb Code    42  com.o(i._ZN3COM7CompareEPcS0_)
    COM::Decoder()                           0x0800069d   Thumb Code   558  com.o(i._ZN3COM7DecoderEv)
    SPIN::Init()                             0x0800094d   Thumb Code   164  spin.o(i._ZN4SPIN4InitEv)
    SPIN::Load(unsigned char)                0x08000a01   Thumb Code    64  spin.o(i._ZN4SPIN4LoadEh)
    SPIN::Launch()                           0x08000a41   Thumb Code    62  spin.o(i._ZN4SPIN6LaunchEv)
    SPIN::EnableRx()                         0x08000a7f   Thumb Code    32  spin.o(i._ZN4SPIN8EnableRxEv)
    SPIN::DisableRx()                        0x08000a9f   Thumb Code    34  spin.o(i._ZN4SPIN9DisableRxEv)
    SPIO::Completion()                       0x08000ac1   Thumb Code   184  spio.o(i._ZN4SPIO10CompletionEv)
    SPIO::TestCommand()                      0x08000b79   Thumb Code    38  spio.o(i._ZN4SPIO11TestCommandEv)
    SPIO::WaitForEnter()                     0x08000bb9   Thumb Code    98  spio.o(i._ZN4SPIO12WaitForEnterEv)
    SPIO::Init()                             0x08000c79   Thumb Code   172  spio.o(i._ZN4SPIO4InitEv)
    SPIO::Load(char)                         0x08000d41   Thumb Code   100  spio.o(i._ZN4SPIO4LoadEc)
    SPIO::Sleep(unsigned short)              0x08000dad   Thumb Code    12  spio.o(i._ZN4SPIO5SleepEt)
    SPIO::Upper(char)                        0x08000dbd   Thumb Code    22  spio.o(i._ZN4SPIO5UpperEc)
    SPIO::Decode()                           0x08000dd5   Thumb Code    54  spio.o(i._ZN4SPIO6DecodeEv)
    SPIO::ReadIn()                           0x08000e21   Thumb Code   134  spio.o(i._ZN4SPIO6ReadInEv)
    SPIO::Search(char*, unsigned&)           0x08000ebd   Thumb Code    72  spio.o(i._ZN4SPIO6SearchEPcRj)
    SPIO::AddWord(char*)                     0x08000f05   Thumb Code   134  spio.o(i._ZN4SPIO7AddWordEPc)
    SPIO::Compare(char*, char*)              0x08000f8b   Thumb Code    58  spio.o(i._ZN4SPIO7CompareEPcS0_)
    SPIO::DelayMs(unsigned)                  0x08000fc5   Thumb Code    28  spio.o(i._ZN4SPIO7DelayMsEj)
    SPIO::DelayUs(unsigned)                  0x08000fe1   Thumb Code    42  spio.o(i._ZN4SPIO7DelayUsEj)
    SPOUT::InfoRefresh()                     0x0800100d   Thumb Code   396  spout.o(i._ZN5SPOUT11InfoRefreshEv)
    SPOUT::InfoRestart()                     0x080011a1   Thumb Code   396  spout.o(i._ZN5SPOUT11InfoRestartEv)
    SPOUT::ConsoleClear()                    0x08001335   Thumb Code    34  spout.o(i._ZN5SPOUT12ConsoleClearEv)
    SPOUT::ConsoleRestart()                  0x0800135d   Thumb Code    34  spout.o(i._ZN5SPOUT14ConsoleRestartEv)
    SPOUT::ChangeStatusBar()                 0x08001385   Thumb Code    52  spout.o(i._ZN5SPOUT15ChangeStatusBarEv)
    SPOUT::ConsoleSetCursorBusy()            0x080013c1   Thumb Code    34  spout.o(i._ZN5SPOUT20ConsoleSetCursorBusyEv)
    SPOUT::ConsoleSetCursorInsert()          0x080013e9   Thumb Code    34  spout.o(i._ZN5SPOUT22ConsoleSetCursorInsertEv)
    SPOUT::Tx(unsigned char)                 0x08001411   Thumb Code    22  spout.o(i._ZN5SPOUT2TxEh)
    SPOUT::Init()                            0x0800142d   Thumb Code   232  spout.o(i._ZN5SPOUT4InitEv)
    SPOUT::DelayUs(unsigned)                 0x0800152d   Thumb Code    42  spout.o(i._ZN5SPOUT7DelayUsEj)
    SPOUT::Display(char*)                    0x08001559   Thumb Code    68  spout.o(i._ZN5SPOUT7DisplayEPc)
    SPOUT::Num2Chr(unsigned, char*)          0x080015a1   Thumb Code    50  spout.o(i._ZN5SPOUT7Num2ChrEjPc)
    SPOUT::Transmit(char, char*)             0x080015d9   Thumb Code   104  spout.o(i._ZN5SPOUT8TransmitEcPc)
    STATUS::C2Q(unsigned char*)              0x08001645   Thumb Code    40  status.o(i._ZN6STATUS3C2QEPh)
    STATUS::Init()                           0x08001671   Thumb Code    92  status.o(i._ZN6STATUS4InitEv)
    STATUS::SetInfo(unsigned char*, unsigned) 0x080016cd   Thumb Code   776  status.o(i._ZN6STATUS7SetInfoEPhj)
    main                                     0x080019d9   Thumb Code    68  main.o(i.main)
    Region$$Table$$Base                      0x08001a3c   Number         0  anon$$obj.o(Region$$Table)
    Region$$Table$$Limit                     0x08001a5c   Number         0  anon$$obj.o(Region$$Table)
    Spout                                    0x20000000   Data           1  spout.o(.data)
    STRING_DONE                              0x2000002c   Data           4  com.o(.data)
    STRING_NONE                              0x20000030   Data           4  com.o(.data)
    STRING_ERROR                             0x20000034   Data           4  com.o(.data)
    STRING_ON                                0x20000038   Data           4  com.o(.data)
    STRING_OFF                               0x2000003c   Data           4  com.o(.data)
    Spin                                     0x200000f2   Data          68  spin.o(.bss)
    Spio                                     0x20000138   Data        3340  spio.o(.bss)
    Serial                                   0x20000e44   Data         528  com.o(.bss)
    Status                                   0x20001054   Data          82  status.o(.bss)
    __libspace_start                         0x200010a8   Data          96  libspace.o(.bss)
    __temporary_stack_top$libspace           0x20001108   Data           0  libspace.o(.bss)



==============================================================================

Memory Map of the image

  Image Entry point : 0x080000ed

  Load Region LR_IROM1 (Base: 0x08000000, Size: 0x00001abc, Max: 0x00010000, ABSOLUTE)

    Execution Region ER_IROM1 (Base: 0x08000000, Size: 0x00001a5c, Max: 0x00010000, ABSOLUTE)

    Base Addr    Size         Type   Attr      Idx    E Section Name        Object

    0x08000000   0x000000ec   Data   RO          488    RESET               startup_stm32f10x_md.o
    0x080000ec   0x00000008   Code   RO          568  * !!!main             c_w.l(__main.o)
    0x080000f4   0x00000034   Code   RO          725    !!!scatter          c_w.l(__scatter.o)
    0x08000128   0x0000001a   Code   RO          727    !!handler_copy      c_w.l(__scatter_copy.o)
    0x08000142   0x00000002   PAD
    0x08000144   0x0000001c   Code   RO          729    !!handler_zi        c_w.l(__scatter_zi.o)
    0x08000160   0x00000002   Code   RO          595    .ARM.Collect$$libinit$$00000000  c_w.l(libinit.o)
    0x08000162   0x00000000   Code   RO          602    .ARM.Collect$$libinit$$00000002  c_w.l(libinit2.o)
    0x08000162   0x00000000   Code   RO          604    .ARM.Collect$$libinit$$00000004  c_w.l(libinit2.o)
    0x08000162   0x00000000   Code   RO          607    .ARM.Collect$$libinit$$0000000A  c_w.l(libinit2.o)
    0x08000162   0x00000000   Code   RO          609    .ARM.Collect$$libinit$$0000000C  c_w.l(libinit2.o)
    0x08000162   0x00000000   Code   RO          611    .ARM.Collect$$libinit$$0000000E  c_w.l(libinit2.o)
    0x08000162   0x00000000   Code   RO          614    .ARM.Collect$$libinit$$00000011  c_w.l(libinit2.o)
    0x08000162   0x00000000   Code   RO          616    .ARM.Collect$$libinit$$00000013  c_w.l(libinit2.o)
    0x08000162   0x00000000   Code   RO          618    .ARM.Collect$$libinit$$00000015  c_w.l(libinit2.o)
    0x08000162   0x00000000   Code   RO          620    .ARM.Collect$$libinit$$00000017  c_w.l(libinit2.o)
    0x08000162   0x00000000   Code   RO          622    .ARM.Collect$$libinit$$00000019  c_w.l(libinit2.o)
    0x08000162   0x00000000   Code   RO          624    .ARM.Collect$$libinit$$0000001B  c_w.l(libinit2.o)
    0x08000162   0x00000000   Code   RO          626    .ARM.Collect$$libinit$$0000001D  c_w.l(libinit2.o)
    0x08000162   0x00000000   Code   RO          628    .ARM.Collect$$libinit$$0000001F  c_w.l(libinit2.o)
    0x08000162   0x00000000   Code   RO          630    .ARM.Collect$$libinit$$00000021  c_w.l(libinit2.o)
    0x08000162   0x00000000   Code   RO          632    .ARM.Collect$$libinit$$00000023  c_w.l(libinit2.o)
    0x08000162   0x00000000   Code   RO          634    .ARM.Collect$$libinit$$00000025  c_w.l(libinit2.o)
    0x08000162   0x00000000   Code   RO          638    .ARM.Collect$$libinit$$0000002C  c_w.l(libinit2.o)
    0x08000162   0x00000000   Code   RO          640    .ARM.Collect$$libinit$$0000002E  c_w.l(libinit2.o)
    0x08000162   0x00000000   Code   RO          642    .ARM.Collect$$libinit$$00000030  c_w.l(libinit2.o)
    0x08000162   0x00000000   Code   RO          644    .ARM.Collect$$libinit$$00000032  c_w.l(libinit2.o)
    0x08000162   0x00000002   Code   RO          645    .ARM.Collect$$libinit$$00000033  c_w.l(libinit2.o)
    0x08000164   0x00000002   Code   RO          665    .ARM.Collect$$libshutdown$$00000000  c_w.l(libshutdown.o)
    0x08000166   0x00000000   Code   RO          678    .ARM.Collect$$libshutdown$$00000002  c_w.l(libshutdown2.o)
    0x08000166   0x00000000   Code   RO          680    .ARM.Collect$$libshutdown$$00000004  c_w.l(libshutdown2.o)
    0x08000166   0x00000000   Code   RO          683    .ARM.Collect$$libshutdown$$00000007  c_w.l(libshutdown2.o)
    0x08000166   0x00000000   Code   RO          686    .ARM.Collect$$libshutdown$$0000000A  c_w.l(libshutdown2.o)
    0x08000166   0x00000000   Code   RO          688    .ARM.Collect$$libshutdown$$0000000C  c_w.l(libshutdown2.o)
    0x08000166   0x00000000   Code   RO          691    .ARM.Collect$$libshutdown$$0000000F  c_w.l(libshutdown2.o)
    0x08000166   0x00000002   Code   RO          692    .ARM.Collect$$libshutdown$$00000010  c_w.l(libshutdown2.o)
    0x08000168   0x00000000   Code   RO          570    .ARM.Collect$$rtentry$$00000000  c_w.l(__rtentry.o)
    0x08000168   0x00000000   Code   RO          572    .ARM.Collect$$rtentry$$00000002  c_w.l(__rtentry2.o)
    0x08000168   0x00000006   Code   RO          584    .ARM.Collect$$rtentry$$00000004  c_w.l(__rtentry4.o)
    0x0800016e   0x00000000   Code   RO          574    .ARM.Collect$$rtentry$$00000009  c_w.l(__rtentry2.o)
    0x0800016e   0x00000004   Code   RO          575    .ARM.Collect$$rtentry$$0000000A  c_w.l(__rtentry2.o)
    0x08000172   0x00000000   Code   RO          577    .ARM.Collect$$rtentry$$0000000C  c_w.l(__rtentry2.o)
    0x08000172   0x00000008   Code   RO          578    .ARM.Collect$$rtentry$$0000000D  c_w.l(__rtentry2.o)
    0x0800017a   0x00000002   Code   RO          599    .ARM.Collect$$rtexit$$00000000  c_w.l(rtexit.o)
    0x0800017c   0x00000000   Code   RO          647    .ARM.Collect$$rtexit$$00000002  c_w.l(rtexit2.o)
    0x0800017c   0x00000004   Code   RO          648    .ARM.Collect$$rtexit$$00000003  c_w.l(rtexit2.o)
    0x08000180   0x00000006   Code   RO          649    .ARM.Collect$$rtexit$$00000004  c_w.l(rtexit2.o)
    0x08000186   0x00000002   PAD
    0x08000188   0x00000040   Code   RO          489    .text               startup_stm32f10x_md.o
    0x080001c8   0x0000004e   Code   RO          564    .text               c_w.l(rt_memclr_w.o)
    0x08000216   0x00000006   Code   RO          566    .text               c_w.l(heapauxi.o)
    0x0800021c   0x0000004a   Code   RO          586    .text               c_w.l(sys_stackheap_outer.o)
    0x08000266   0x00000012   Code   RO          588    .text               c_w.l(exit.o)
    0x08000278   0x00000008   Code   RO          596    .text               c_w.l(libspace.o)
    0x08000280   0x0000000c   Code   RO          657    .text               c_w.l(sys_exit.o)
    0x0800028c   0x00000002   Code   RO          668    .text               c_w.l(use_no_semi.o)
    0x0800028e   0x00000000   Code   RO          670    .text               c_w.l(indicate_semi.o)
    0x0800028e   0x00000008   Code   RO          496    i.SetSysClock       system_stm32f10x.o
    0x08000296   0x00000002   PAD
    0x08000298   0x000000e0   Code   RO          497    i.SetSysClockTo72   system_stm32f10x.o
    0x08000378   0x00000060   Code   RO          499    i.SystemInit        system_stm32f10x.o
    0x080003d8   0x0000002c   Code   RO           66    i.TIM3_IRQHandler   spout.o
    0x08000404   0x00000028   Code   RO          249    i.TIM4_IRQHandler   spio.o
    0x0800042c   0x000000a8   Code   RO          372    i.USART1_IRQHandler  com.o
    0x080004d4   0x00000030   Code   RO          188    i.USART2_IRQHandler  spin.o
    0x08000504   0x00000030   Code   RO           67    i.USART3_IRQHandler  spout.o
    0x08000534   0x00000028   Code   RO          373    i._ZN3COM11TestAddressEv  com.o
    0x0800055c   0x0000001c   Code   RO          374    i._ZN3COM2TxEh      com.o
    0x08000578   0x000000c0   Code   RO          375    i._ZN3COM4InitEv    com.o
    0x08000638   0x0000003a   Code   RO          376    i._ZN3COM5PrintEPc  com.o
    0x08000672   0x0000002a   Code   RO          378    i._ZN3COM7CompareEPcS0_  com.o
    0x0800069c   0x000002b0   Code   RO          379    i._ZN3COM7DecoderEv  com.o
    0x0800094c   0x000000b4   Code   RO          189    i._ZN4SPIN4InitEv   spin.o
    0x08000a00   0x00000040   Code   RO          190    i._ZN4SPIN4LoadEh   spin.o
    0x08000a40   0x0000003e   Code   RO          191    i._ZN4SPIN6LaunchEv  spin.o
    0x08000a7e   0x00000020   Code   RO          192    i._ZN4SPIN8EnableRxEv  spin.o
    0x08000a9e   0x00000022   Code   RO          193    i._ZN4SPIN9DisableRxEv  spin.o
    0x08000ac0   0x000000b8   Code   RO          250    i._ZN4SPIO10CompletionEv  spio.o
    0x08000b78   0x00000040   Code   RO          251    i._ZN4SPIO11TestCommandEv  spio.o
    0x08000bb8   0x000000c0   Code   RO          252    i._ZN4SPIO12WaitForEnterEv  spio.o
    0x08000c78   0x000000c8   Code   RO          253    i._ZN4SPIO4InitEv   spio.o
    0x08000d40   0x0000006c   Code   RO          254    i._ZN4SPIO4LoadEc   spio.o
    0x08000dac   0x00000010   Code   RO          255    i._ZN4SPIO5SleepEt  spio.o
    0x08000dbc   0x00000016   Code   RO          256    i._ZN4SPIO5UpperEc  spio.o
    0x08000dd2   0x00000002   PAD
    0x08000dd4   0x0000004c   Code   RO          257    i._ZN4SPIO6DecodeEv  spio.o
    0x08000e20   0x0000009c   Code   RO          258    i._ZN4SPIO6ReadInEv  spio.o
    0x08000ebc   0x00000048   Code   RO          259    i._ZN4SPIO6SearchEPcRj  spio.o
    0x08000f04   0x00000086   Code   RO          260    i._ZN4SPIO7AddWordEPc  spio.o
    0x08000f8a   0x0000003a   Code   RO          261    i._ZN4SPIO7CompareEPcS0_  spio.o
    0x08000fc4   0x0000001c   Code   RO          262    i._ZN4SPIO7DelayMsEj  spio.o
    0x08000fe0   0x0000002a   Code   RO          263    i._ZN4SPIO7DelayUsEj  spio.o
    0x0800100a   0x00000002   PAD
    0x0800100c   0x00000194   Code   RO           68    i._ZN5SPOUT11InfoRefreshEv  spout.o
    0x080011a0   0x00000194   Code   RO           69    i._ZN5SPOUT11InfoRestartEv  spout.o
    0x08001334   0x00000028   Code   RO           70    i._ZN5SPOUT12ConsoleClearEv  spout.o
    0x0800135c   0x00000028   Code   RO           71    i._ZN5SPOUT14ConsoleRestartEv  spout.o
    0x08001384   0x0000003c   Code   RO           72    i._ZN5SPOUT15ChangeStatusBarEv  spout.o
    0x080013c0   0x00000028   Code   RO           73    i._ZN5SPOUT20ConsoleSetCursorBusyEv  spout.o
    0x080013e8   0x00000028   Code   RO           74    i._ZN5SPOUT22ConsoleSetCursorInsertEv  spout.o
    0x08001410   0x0000001c   Code   RO           75    i._ZN5SPOUT2TxEh    spout.o
    0x0800142c   0x00000100   Code   RO           76    i._ZN5SPOUT4InitEv  spout.o
    0x0800152c   0x0000002a   Code   RO           77    i._ZN5SPOUT7DelayUsEj  spout.o
    0x08001556   0x00000002   PAD
    0x08001558   0x00000048   Code   RO           78    i._ZN5SPOUT7DisplayEPc  spout.o
    0x080015a0   0x00000038   Code   RO           79    i._ZN5SPOUT7Num2ChrEjPc  spout.o
    0x080015d8   0x0000006c   Code   RO           80    i._ZN5SPOUT8TransmitEcPc  spout.o
    0x08001644   0x0000002c   Code   RO          446    i._ZN6STATUS3C2QEPh  status.o
    0x08001670   0x0000005c   Code   RO          447    i._ZN6STATUS4InitEv  status.o
    0x080016cc   0x0000030c   Code   RO          448    i._ZN6STATUS7SetInfoEPhj  status.o
    0x080019d8   0x00000054   Code   RO            4    i.main              main.o
    0x08001a2c   0x00000010   Data   RO           97    .constdata          spout.o
    0x08001a3c   0x00000020   Data   RO          723    Region$$Table       anon$$obj.o


    Execution Region RW_IRAM1 (Base: 0x20000000, Size: 0x00001708, Max: 0x00005000, ABSOLUTE)

    Base Addr    Size         Type   Attr      Idx    E Section Name        Object

    0x20000000   0x0000002c   Data   RW           98    .data               spout.o
    0x2000002c   0x00000024   Data   RW          389    .data               com.o
    0x20000050   0x00000010   Data   RW          453    .data               status.o
    0x20000060   0x00000092   Zero   RW           96    .bss                spout.o
    0x200000f2   0x00000044   Zero   RW          200    .bss                spin.o
    0x20000136   0x00000002   PAD
    0x20000138   0x00000d0c   Zero   RW          279    .bss                spio.o
    0x20000e44   0x00000210   Zero   RW          388    .bss                com.o
    0x20001054   0x00000052   Zero   RW          452    .bss                status.o
    0x200010a6   0x00000002   PAD
    0x200010a8   0x00000060   Zero   RW          597    .bss                c_w.l(libspace.o)
    0x20001108   0x00000200   Zero   RW          487    HEAP                startup_stm32f10x_md.o
    0x20001308   0x00000400   Zero   RW          486    STACK               startup_stm32f10x_md.o


==============================================================================

Image component sizes


      Code (inc. data)   RO Data    RW Data    ZI Data      Debug   Object Name

      1216        164          0         36        528       5579   com.o
        84         16          0          0          0     206535   main.o
       420         24          0          0         68       3387   spin.o
      1392        212          0          0       3340       9441   spio.o
      1682        108         16         44        146       8406   spout.o
        64         26        236          0       1536        792   startup_stm32f10x_md.o
       916          8          0         16         82       3461   status.o
       328         28          0          0          0       6393   system_stm32f10x.o

    ----------------------------------------------------------------------
      6110        586        284         96       5704     243994   Object Totals
         0          0         32          0          0          0   (incl. Generated)
         8          0          0          0          4          0   (incl. Padding)

    ----------------------------------------------------------------------

      Code (inc. data)   RO Data    RW Data    ZI Data      Debug   Library Member Name

         8          0          0          0          0         68   __main.o
         0          0          0          0          0          0   __rtentry.o
        12          0          0          0          0          0   __rtentry2.o
         6          0          0          0          0          0   __rtentry4.o
        52          8          0          0          0          0   __scatter.o
        26          0          0          0          0          0   __scatter_copy.o
        28          0          0          0          0          0   __scatter_zi.o
        18          0          0          0          0         80   exit.o
         6          0          0          0          0        152   heapauxi.o
         0          0          0          0          0          0   indicate_semi.o
         2          0          0          0          0          0   libinit.o
         2          0          0          0          0          0   libinit2.o
         2          0          0          0          0          0   libshutdown.o
         2          0          0          0          0          0   libshutdown2.o
         8          4          0          0         96         68   libspace.o
        78          0          0          0          0         80   rt_memclr_w.o
         2          0          0          0          0          0   rtexit.o
        10          0          0          0          0          0   rtexit2.o
        12          4          0          0          0         68   sys_exit.o
        74          0          0          0          0         80   sys_stackheap_outer.o
         2          0          0          0          0         68   use_no_semi.o

    ----------------------------------------------------------------------
       354         16          0          0         96        664   Library Totals
         4          0          0          0          0          0   (incl. Padding)

    ----------------------------------------------------------------------

      Code (inc. data)   RO Data    RW Data    ZI Data      Debug   Library Name

       350         16          0          0         96        664   c_w.l

    ----------------------------------------------------------------------
       354         16          0          0         96        664   Library Totals

    ----------------------------------------------------------------------

==============================================================================


      Code (inc. data)   RO Data    RW Data    ZI Data      Debug   

      6464        602        284         96       5800     242002   Grand Totals
      6464        602        284         96       5800     242002   ELF Image Totals
      6464        602        284         96          0          0   ROM Totals

==============================================================================

    Total RO  Size (Code + RO Data)                 6748 (   6.59kB)
    Total RW  Size (RW Data + ZI Data)              5896 (   5.76kB)
    Total ROM Size (Code + RO Data + RW Data)       6844 (   6.68kB)

==============================================================================

